Component: Arm Compiler for Embedded 6.18 Tool: armlink [5e4cc100]

==============================================================================

Section Cross References

    main.o(.text.main) refers to main.o(.text.Init) for Init
    main.o(.text.main) refers to validate_file.o(.data.Ck_Hdr) for Ck_Hdr
    main.o(.text.main) refers to nvm_driver.o(.data.NVM_Block) for NVM_Block
    main.o(.text.main) refers to main.o(.bss.jumping_var) for jumping_var
    main.o(.text.main) refers to backup_ram.o(.text.bkSRAM_ReadVariable) for bkSRAM_ReadVariable
    main.o(.text.main) refers to validate_file.o(.text.App_Image_Chksum_calculation) for App_Image_Chksum_calculation
    main.o(.text.main) refers to backup_ram.o(.text.bkSRAM_WriteVariable) for bkSRAM_WriteVariable
    main.o(.text.main) refers to jump_boot_app.o(.text.Jump_APP_1) for Jump_APP_1
    main.o(.text.main) refers to jump_boot_app.o(.text.Jump_APP_2) for Jump_APP_2
    main.o(.text.main) refers to validate_file.o(.text.IsBoot_valid) for IsBoot_valid
    main.o(.text.main) refers to jump_boot_app.o(.text.Jump_BOOTLOADER) for Jump_BOOTLOADER
    main.o(.text.main) refers to nvm_driver.o(.bss.FindNVMApplicationAdd) for FindNVMApplicationAdd
    main.o(.text.main) refers to nvm_driver.o(.text.Update_Nvm_Block) for Update_Nvm_Block
    main.o(.ARM.exidx.text.main) refers to main.o(.text.main) for [Anonymous Symbol]
    main.o(.text.Init) refers to backup_ram.o(.text.bkSRAM_Init) for bkSRAM_Init
    main.o(.text.Init) refers to nvm_driver.o(.text.Chk_NVMTotal_Block) for Chk_NVMTotal_Block
    main.o(.text.Init) refers to nvm_driver.o(.text.NVM_Init) for NVM_Init
    main.o(.text.Init) refers to validate_file.o(.text.Read_Apps_Header) for Read_Apps_Header
    main.o(.ARM.exidx.text.Init) refers to main.o(.text.Init) for [Anonymous Symbol]
    main.o(.text.Gpio_init) refers to stm32h5xx_hal_gpio.o(.text.HAL_GPIO_WritePin) for HAL_GPIO_WritePin
    main.o(.text.Gpio_init) refers to stm32h5xx_hal_gpio.o(.text.HAL_GPIO_Init) for HAL_GPIO_Init
    main.o(.ARM.exidx.text.Gpio_init) refers to main.o(.text.Gpio_init) for [Anonymous Symbol]
    backup_ram.o(.ARM.exidx.text.PWR_EnableBkUpAccess) refers to backup_ram.o(.text.PWR_EnableBkUpAccess) for [Anonymous Symbol]
    backup_ram.o(.ARM.exidx.text.PWR_DisableBkUpAccess) refers to backup_ram.o(.text.PWR_DisableBkUpAccess) for [Anonymous Symbol]
    backup_ram.o(.ARM.exidx.text.PWREx_EnableBkupRAM_REG) refers to backup_ram.o(.text.PWREx_EnableBkupRAM_REG) for [Anonymous Symbol]
    backup_ram.o(.text.bkSRAM_ReadVariable) refers to backup_ram.o(.text.PWR_EnableBkUpAccess) for PWR_EnableBkUpAccess
    backup_ram.o(.text.bkSRAM_ReadVariable) refers to backup_ram.o(.text.PWR_DisableBkUpAccess) for PWR_DisableBkUpAccess
    backup_ram.o(.ARM.exidx.text.bkSRAM_ReadVariable) refers to backup_ram.o(.text.bkSRAM_ReadVariable) for [Anonymous Symbol]
    backup_ram.o(.text.bkSRAM_WriteVariable) refers to backup_ram.o(.text.PWR_EnableBkUpAccess) for PWR_EnableBkUpAccess
    backup_ram.o(.text.bkSRAM_WriteVariable) refers to backup_ram.o(.text.PWR_DisableBkUpAccess) for PWR_DisableBkUpAccess
    backup_ram.o(.ARM.exidx.text.bkSRAM_WriteVariable) refers to backup_ram.o(.text.bkSRAM_WriteVariable) for [Anonymous Symbol]
    backup_ram.o(.text.bkSRAM_Init) refers to flash_main.o(.text.FLASH_Unlock) for FLASH_Unlock
    backup_ram.o(.text.bkSRAM_Init) refers to backup_ram.o(.text.PWR_EnableBkUpAccess) for PWR_EnableBkUpAccess
    backup_ram.o(.text.bkSRAM_Init) refers to backup_ram.o(.text.PWREx_EnableBkupRAM_REG) for PWREx_EnableBkupRAM_REG
    backup_ram.o(.text.bkSRAM_Init) refers to backup_ram.o(.text.PWR_DisableBkUpAccess) for PWR_DisableBkUpAccess
    backup_ram.o(.text.bkSRAM_Init) refers to flash_main.o(.text.FLASH_Lock) for FLASH_Lock
    backup_ram.o(.ARM.exidx.text.bkSRAM_Init) refers to backup_ram.o(.text.bkSRAM_Init) for [Anonymous Symbol]
    stm32h5xx_hal_gpio.o(.ARM.exidx.text.HAL_GPIO_Init) refers to stm32h5xx_hal_gpio.o(.text.HAL_GPIO_Init) for [Anonymous Symbol]
    stm32h5xx_hal_gpio.o(.ARM.exidx.text.HAL_GPIO_DeInit) refers to stm32h5xx_hal_gpio.o(.text.HAL_GPIO_DeInit) for [Anonymous Symbol]
    stm32h5xx_hal_gpio.o(.ARM.exidx.text.HAL_GPIO_ReadPin) refers to stm32h5xx_hal_gpio.o(.text.HAL_GPIO_ReadPin) for [Anonymous Symbol]
    stm32h5xx_hal_gpio.o(.ARM.exidx.text.HAL_GPIO_WritePin) refers to stm32h5xx_hal_gpio.o(.text.HAL_GPIO_WritePin) for [Anonymous Symbol]
    stm32h5xx_hal_gpio.o(.ARM.exidx.text.HAL_GPIO_WriteMultipleStatePin) refers to stm32h5xx_hal_gpio.o(.text.HAL_GPIO_WriteMultipleStatePin) for [Anonymous Symbol]
    stm32h5xx_hal_gpio.o(.ARM.exidx.text.HAL_GPIO_TogglePin) refers to stm32h5xx_hal_gpio.o(.text.HAL_GPIO_TogglePin) for [Anonymous Symbol]
    stm32h5xx_hal_gpio.o(.ARM.exidx.text.HAL_GPIO_LockPin) refers to stm32h5xx_hal_gpio.o(.text.HAL_GPIO_LockPin) for [Anonymous Symbol]
    flash_main.o(.ARM.exidx.text.FLASH_init) refers to flash_main.o(.text.FLASH_init) for [Anonymous Symbol]
    flash_main.o(.ARM.exidx.text.FLASH_Unlock) refers to flash_main.o(.text.FLASH_Unlock) for [Anonymous Symbol]
    flash_main.o(.ARM.exidx.text.FLASH_Lock) refers to flash_main.o(.text.FLASH_Lock) for [Anonymous Symbol]
    flash_main.o(.ARM.exidx.text.FLASH_Read) refers to flash_main.o(.text.FLASH_Read) for [Anonymous Symbol]
    flash_main.o(.ARM.exidx.text.FLASH_Write) refers to flash_main.o(.text.FLASH_Write) for [Anonymous Symbol]
    flash_main.o(.text.Multi_Word_write) refers to flash_main.o(.text.FLASH_Unlock) for FLASH_Unlock
    flash_main.o(.text.Multi_Word_write) refers to flash_main.o(.text.FLASH_ErrorChk) for FLASH_ErrorChk
    flash_main.o(.text.Multi_Word_write) refers to flash_main.o(.text.FLASH_Write) for FLASH_Write
    flash_main.o(.text.Multi_Word_write) refers to flash_main.o(.text.FLASH_Lock) for FLASH_Lock
    flash_main.o(.ARM.exidx.text.Multi_Word_write) refers to flash_main.o(.text.Multi_Word_write) for [Anonymous Symbol]
    flash_main.o(.ARM.exidx.text.FLASH_ErrorChk) refers to flash_main.o(.text.FLASH_ErrorChk) for [Anonymous Symbol]
    flash_main.o(.ARM.exidx.text.FLASH_SecErase) refers to flash_main.o(.text.FLASH_SecErase) for [Anonymous Symbol]
    flash_main.o(.text.Flash_SingleSec_Erase) refers to flash_main.o(.text.FLASH_Unlock) for FLASH_Unlock
    flash_main.o(.text.Flash_SingleSec_Erase) refers to flash_main.o(.text.FLASH_ErrorChk) for FLASH_ErrorChk
    flash_main.o(.text.Flash_SingleSec_Erase) refers to flash_main.o(.text.FLASH_SecErase) for FLASH_SecErase
    flash_main.o(.text.Flash_SingleSec_Erase) refers to flash_main.o(.text.FLASH_Lock) for FLASH_Lock
    flash_main.o(.ARM.exidx.text.Flash_SingleSec_Erase) refers to flash_main.o(.text.Flash_SingleSec_Erase) for [Anonymous Symbol]
    flash_main.o(.text.Flash_DoubleSec_Erase) refers to flash_main.o(.text.FLASH_Unlock) for FLASH_Unlock
    flash_main.o(.text.Flash_DoubleSec_Erase) refers to flash_main.o(.text.FLASH_ErrorChk) for FLASH_ErrorChk
    flash_main.o(.text.Flash_DoubleSec_Erase) refers to flash_main.o(.text.FLASH_SecErase) for FLASH_SecErase
    flash_main.o(.text.Flash_DoubleSec_Erase) refers to flash_main.o(.text.FLASH_Lock) for FLASH_Lock
    flash_main.o(.ARM.exidx.text.Flash_DoubleSec_Erase) refers to flash_main.o(.text.Flash_DoubleSec_Erase) for [Anonymous Symbol]
    flash_main.o(.text.FLASH_Erase_NoofSectors) refers to flash_main.o(.text.FLASH_Unlock) for FLASH_Unlock
    flash_main.o(.text.FLASH_Erase_NoofSectors) refers to flash_main.o(.text.FLASH_ErrorChk) for FLASH_ErrorChk
    flash_main.o(.text.FLASH_Erase_NoofSectors) refers to flash_main.o(.text.FLASH_SecErase) for FLASH_SecErase
    flash_main.o(.text.FLASH_Erase_NoofSectors) refers to flash_main.o(.text.VerifyFlashErase) for VerifyFlashErase
    flash_main.o(.text.FLASH_Erase_NoofSectors) refers to flash_main.o(.text.FLASH_Lock) for FLASH_Lock
    flash_main.o(.ARM.exidx.text.FLASH_Erase_NoofSectors) refers to flash_main.o(.text.FLASH_Erase_NoofSectors) for [Anonymous Symbol]
    flash_main.o(.ARM.exidx.text.VerifyFlashErase) refers to flash_main.o(.text.VerifyFlashErase) for [Anonymous Symbol]
    jump_boot_app.o(.text.Jump_BOOTLOADER) refers to jump_boot_app.o(.bss.JUMP_TO_BOOT) for JUMP_TO_BOOT
    jump_boot_app.o(.text.Jump_BOOTLOADER) refers to jump_boot_app.o(.text.RCC_DeInit) for RCC_DeInit
    jump_boot_app.o(.text.Jump_BOOTLOADER) refers to jump_boot_app.o(.text.S_DeInit) for S_DeInit
    jump_boot_app.o(.ARM.exidx.text.Jump_BOOTLOADER) refers to jump_boot_app.o(.text.Jump_BOOTLOADER) for [Anonymous Symbol]
    jump_boot_app.o(.text.RCC_DeInit) refers to system_stm32h5xx.o(.data.SystemCoreClock) for SystemCoreClock
    jump_boot_app.o(.ARM.exidx.text.RCC_DeInit) refers to jump_boot_app.o(.text.RCC_DeInit) for [Anonymous Symbol]
    jump_boot_app.o(.text.S_DeInit) refers to jump_boot_app.o(.text.disable_interrupt) for disable_interrupt
    jump_boot_app.o(.ARM.exidx.text.S_DeInit) refers to jump_boot_app.o(.text.S_DeInit) for [Anonymous Symbol]
    jump_boot_app.o(.text.Jump_APP_1) refers to validate_file.o(.data.Ck_Hdr) for Ck_Hdr
    jump_boot_app.o(.text.Jump_APP_1) refers to jump_boot_app.o(.bss.JUMP_TO_APP_1) for JUMP_TO_APP_1
    jump_boot_app.o(.text.Jump_APP_1) refers to jump_boot_app.o(.text.RCC_DeInit) for RCC_DeInit
    jump_boot_app.o(.text.Jump_APP_1) refers to jump_boot_app.o(.text.S_DeInit) for S_DeInit
    jump_boot_app.o(.ARM.exidx.text.Jump_APP_1) refers to jump_boot_app.o(.text.Jump_APP_1) for [Anonymous Symbol]
    jump_boot_app.o(.text.Jump_APP_2) refers to validate_file.o(.data.Ck_Hdr) for Ck_Hdr
    jump_boot_app.o(.text.Jump_APP_2) refers to jump_boot_app.o(.bss.JUMP_TO_APP_2) for JUMP_TO_APP_2
    jump_boot_app.o(.text.Jump_APP_2) refers to jump_boot_app.o(.text.RCC_DeInit) for RCC_DeInit
    jump_boot_app.o(.text.Jump_APP_2) refers to jump_boot_app.o(.text.S_DeInit) for S_DeInit
    jump_boot_app.o(.ARM.exidx.text.Jump_APP_2) refers to jump_boot_app.o(.text.Jump_APP_2) for [Anonymous Symbol]
    jump_boot_app.o(.ARM.exidx.text.disable_interrupt) refers to jump_boot_app.o(.text.disable_interrupt) for [Anonymous Symbol]
    validate_file.o(.text.IsBoot_valid) refers to validate_file.o(.data.Ck_Hdr) for Ck_Hdr
    validate_file.o(.text.IsBoot_valid) refers to validate_file.o(.text.App_Image_Chksum_calculation) for App_Image_Chksum_calculation
    validate_file.o(.ARM.exidx.text.IsBoot_valid) refers to validate_file.o(.text.IsBoot_valid) for [Anonymous Symbol]
    validate_file.o(.text.App_Image_Chksum_calculation) refers to flash_main.o(.text.FLASH_Read) for FLASH_Read
    validate_file.o(.ARM.exidx.text.App_Image_Chksum_calculation) refers to validate_file.o(.text.App_Image_Chksum_calculation) for [Anonymous Symbol]
    validate_file.o(.text.Read_Apps_Header) refers to validate_file.o(.data.Ck_Hdr) for Ck_Hdr
    validate_file.o(.text.Read_Apps_Header) refers to flash_main.o(.text.FLASH_Read) for FLASH_Read
    validate_file.o(.ARM.exidx.text.Read_Apps_Header) refers to validate_file.o(.text.Read_Apps_Header) for [Anonymous Symbol]
    nvm_driver.o(.text.NVM_Init) refers to nvm_driver.o(.text.NVM_Scan_Block) for NVM_Scan_Block
    nvm_driver.o(.ARM.exidx.text.NVM_Init) refers to nvm_driver.o(.text.NVM_Init) for [Anonymous Symbol]
    nvm_driver.o(.text.NVM_Scan_Block) refers to nvm_driver.o(.data.NVM_Block) for NVM_Block
    nvm_driver.o(.text.NVM_Scan_Block) refers to nvm_driver.o(.text.NVM_Block_Read_FUN) for NVM_Block_Read_FUN
    nvm_driver.o(.ARM.exidx.text.NVM_Scan_Block) refers to nvm_driver.o(.text.NVM_Scan_Block) for [Anonymous Symbol]
    nvm_driver.o(.text.NVM_Block_Read_FUN) refers to nvm_driver.o(.data.NVM_Block) for NVM_Block
    nvm_driver.o(.text.NVM_Block_Read_FUN) refers to nvm_driver.o(.data.Last_NVMBlock_Add) for Last_NVMBlock_Add
    nvm_driver.o(.text.NVM_Block_Read_FUN) refers to flash_main.o(.text.FLASH_Read) for FLASH_Read
    nvm_driver.o(.ARM.exidx.text.NVM_Block_Read_FUN) refers to nvm_driver.o(.text.NVM_Block_Read_FUN) for [Anonymous Symbol]
    nvm_driver.o(.text.Chk_NVMTotal_Block) refers to nvm_driver.o(.data.Last_NVMBlock_Add) for Last_NVMBlock_Add
    nvm_driver.o(.ARM.exidx.text.Chk_NVMTotal_Block) refers to nvm_driver.o(.text.Chk_NVMTotal_Block) for [Anonymous Symbol]
    nvm_driver.o(.text.NVM_Block_Write) refers to nvm_driver.o(.data.NVM_Block) for NVM_Block
    nvm_driver.o(.text.NVM_Block_Write) refers to nvm_driver.o(.data.Last_NVMBlock_Add) for Last_NVMBlock_Add
    nvm_driver.o(.text.NVM_Block_Write) refers to nvm_driver.o(.text.NVM_Multi_Word_write) for NVM_Multi_Word_write
    nvm_driver.o(.ARM.exidx.text.NVM_Block_Write) refers to nvm_driver.o(.text.NVM_Block_Write) for [Anonymous Symbol]
    nvm_driver.o(.text.NVM_Multi_Word_write) refers to flash_main.o(.text.FLASH_Unlock) for FLASH_Unlock
    nvm_driver.o(.text.NVM_Multi_Word_write) refers to flash_main.o(.text.FLASH_ErrorChk) for FLASH_ErrorChk
    nvm_driver.o(.text.NVM_Multi_Word_write) refers to flash_main.o(.text.FLASH_Write) for FLASH_Write
    nvm_driver.o(.text.NVM_Multi_Word_write) refers to flash_main.o(.text.FLASH_Lock) for FLASH_Lock
    nvm_driver.o(.ARM.exidx.text.NVM_Multi_Word_write) refers to nvm_driver.o(.text.NVM_Multi_Word_write) for [Anonymous Symbol]
    nvm_driver.o(.text.Update_Nvm_Block) refers to nvm_driver.o(.data.NVM_Block) for NVM_Block
    nvm_driver.o(.text.Update_Nvm_Block) refers to nvm_driver.o(.text.NVM_VersionUpdate) for NVM_VersionUpdate
    nvm_driver.o(.text.Update_Nvm_Block) refers to nvm_driver.o(.text.ChkNVMApplication) for ChkNVMApplication
    nvm_driver.o(.text.Update_Nvm_Block) refers to nvm_driver.o(.data.Last_NVMBlock_Add) for Last_NVMBlock_Add
    nvm_driver.o(.text.Update_Nvm_Block) refers to nvm_driver.o(.text.NVM_AddUpdate) for NVM_AddUpdate
    nvm_driver.o(.text.Update_Nvm_Block) refers to nvm_driver.o(.text.NVM_Block_Write) for NVM_Block_Write
    nvm_driver.o(.text.Update_Nvm_Block) refers to nvm_driver.o(.bss.NVM_Sec2_EraseVerify_Flg) for NVM_Sec2_EraseVerify_Flg
    nvm_driver.o(.text.Update_Nvm_Block) refers to flash_main.o(.text.Flash_SingleSec_Erase) for Flash_SingleSec_Erase
    nvm_driver.o(.ARM.exidx.text.Update_Nvm_Block) refers to nvm_driver.o(.text.Update_Nvm_Block) for [Anonymous Symbol]
    nvm_driver.o(.text.NVM_AddUpdate) refers to nvm_driver.o(.data.NVM_Block) for NVM_Block
    nvm_driver.o(.text.NVM_AddUpdate) refers to nvm_driver.o(.data.Last_NVMBlock_Add) for Last_NVMBlock_Add
    nvm_driver.o(.text.NVM_AddUpdate) refers to nvm_driver.o(.text.NVM_ReOrg) for NVM_ReOrg
    nvm_driver.o(.ARM.exidx.text.NVM_AddUpdate) refers to nvm_driver.o(.text.NVM_AddUpdate) for [Anonymous Symbol]
    nvm_driver.o(.text.NVM_ReOrg) refers to nvm_driver.o(.data.NVM_Block) for NVM_Block
    nvm_driver.o(.text.NVM_ReOrg) refers to flash_main.o(.text.Flash_SingleSec_Erase) for Flash_SingleSec_Erase
    nvm_driver.o(.text.NVM_ReOrg) refers to flash_main.o(.text.VerifyFlashErase) for VerifyFlashErase
    nvm_driver.o(.text.NVM_ReOrg) refers to nvm_driver.o(.data.Last_NVMBlock_Add) for Last_NVMBlock_Add
    nvm_driver.o(.text.NVM_ReOrg) refers to nvm_driver.o(.bss.NVM_Sec2_EraseVerify_Flg) for NVM_Sec2_EraseVerify_Flg
    nvm_driver.o(.ARM.exidx.text.NVM_ReOrg) refers to nvm_driver.o(.text.NVM_ReOrg) for [Anonymous Symbol]
    nvm_driver.o(.text.NVM_VersionUpdate) refers to nvm_driver.o(.data.NVM_Block) for NVM_Block
    nvm_driver.o(.ARM.exidx.text.NVM_VersionUpdate) refers to nvm_driver.o(.text.NVM_VersionUpdate) for [Anonymous Symbol]
    nvm_driver.o(.text.ChkNVMApplication) refers to nvm_driver.o(.data.NVM_Block) for NVM_Block
    nvm_driver.o(.text.ChkNVMApplication) refers to nvm_driver.o(.bss.FindNVMApplicationAdd) for FindNVMApplicationAdd
    nvm_driver.o(.ARM.exidx.text.ChkNVMApplication) refers to nvm_driver.o(.text.ChkNVMApplication) for [Anonymous Symbol]
    nvs_driver.o(.text.NVS_Init) refers to nvs_driver.o(.text.NVS_Scan_Block) for NVS_Scan_Block
    nvs_driver.o(.ARM.exidx.text.NVS_Init) refers to nvs_driver.o(.text.NVS_Init) for [Anonymous Symbol]
    nvs_driver.o(.text.NVS_Scan_Block) refers to nvs_driver.o(.data.Nvs_Config_Block) for Nvs_Config_Block
    nvs_driver.o(.text.NVS_Scan_Block) refers to nvs_driver.o(.text.NVS_Block_Read) for NVS_Block_Read
    nvs_driver.o(.ARM.exidx.text.NVS_Scan_Block) refers to nvs_driver.o(.text.NVS_Scan_Block) for [Anonymous Symbol]
    nvs_driver.o(.text.NVS_Block_Read) refers to nvs_driver.o(.data.Nvs_Config_Block) for Nvs_Config_Block
    nvs_driver.o(.text.NVS_Block_Read) refers to flash_main.o(.text.FLASH_Read) for FLASH_Read
    nvs_driver.o(.ARM.exidx.text.NVS_Block_Read) refers to nvs_driver.o(.text.NVS_Block_Read) for [Anonymous Symbol]
    nvs_driver.o(.text.NVSBlock_DataRead) refers to nvs_driver.o(.data.Nvs_Config_Block) for Nvs_Config_Block
    nvs_driver.o(.text.NVSBlock_DataRead) refers to nvs_driver.o(.text.IS_NVS_BlockValid) for IS_NVS_BlockValid
    nvs_driver.o(.ARM.exidx.text.NVSBlock_DataRead) refers to nvs_driver.o(.text.NVSBlock_DataRead) for [Anonymous Symbol]
    nvs_driver.o(.text.IS_NVS_BlockValid) refers to nvs_driver.o(.data.Nvs_Config_Block) for Nvs_Config_Block
    nvs_driver.o(.text.IS_NVS_BlockValid) refers to nvs_driver.o(.text.FindBlock_DataSum) for FindBlock_DataSum
    nvs_driver.o(.ARM.exidx.text.IS_NVS_BlockValid) refers to nvs_driver.o(.text.IS_NVS_BlockValid) for [Anonymous Symbol]
    nvs_driver.o(.text.FindBlock_DataSum) refers to flash_main.o(.text.FLASH_Read) for FLASH_Read
    nvs_driver.o(.ARM.exidx.text.FindBlock_DataSum) refers to nvs_driver.o(.text.FindBlock_DataSum) for [Anonymous Symbol]
    startup_stm32h503xx.o(STACK) refers (Special) to heapauxi.o(.text) for __use_two_region_memory
    startup_stm32h503xx.o(HEAP) refers (Special) to heapauxi.o(.text) for __use_two_region_memory
    startup_stm32h503xx.o(RESET) refers (Special) to heapauxi.o(.text) for __use_two_region_memory
    startup_stm32h503xx.o(RESET) refers to startup_stm32h503xx.o(STACK) for __initial_sp
    startup_stm32h503xx.o(RESET) refers to startup_stm32h503xx.o(.text) for Reset_Handler
    startup_stm32h503xx.o(.text) refers (Special) to heapauxi.o(.text) for __use_two_region_memory
    startup_stm32h503xx.o(.text) refers to system_stm32h5xx.o(.text.SystemInit) for SystemInit
    startup_stm32h503xx.o(.text) refers to __main.o(!!!main) for __main
    startup_stm32h503xx.o(.text) refers to startup_stm32h503xx.o(HEAP) for Heap_Mem
    startup_stm32h503xx.o(.text) refers to startup_stm32h503xx.o(STACK) for Stack_Mem
    system_stm32h5xx.o(.ARM.exidx.text.SystemInit) refers to system_stm32h5xx.o(.text.SystemInit) for [Anonymous Symbol]
    system_stm32h5xx.o(.text.SystemCoreClockUpdate) refers to system_stm32h5xx.o(.data.SystemCoreClock) for SystemCoreClock
    system_stm32h5xx.o(.text.SystemCoreClockUpdate) refers to system_stm32h5xx.o(.rodata.AHBPrescTable) for AHBPrescTable
    system_stm32h5xx.o(.ARM.exidx.text.SystemCoreClockUpdate) refers to system_stm32h5xx.o(.text.SystemCoreClockUpdate) for [Anonymous Symbol]
    __main.o(!!!main) refers to __rtentry.o(.ARM.Collect$$rtentry$$00000000) for __rt_entry
    __rtentry.o(.ARM.Collect$$rtentry$$00000000) refers (Special) to __rtentry2.o(.ARM.Collect$$rtentry$$0000000A) for __rt_entry_li
    __rtentry.o(.ARM.Collect$$rtentry$$00000000) refers (Special) to __rtentry2.o(.ARM.Collect$$rtentry$$0000000D) for __rt_entry_main
    __rtentry.o(.ARM.Collect$$rtentry$$00000000) refers (Special) to __rtentry2.o(.ARM.Collect$$rtentry$$0000000C) for __rt_entry_postli_1
    __rtentry.o(.ARM.Collect$$rtentry$$00000000) refers (Special) to __rtentry2.o(.ARM.Collect$$rtentry$$00000009) for __rt_entry_postsh_1
    __rtentry.o(.ARM.Collect$$rtentry$$00000000) refers (Special) to __rtentry2.o(.ARM.Collect$$rtentry$$00000002) for __rt_entry_presh_1
    __rtentry.o(.ARM.Collect$$rtentry$$00000000) refers (Special) to __rtentry4.o(.ARM.Collect$$rtentry$$00000004) for __rt_entry_sh
    __rtentry2.o(.ARM.Collect$$rtentry$$00000008) refers to boardinit2.o(.text) for _platform_post_stackheap_init
    __rtentry2.o(.ARM.Collect$$rtentry$$0000000A) refers to libinit.o(.ARM.Collect$$libinit$$00000000) for __rt_lib_init
    __rtentry2.o(.ARM.Collect$$rtentry$$0000000B) refers to boardinit3.o(.text) for _platform_post_lib_init
    __rtentry2.o(.ARM.Collect$$rtentry$$0000000D) refers to main.o(.text.main) for main
    __rtentry2.o(.ARM.Collect$$rtentry$$0000000D) refers to exit.o(.text) for exit
    __rtentry2.o(.ARM.exidx) refers to __rtentry2.o(.ARM.Collect$$rtentry$$00000001) for .ARM.Collect$$rtentry$$00000001
    __rtentry2.o(.ARM.exidx) refers to __rtentry2.o(.ARM.Collect$$rtentry$$00000008) for .ARM.Collect$$rtentry$$00000008
    __rtentry2.o(.ARM.exidx) refers to __rtentry2.o(.ARM.Collect$$rtentry$$0000000A) for .ARM.Collect$$rtentry$$0000000A
    __rtentry2.o(.ARM.exidx) refers to __rtentry2.o(.ARM.Collect$$rtentry$$0000000B) for .ARM.Collect$$rtentry$$0000000B
    __rtentry2.o(.ARM.exidx) refers to __rtentry2.o(.ARM.Collect$$rtentry$$0000000D) for .ARM.Collect$$rtentry$$0000000D
    __rtentry4.o(.ARM.Collect$$rtentry$$00000004) refers to sys_stackheap_outer.o(.text) for __user_setup_stackheap
    __rtentry4.o(.ARM.exidx) refers to __rtentry4.o(.ARM.Collect$$rtentry$$00000004) for .ARM.Collect$$rtentry$$00000004
    sys_stackheap_outer.o(.text) refers to libspace.o(.text) for __user_perproc_libspace
    sys_stackheap_outer.o(.text) refers to startup_stm32h503xx.o(.text) for __user_initial_stackheap
    exit.o(.text) refers to rtexit.o(.ARM.Collect$$rtexit$$00000000) for __rt_exit
    libinit.o(.ARM.Collect$$libinit$$00000000) refers (Special) to libinit2.o(.ARM.Collect$$libinit$$00000030) for __rt_lib_init_alloca_1
    libinit.o(.ARM.Collect$$libinit$$00000000) refers (Special) to libinit2.o(.ARM.Collect$$libinit$$0000002E) for __rt_lib_init_argv_1
    libinit.o(.ARM.Collect$$libinit$$00000000) refers (Special) to libinit2.o(.ARM.Collect$$libinit$$0000001D) for __rt_lib_init_atexit_1
    libinit.o(.ARM.Collect$$libinit$$00000000) refers (Special) to libinit2.o(.ARM.Collect$$libinit$$00000023) for __rt_lib_init_clock_1
    libinit.o(.ARM.Collect$$libinit$$00000000) refers (Special) to libinit2.o(.ARM.Collect$$libinit$$00000034) for __rt_lib_init_cpp_1
    libinit.o(.ARM.Collect$$libinit$$00000000) refers (Special) to libinit2.o(.ARM.Collect$$libinit$$00000032) for __rt_lib_init_exceptions_1
    libinit.o(.ARM.Collect$$libinit$$00000000) refers (Special) to libinit2.o(.ARM.Collect$$libinit$$00000001) for __rt_lib_init_fp_1
    libinit.o(.ARM.Collect$$libinit$$00000000) refers (Special) to libinit2.o(.ARM.Collect$$libinit$$00000021) for __rt_lib_init_fp_trap_1
    libinit.o(.ARM.Collect$$libinit$$00000000) refers (Special) to libinit2.o(.ARM.Collect$$libinit$$00000025) for __rt_lib_init_getenv_1
    libinit.o(.ARM.Collect$$libinit$$00000000) refers (Special) to libinit2.o(.ARM.Collect$$libinit$$0000000C) for __rt_lib_init_heap_1
    libinit.o(.ARM.Collect$$libinit$$00000000) refers (Special) to libinit2.o(.ARM.Collect$$libinit$$00000013) for __rt_lib_init_lc_collate_1
    libinit.o(.ARM.Collect$$libinit$$00000000) refers (Special) to libinit2.o(.ARM.Collect$$libinit$$00000015) for __rt_lib_init_lc_ctype_1
    libinit.o(.ARM.Collect$$libinit$$00000000) refers (Special) to libinit2.o(.ARM.Collect$$libinit$$00000017) for __rt_lib_init_lc_monetary_1
    libinit.o(.ARM.Collect$$libinit$$00000000) refers (Special) to libinit2.o(.ARM.Collect$$libinit$$00000019) for __rt_lib_init_lc_numeric_1
    libinit.o(.ARM.Collect$$libinit$$00000000) refers (Special) to libinit2.o(.ARM.Collect$$libinit$$0000001B) for __rt_lib_init_lc_time_1
    libinit.o(.ARM.Collect$$libinit$$00000000) refers (Special) to libinit2.o(.ARM.Collect$$libinit$$00000006) for __rt_lib_init_preinit_1
    libinit.o(.ARM.Collect$$libinit$$00000000) refers (Special) to libinit2.o(.ARM.Collect$$libinit$$00000010) for __rt_lib_init_rand_1
    libinit.o(.ARM.Collect$$libinit$$00000000) refers (Special) to libinit2.o(.ARM.Collect$$libinit$$00000004) for __rt_lib_init_relocate_pie_1
    libinit.o(.ARM.Collect$$libinit$$00000000) refers (Special) to libinit2.o(.ARM.Collect$$libinit$$00000035) for __rt_lib_init_return
    libinit.o(.ARM.Collect$$libinit$$00000000) refers (Special) to libinit2.o(.ARM.Collect$$libinit$$0000001F) for __rt_lib_init_signal_1
    libinit.o(.ARM.Collect$$libinit$$00000000) refers (Special) to libinit2.o(.ARM.Collect$$libinit$$00000027) for __rt_lib_init_stdio_1
    libinit.o(.ARM.Collect$$libinit$$00000000) refers (Special) to libinit2.o(.ARM.Collect$$libinit$$0000000E) for __rt_lib_init_user_alloc_1
    libspace.o(.text) refers to libspace.o(.bss) for __libspace_start
    rtexit.o(.ARM.Collect$$rtexit$$00000000) refers (Special) to rtexit2.o(.ARM.Collect$$rtexit$$00000004) for __rt_exit_exit
    rtexit.o(.ARM.Collect$$rtexit$$00000000) refers (Special) to rtexit2.o(.ARM.Collect$$rtexit$$00000003) for __rt_exit_ls
    rtexit.o(.ARM.Collect$$rtexit$$00000000) refers (Special) to rtexit2.o(.ARM.Collect$$rtexit$$00000002) for __rt_exit_prels_1
    rtexit.o(.ARM.exidx) refers (Special) to rtexit2.o(.ARM.Collect$$rtexit$$00000004) for __rt_exit_exit
    rtexit.o(.ARM.exidx) refers (Special) to rtexit2.o(.ARM.Collect$$rtexit$$00000003) for __rt_exit_ls
    rtexit.o(.ARM.exidx) refers (Special) to rtexit2.o(.ARM.Collect$$rtexit$$00000002) for __rt_exit_prels_1
    rtexit.o(.ARM.exidx) refers to rtexit.o(.ARM.Collect$$rtexit$$00000000) for .ARM.Collect$$rtexit$$00000000
    libinit2.o(.ARM.Collect$$libinit$$00000001) refers to fpinit.o(x$fpl$fpinit) for _fp_init
    libinit2.o(.ARM.Collect$$libinit$$00000012) refers to libinit2.o(.ARM.Collect$$libinit$$00000011) for .ARM.Collect$$libinit$$00000011
    libinit2.o(.ARM.Collect$$libinit$$00000014) refers to libinit2.o(.ARM.Collect$$libinit$$00000011) for .ARM.Collect$$libinit$$00000011
    libinit2.o(.ARM.Collect$$libinit$$00000016) refers to libinit2.o(.ARM.Collect$$libinit$$00000011) for .ARM.Collect$$libinit$$00000011
    libinit2.o(.ARM.Collect$$libinit$$00000018) refers to libinit2.o(.ARM.Collect$$libinit$$00000011) for .ARM.Collect$$libinit$$00000011
    libinit2.o(.ARM.Collect$$libinit$$0000001A) refers to libinit2.o(.ARM.Collect$$libinit$$00000011) for .ARM.Collect$$libinit$$00000011
    libinit2.o(.ARM.Collect$$libinit$$00000028) refers to argv_veneer.o(.emb_text) for __ARM_argv_veneer
    libinit2.o(.ARM.Collect$$libinit$$00000029) refers to argv_veneer.o(.emb_text) for __ARM_argv_veneer
    rtexit2.o(.ARM.Collect$$rtexit$$00000003) refers to libshutdown.o(.ARM.Collect$$libshutdown$$00000000) for __rt_lib_shutdown
    rtexit2.o(.ARM.Collect$$rtexit$$00000004) refers to sys_exit.o(.text) for _sys_exit
    rtexit2.o(.ARM.exidx) refers to rtexit2.o(.ARM.Collect$$rtexit$$00000001) for .ARM.Collect$$rtexit$$00000001
    rtexit2.o(.ARM.exidx) refers to rtexit2.o(.ARM.Collect$$rtexit$$00000003) for .ARM.Collect$$rtexit$$00000003
    rtexit2.o(.ARM.exidx) refers to rtexit2.o(.ARM.Collect$$rtexit$$00000004) for .ARM.Collect$$rtexit$$00000004
    argv_veneer.o(.emb_text) refers to no_argv.o(.text) for __ARM_get_argv
    sys_exit.o(.text) refers (Special) to use_no_semi.o(.text) for __I$use$semihosting
    sys_exit.o(.text) refers (Special) to indicate_semi.o(.text) for __semihosting_library_function
    sys_exit_hlt.o(.text) refers (Special) to use_no_semi.o(.text) for __I$use$semihosting
    sys_exit_hlt.o(.text) refers (Special) to indicate_semi.o(.text) for __semihosting_library_function
    _get_argv_nomalloc.o(.text) refers (Special) to hrguard.o(.text) for __heap_region$guard
    _get_argv_nomalloc.o(.text) refers to defsig_rtmem_outer.o(.text) for __rt_SIGRTMEM
    _get_argv_nomalloc.o(.text) refers to sys_command.o(.text) for _sys_command_string
    libshutdown.o(.ARM.Collect$$libshutdown$$00000000) refers (Special) to libshutdown2.o(.ARM.Collect$$libshutdown$$00000002) for __rt_lib_shutdown_cpp_1
    libshutdown.o(.ARM.Collect$$libshutdown$$00000000) refers (Special) to libshutdown2.o(.ARM.Collect$$libshutdown$$00000007) for __rt_lib_shutdown_fp_trap_1
    libshutdown.o(.ARM.Collect$$libshutdown$$00000000) refers (Special) to libshutdown2.o(.ARM.Collect$$libshutdown$$0000000F) for __rt_lib_shutdown_heap_1
    libshutdown.o(.ARM.Collect$$libshutdown$$00000000) refers (Special) to libshutdown2.o(.ARM.Collect$$libshutdown$$00000010) for __rt_lib_shutdown_return
    libshutdown.o(.ARM.Collect$$libshutdown$$00000000) refers (Special) to libshutdown2.o(.ARM.Collect$$libshutdown$$0000000A) for __rt_lib_shutdown_signal_1
    libshutdown.o(.ARM.Collect$$libshutdown$$00000000) refers (Special) to libshutdown2.o(.ARM.Collect$$libshutdown$$00000004) for __rt_lib_shutdown_stdio_1
    libshutdown.o(.ARM.Collect$$libshutdown$$00000000) refers (Special) to libshutdown2.o(.ARM.Collect$$libshutdown$$0000000C) for __rt_lib_shutdown_user_alloc_1
    sys_command.o(.text) refers (Special) to use_no_semi.o(.text) for __I$use$semihosting
    sys_command.o(.text) refers (Special) to indicate_semi.o(.text) for __semihosting_library_function
    sys_command_hlt.o(.text) refers (Special) to use_no_semi.o(.text) for __I$use$semihosting
    sys_command_hlt.o(.text) refers (Special) to indicate_semi.o(.text) for __semihosting_library_function
    defsig_rtmem_outer.o(.text) refers to defsig_rtmem_inner.o(.text) for __rt_SIGRTMEM_inner
    defsig_rtmem_outer.o(.text) refers to defsig_exit.o(.text) for __sig_exit
    defsig_rtmem_formal.o(.text) refers to rt_raise.o(.text) for __rt_raise
    rt_raise.o(.text) refers to __raise.o(.text) for __raise
    rt_raise.o(.text) refers to sys_exit.o(.text) for _sys_exit
    defsig_exit.o(.text) refers to sys_exit.o(.text) for _sys_exit
    defsig_rtmem_inner.o(.text) refers to defsig_general.o(.text) for __default_signal_display
    __raise.o(.text) refers to defsig.o(CL$$defsig) for __default_signal_handler
    defsig_general.o(.text) refers to sys_wrch.o(.text) for _ttywrch
    sys_wrch.o(.text) refers (Special) to use_no_semi.o(.text) for __I$use$semihosting
    sys_wrch.o(.text) refers (Special) to indicate_semi.o(.text) for __semihosting_library_function
    sys_wrch_hlt.o(.text) refers (Special) to use_no_semi.o(.text) for __I$use$semihosting
    sys_wrch_hlt.o(.text) refers (Special) to indicate_semi.o(.text) for __semihosting_library_function
    defsig.o(CL$$defsig) refers to defsig_rtmem_inner.o(.text) for __rt_SIGRTMEM_inner
    defsig_abrt_inner.o(.text) refers to defsig_general.o(.text) for __default_signal_display
    defsig_fpe_inner.o(.text) refers to defsig_general.o(.text) for __default_signal_display
    defsig_rtred_inner.o(.text) refers to defsig_general.o(.text) for __default_signal_display
    defsig_stak_inner.o(.text) refers to defsig_general.o(.text) for __default_signal_display
    defsig_pvfn_inner.o(.text) refers to defsig_general.o(.text) for __default_signal_display
    defsig_cppl_inner.o(.text) refers to defsig_general.o(.text) for __default_signal_display
    defsig_segv_inner.o(.text) refers to defsig_general.o(.text) for __default_signal_display
    defsig_other.o(.text) refers to defsig_general.o(.text) for __default_signal_display


==============================================================================

Removing Unused input sections from the image.

    Removing main.o(.text), (0 bytes).
    Removing main.o(.ARM.exidx.text.main), (8 bytes).
    Removing main.o(.ARM.exidx.text.Init), (8 bytes).
    Removing main.o(.text.Gpio_init), (76 bytes).
    Removing main.o(.ARM.exidx.text.Gpio_init), (8 bytes).
    Removing main.o(.bss.val), (1 bytes).
    Removing main.o(.ARM.use_no_argv), (4 bytes).
    Removing backup_ram.o(.text), (0 bytes).
    Removing backup_ram.o(.ARM.exidx.text.PWR_EnableBkUpAccess), (8 bytes).
    Removing backup_ram.o(.ARM.exidx.text.PWR_DisableBkUpAccess), (8 bytes).
    Removing backup_ram.o(.ARM.exidx.text.PWREx_EnableBkupRAM_REG), (8 bytes).
    Removing backup_ram.o(.ARM.exidx.text.bkSRAM_ReadVariable), (8 bytes).
    Removing backup_ram.o(.ARM.exidx.text.bkSRAM_WriteVariable), (8 bytes).
    Removing backup_ram.o(.ARM.exidx.text.bkSRAM_Init), (8 bytes).
    Removing stm32h5xx_hal_gpio.o(.text), (0 bytes).
    Removing stm32h5xx_hal_gpio.o(.text.HAL_GPIO_Init), (718 bytes).
    Removing stm32h5xx_hal_gpio.o(.ARM.exidx.text.HAL_GPIO_Init), (8 bytes).
    Removing stm32h5xx_hal_gpio.o(.text.HAL_GPIO_DeInit), (334 bytes).
    Removing stm32h5xx_hal_gpio.o(.ARM.exidx.text.HAL_GPIO_DeInit), (8 bytes).
    Removing stm32h5xx_hal_gpio.o(.text.HAL_GPIO_ReadPin), (46 bytes).
    Removing stm32h5xx_hal_gpio.o(.ARM.exidx.text.HAL_GPIO_ReadPin), (8 bytes).
    Removing stm32h5xx_hal_gpio.o(.text.HAL_GPIO_WritePin), (44 bytes).
    Removing stm32h5xx_hal_gpio.o(.ARM.exidx.text.HAL_GPIO_WritePin), (8 bytes).
    Removing stm32h5xx_hal_gpio.o(.text.HAL_GPIO_WriteMultipleStatePin), (36 bytes).
    Removing stm32h5xx_hal_gpio.o(.ARM.exidx.text.HAL_GPIO_WriteMultipleStatePin), (8 bytes).
    Removing stm32h5xx_hal_gpio.o(.text.HAL_GPIO_TogglePin), (38 bytes).
    Removing stm32h5xx_hal_gpio.o(.ARM.exidx.text.HAL_GPIO_TogglePin), (8 bytes).
    Removing stm32h5xx_hal_gpio.o(.text.HAL_GPIO_LockPin), (90 bytes).
    Removing stm32h5xx_hal_gpio.o(.ARM.exidx.text.HAL_GPIO_LockPin), (8 bytes).
    Removing flash_main.o(.text), (0 bytes).
    Removing flash_main.o(.text.FLASH_init), (64 bytes).
    Removing flash_main.o(.ARM.exidx.text.FLASH_init), (8 bytes).
    Removing flash_main.o(.ARM.exidx.text.FLASH_Unlock), (8 bytes).
    Removing flash_main.o(.ARM.exidx.text.FLASH_Lock), (8 bytes).
    Removing flash_main.o(.ARM.exidx.text.FLASH_Read), (8 bytes).
    Removing flash_main.o(.ARM.exidx.text.FLASH_Write), (8 bytes).
    Removing flash_main.o(.text.Multi_Word_write), (100 bytes).
    Removing flash_main.o(.ARM.exidx.text.Multi_Word_write), (8 bytes).
    Removing flash_main.o(.ARM.exidx.text.FLASH_ErrorChk), (8 bytes).
    Removing flash_main.o(.ARM.exidx.text.FLASH_SecErase), (8 bytes).
    Removing flash_main.o(.ARM.exidx.text.Flash_SingleSec_Erase), (8 bytes).
    Removing flash_main.o(.text.Flash_DoubleSec_Erase), (198 bytes).
    Removing flash_main.o(.ARM.exidx.text.Flash_DoubleSec_Erase), (8 bytes).
    Removing flash_main.o(.text.FLASH_Erase_NoofSectors), (210 bytes).
    Removing flash_main.o(.ARM.exidx.text.FLASH_Erase_NoofSectors), (8 bytes).
    Removing flash_main.o(.ARM.exidx.text.VerifyFlashErase), (8 bytes).
    Removing jump_boot_app.o(.text), (0 bytes).
    Removing jump_boot_app.o(.ARM.exidx.text.Jump_BOOTLOADER), (8 bytes).
    Removing jump_boot_app.o(.ARM.exidx.text.RCC_DeInit), (8 bytes).
    Removing jump_boot_app.o(.ARM.exidx.text.S_DeInit), (8 bytes).
    Removing jump_boot_app.o(.ARM.exidx.text.Jump_APP_1), (8 bytes).
    Removing jump_boot_app.o(.ARM.exidx.text.Jump_APP_2), (8 bytes).
    Removing jump_boot_app.o(.ARM.exidx.text.disable_interrupt), (8 bytes).
    Removing validate_file.o(.text), (0 bytes).
    Removing validate_file.o(.ARM.exidx.text.IsBoot_valid), (8 bytes).
    Removing validate_file.o(.ARM.exidx.text.App_Image_Chksum_calculation), (8 bytes).
    Removing validate_file.o(.ARM.exidx.text.Read_Apps_Header), (8 bytes).
    Removing nvm_driver.o(.text), (0 bytes).
    Removing nvm_driver.o(.ARM.exidx.text.NVM_Init), (8 bytes).
    Removing nvm_driver.o(.ARM.exidx.text.NVM_Scan_Block), (8 bytes).
    Removing nvm_driver.o(.ARM.exidx.text.NVM_Block_Read_FUN), (8 bytes).
    Removing nvm_driver.o(.ARM.exidx.text.Chk_NVMTotal_Block), (8 bytes).
    Removing nvm_driver.o(.ARM.exidx.text.NVM_Block_Write), (8 bytes).
    Removing nvm_driver.o(.ARM.exidx.text.NVM_Multi_Word_write), (8 bytes).
    Removing nvm_driver.o(.ARM.exidx.text.Update_Nvm_Block), (8 bytes).
    Removing nvm_driver.o(.ARM.exidx.text.NVM_AddUpdate), (8 bytes).
    Removing nvm_driver.o(.ARM.exidx.text.NVM_ReOrg), (8 bytes).
    Removing nvm_driver.o(.ARM.exidx.text.NVM_VersionUpdate), (8 bytes).
    Removing nvm_driver.o(.ARM.exidx.text.ChkNVMApplication), (8 bytes).
    Removing nvs_driver.o(.text), (0 bytes).
    Removing nvs_driver.o(.text.NVS_Init), (8 bytes).
    Removing nvs_driver.o(.ARM.exidx.text.NVS_Init), (8 bytes).
    Removing nvs_driver.o(.text.NVS_Scan_Block), (86 bytes).
    Removing nvs_driver.o(.ARM.exidx.text.NVS_Scan_Block), (8 bytes).
    Removing nvs_driver.o(.text.NVS_Block_Read), (64 bytes).
    Removing nvs_driver.o(.ARM.exidx.text.NVS_Block_Read), (8 bytes).
    Removing nvs_driver.o(.text.NVSBlock_DataRead), (48 bytes).
    Removing nvs_driver.o(.ARM.exidx.text.NVSBlock_DataRead), (8 bytes).
    Removing nvs_driver.o(.text.IS_NVS_BlockValid), (86 bytes).
    Removing nvs_driver.o(.ARM.exidx.text.IS_NVS_BlockValid), (8 bytes).
    Removing nvs_driver.o(.text.FindBlock_DataSum), (98 bytes).
    Removing nvs_driver.o(.ARM.exidx.text.FindBlock_DataSum), (8 bytes).
    Removing nvs_driver.o(.data.Nvs_Config_Block), (24 bytes).
    Removing system_stm32h5xx.o(.text), (0 bytes).
    Removing system_stm32h5xx.o(.ARM.exidx.text.SystemInit), (8 bytes).
    Removing system_stm32h5xx.o(.text.SystemCoreClockUpdate), (632 bytes).
    Removing system_stm32h5xx.o(.ARM.exidx.text.SystemCoreClockUpdate), (8 bytes).
    Removing system_stm32h5xx.o(.rodata.AHBPrescTable), (16 bytes).
    Removing system_stm32h5xx.o(.rodata.APBPrescTable), (8 bytes).

89 unused section(s) (total 3477 bytes) removed from the image.

==============================================================================

Image Symbol Table

    Local Symbols

    Symbol Name                              Value     Ov Type        Size  Object(Section)

    ../clib/angel/boardlib.s                 0x00000000   Number         0  boardinit1.o ABSOLUTE
    ../clib/angel/boardlib.s                 0x00000000   Number         0  boardinit2.o ABSOLUTE
    ../clib/angel/boardlib.s                 0x00000000   Number         0  boardinit3.o ABSOLUTE
    ../clib/angel/boardlib.s                 0x00000000   Number         0  boardshut.o ABSOLUTE
    ../clib/angel/handlers.s                 0x00000000   Number         0  __scatter_copy.o ABSOLUTE
    ../clib/angel/handlers.s                 0x00000000   Number         0  __scatter_zi.o ABSOLUTE
    ../clib/angel/kernel.s                   0x00000000   Number         0  __rtentry.o ABSOLUTE
    ../clib/angel/kernel.s                   0x00000000   Number         0  __rtentry2.o ABSOLUTE
    ../clib/angel/kernel.s                   0x00000000   Number         0  __rtentry4.o ABSOLUTE
    ../clib/angel/kernel.s                   0x00000000   Number         0  rtexit.o ABSOLUTE
    ../clib/angel/kernel.s                   0x00000000   Number         0  rtexit2.o ABSOLUTE
    ../clib/angel/rt.s                       0x00000000   Number         0  rt_raise.o ABSOLUTE
    ../clib/angel/scatter.s                  0x00000000   Number         0  __scatter.o ABSOLUTE
    ../clib/angel/startup.s                  0x00000000   Number         0  __main.o ABSOLUTE
    ../clib/angel/sys.s                      0x00000000   Number         0  sys_stackheap_outer.o ABSOLUTE
    ../clib/angel/sys.s                      0x00000000   Number         0  libspace.o ABSOLUTE
    ../clib/angel/sys.s                      0x00000000   Number         0  use_no_semi.o ABSOLUTE
    ../clib/angel/sys.s                      0x00000000   Number         0  indicate_semi.o ABSOLUTE
    ../clib/angel/sysapp.c                   0x00000000   Number         0  sys_exit.o ABSOLUTE
    ../clib/angel/sysapp.c                   0x00000000   Number         0  sys_exit_hlt.o ABSOLUTE
    ../clib/angel/sysapp.c                   0x00000000   Number         0  sys_command.o ABSOLUTE
    ../clib/angel/sysapp.c                   0x00000000   Number         0  sys_command_hlt.o ABSOLUTE
    ../clib/angel/sysapp.c                   0x00000000   Number         0  sys_wrch.o ABSOLUTE
    ../clib/angel/sysapp.c                   0x00000000   Number         0  sys_wrch_hlt.o ABSOLUTE
    ../clib/armsys.c                         0x00000000   Number         0  argv_veneer.o ABSOLUTE
    ../clib/armsys.c                         0x00000000   Number         0  argv_veneer.o ABSOLUTE
    ../clib/armsys.c                         0x00000000   Number         0  _get_argv_nomalloc.o ABSOLUTE
    ../clib/armsys.c                         0x00000000   Number         0  no_argv.o ABSOLUTE
    ../clib/heapalloc.c                      0x00000000   Number         0  hrguard.o ABSOLUTE
    ../clib/heapaux.c                        0x00000000   Number         0  heapauxi.o ABSOLUTE
    ../clib/libinit.s                        0x00000000   Number         0  libinit.o ABSOLUTE
    ../clib/libinit.s                        0x00000000   Number         0  libinit2.o ABSOLUTE
    ../clib/libinit.s                        0x00000000   Number         0  libshutdown.o ABSOLUTE
    ../clib/libinit.s                        0x00000000   Number         0  libshutdown2.o ABSOLUTE
    ../clib/signal.c                         0x00000000   Number         0  defsig_rtmem_outer.o ABSOLUTE
    ../clib/signal.c                         0x00000000   Number         0  defsig_rtmem_formal.o ABSOLUTE
    ../clib/signal.c                         0x00000000   Number         0  defsig_exit.o ABSOLUTE
    ../clib/signal.c                         0x00000000   Number         0  defsig_rtmem_inner.o ABSOLUTE
    ../clib/signal.c                         0x00000000   Number         0  __raise.o ABSOLUTE
    ../clib/signal.c                         0x00000000   Number         0  defsig_general.o ABSOLUTE
    ../clib/signal.c                         0x00000000   Number         0  defsig_abrt_inner.o ABSOLUTE
    ../clib/signal.c                         0x00000000   Number         0  defsig_fpe_inner.o ABSOLUTE
    ../clib/signal.c                         0x00000000   Number         0  defsig_rtred_inner.o ABSOLUTE
    ../clib/signal.c                         0x00000000   Number         0  defsig_stak_inner.o ABSOLUTE
    ../clib/signal.c                         0x00000000   Number         0  defsig_pvfn_inner.o ABSOLUTE
    ../clib/signal.c                         0x00000000   Number         0  defsig_cppl_inner.o ABSOLUTE
    ../clib/signal.c                         0x00000000   Number         0  defsig_segv_inner.o ABSOLUTE
    ../clib/signal.c                         0x00000000   Number         0  defsig_other.o ABSOLUTE
    ../clib/signal.s                         0x00000000   Number         0  defsig.o ABSOLUTE
    ../clib/stdlib.c                         0x00000000   Number         0  exit.o ABSOLUTE
    ../fplib/fpinit.s                        0x00000000   Number         0  fpinit.o ABSOLUTE
    Backup_ram.c                             0x00000000   Number         0  backup_ram.o ABSOLUTE
    Flash_Main.c                             0x00000000   Number         0  flash_main.o ABSOLUTE
    Jump_Boot_App.c                          0x00000000   Number         0  jump_boot_app.o ABSOLUTE
    NVM_Driver.c                             0x00000000   Number         0  nvm_driver.o ABSOLUTE
    NVS_Driver.c                             0x00000000   Number         0  nvs_driver.o ABSOLUTE
    RTE/Device/STM32H503RBTx/startup_stm32h503xx.s 0x00000000   Number         0  startup_stm32h503xx.o ABSOLUTE
    Validate_file.c                          0x00000000   Number         0  validate_file.o ABSOLUTE
    dc.s                                     0x00000000   Number         0  dc.o ABSOLUTE
    main.c                                   0x00000000   Number         0  main.o ABSOLUTE
    stm32h5xx_hal_gpio.c                     0x00000000   Number         0  stm32h5xx_hal_gpio.o ABSOLUTE
    system_stm32h5xx.c                       0x00000000   Number         0  system_stm32h5xx.o ABSOLUTE
    RESET                                    0x08000000   Section      600  startup_stm32h503xx.o(RESET)
    !!!main                                  0x08000258   Section        8  __main.o(!!!main)
    !!!scatter                               0x08000260   Section       52  __scatter.o(!!!scatter)
    !!handler_copy                           0x08000294   Section       26  __scatter_copy.o(!!handler_copy)
    !!handler_zi                             0x080002b0   Section       28  __scatter_zi.o(!!handler_zi)
    .ARM.Collect$$libinit$$00000000          0x080002cc   Section        2  libinit.o(.ARM.Collect$$libinit$$00000000)
    .ARM.Collect$$libinit$$00000001          0x080002ce   Section        4  libinit2.o(.ARM.Collect$$libinit$$00000001)
    .ARM.Collect$$libinit$$00000004          0x080002d2   Section        0  libinit2.o(.ARM.Collect$$libinit$$00000004)
    .ARM.Collect$$libinit$$00000006          0x080002d2   Section        0  libinit2.o(.ARM.Collect$$libinit$$00000006)
    .ARM.Collect$$libinit$$0000000C          0x080002d2   Section        0  libinit2.o(.ARM.Collect$$libinit$$0000000C)
    .ARM.Collect$$libinit$$0000000E          0x080002d2   Section        0  libinit2.o(.ARM.Collect$$libinit$$0000000E)
    .ARM.Collect$$libinit$$00000010          0x080002d2   Section        0  libinit2.o(.ARM.Collect$$libinit$$00000010)
    .ARM.Collect$$libinit$$00000013          0x080002d2   Section        0  libinit2.o(.ARM.Collect$$libinit$$00000013)
    .ARM.Collect$$libinit$$00000015          0x080002d2   Section        0  libinit2.o(.ARM.Collect$$libinit$$00000015)
    .ARM.Collect$$libinit$$00000017          0x080002d2   Section        0  libinit2.o(.ARM.Collect$$libinit$$00000017)
    .ARM.Collect$$libinit$$00000019          0x080002d2   Section        0  libinit2.o(.ARM.Collect$$libinit$$00000019)
    .ARM.Collect$$libinit$$0000001B          0x080002d2   Section        0  libinit2.o(.ARM.Collect$$libinit$$0000001B)
    .ARM.Collect$$libinit$$0000001D          0x080002d2   Section        0  libinit2.o(.ARM.Collect$$libinit$$0000001D)
    .ARM.Collect$$libinit$$0000001F          0x080002d2   Section        0  libinit2.o(.ARM.Collect$$libinit$$0000001F)
    .ARM.Collect$$libinit$$00000021          0x080002d2   Section        0  libinit2.o(.ARM.Collect$$libinit$$00000021)
    .ARM.Collect$$libinit$$00000023          0x080002d2   Section        0  libinit2.o(.ARM.Collect$$libinit$$00000023)
    .ARM.Collect$$libinit$$00000025          0x080002d2   Section        0  libinit2.o(.ARM.Collect$$libinit$$00000025)
    .ARM.Collect$$libinit$$00000027          0x080002d2   Section        0  libinit2.o(.ARM.Collect$$libinit$$00000027)
    .ARM.Collect$$libinit$$0000002E          0x080002d2   Section        0  libinit2.o(.ARM.Collect$$libinit$$0000002E)
    .ARM.Collect$$libinit$$00000030          0x080002d2   Section        0  libinit2.o(.ARM.Collect$$libinit$$00000030)
    .ARM.Collect$$libinit$$00000032          0x080002d2   Section        0  libinit2.o(.ARM.Collect$$libinit$$00000032)
    .ARM.Collect$$libinit$$00000034          0x080002d2   Section        0  libinit2.o(.ARM.Collect$$libinit$$00000034)
    .ARM.Collect$$libinit$$00000035          0x080002d2   Section        2  libinit2.o(.ARM.Collect$$libinit$$00000035)
    .ARM.Collect$$libshutdown$$00000000      0x080002d4   Section        2  libshutdown.o(.ARM.Collect$$libshutdown$$00000000)
    .ARM.Collect$$libshutdown$$00000002      0x080002d6   Section        0  libshutdown2.o(.ARM.Collect$$libshutdown$$00000002)
    .ARM.Collect$$libshutdown$$00000004      0x080002d6   Section        0  libshutdown2.o(.ARM.Collect$$libshutdown$$00000004)
    .ARM.Collect$$libshutdown$$00000007      0x080002d6   Section        0  libshutdown2.o(.ARM.Collect$$libshutdown$$00000007)
    .ARM.Collect$$libshutdown$$0000000A      0x080002d6   Section        0  libshutdown2.o(.ARM.Collect$$libshutdown$$0000000A)
    .ARM.Collect$$libshutdown$$0000000C      0x080002d6   Section        0  libshutdown2.o(.ARM.Collect$$libshutdown$$0000000C)
    .ARM.Collect$$libshutdown$$0000000F      0x080002d6   Section        0  libshutdown2.o(.ARM.Collect$$libshutdown$$0000000F)
    .ARM.Collect$$libshutdown$$00000010      0x080002d6   Section        2  libshutdown2.o(.ARM.Collect$$libshutdown$$00000010)
    .ARM.Collect$$rtentry$$00000000          0x080002d8   Section        0  __rtentry.o(.ARM.Collect$$rtentry$$00000000)
    .ARM.Collect$$rtentry$$00000002          0x080002d8   Section        0  __rtentry2.o(.ARM.Collect$$rtentry$$00000002)
    .ARM.Collect$$rtentry$$00000004          0x080002d8   Section        6  __rtentry4.o(.ARM.Collect$$rtentry$$00000004)
    .ARM.Collect$$rtentry$$00000009          0x080002de   Section        0  __rtentry2.o(.ARM.Collect$$rtentry$$00000009)
    .ARM.Collect$$rtentry$$0000000A          0x080002de   Section        4  __rtentry2.o(.ARM.Collect$$rtentry$$0000000A)
    .ARM.Collect$$rtentry$$0000000C          0x080002e2   Section        0  __rtentry2.o(.ARM.Collect$$rtentry$$0000000C)
    .ARM.Collect$$rtentry$$0000000D          0x080002e2   Section        8  __rtentry2.o(.ARM.Collect$$rtentry$$0000000D)
    .ARM.Collect$$rtexit$$00000000           0x080002ea   Section        2  rtexit.o(.ARM.Collect$$rtexit$$00000000)
    .ARM.Collect$$rtexit$$00000002           0x080002ec   Section        0  rtexit2.o(.ARM.Collect$$rtexit$$00000002)
    .ARM.Collect$$rtexit$$00000003           0x080002ec   Section        4  rtexit2.o(.ARM.Collect$$rtexit$$00000003)
    .ARM.Collect$$rtexit$$00000004           0x080002f0   Section        6  rtexit2.o(.ARM.Collect$$rtexit$$00000004)
    $v0                                      0x080002f8   Number         0  startup_stm32h503xx.o(.text)
    .text                                    0x080002f8   Section       68  startup_stm32h503xx.o(.text)
    .text                                    0x0800033c   Section        0  heapauxi.o(.text)
    .text                                    0x08000342   Section       74  sys_stackheap_outer.o(.text)
    .text                                    0x0800038c   Section        0  exit.o(.text)
    .text                                    0x080003a0   Section        8  libspace.o(.text)
    .text                                    0x080003a8   Section        0  sys_exit.o(.text)
    .text                                    0x080003b4   Section        2  use_no_semi.o(.text)
    .text                                    0x080003b6   Section        0  indicate_semi.o(.text)
    [Anonymous Symbol]                       0x080003b8   Section        0  validate_file.o(.text.App_Image_Chksum_calculation)
    [Anonymous Symbol]                       0x080003f0   Section        0  nvm_driver.o(.text.ChkNVMApplication)
    [Anonymous Symbol]                       0x0800048c   Section        0  nvm_driver.o(.text.Chk_NVMTotal_Block)
    [Anonymous Symbol]                       0x080004d0   Section        0  flash_main.o(.text.FLASH_ErrorChk)
    [Anonymous Symbol]                       0x08000544   Section        0  flash_main.o(.text.FLASH_Lock)
    [Anonymous Symbol]                       0x08000560   Section        0  flash_main.o(.text.FLASH_Read)
    [Anonymous Symbol]                       0x0800056c   Section        0  flash_main.o(.text.FLASH_SecErase)
    [Anonymous Symbol]                       0x08000614   Section        0  flash_main.o(.text.FLASH_Unlock)
    [Anonymous Symbol]                       0x08000658   Section        0  flash_main.o(.text.FLASH_Write)
    [Anonymous Symbol]                       0x08000680   Section        0  flash_main.o(.text.Flash_SingleSec_Erase)
    [Anonymous Symbol]                       0x080006c4   Section        0  main.o(.text.Init)
    [Anonymous Symbol]                       0x080006d8   Section        0  validate_file.o(.text.IsBoot_valid)
    [Anonymous Symbol]                       0x08000714   Section        0  jump_boot_app.o(.text.Jump_APP_1)
    [Anonymous Symbol]                       0x08000770   Section        0  jump_boot_app.o(.text.Jump_APP_2)
    [Anonymous Symbol]                       0x080007cc   Section        0  jump_boot_app.o(.text.Jump_BOOTLOADER)
    [Anonymous Symbol]                       0x08000820   Section        0  nvm_driver.o(.text.NVM_AddUpdate)
    [Anonymous Symbol]                       0x0800090c   Section        0  nvm_driver.o(.text.NVM_Block_Read_FUN)
    [Anonymous Symbol]                       0x080009d0   Section        0  nvm_driver.o(.text.NVM_Block_Write)
    [Anonymous Symbol]                       0x08000a10   Section        0  nvm_driver.o(.text.NVM_Init)
    [Anonymous Symbol]                       0x08000a18   Section        0  nvm_driver.o(.text.NVM_Multi_Word_write)
    [Anonymous Symbol]                       0x08000a70   Section        0  nvm_driver.o(.text.NVM_ReOrg)
    [Anonymous Symbol]                       0x08000ad8   Section        0  nvm_driver.o(.text.NVM_Scan_Block)
    [Anonymous Symbol]                       0x08000afc   Section        0  nvm_driver.o(.text.NVM_VersionUpdate)
    [Anonymous Symbol]                       0x08000b44   Section        0  backup_ram.o(.text.PWREx_EnableBkupRAM_REG)
    [Anonymous Symbol]                       0x08000b58   Section        0  backup_ram.o(.text.PWR_DisableBkUpAccess)
    [Anonymous Symbol]                       0x08000b6c   Section        0  backup_ram.o(.text.PWR_EnableBkUpAccess)
    [Anonymous Symbol]                       0x08000b80   Section        0  jump_boot_app.o(.text.RCC_DeInit)
    [Anonymous Symbol]                       0x08000d34   Section        0  validate_file.o(.text.Read_Apps_Header)
    [Anonymous Symbol]                       0x08000de0   Section        0  jump_boot_app.o(.text.S_DeInit)
    [Anonymous Symbol]                       0x08000eb8   Section        0  system_stm32h5xx.o(.text.SystemInit)
    [Anonymous Symbol]                       0x08000fd0   Section        0  nvm_driver.o(.text.Update_Nvm_Block)
    [Anonymous Symbol]                       0x0800105c   Section        0  flash_main.o(.text.VerifyFlashErase)
    [Anonymous Symbol]                       0x0800109c   Section        0  backup_ram.o(.text.bkSRAM_Init)
    [Anonymous Symbol]                       0x080010d4   Section        0  backup_ram.o(.text.bkSRAM_ReadVariable)
    [Anonymous Symbol]                       0x08001108   Section        0  backup_ram.o(.text.bkSRAM_WriteVariable)
    [Anonymous Symbol]                       0x0800113c   Section        0  jump_boot_app.o(.text.disable_interrupt)
    [Anonymous Symbol]                       0x080011ac   Section        0  main.o(.text.main)
    $v0                                      0x08001434   Number         0  fpinit.o(x$fpl$fpinit)
    x$fpl$fpinit                             0x08001434   Section       26  fpinit.o(x$fpl$fpinit)
    .bss                                     0x20000080   Section       96  libspace.o(.bss)
    jumping_var                              0x200000f4   Data           4  main.o(.bss.jumping_var)
    [Anonymous Symbol]                       0x200000f4   Section        0  main.o(.bss.jumping_var)
    Heap_Mem                                 0x200000f8   Data         512  startup_stm32h503xx.o(HEAP)
    HEAP                                     0x200000f8   Section      512  startup_stm32h503xx.o(HEAP)
    Stack_Mem                                0x200002f8   Data        1024  startup_stm32h503xx.o(STACK)
    STACK                                    0x200002f8   Section     1024  startup_stm32h503xx.o(STACK)
    __initial_sp                             0x200006f8   Data           0  startup_stm32h503xx.o(STACK)

    Global Symbols

    Symbol Name                              Value     Ov Type        Size  Object(Section)

    BuildAttributes$$THM_ISAv4$E$P$D$K$B$S$7EM$8M$VFPi5$EXTD16$VFPS$VFMA$PE$A:L22UL41UL21$X:L11$S22US41US21$IEEE1$IW$~IW$USESV6$~STKCKD$USESV7$~SHL$OSPACE$ROPI$EBA8$UX$STANDARDLIB$REQ8$PRES8$EABIv2 0x00000000   Number         0  anon$$obj.o ABSOLUTE
    __ARM_exceptions_init                     - Undefined Weak Reference
    __alloca_initialize                       - Undefined Weak Reference
    __arm_preinit_                            - Undefined Weak Reference
    __arm_relocate_pie_                       - Undefined Weak Reference
    __cpp_initialize__aeabi_                  - Undefined Weak Reference
    __cxa_finalize                            - Undefined Weak Reference
    __rt_locale                               - Undefined Weak Reference
    __sigvec_lookup                           - Undefined Weak Reference
    _atexit_init                              - Undefined Weak Reference
    _call_atexit_fns                          - Undefined Weak Reference
    _clock_init                               - Undefined Weak Reference
    _fp_trap_init                             - Undefined Weak Reference
    _fp_trap_shutdown                         - Undefined Weak Reference
    _get_lc_collate                           - Undefined Weak Reference
    _get_lc_ctype                             - Undefined Weak Reference
    _get_lc_monetary                          - Undefined Weak Reference
    _get_lc_numeric                           - Undefined Weak Reference
    _get_lc_time                              - Undefined Weak Reference
    _getenv_init                              - Undefined Weak Reference
    _handle_redirection                       - Undefined Weak Reference
    _init_alloc                               - Undefined Weak Reference
    _init_user_alloc                          - Undefined Weak Reference
    _initio                                   - Undefined Weak Reference
    _rand_init                                - Undefined Weak Reference
    _signal_finish                            - Undefined Weak Reference
    _signal_init                              - Undefined Weak Reference
    _terminate_alloc                          - Undefined Weak Reference
    _terminate_user_alloc                     - Undefined Weak Reference
    _terminateio                              - Undefined Weak Reference
    __Vectors_Size                           0x00000258   Number         0  startup_stm32h503xx.o ABSOLUTE
    __Vectors                                0x08000000   Data           4  startup_stm32h503xx.o(RESET)
    __Vectors_End                            0x08000258   Data           0  startup_stm32h503xx.o(RESET)
    __main                                   0x08000259   Thumb Code     8  __main.o(!!!main)
    __scatterload                            0x08000261   Thumb Code     0  __scatter.o(!!!scatter)
    __scatterload_rt2                        0x08000261   Thumb Code    44  __scatter.o(!!!scatter)
    __scatterload_rt2_thumb_only             0x08000261   Thumb Code     0  __scatter.o(!!!scatter)
    __scatterload_null                       0x0800026f   Thumb Code     0  __scatter.o(!!!scatter)
    __scatterload_copy                       0x08000295   Thumb Code    26  __scatter_copy.o(!!handler_copy)
    __scatterload_zeroinit                   0x080002b1   Thumb Code    28  __scatter_zi.o(!!handler_zi)
    __rt_lib_init                            0x080002cd   Thumb Code     0  libinit.o(.ARM.Collect$$libinit$$00000000)
    __rt_lib_init_fp_1                       0x080002cf   Thumb Code     0  libinit2.o(.ARM.Collect$$libinit$$00000001)
    __rt_lib_init_alloca_1                   0x080002d3   Thumb Code     0  libinit2.o(.ARM.Collect$$libinit$$00000030)
    __rt_lib_init_argv_1                     0x080002d3   Thumb Code     0  libinit2.o(.ARM.Collect$$libinit$$0000002E)
    __rt_lib_init_atexit_1                   0x080002d3   Thumb Code     0  libinit2.o(.ARM.Collect$$libinit$$0000001D)
    __rt_lib_init_clock_1                    0x080002d3   Thumb Code     0  libinit2.o(.ARM.Collect$$libinit$$00000023)
    __rt_lib_init_cpp_1                      0x080002d3   Thumb Code     0  libinit2.o(.ARM.Collect$$libinit$$00000034)
    __rt_lib_init_exceptions_1               0x080002d3   Thumb Code     0  libinit2.o(.ARM.Collect$$libinit$$00000032)
    __rt_lib_init_fp_trap_1                  0x080002d3   Thumb Code     0  libinit2.o(.ARM.Collect$$libinit$$00000021)
    __rt_lib_init_getenv_1                   0x080002d3   Thumb Code     0  libinit2.o(.ARM.Collect$$libinit$$00000025)
    __rt_lib_init_heap_1                     0x080002d3   Thumb Code     0  libinit2.o(.ARM.Collect$$libinit$$0000000C)
    __rt_lib_init_lc_collate_1               0x080002d3   Thumb Code     0  libinit2.o(.ARM.Collect$$libinit$$00000013)
    __rt_lib_init_lc_ctype_1                 0x080002d3   Thumb Code     0  libinit2.o(.ARM.Collect$$libinit$$00000015)
    __rt_lib_init_lc_monetary_1              0x080002d3   Thumb Code     0  libinit2.o(.ARM.Collect$$libinit$$00000017)
    __rt_lib_init_lc_numeric_1               0x080002d3   Thumb Code     0  libinit2.o(.ARM.Collect$$libinit$$00000019)
    __rt_lib_init_lc_time_1                  0x080002d3   Thumb Code     0  libinit2.o(.ARM.Collect$$libinit$$0000001B)
    __rt_lib_init_preinit_1                  0x080002d3   Thumb Code     0  libinit2.o(.ARM.Collect$$libinit$$00000006)
    __rt_lib_init_rand_1                     0x080002d3   Thumb Code     0  libinit2.o(.ARM.Collect$$libinit$$00000010)
    __rt_lib_init_relocate_pie_1             0x080002d3   Thumb Code     0  libinit2.o(.ARM.Collect$$libinit$$00000004)
    __rt_lib_init_return                     0x080002d3   Thumb Code     0  libinit2.o(.ARM.Collect$$libinit$$00000035)
    __rt_lib_init_signal_1                   0x080002d3   Thumb Code     0  libinit2.o(.ARM.Collect$$libinit$$0000001F)
    __rt_lib_init_stdio_1                    0x080002d3   Thumb Code     0  libinit2.o(.ARM.Collect$$libinit$$00000027)
    __rt_lib_init_user_alloc_1               0x080002d3   Thumb Code     0  libinit2.o(.ARM.Collect$$libinit$$0000000E)
    __rt_lib_shutdown                        0x080002d5   Thumb Code     0  libshutdown.o(.ARM.Collect$$libshutdown$$00000000)
    __rt_lib_shutdown_cpp_1                  0x080002d7   Thumb Code     0  libshutdown2.o(.ARM.Collect$$libshutdown$$00000002)
    __rt_lib_shutdown_fp_trap_1              0x080002d7   Thumb Code     0  libshutdown2.o(.ARM.Collect$$libshutdown$$00000007)
    __rt_lib_shutdown_heap_1                 0x080002d7   Thumb Code     0  libshutdown2.o(.ARM.Collect$$libshutdown$$0000000F)
    __rt_lib_shutdown_return                 0x080002d7   Thumb Code     0  libshutdown2.o(.ARM.Collect$$libshutdown$$00000010)
    __rt_lib_shutdown_signal_1               0x080002d7   Thumb Code     0  libshutdown2.o(.ARM.Collect$$libshutdown$$0000000A)
    __rt_lib_shutdown_stdio_1                0x080002d7   Thumb Code     0  libshutdown2.o(.ARM.Collect$$libshutdown$$00000004)
    __rt_lib_shutdown_user_alloc_1           0x080002d7   Thumb Code     0  libshutdown2.o(.ARM.Collect$$libshutdown$$0000000C)
    __rt_entry                               0x080002d9   Thumb Code     0  __rtentry.o(.ARM.Collect$$rtentry$$00000000)
    __rt_entry_presh_1                       0x080002d9   Thumb Code     0  __rtentry2.o(.ARM.Collect$$rtentry$$00000002)
    __rt_entry_sh                            0x080002d9   Thumb Code     0  __rtentry4.o(.ARM.Collect$$rtentry$$00000004)
    __rt_entry_li                            0x080002df   Thumb Code     0  __rtentry2.o(.ARM.Collect$$rtentry$$0000000A)
    __rt_entry_postsh_1                      0x080002df   Thumb Code     0  __rtentry2.o(.ARM.Collect$$rtentry$$00000009)
    __rt_entry_main                          0x080002e3   Thumb Code     0  __rtentry2.o(.ARM.Collect$$rtentry$$0000000D)
    __rt_entry_postli_1                      0x080002e3   Thumb Code     0  __rtentry2.o(.ARM.Collect$$rtentry$$0000000C)
    __rt_exit                                0x080002eb   Thumb Code     0  rtexit.o(.ARM.Collect$$rtexit$$00000000)
    __rt_exit_ls                             0x080002ed   Thumb Code     0  rtexit2.o(.ARM.Collect$$rtexit$$00000003)
    __rt_exit_prels_1                        0x080002ed   Thumb Code     0  rtexit2.o(.ARM.Collect$$rtexit$$00000002)
    __rt_exit_exit                           0x080002f1   Thumb Code     0  rtexit2.o(.ARM.Collect$$rtexit$$00000004)
    Reset_Handler                            0x080002f9   Thumb Code     8  startup_stm32h503xx.o(.text)
    NMI_Handler                              0x08000301   Thumb Code     2  startup_stm32h503xx.o(.text)
    HardFault_Handler                        0x08000303   Thumb Code     2  startup_stm32h503xx.o(.text)
    MemManage_Handler                        0x08000305   Thumb Code     2  startup_stm32h503xx.o(.text)
    BusFault_Handler                         0x08000307   Thumb Code     2  startup_stm32h503xx.o(.text)
    UsageFault_Handler                       0x08000309   Thumb Code     2  startup_stm32h503xx.o(.text)
    SecureFault_Handler                      0x0800030b   Thumb Code     2  startup_stm32h503xx.o(.text)
    SVC_Handler                              0x0800030d   Thumb Code     2  startup_stm32h503xx.o(.text)
    DebugMon_Handler                         0x0800030f   Thumb Code     2  startup_stm32h503xx.o(.text)
    PendSV_Handler                           0x08000311   Thumb Code     2  startup_stm32h503xx.o(.text)
    SysTick_Handler                          0x08000313   Thumb Code     2  startup_stm32h503xx.o(.text)
    ADC1_IRQHandler                          0x08000315   Thumb Code     0  startup_stm32h503xx.o(.text)
    COMP1_IRQHandler                         0x08000315   Thumb Code     0  startup_stm32h503xx.o(.text)
    CRS_IRQHandler                           0x08000315   Thumb Code     0  startup_stm32h503xx.o(.text)
    DAC1_IRQHandler                          0x08000315   Thumb Code     0  startup_stm32h503xx.o(.text)
    DTS_IRQHandler                           0x08000315   Thumb Code     0  startup_stm32h503xx.o(.text)
    EXTI0_IRQHandler                         0x08000315   Thumb Code     0  startup_stm32h503xx.o(.text)
    EXTI10_IRQHandler                        0x08000315   Thumb Code     0  startup_stm32h503xx.o(.text)
    EXTI11_IRQHandler                        0x08000315   Thumb Code     0  startup_stm32h503xx.o(.text)
    EXTI12_IRQHandler                        0x08000315   Thumb Code     0  startup_stm32h503xx.o(.text)
    EXTI13_IRQHandler                        0x08000315   Thumb Code     0  startup_stm32h503xx.o(.text)
    EXTI14_IRQHandler                        0x08000315   Thumb Code     0  startup_stm32h503xx.o(.text)
    EXTI15_IRQHandler                        0x08000315   Thumb Code     0  startup_stm32h503xx.o(.text)
    EXTI1_IRQHandler                         0x08000315   Thumb Code     0  startup_stm32h503xx.o(.text)
    EXTI2_IRQHandler                         0x08000315   Thumb Code     0  startup_stm32h503xx.o(.text)
    EXTI3_IRQHandler                         0x08000315   Thumb Code     0  startup_stm32h503xx.o(.text)
    EXTI4_IRQHandler                         0x08000315   Thumb Code     0  startup_stm32h503xx.o(.text)
    EXTI5_IRQHandler                         0x08000315   Thumb Code     0  startup_stm32h503xx.o(.text)
    EXTI6_IRQHandler                         0x08000315   Thumb Code     0  startup_stm32h503xx.o(.text)
    EXTI7_IRQHandler                         0x08000315   Thumb Code     0  startup_stm32h503xx.o(.text)
    EXTI8_IRQHandler                         0x08000315   Thumb Code     0  startup_stm32h503xx.o(.text)
    EXTI9_IRQHandler                         0x08000315   Thumb Code     0  startup_stm32h503xx.o(.text)
    FDCAN1_IT0_IRQHandler                    0x08000315   Thumb Code     0  startup_stm32h503xx.o(.text)
    FDCAN1_IT1_IRQHandler                    0x08000315   Thumb Code     0  startup_stm32h503xx.o(.text)
    FLASH_IRQHandler                         0x08000315   Thumb Code     0  startup_stm32h503xx.o(.text)
    FPU_IRQHandler                           0x08000315   Thumb Code     0  startup_stm32h503xx.o(.text)
    GPDMA1_Channel0_IRQHandler               0x08000315   Thumb Code     0  startup_stm32h503xx.o(.text)
    GPDMA1_Channel1_IRQHandler               0x08000315   Thumb Code     0  startup_stm32h503xx.o(.text)
    GPDMA1_Channel2_IRQHandler               0x08000315   Thumb Code     0  startup_stm32h503xx.o(.text)
    GPDMA1_Channel3_IRQHandler               0x08000315   Thumb Code     0  startup_stm32h503xx.o(.text)
    GPDMA1_Channel4_IRQHandler               0x08000315   Thumb Code     0  startup_stm32h503xx.o(.text)
    GPDMA1_Channel5_IRQHandler               0x08000315   Thumb Code     0  startup_stm32h503xx.o(.text)
    GPDMA1_Channel6_IRQHandler               0x08000315   Thumb Code     0  startup_stm32h503xx.o(.text)
    GPDMA1_Channel7_IRQHandler               0x08000315   Thumb Code     0  startup_stm32h503xx.o(.text)
    GPDMA2_Channel0_IRQHandler               0x08000315   Thumb Code     0  startup_stm32h503xx.o(.text)
    GPDMA2_Channel1_IRQHandler               0x08000315   Thumb Code     0  startup_stm32h503xx.o(.text)
    GPDMA2_Channel2_IRQHandler               0x08000315   Thumb Code     0  startup_stm32h503xx.o(.text)
    GPDMA2_Channel3_IRQHandler               0x08000315   Thumb Code     0  startup_stm32h503xx.o(.text)
    GPDMA2_Channel4_IRQHandler               0x08000315   Thumb Code     0  startup_stm32h503xx.o(.text)
    GPDMA2_Channel5_IRQHandler               0x08000315   Thumb Code     0  startup_stm32h503xx.o(.text)
    GPDMA2_Channel6_IRQHandler               0x08000315   Thumb Code     0  startup_stm32h503xx.o(.text)
    GPDMA2_Channel7_IRQHandler               0x08000315   Thumb Code     0  startup_stm32h503xx.o(.text)
    GTZC_IRQHandler                          0x08000315   Thumb Code     0  startup_stm32h503xx.o(.text)
    HASH_IRQHandler                          0x08000315   Thumb Code     0  startup_stm32h503xx.o(.text)
    I2C1_ER_IRQHandler                       0x08000315   Thumb Code     0  startup_stm32h503xx.o(.text)
    I2C1_EV_IRQHandler                       0x08000315   Thumb Code     0  startup_stm32h503xx.o(.text)
    I2C2_ER_IRQHandler                       0x08000315   Thumb Code     0  startup_stm32h503xx.o(.text)
    I2C2_EV_IRQHandler                       0x08000315   Thumb Code     0  startup_stm32h503xx.o(.text)
    I3C1_ER_IRQHandler                       0x08000315   Thumb Code     0  startup_stm32h503xx.o(.text)
    I3C1_EV_IRQHandler                       0x08000315   Thumb Code     0  startup_stm32h503xx.o(.text)
    I3C2_ER_IRQHandler                       0x08000315   Thumb Code     0  startup_stm32h503xx.o(.text)
    I3C2_EV_IRQHandler                       0x08000315   Thumb Code     0  startup_stm32h503xx.o(.text)
    ICACHE_IRQHandler                        0x08000315   Thumb Code     0  startup_stm32h503xx.o(.text)
    IWDG_IRQHandler                          0x08000315   Thumb Code     0  startup_stm32h503xx.o(.text)
    LPTIM1_IRQHandler                        0x08000315   Thumb Code     0  startup_stm32h503xx.o(.text)
    LPTIM2_IRQHandler                        0x08000315   Thumb Code     0  startup_stm32h503xx.o(.text)
    LPUART1_IRQHandler                       0x08000315   Thumb Code     0  startup_stm32h503xx.o(.text)
    PVD_AVD_IRQHandler                       0x08000315   Thumb Code     0  startup_stm32h503xx.o(.text)
    RAMCFG_IRQHandler                        0x08000315   Thumb Code     0  startup_stm32h503xx.o(.text)
    RCC_IRQHandler                           0x08000315   Thumb Code     0  startup_stm32h503xx.o(.text)
    RNG_IRQHandler                           0x08000315   Thumb Code     0  startup_stm32h503xx.o(.text)
    RTC_IRQHandler                           0x08000315   Thumb Code     0  startup_stm32h503xx.o(.text)
    SPI1_IRQHandler                          0x08000315   Thumb Code     0  startup_stm32h503xx.o(.text)
    SPI2_IRQHandler                          0x08000315   Thumb Code     0  startup_stm32h503xx.o(.text)
    SPI3_IRQHandler                          0x08000315   Thumb Code     0  startup_stm32h503xx.o(.text)
    TAMP_IRQHandler                          0x08000315   Thumb Code     0  startup_stm32h503xx.o(.text)
    TIM1_BRK_IRQHandler                      0x08000315   Thumb Code     0  startup_stm32h503xx.o(.text)
    TIM1_CC_IRQHandler                       0x08000315   Thumb Code     0  startup_stm32h503xx.o(.text)
    TIM1_TRG_COM_IRQHandler                  0x08000315   Thumb Code     0  startup_stm32h503xx.o(.text)
    TIM1_UP_IRQHandler                       0x08000315   Thumb Code     0  startup_stm32h503xx.o(.text)
    TIM2_IRQHandler                          0x08000315   Thumb Code     0  startup_stm32h503xx.o(.text)
    TIM3_IRQHandler                          0x08000315   Thumb Code     0  startup_stm32h503xx.o(.text)
    TIM6_IRQHandler                          0x08000315   Thumb Code     0  startup_stm32h503xx.o(.text)
    TIM7_IRQHandler                          0x08000315   Thumb Code     0  startup_stm32h503xx.o(.text)
    USART1_IRQHandler                        0x08000315   Thumb Code     0  startup_stm32h503xx.o(.text)
    USART2_IRQHandler                        0x08000315   Thumb Code     0  startup_stm32h503xx.o(.text)
    USART3_IRQHandler                        0x08000315   Thumb Code     0  startup_stm32h503xx.o(.text)
    USB_DRD_FS_IRQHandler                    0x08000315   Thumb Code     0  startup_stm32h503xx.o(.text)
    WWDG_IRQHandler                          0x08000315   Thumb Code     0  startup_stm32h503xx.o(.text)
    __user_initial_stackheap                 0x08000319   Thumb Code    10  startup_stm32h503xx.o(.text)
    __use_two_region_memory                  0x0800033d   Thumb Code     2  heapauxi.o(.text)
    __rt_heap_escrow$2region                 0x0800033f   Thumb Code     2  heapauxi.o(.text)
    __rt_heap_expand$2region                 0x08000341   Thumb Code     2  heapauxi.o(.text)
    __user_setup_stackheap                   0x08000343   Thumb Code    74  sys_stackheap_outer.o(.text)
    exit                                     0x0800038d   Thumb Code    18  exit.o(.text)
    __user_libspace                          0x080003a1   Thumb Code     8  libspace.o(.text)
    __user_perproc_libspace                  0x080003a1   Thumb Code     0  libspace.o(.text)
    __user_perthread_libspace                0x080003a1   Thumb Code     0  libspace.o(.text)
    _sys_exit                                0x080003a9   Thumb Code     8  sys_exit.o(.text)
    __I$use$semihosting                      0x080003b5   Thumb Code     0  use_no_semi.o(.text)
    __use_no_semihosting_swi                 0x080003b5   Thumb Code     2  use_no_semi.o(.text)
    __semihosting_library_function           0x080003b7   Thumb Code     0  indicate_semi.o(.text)
    App_Image_Chksum_calculation             0x080003b9   Thumb Code    54  validate_file.o(.text.App_Image_Chksum_calculation)
    ChkNVMApplication                        0x080003f1   Thumb Code   156  nvm_driver.o(.text.ChkNVMApplication)
    Chk_NVMTotal_Block                       0x0800048d   Thumb Code    68  nvm_driver.o(.text.Chk_NVMTotal_Block)
    FLASH_ErrorChk                           0x080004d1   Thumb Code   114  flash_main.o(.text.FLASH_ErrorChk)
    FLASH_Lock                               0x08000545   Thumb Code    28  flash_main.o(.text.FLASH_Lock)
    FLASH_Read                               0x08000561   Thumb Code    12  flash_main.o(.text.FLASH_Read)
    FLASH_SecErase                           0x0800056d   Thumb Code   168  flash_main.o(.text.FLASH_SecErase)
    FLASH_Unlock                             0x08000615   Thumb Code    66  flash_main.o(.text.FLASH_Unlock)
    FLASH_Write                              0x08000659   Thumb Code    40  flash_main.o(.text.FLASH_Write)
    Flash_SingleSec_Erase                    0x08000681   Thumb Code    66  flash_main.o(.text.Flash_SingleSec_Erase)
    Init                                     0x080006c5   Thumb Code    20  main.o(.text.Init)
    IsBoot_valid                             0x080006d9   Thumb Code    58  validate_file.o(.text.IsBoot_valid)
    Jump_APP_1                               0x08000715   Thumb Code    90  jump_boot_app.o(.text.Jump_APP_1)
    Jump_APP_2                               0x08000771   Thumb Code    92  jump_boot_app.o(.text.Jump_APP_2)
    Jump_BOOTLOADER                          0x080007cd   Thumb Code    84  jump_boot_app.o(.text.Jump_BOOTLOADER)
    NVM_AddUpdate                            0x08000821   Thumb Code   236  nvm_driver.o(.text.NVM_AddUpdate)
    NVM_Block_Read_FUN                       0x0800090d   Thumb Code   194  nvm_driver.o(.text.NVM_Block_Read_FUN)
    NVM_Block_Write                          0x080009d1   Thumb Code    62  nvm_driver.o(.text.NVM_Block_Write)
    NVM_Init                                 0x08000a11   Thumb Code     8  nvm_driver.o(.text.NVM_Init)
    NVM_Multi_Word_write                     0x08000a19   Thumb Code    88  nvm_driver.o(.text.NVM_Multi_Word_write)
    NVM_ReOrg                                0x08000a71   Thumb Code   102  nvm_driver.o(.text.NVM_ReOrg)
    NVM_Scan_Block                           0x08000ad9   Thumb Code    34  nvm_driver.o(.text.NVM_Scan_Block)
    NVM_VersionUpdate                        0x08000afd   Thumb Code    72  nvm_driver.o(.text.NVM_VersionUpdate)
    PWREx_EnableBkupRAM_REG                  0x08000b45   Thumb Code    18  backup_ram.o(.text.PWREx_EnableBkupRAM_REG)
    PWR_DisableBkUpAccess                    0x08000b59   Thumb Code    18  backup_ram.o(.text.PWR_DisableBkUpAccess)
    PWR_EnableBkUpAccess                     0x08000b6d   Thumb Code    18  backup_ram.o(.text.PWR_EnableBkUpAccess)
    RCC_DeInit                               0x08000b81   Thumb Code   436  jump_boot_app.o(.text.RCC_DeInit)
    Read_Apps_Header                         0x08000d35   Thumb Code   172  validate_file.o(.text.Read_Apps_Header)
    S_DeInit                                 0x08000de1   Thumb Code   214  jump_boot_app.o(.text.S_DeInit)
    SystemInit                               0x08000eb9   Thumb Code   278  system_stm32h5xx.o(.text.SystemInit)
    Update_Nvm_Block                         0x08000fd1   Thumb Code   140  nvm_driver.o(.text.Update_Nvm_Block)
    VerifyFlashErase                         0x0800105d   Thumb Code    64  flash_main.o(.text.VerifyFlashErase)
    bkSRAM_Init                              0x0800109d   Thumb Code    56  backup_ram.o(.text.bkSRAM_Init)
    bkSRAM_ReadVariable                      0x080010d5   Thumb Code    52  backup_ram.o(.text.bkSRAM_ReadVariable)
    bkSRAM_WriteVariable                     0x08001109   Thumb Code    50  backup_ram.o(.text.bkSRAM_WriteVariable)
    disable_interrupt                        0x0800113d   Thumb Code   110  jump_boot_app.o(.text.disable_interrupt)
    main                                     0x080011ad   Thumb Code   648  main.o(.text.main)
    _fp_init                                 0x08001435   Thumb Code    26  fpinit.o(x$fpl$fpinit)
    __fplib_config_fpu_vfp                   0x0800144d   Thumb Code     0  fpinit.o(x$fpl$fpinit)
    __fplib_config_pureend_doubles           0x0800144d   Thumb Code     0  fpinit.o(x$fpl$fpinit)
    Region$$Table$$Base                      0x08001450   Number         0  anon$$obj.o(Region$$Table)
    Region$$Table$$Limit                     0x08001470   Number         0  anon$$obj.o(Region$$Table)
    Ck_Hdr                                   0x20000000   Data          72  validate_file.o(.data.Ck_Hdr)
    Last_NVMBlock_Add                        0x20000048   Data           4  nvm_driver.o(.data.Last_NVMBlock_Add)
    NVM_Block                                0x2000004c   Data          44  nvm_driver.o(.data.NVM_Block)
    SystemCoreClock                          0x20000078   Data           4  system_stm32h5xx.o(.data.SystemCoreClock)
    __libspace_start                         0x20000080   Data          96  libspace.o(.bss)
    FindNVMApplicationAdd                    0x200000e0   Data           4  nvm_driver.o(.bss.FindNVMApplicationAdd)
    __temporary_stack_top$libspace           0x200000e0   Data           0  libspace.o(.bss)
    JUMP_TO_APP_1                            0x200000e4   Data           4  jump_boot_app.o(.bss.JUMP_TO_APP_1)
    JUMP_TO_APP_2                            0x200000e8   Data           4  jump_boot_app.o(.bss.JUMP_TO_APP_2)
    JUMP_TO_BOOT                             0x200000ec   Data           4  jump_boot_app.o(.bss.JUMP_TO_BOOT)
    NVM_Sec2_EraseVerify_Flg                 0x200000f0   Data           1  nvm_driver.o(.bss.NVM_Sec2_EraseVerify_Flg)



==============================================================================

Memory Map of the image

  Image Entry point : 0x08000259

  Load Region LR_IROM1 (Base: 0x08000000, Size: 0x000014f0, Max: 0x00002000, ABSOLUTE)

    Execution Region ER_IROM1 (Exec base: 0x08000000, Load base: 0x08000000, Size: 0x00001470, Max: 0x00002000, ABSOLUTE)

    Exec Addr    Load Addr    Size         Type   Attr      Idx    E Section Name        Object

    0x08000000   0x08000000   0x00000258   Data   RO          179    RESET               startup_stm32h503xx.o
    0x08000258   0x08000258   0x00000008   Code   RO          204  * !!!main             c_w.l(__main.o)
    0x08000260   0x08000260   0x00000034   Code   RO          369    !!!scatter          c_w.l(__scatter.o)
    0x08000294   0x08000294   0x0000001a   Code   RO          371    !!handler_copy      c_w.l(__scatter_copy.o)
    0x080002ae   0x080002ae   0x00000002   PAD
    0x080002b0   0x080002b0   0x0000001c   Code   RO          373    !!handler_zi        c_w.l(__scatter_zi.o)
    0x080002cc   0x080002cc   0x00000002   Code   RO          231    .ARM.Collect$$libinit$$00000000  c_w.l(libinit.o)
    0x080002ce   0x080002ce   0x00000004   Code   RO          237    .ARM.Collect$$libinit$$00000001  c_w.l(libinit2.o)
    0x080002d2   0x080002d2   0x00000000   Code   RO          240    .ARM.Collect$$libinit$$00000004  c_w.l(libinit2.o)
    0x080002d2   0x080002d2   0x00000000   Code   RO          242    .ARM.Collect$$libinit$$00000006  c_w.l(libinit2.o)
    0x080002d2   0x080002d2   0x00000000   Code   RO          245    .ARM.Collect$$libinit$$0000000C  c_w.l(libinit2.o)
    0x080002d2   0x080002d2   0x00000000   Code   RO          247    .ARM.Collect$$libinit$$0000000E  c_w.l(libinit2.o)
    0x080002d2   0x080002d2   0x00000000   Code   RO          249    .ARM.Collect$$libinit$$00000010  c_w.l(libinit2.o)
    0x080002d2   0x080002d2   0x00000000   Code   RO          252    .ARM.Collect$$libinit$$00000013  c_w.l(libinit2.o)
    0x080002d2   0x080002d2   0x00000000   Code   RO          254    .ARM.Collect$$libinit$$00000015  c_w.l(libinit2.o)
    0x080002d2   0x080002d2   0x00000000   Code   RO          256    .ARM.Collect$$libinit$$00000017  c_w.l(libinit2.o)
    0x080002d2   0x080002d2   0x00000000   Code   RO          258    .ARM.Collect$$libinit$$00000019  c_w.l(libinit2.o)
    0x080002d2   0x080002d2   0x00000000   Code   RO          260    .ARM.Collect$$libinit$$0000001B  c_w.l(libinit2.o)
    0x080002d2   0x080002d2   0x00000000   Code   RO          262    .ARM.Collect$$libinit$$0000001D  c_w.l(libinit2.o)
    0x080002d2   0x080002d2   0x00000000   Code   RO          264    .ARM.Collect$$libinit$$0000001F  c_w.l(libinit2.o)
    0x080002d2   0x080002d2   0x00000000   Code   RO          266    .ARM.Collect$$libinit$$00000021  c_w.l(libinit2.o)
    0x080002d2   0x080002d2   0x00000000   Code   RO          268    .ARM.Collect$$libinit$$00000023  c_w.l(libinit2.o)
    0x080002d2   0x080002d2   0x00000000   Code   RO          270    .ARM.Collect$$libinit$$00000025  c_w.l(libinit2.o)
    0x080002d2   0x080002d2   0x00000000   Code   RO          272    .ARM.Collect$$libinit$$00000027  c_w.l(libinit2.o)
    0x080002d2   0x080002d2   0x00000000   Code   RO          276    .ARM.Collect$$libinit$$0000002E  c_w.l(libinit2.o)
    0x080002d2   0x080002d2   0x00000000   Code   RO          278    .ARM.Collect$$libinit$$00000030  c_w.l(libinit2.o)
    0x080002d2   0x080002d2   0x00000000   Code   RO          280    .ARM.Collect$$libinit$$00000032  c_w.l(libinit2.o)
    0x080002d2   0x080002d2   0x00000000   Code   RO          282    .ARM.Collect$$libinit$$00000034  c_w.l(libinit2.o)
    0x080002d2   0x080002d2   0x00000002   Code   RO          283    .ARM.Collect$$libinit$$00000035  c_w.l(libinit2.o)
    0x080002d4   0x080002d4   0x00000002   Code   RO          305    .ARM.Collect$$libshutdown$$00000000  c_w.l(libshutdown.o)
    0x080002d6   0x080002d6   0x00000000   Code   RO          320    .ARM.Collect$$libshutdown$$00000002  c_w.l(libshutdown2.o)
    0x080002d6   0x080002d6   0x00000000   Code   RO          322    .ARM.Collect$$libshutdown$$00000004  c_w.l(libshutdown2.o)
    0x080002d6   0x080002d6   0x00000000   Code   RO          325    .ARM.Collect$$libshutdown$$00000007  c_w.l(libshutdown2.o)
    0x080002d6   0x080002d6   0x00000000   Code   RO          328    .ARM.Collect$$libshutdown$$0000000A  c_w.l(libshutdown2.o)
    0x080002d6   0x080002d6   0x00000000   Code   RO          330    .ARM.Collect$$libshutdown$$0000000C  c_w.l(libshutdown2.o)
    0x080002d6   0x080002d6   0x00000000   Code   RO          333    .ARM.Collect$$libshutdown$$0000000F  c_w.l(libshutdown2.o)
    0x080002d6   0x080002d6   0x00000002   Code   RO          334    .ARM.Collect$$libshutdown$$00000010  c_w.l(libshutdown2.o)
    0x080002d8   0x080002d8   0x00000000   Code   RO          206    .ARM.Collect$$rtentry$$00000000  c_w.l(__rtentry.o)
    0x080002d8   0x080002d8   0x00000000   Code   RO          208    .ARM.Collect$$rtentry$$00000002  c_w.l(__rtentry2.o)
    0x080002d8   0x080002d8   0x00000006   Code   RO          220    .ARM.Collect$$rtentry$$00000004  c_w.l(__rtentry4.o)
    0x080002de   0x080002de   0x00000000   Code   RO          210    .ARM.Collect$$rtentry$$00000009  c_w.l(__rtentry2.o)
    0x080002de   0x080002de   0x00000004   Code   RO          211    .ARM.Collect$$rtentry$$0000000A  c_w.l(__rtentry2.o)
    0x080002e2   0x080002e2   0x00000000   Code   RO          213    .ARM.Collect$$rtentry$$0000000C  c_w.l(__rtentry2.o)
    0x080002e2   0x080002e2   0x00000008   Code   RO          214    .ARM.Collect$$rtentry$$0000000D  c_w.l(__rtentry2.o)
    0x080002ea   0x080002ea   0x00000002   Code   RO          235    .ARM.Collect$$rtexit$$00000000  c_w.l(rtexit.o)
    0x080002ec   0x080002ec   0x00000000   Code   RO          285    .ARM.Collect$$rtexit$$00000002  c_w.l(rtexit2.o)
    0x080002ec   0x080002ec   0x00000004   Code   RO          286    .ARM.Collect$$rtexit$$00000003  c_w.l(rtexit2.o)
    0x080002f0   0x080002f0   0x00000006   Code   RO          287    .ARM.Collect$$rtexit$$00000004  c_w.l(rtexit2.o)
    0x080002f6   0x080002f6   0x00000002   PAD
    0x080002f8   0x080002f8   0x00000044   Code   RO          180    .text               startup_stm32h503xx.o
    0x0800033c   0x0800033c   0x00000006   Code   RO          202    .text               c_w.l(heapauxi.o)
    0x08000342   0x08000342   0x0000004a   Code   RO          222    .text               c_w.l(sys_stackheap_outer.o)
    0x0800038c   0x0800038c   0x00000012   Code   RO          224    .text               c_w.l(exit.o)
    0x0800039e   0x0800039e   0x00000002   PAD
    0x080003a0   0x080003a0   0x00000008   Code   RO          232    .text               c_w.l(libspace.o)
    0x080003a8   0x080003a8   0x0000000c   Code   RO          295    .text               c_w.l(sys_exit.o)
    0x080003b4   0x080003b4   0x00000002   Code   RO          310    .text               c_w.l(use_no_semi.o)
    0x080003b6   0x080003b6   0x00000000   Code   RO          312    .text               c_w.l(indicate_semi.o)
    0x080003b6   0x080003b6   0x00000002   PAD
    0x080003b8   0x080003b8   0x00000036   Code   RO          113    .text.App_Image_Chksum_calculation  validate_file.o
    0x080003ee   0x080003ee   0x00000002   PAD
    0x080003f0   0x080003f0   0x0000009c   Code   RO          145    .text.ChkNVMApplication  nvm_driver.o
    0x0800048c   0x0800048c   0x00000044   Code   RO          131    .text.Chk_NVMTotal_Block  nvm_driver.o
    0x080004d0   0x080004d0   0x00000072   Code   RO           70    .text.FLASH_ErrorChk  flash_main.o
    0x08000542   0x08000542   0x00000002   PAD
    0x08000544   0x08000544   0x0000001c   Code   RO           62    .text.FLASH_Lock    flash_main.o
    0x08000560   0x08000560   0x0000000c   Code   RO           64    .text.FLASH_Read    flash_main.o
    0x0800056c   0x0800056c   0x000000a8   Code   RO           72    .text.FLASH_SecErase  flash_main.o
    0x08000614   0x08000614   0x00000042   Code   RO           60    .text.FLASH_Unlock  flash_main.o
    0x08000656   0x08000656   0x00000002   PAD
    0x08000658   0x08000658   0x00000028   Code   RO           66    .text.FLASH_Write   flash_main.o
    0x08000680   0x08000680   0x00000042   Code   RO           74    .text.Flash_SingleSec_Erase  flash_main.o
    0x080006c2   0x080006c2   0x00000002   PAD
    0x080006c4   0x080006c4   0x00000014   Code   RO            4    .text.Init          main.o
    0x080006d8   0x080006d8   0x0000003a   Code   RO          111    .text.IsBoot_valid  validate_file.o
    0x08000712   0x08000712   0x00000002   PAD
    0x08000714   0x08000714   0x0000005a   Code   RO           95    .text.Jump_APP_1    jump_boot_app.o
    0x0800076e   0x0800076e   0x00000002   PAD
    0x08000770   0x08000770   0x0000005c   Code   RO           97    .text.Jump_APP_2    jump_boot_app.o
    0x080007cc   0x080007cc   0x00000054   Code   RO           89    .text.Jump_BOOTLOADER  jump_boot_app.o
    0x08000820   0x08000820   0x000000ec   Code   RO          139    .text.NVM_AddUpdate  nvm_driver.o
    0x0800090c   0x0800090c   0x000000c2   Code   RO          129    .text.NVM_Block_Read_FUN  nvm_driver.o
    0x080009ce   0x080009ce   0x00000002   PAD
    0x080009d0   0x080009d0   0x0000003e   Code   RO          133    .text.NVM_Block_Write  nvm_driver.o
    0x08000a0e   0x08000a0e   0x00000002   PAD
    0x08000a10   0x08000a10   0x00000008   Code   RO          125    .text.NVM_Init      nvm_driver.o
    0x08000a18   0x08000a18   0x00000058   Code   RO          135    .text.NVM_Multi_Word_write  nvm_driver.o
    0x08000a70   0x08000a70   0x00000066   Code   RO          141    .text.NVM_ReOrg     nvm_driver.o
    0x08000ad6   0x08000ad6   0x00000002   PAD
    0x08000ad8   0x08000ad8   0x00000022   Code   RO          127    .text.NVM_Scan_Block  nvm_driver.o
    0x08000afa   0x08000afa   0x00000002   PAD
    0x08000afc   0x08000afc   0x00000048   Code   RO          143    .text.NVM_VersionUpdate  nvm_driver.o
    0x08000b44   0x08000b44   0x00000012   Code   RO           22    .text.PWREx_EnableBkupRAM_REG  backup_ram.o
    0x08000b56   0x08000b56   0x00000002   PAD
    0x08000b58   0x08000b58   0x00000012   Code   RO           20    .text.PWR_DisableBkUpAccess  backup_ram.o
    0x08000b6a   0x08000b6a   0x00000002   PAD
    0x08000b6c   0x08000b6c   0x00000012   Code   RO           18    .text.PWR_EnableBkUpAccess  backup_ram.o
    0x08000b7e   0x08000b7e   0x00000002   PAD
    0x08000b80   0x08000b80   0x000001b4   Code   RO           91    .text.RCC_DeInit    jump_boot_app.o
    0x08000d34   0x08000d34   0x000000ac   Code   RO          115    .text.Read_Apps_Header  validate_file.o
    0x08000de0   0x08000de0   0x000000d6   Code   RO           93    .text.S_DeInit      jump_boot_app.o
    0x08000eb6   0x08000eb6   0x00000002   PAD
    0x08000eb8   0x08000eb8   0x00000116   Code   RO          187    .text.SystemInit    system_stm32h5xx.o
    0x08000fce   0x08000fce   0x00000002   PAD
    0x08000fd0   0x08000fd0   0x0000008c   Code   RO          137    .text.Update_Nvm_Block  nvm_driver.o
    0x0800105c   0x0800105c   0x00000040   Code   RO           80    .text.VerifyFlashErase  flash_main.o
    0x0800109c   0x0800109c   0x00000038   Code   RO           28    .text.bkSRAM_Init   backup_ram.o
    0x080010d4   0x080010d4   0x00000034   Code   RO           24    .text.bkSRAM_ReadVariable  backup_ram.o
    0x08001108   0x08001108   0x00000032   Code   RO           26    .text.bkSRAM_WriteVariable  backup_ram.o
    0x0800113a   0x0800113a   0x00000002   PAD
    0x0800113c   0x0800113c   0x0000006e   Code   RO           99    .text.disable_interrupt  jump_boot_app.o
    0x080011aa   0x080011aa   0x00000002   PAD
    0x080011ac   0x080011ac   0x00000288   Code   RO            2    .text.main          main.o
    0x08001434   0x08001434   0x0000001a   Code   RO          293    x$fpl$fpinit        fz_wm.l(fpinit.o)
    0x0800144e   0x0800144e   0x00000002   PAD
    0x08001450   0x08001450   0x00000020   Data   RO          368    Region$$Table       anon$$obj.o


    Execution Region RW_IRAM1 (Exec base: 0x20000000, Load base: 0x08001470, Size: 0x000006f8, Max: 0x00004000, ABSOLUTE)

    Exec Addr    Load Addr    Size         Type   Attr      Idx    E Section Name        Object

    0x20000000   0x08001470   0x00000048   Data   RW          117    .data.Ck_Hdr        validate_file.o
    0x20000048   0x080014b8   0x00000004   Data   RW          148    .data.Last_NVMBlock_Add  nvm_driver.o
    0x2000004c   0x080014bc   0x0000002c   Data   RW          149    .data.NVM_Block     nvm_driver.o
    0x20000078   0x080014e8   0x00000004   Data   RW          191    .data.SystemCoreClock  system_stm32h5xx.o
    0x2000007c   0x080014ec   0x00000004   PAD
    0x20000080        -       0x00000060   Zero   RW          233    .bss                c_w.l(libspace.o)
    0x200000e0        -       0x00000004   Zero   RW          150    .bss.FindNVMApplicationAdd  nvm_driver.o
    0x200000e4        -       0x00000004   Zero   RW          102    .bss.JUMP_TO_APP_1  jump_boot_app.o
    0x200000e8        -       0x00000004   Zero   RW          103    .bss.JUMP_TO_APP_2  jump_boot_app.o
    0x200000ec        -       0x00000004   Zero   RW          101    .bss.JUMP_TO_BOOT   jump_boot_app.o
    0x200000f0        -       0x00000001   Zero   RW          147    .bss.NVM_Sec2_EraseVerify_Flg  nvm_driver.o
    0x200000f1   0x080014ec   0x00000003   PAD
    0x200000f4        -       0x00000004   Zero   RW            8    .bss.jumping_var    main.o
    0x200000f8        -       0x00000200   Zero   RW          178    HEAP                startup_stm32h503xx.o
    0x200002f8        -       0x00000400   Zero   RW          177    STACK               startup_stm32h503xx.o


==============================================================================

Image component sizes


      Code (inc. data)   RO Data    RW Data    ZI Data      Debug   Object Name

       212          0          0          0          0       3279   backup_ram.o
       558          0          0          0          0       5056   flash_main.o
      1026          0          0          0         12       6971   jump_boot_app.o
       668          0          0          0          4       4641   main.o
      1160          0          0         48          5       3951   nvm_driver.o
        68         28        600          0       1536       1044   startup_stm32h503xx.o
       278          0          0          4          0       5432   system_stm32h5xx.o
       284          0          0         72          0       1737   validate_file.o

    ----------------------------------------------------------------------
      4288         28        632        124       1564      32111   Object Totals
         0          0         32          0          0          0   (incl. Generated)
        34          0          0          0          7          0   (incl. Padding)

    ----------------------------------------------------------------------

      Code (inc. data)   RO Data    RW Data    ZI Data      Debug   Library Member Name

         8          0          0          0          0         68   __main.o
         0          0          0          0          0          0   __rtentry.o
        12          0          0          0          0          0   __rtentry2.o
         6          0          0          0          0          0   __rtentry4.o
        52          8          0          0          0          0   __scatter.o
        26          0          0          0          0          0   __scatter_copy.o
        28          0          0          0          0          0   __scatter_zi.o
        18          0          0          0          0         80   exit.o
         6          0          0          0          0        152   heapauxi.o
         0          0          0          0          0          0   indicate_semi.o
         2          0          0          0          0          0   libinit.o
         6          0          0          0          0          0   libinit2.o
         2          0          0          0          0          0   libshutdown.o
         2          0          0          0          0          0   libshutdown2.o
         8          4          0          0         96         68   libspace.o
         2          0          0          0          0          0   rtexit.o
        10          0          0          0          0          0   rtexit2.o
        12          4          0          0          0         68   sys_exit.o
        74          0          0          0          0         80   sys_stackheap_outer.o
         2          0          0          0          0         68   use_no_semi.o
        26          0          0          0          0        116   fpinit.o

    ----------------------------------------------------------------------
       312         16          0          0         96        700   Library Totals
        10          0          0          0          0          0   (incl. Padding)

    ----------------------------------------------------------------------

      Code (inc. data)   RO Data    RW Data    ZI Data      Debug   Library Name

       276         16          0          0         96        584   c_w.l
        26          0          0          0          0        116   fz_wm.l

    ----------------------------------------------------------------------
       312         16          0          0         96        700   Library Totals

    ----------------------------------------------------------------------

==============================================================================


      Code (inc. data)   RO Data    RW Data    ZI Data      Debug   

      4600         44        632        124       1660      32535   Grand Totals
      4600         44        632        124       1660      32535   ELF Image Totals
      4600         44        632        124          0          0   ROM Totals

==============================================================================

    Total RO  Size (Code + RO Data)                 5232 (   5.11kB)
    Total RW  Size (RW Data + ZI Data)              1784 (   1.74kB)
    Total ROM Size (Code + RO Data + RW Data)       5356 (   5.23kB)

==============================================================================

