Component: Arm Compiler for Embedded 6.18 Tool: armlink [5e4cc100]

==============================================================================

Section Cross References

    main.o(.text.main) refers to main.o(.text.Init) for Init
    main.o(.text.main) refers to validate_file.o(.data.Ck_Hdr) for Ck_Hdr
    main.o(.text.main) refers to nvm.o(.bss.NVM_last_block) for NVM_last_block
    main.o(.text.main) refers to main.o(.bss.jumping_var) for jumping_var
    main.o(.text.main) refers to backup_ram.o(.text.bkSRAM_ReadVariable) for bkSRAM_ReadVariable
    main.o(.text.main) refers to validate_file.o(.text.App_Image_Chksum_calculation) for App_Image_Chksum_calculation
    main.o(.text.main) refers to backup_ram.o(.text.bkSRAM_WriteVariable) for bkSRAM_WriteVariable
    main.o(.text.main) refers to jump_boot_app.o(.text.Jump_APP_1) for Jump_APP_1
    main.o(.text.main) refers to jump_boot_app.o(.text.Jump_APP_2) for Jump_APP_2
    main.o(.text.main) refers to validate_file.o(.text.IsBoot_valid) for IsBoot_valid
    main.o(.text.main) refers to jump_boot_app.o(.text.Jump_BOOTLOADER) for Jump_BOOTLOADER
    main.o(.text.main) refers to nvm_driver.o(.text.Update_Nvm_Block) for Update_Nvm_Block
    main.o(.ARM.exidx.text.main) refers to main.o(.text.main) for [Anonymous Symbol]
    main.o(.text.Init) refers to backup_ram.o(.text.bkSRAM_Init) for bkSRAM_Init
    main.o(.text.Init) refers to nvm_driver.o(.text.Chk_NVMTotal_Block) for Chk_NVMTotal_Block
    main.o(.text.Init) refers to main.o(.bss.val) for val
    main.o(.text.Init) refers to nvs_driver.o(.text.NVS_Init) for NVS_Init
    main.o(.text.Init) refers to nvm_driver.o(.text.NVM_Init) for NVM_Init
    main.o(.text.Init) refers to validate_file.o(.text.Read_Apps_Header) for Read_Apps_Header
    main.o(.ARM.exidx.text.Init) refers to main.o(.text.Init) for [Anonymous Symbol]
    main.o(.text.Gpio_init) refers to stm32h5xx_hal_gpio.o(.text.HAL_GPIO_WritePin) for HAL_GPIO_WritePin
    main.o(.text.Gpio_init) refers to stm32h5xx_hal_gpio.o(.text.HAL_GPIO_Init) for HAL_GPIO_Init
    main.o(.ARM.exidx.text.Gpio_init) refers to main.o(.text.Gpio_init) for [Anonymous Symbol]
    backup_ram.o(.ARM.exidx.text.PWR_EnableBkUpAccess) refers to backup_ram.o(.text.PWR_EnableBkUpAccess) for [Anonymous Symbol]
    backup_ram.o(.ARM.exidx.text.PWR_DisableBkUpAccess) refers to backup_ram.o(.text.PWR_DisableBkUpAccess) for [Anonymous Symbol]
    backup_ram.o(.ARM.exidx.text.PWREx_EnableBkupRAM_REG) refers to backup_ram.o(.text.PWREx_EnableBkupRAM_REG) for [Anonymous Symbol]
    backup_ram.o(.text.bkSRAM_ReadVariable) refers to backup_ram.o(.text.PWR_EnableBkUpAccess) for PWR_EnableBkUpAccess
    backup_ram.o(.text.bkSRAM_ReadVariable) refers to backup_ram.o(.text.PWR_DisableBkUpAccess) for PWR_DisableBkUpAccess
    backup_ram.o(.ARM.exidx.text.bkSRAM_ReadVariable) refers to backup_ram.o(.text.bkSRAM_ReadVariable) for [Anonymous Symbol]
    backup_ram.o(.text.bkSRAM_WriteVariable) refers to backup_ram.o(.text.PWR_EnableBkUpAccess) for PWR_EnableBkUpAccess
    backup_ram.o(.text.bkSRAM_WriteVariable) refers to backup_ram.o(.text.PWR_DisableBkUpAccess) for PWR_DisableBkUpAccess
    backup_ram.o(.ARM.exidx.text.bkSRAM_WriteVariable) refers to backup_ram.o(.text.bkSRAM_WriteVariable) for [Anonymous Symbol]
    backup_ram.o(.text.bkSRAM_Init) refers to flash_main.o(.text.FLASH_Unlock) for FLASH_Unlock
    backup_ram.o(.text.bkSRAM_Init) refers to backup_ram.o(.text.PWR_EnableBkUpAccess) for PWR_EnableBkUpAccess
    backup_ram.o(.text.bkSRAM_Init) refers to backup_ram.o(.text.PWREx_EnableBkupRAM_REG) for PWREx_EnableBkupRAM_REG
    backup_ram.o(.text.bkSRAM_Init) refers to backup_ram.o(.text.PWR_DisableBkUpAccess) for PWR_DisableBkUpAccess
    backup_ram.o(.text.bkSRAM_Init) refers to flash_main.o(.text.FLASH_Lock) for FLASH_Lock
    backup_ram.o(.ARM.exidx.text.bkSRAM_Init) refers to backup_ram.o(.text.bkSRAM_Init) for [Anonymous Symbol]
    stm32h5xx_hal_gpio.o(.ARM.exidx.text.HAL_GPIO_Init) refers to stm32h5xx_hal_gpio.o(.text.HAL_GPIO_Init) for [Anonymous Symbol]
    stm32h5xx_hal_gpio.o(.ARM.exidx.text.HAL_GPIO_DeInit) refers to stm32h5xx_hal_gpio.o(.text.HAL_GPIO_DeInit) for [Anonymous Symbol]
    stm32h5xx_hal_gpio.o(.ARM.exidx.text.HAL_GPIO_ReadPin) refers to stm32h5xx_hal_gpio.o(.text.HAL_GPIO_ReadPin) for [Anonymous Symbol]
    stm32h5xx_hal_gpio.o(.ARM.exidx.text.HAL_GPIO_WritePin) refers to stm32h5xx_hal_gpio.o(.text.HAL_GPIO_WritePin) for [Anonymous Symbol]
    stm32h5xx_hal_gpio.o(.ARM.exidx.text.HAL_GPIO_WriteMultipleStatePin) refers to stm32h5xx_hal_gpio.o(.text.HAL_GPIO_WriteMultipleStatePin) for [Anonymous Symbol]
    stm32h5xx_hal_gpio.o(.ARM.exidx.text.HAL_GPIO_TogglePin) refers to stm32h5xx_hal_gpio.o(.text.HAL_GPIO_TogglePin) for [Anonymous Symbol]
    stm32h5xx_hal_gpio.o(.ARM.exidx.text.HAL_GPIO_LockPin) refers to stm32h5xx_hal_gpio.o(.text.HAL_GPIO_LockPin) for [Anonymous Symbol]
[...]
    flash_main.o(.text.FLASH_Erase_NoofSectors) refers to flash_main.o(.text.FLASH_Unlock) for FLASH_Unlock
    flash_main.o(.text.FLASH_Erase_NoofSectors) refers to flash_main.o(.text.Flash_Error_Check) for Flash_Error_Check
    flash_main.o(.text.FLASH_Erase_NoofSectors) refers to flash_main.o(.text.FLASH_Sector_Erase) for FLASH_Sector_Erase
    flash_main.o(.text.FLASH_Erase_NoofSectors) refers to flash_main.o(.text.FLASH_Lock) for FLASH_Lock
    flash_main.o(.ARM.exidx.text.FLASH_Erase_NoofSectors) refers to flash_main.o(.text.FLASH_Erase_NoofSectors) for [Anonymous Symbol]
    flash_main.o(.ARM.exidx.text.Verify_SingleSec_Erase) refers to flash_main.o(.text.Verify_SingleSec_Erase) for [Anonymous Symbol]
    jump_boot_app.o(.text.Jump_BOOTLOADER) refers to jump_boot_app.o(.bss.JUMP_TO_BOOT) for JUMP_TO_BOOT
    jump_boot_app.o(.text.Jump_BOOTLOADER) refers to jump_boot_app.o(.text.RCC_DeInit) for RCC_DeInit
    jump_boot_app.o(.text.Jump_BOOTLOADER) refers to jump_boot_app.o(.text.S_DeInit) for S_DeInit
    jump_boot_app.o(.ARM.exidx.text.Jump_BOOTLOADER) refers to jump_boot_app.o(.text.Jump_BOOTLOADER) for [Anonymous Symbol]
    jump_boot_app.o(.text.RCC_DeInit) refers to system_stm32h5xx.o(.data.SystemCoreClock) for SystemCoreClock
    jump_boot_app.o(.ARM.exidx.text.RCC_DeInit) refers to jump_boot_app.o(.text.RCC_DeInit) for [Anonymous Symbol]
    jump_boot_app.o(.text.S_DeInit) refers to jump_boot_app.o(.text.disable_interrupt) for disable_interrupt
    jump_boot_app.o(.ARM.exidx.text.S_DeInit) refers to jump_boot_app.o(.text.S_DeInit) for [Anonymous Symbol]
    jump_boot_app.o(.text.Jump_APP_1) refers to validate_file.o(.data.Ck_Hdr) for Ck_Hdr
    jump_boot_app.o(.text.Jump_APP_1) refers to jump_boot_app.o(.bss.JUMP_TO_APP_1) for JUMP_TO_APP_1
    jump_boot_app.o(.text.Jump_APP_1) refers to jump_boot_app.o(.text.RCC_DeInit) for RCC_DeInit
    jump_boot_app.o(.text.Jump_APP_1) refers to jump_boot_app.o(.text.S_DeInit) for S_DeInit
    jump_boot_app.o(.ARM.exidx.text.Jump_APP_1) refers to jump_boot_app.o(.text.Jump_APP_1) for [Anonymous Symbol]
    jump_boot_app.o(.text.Jump_APP_2) refers to validate_file.o(.data.Ck_Hdr) for Ck_Hdr
    jump_boot_app.o(.text.Jump_APP_2) refers to jump_boot_app.o(.bss.JUMP_TO_APP_2) for JUMP_TO_APP_2
    jump_boot_app.o(.text.Jump_APP_2) refers to jump_boot_app.o(.text.RCC_DeInit) for RCC_DeInit
    jump_boot_app.o(.text.Jump_APP_2) refers to jump_boot_app.o(.text.S_DeInit) for S_DeInit
    jump_boot_app.o(.ARM.exidx.text.Jump_APP_2) refers to jump_boot_app.o(.text.Jump_APP_2) for [Anonymous Symbol]
    jump_boot_app.o(.ARM.exidx.text.disable_interrupt) refers to jump_boot_app.o(.text.disable_interrupt) for [Anonymous Symbol]
    validate_file.o(.text.IsApp1_valid) refers to nvs.o(.data.Nvs_Block_data) for Nvs_Block_data
    validate_file.o(.text.IsApp1_valid) refers to validate_file.o(.text.App_Image_Chksum_calculation) for App_Image_Chksum_calculation
    validate_file.o(.ARM.exidx.text.IsApp1_valid) refers to validate_file.o(.text.IsApp1_valid) for [Anonymous Symbol]
    validate_file.o(.text.App_Image_Chksum_calculation) refers to flash_main.o(.text.Flash_Read) for Flash_Read
    validate_file.o(.ARM.exidx.text.App_Image_Chksum_calculation) refers to validate_file.o(.text.App_Image_Chksum_calculation) for [Anonymous Symbol]
    validate_file.o(.text.IsApp2_valid) refers to nvs.o(.data.Nvs_Block_data) for Nvs_Block_data
    validate_file.o(.text.IsApp2_valid) refers to validate_file.o(.text.App_Image_Chksum_calculation) for App_Image_Chksum_calculation
    validate_file.o(.ARM.exidx.text.IsApp2_valid) refers to validate_file.o(.text.IsApp2_valid) for [Anonymous Symbol]
    validate_file.o(.text.IsBoot_valid) refers to nvs.o(.data.Nvs_Block_data) for Nvs_Block_data
    validate_file.o(.text.IsBoot_valid) refers to flash_main.o(.text.Flash_Read) for Flash_Read
    validate_file.o(.text.IsBoot_valid) refers to nvs_driver.o(.text.NVS_data_ChkSum) for NVS_data_ChkSum
    validate_file.o(.ARM.exidx.text.IsBoot_valid) refers to validate_file.o(.text.IsBoot_valid) for [Anonymous Symbol]
    validate_file.o(.text.Read_Apps_Header) refers to validate_file.o(.data.Ck_Hdr) for Ck_Hdr
    validate_file.o(.text.Read_Apps_Header) refers to flash_main.o(.text.Flash_Read) for Flash_Read
    validate_file.o(.ARM.exidx.text.Read_Apps_Header) refers to validate_file.o(.text.Read_Apps_Header) for [Anonymous Symbol]
    nvm_driver.o(.text.NVM_Init) refers to nvm_driver.o(.bss.NVM_Init_Flag) for NVM_Init_Flag
    nvm_driver.o(.text.NVM_Init) refers to nvm_driver.o(.text.NVM_Scan_Block) for NVM_Scan_Block
    nvm_driver.o(.ARM.exidx.text.NVM_Init) refers to nvm_driver.o(.text.NVM_Init) for [Anonymous Symbol]
    nvm_driver.o(.text.NVM_Scan_Block) refers to nvm.o(.data.NVM_Block) for NVM_Block
    nvm_driver.o(.text.NVM_Scan_Block) refers to nvm_driver.o(.bss.IsNVMRead_Allow) for IsNVMRead_Allow
    nvm_driver.o(.text.NVM_Scan_Block) refers to nvm_driver.o(.bss.NVM_Init_Flag) for NVM_Init_Flag
    nvm_driver.o(.text.NVM_Scan_Block) refers to nvm_driver.o(.text.NVM_Block_Read_FUN) for NVM_Block_Read_FUN
    nvm_driver.o(.ARM.exidx.text.NVM_Scan_Block) refers to nvm_driver.o(.text.NVM_Scan_Block) for [Anonymous Symbol]
    nvm_driver.o(.text.NVM_Block_Read_FUN) refers to nvm.o(.bss.NVM_last_block) for NVM_last_block
    nvm_driver.o(.text.NVM_Block_Read_FUN) refers to nvm_driver.o(.bss.Last_NVMBlock_Add) for Last_NVMBlock_Add
    nvm_driver.o(.text.NVM_Block_Read_FUN) refers to nvm_driver.o(.bss.IsNVMRead_Allow) for IsNVMRead_Allow
    nvm_driver.o(.text.NVM_Block_Read_FUN) refers to flash_main.o(.text.Flash_Read) for Flash_Read
    nvm_driver.o(.ARM.exidx.text.NVM_Block_Read_FUN) refers to nvm_driver.o(.text.NVM_Block_Read_FUN) for [Anonymous Symbol]
    nvm_driver.o(.text.IS_Chk_LtBlk_NVMValid) refers to nvm.o(.bss.NVM_last_block) for NVM_last_block
    nvm_driver.o(.text.IS_Chk_LtBlk_NVMValid) refers to nvm_driver.o(.bss.PreLast_NVMBlock_Add) for PreLast_NVMBlock_Add
    nvm_driver.o(.text.IS_Chk_LtBlk_NVMValid) refers to nvm_driver.o(.text.NVM_data_ChkSum) for NVM_data_ChkSum
    nvm_driver.o(.ARM.exidx.text.IS_Chk_LtBlk_NVMValid) refers to nvm_driver.o(.text.IS_Chk_LtBlk_NVMValid) for [Anonymous Symbol]
    nvm_driver.o(.text.NVM_data_ChkSum) refers to nvm_driver.o(.bss.nmblkData_lenth) for nmblkData_lenth
    nvm_driver.o(.text.NVM_data_ChkSum) refers to flash_main.o(.text.Flash_Read) for Flash_Read
    nvm_driver.o(.ARM.exidx.text.NVM_data_ChkSum) refers to nvm_driver.o(.text.NVM_data_ChkSum) for [Anonymous Symbol]
    nvm_driver.o(.text.Chk_NVMTotal_Block) refers to flash_main.o(.text.Flash_Read) for Flash_Read
    nvm_driver.o(.text.Chk_NVMTotal_Block) refers to nvm_driver.o(.bss.Last_NVMBlock_Add) for Last_NVMBlock_Add
    nvm_driver.o(.ARM.exidx.text.Chk_NVMTotal_Block) refers to nvm_driver.o(.text.Chk_NVMTotal_Block) for [Anonymous Symbol]
    nvm_driver.o(.text.NVM_Block_Write) refers to nvm.o(.data.NVM_Block) for NVM_Block
    nvm_driver.o(.text.NVM_Block_Write) refers to nvm_driver.o(.text.IS_Chk_LtBlk_NVMValid) for IS_Chk_LtBlk_NVMValid
    nvm_driver.o(.text.NVM_Block_Write) refers to nvm_driver.o(.bss.Last_NVMBlock_Add) for Last_NVMBlock_Add
    nvm_driver.o(.text.NVM_Block_Write) refers to nvm_driver.o(.text.NVM_Multi_Word_write) for NVM_Multi_Word_write
    nvm_driver.o(.ARM.exidx.text.NVM_Block_Write) refers to nvm_driver.o(.text.NVM_Block_Write) for [Anonymous Symbol]
    nvm_driver.o(.text.NVM_Multi_Word_write) refers to flash_main.o(.text.FLASH_Unlock) for FLASH_Unlock
    nvm_driver.o(.text.NVM_Multi_Word_write) refers to flash_main.o(.text.Flash_Error_Check) for Flash_Error_Check
    nvm_driver.o(.text.NVM_Multi_Word_write) refers to flash_main.o(.text.FLASH_Write) for FLASH_Write
    nvm_driver.o(.text.NVM_Multi_Word_write) refers to flash_main.o(.text.FLASH_Lock) for FLASH_Lock
    nvm_driver.o(.ARM.exidx.text.NVM_Multi_Word_write) refers to nvm_driver.o(.text.NVM_Multi_Word_write) for [Anonymous Symbol]
    nvm_driver.o(.text.Update_Nvm_Block) refers to nvm.o(.data.NVM_Block) for NVM_Block
    nvm_driver.o(.text.Update_Nvm_Block) refers to nvm.o(.bss.NVM_last_block) for NVM_last_block
    nvm_driver.o(.text.Update_Nvm_Block) refers to nvm_driver.o(.bss.Last_NVMBlock_Add) for Last_NVMBlock_Add
    nvm_driver.o(.text.Update_Nvm_Block) refers to nvm_driver.o(.bss.PreLast_NVMBlock_Add) for PreLast_NVMBlock_Add
    nvm_driver.o(.text.Update_Nvm_Block) refers to flash_main.o(.text.Flash_SingleSec_Erase) for Flash_SingleSec_Erase
    nvm_driver.o(.text.Update_Nvm_Block) refers to nvm_driver.o(.bss.NVM_Sec2_EraseVerify_Flg) for NVM_Sec2_EraseVerify_Flg
    nvm_driver.o(.text.Update_Nvm_Block) refers to nvm_driver.o(.text.NVM_Block_Write) for NVM_Block_Write
    nvm_driver.o(.ARM.exidx.text.Update_Nvm_Block) refers to nvm_driver.o(.text.Update_Nvm_Block) for [Anonymous Symbol]
    nvs_driver.o(.text.NVS_Init) refers to nvs_driver.o(.text.NVS_Scan_Block) for NVS_Scan_Block
    nvs_driver.o(.ARM.exidx.text.NVS_Init) refers to nvs_driver.o(.text.NVS_Init) for [Anonymous Symbol]
    nvs_driver.o(.text.NVS_Scan_Block) refers to nvs.o(.data.Nvs_Block_data) for Nvs_Block_data
    nvs_driver.o(.text.NVS_Scan_Block) refers to nvs_driver.o(.bss.IsRead_Allow) for IsRead_Allow
    nvs_driver.o(.text.NVS_Scan_Block) refers to nvs_driver.o(.text.NVS_Block_Read) for NVS_Block_Read
    nvs_driver.o(.ARM.exidx.text.NVS_Scan_Block) refers to nvs_driver.o(.text.NVS_Scan_Block) for [Anonymous Symbol]
    nvs_driver.o(.text.NVS_Block_Read) refers to nvs.o(.data.Nvs_Block_data) for Nvs_Block_data
    nvs_driver.o(.text.NVS_Block_Read) refers to nvs_driver.o(.bss.IsRead_Allow) for IsRead_Allow
    nvs_driver.o(.text.NVS_Block_Read) refers to flash_main.o(.text.Flash_Read) for Flash_Read
    nvs_driver.o(.ARM.exidx.text.NVS_Block_Read) refers to nvs_driver.o(.text.NVS_Block_Read) for [Anonymous Symbol]
    nvs_driver.o(.text.NVS_Block_Data_Read) refers to nvs.o(.data.Nvs_Block_data) for Nvs_Block_data
    nvs_driver.o(.text.NVS_Block_Data_Read) refers to nvs_driver.o(.text.IS_NVS_BlockValid) for IS_NVS_BlockValid
    nvs_driver.o(.ARM.exidx.text.NVS_Block_Data_Read) refers to nvs_driver.o(.text.NVS_Block_Data_Read) for [Anonymous Symbol]
    nvs_driver.o(.text.IS_NVS_BlockValid) refers to nvs.o(.data.Nvs_Block_data) for Nvs_Block_data
    nvs_driver.o(.text.IS_NVS_BlockValid) refers to flash_main.o(.text.Flash_Read) for Flash_Read
    nvs_driver.o(.text.IS_NVS_BlockValid) refers to nvs_driver.o(.text.NVS_data_ChkSum) for NVS_data_ChkSum
    nvs_driver.o(.ARM.exidx.text.IS_NVS_BlockValid) refers to nvs_driver.o(.text.IS_NVS_BlockValid) for [Anonymous Symbol]
    nvs_driver.o(.text.NVS_data_ChkSum) refers to nvs_driver.o(.bss.nvsblkData_lenth) for nvsblkData_lenth
    nvs_driver.o(.text.NVS_data_ChkSum) refers to flash_main.o(.text.Flash_Read) for Flash_Read
    nvs_driver.o(.ARM.exidx.text.NVS_data_ChkSum) refers to nvs_driver.o(.text.NVS_data_ChkSum) for [Anonymous Symbol]
    startup_stm32h503xx.o(STACK) refers (Special) to heapauxi.o(.text) for __use_two_region_memory
    startup_stm32h503xx.o(HEAP) refers (Special) to heapauxi.o(.text) for __use_two_region_memory
    startup_stm32h503xx.o(RESET) refers (Special) to heapauxi.o(.text) for __use_two_region_memory
    startup_stm32h503xx.o(RESET) refers to startup_stm32h503xx.o(STACK) for __initial_sp
    startup_stm32h503xx.o(RESET) refers to startup_stm32h503xx.o(.text) for Reset_Handler
    startup_stm32h503xx.o(.text) refers (Special) to heapauxi.o(.text) for __use_two_region_memory
    startup_stm32h503xx.o(.text) refers to system_stm32h5xx.o(.text.SystemInit) for SystemInit
    startup_stm32h503xx.o(.text) refers to __main.o(!!!main) for __main
    startup_stm32h503xx.o(.text) refers to startup_stm32h503xx.o(HEAP) for Heap_Mem
    startup_stm32h503xx.o(.text) refers to startup_stm32h503xx.o(STACK) for Stack_Mem
    system_stm32h5xx.o(.ARM.exidx.text.SystemInit) refers to system_stm32h5xx.o(.text.SystemInit) for [Anonymous Symbol]
    system_stm32h5xx.o(.text.SystemCoreClockUpdate) refers to system_stm32h5xx.o(.data.SystemCoreClock) for SystemCoreClock
    system_stm32h5xx.o(.text.SystemCoreClockUpdate) refers to system_stm32h5xx.o(.rodata.AHBPrescTable) for AHBPrescTable
    system_stm32h5xx.o(.ARM.exidx.text.SystemCoreClockUpdate) refers to system_stm32h5xx.o(.text.SystemCoreClockUpdate) for [Anonymous Symbol]
    __main.o(!!!main) refers to __rtentry.o(.ARM.Collect$$rtentry$$00000000) for __rt_entry
    __rtentry.o(.ARM.Collect$$rtentry$$00000000) refers (Special) to __rtentry2.o(.ARM.Collect$$rtentry$$0000000A) for __rt_entry_li
    __rtentry.o(.ARM.Collect$$rtentry$$00000000) refers (Special) to __rtentry2.o(.ARM.Collect$$rtentry$$0000000D) for __rt_entry_main
    __rtentry.o(.ARM.Collect$$rtentry$$00000000) refers (Special) to __rtentry2.o(.ARM.Collect$$rtentry$$0000000C) for __rt_entry_postli_1
    __rtentry.o(.ARM.Collect$$rtentry$$00000000) refers (Special) to __rtentry2.o(.ARM.Collect$$rtentry$$00000009) for __rt_entry_postsh_1
    __rtentry.o(.ARM.Collect$$rtentry$$00000000) refers (Special) to __rtentry2.o(.ARM.Collect$$rtentry$$00000002) for __rt_entry_presh_1
    __rtentry.o(.ARM.Collect$$rtentry$$00000000) refers (Special) to __rtentry4.o(.ARM.Collect$$rtentry$$00000004) for __rt_entry_sh
    __rtentry2.o(.ARM.Collect$$rtentry$$00000008) refers to boardinit2.o(.text) for _platform_post_stackheap_init
    __rtentry2.o(.ARM.Collect$$rtentry$$0000000A) refers to libinit.o(.ARM.Collect$$libinit$$00000000) for __rt_lib_init
    __rtentry2.o(.ARM.Collect$$rtentry$$0000000B) refers to boardinit3.o(.text) for _platform_post_lib_init
    __rtentry2.o(.ARM.Collect$$rtentry$$0000000D) refers to main.o(.text.main) for main
    __rtentry2.o(.ARM.Collect$$rtentry$$0000000D) refers to exit.o(.text) for exit
    __rtentry2.o(.ARM.exidx) refers to __rtentry2.o(.ARM.Collect$$rtentry$$00000001) for .ARM.Collect$$rtentry$$00000001
    __rtentry2.o(.ARM.exidx) refers to __rtentry2.o(.ARM.Collect$$rtentry$$00000008) for .ARM.Collect$$rtentry$$00000008
    __rtentry2.o(.ARM.exidx) refers to __rtentry2.o(.ARM.Collect$$rtentry$$0000000A) for .ARM.Collect$$rtentry$$0000000A
    __rtentry2.o(.ARM.exidx) refers to __rtentry2.o(.ARM.Collect$$rtentry$$0000000B) for .ARM.Collect$$rtentry$$0000000B
    __rtentry2.o(.ARM.exidx) refers to __rtentry2.o(.ARM.Collect$$rtentry$$0000000D) for .ARM.Collect$$rtentry$$0000000D
    __rtentry4.o(.ARM.Collect$$rtentry$$00000004) refers to sys_stackheap_outer.o(.text) for __user_setup_stackheap
    __rtentry4.o(.ARM.exidx) refers to __rtentry4.o(.ARM.Collect$$rtentry$$00000004) for .ARM.Collect$$rtentry$$00000004
    sys_stackheap_outer.o(.text) refers to libspace.o(.text) for __user_perproc_libspace
    sys_stackheap_outer.o(.text) refers to startup_stm32h503xx.o(.text) for __user_initial_stackheap
    exit.o(.text) refers to rtexit.o(.ARM.Collect$$rtexit$$00000000) for __rt_exit
    libinit.o(.ARM.Collect$$libinit$$00000000) refers (Special) to libinit2.o(.ARM.Collect$$libinit$$00000030) for __rt_lib_init_alloca_1
    libinit.o(.ARM.Collect$$libinit$$00000000) refers (Special) to libinit2.o(.ARM.Collect$$libinit$$0000002E) for __rt_lib_init_argv_1
    libinit.o(.ARM.Collect$$libinit$$00000000) refers (Special) to libinit2.o(.ARM.Collect$$libinit$$0000001D) for __rt_lib_init_atexit_1
    libinit.o(.ARM.Collect$$libinit$$00000000) refers (Special) to libinit2.o(.ARM.Collect$$libinit$$00000023) for __rt_lib_init_clock_1
    libinit.o(.ARM.Collect$$libinit$$00000000) refers (Special) to libinit2.o(.ARM.Collect$$libinit$$00000034) for __rt_lib_init_cpp_1
    libinit.o(.ARM.Collect$$libinit$$00000000) refers (Special) to libinit2.o(.ARM.Collect$$libinit$$00000032) for __rt_lib_init_exceptions_1
    libinit.o(.ARM.Collect$$libinit$$00000000) refers (Special) to libinit2.o(.ARM.Collect$$libinit$$00000001) for __rt_lib_init_fp_1
    libinit.o(.ARM.Collect$$libinit$$00000000) refers (Special) to libinit2.o(.ARM.Collect$$libinit$$00000021) for __rt_lib_init_fp_trap_1
    libinit.o(.ARM.Collect$$libinit$$00000000) refers (Special) to libinit2.o(.ARM.Collect$$libinit$$00000025) for __rt_lib_init_getenv_1
    libinit.o(.ARM.Collect$$libinit$$00000000) refers (Special) to libinit2.o(.ARM.Collect$$libinit$$0000000C) for __rt_lib_init_heap_1
    libinit.o(.ARM.Collect$$libinit$$00000000) refers (Special) to libinit2.o(.ARM.Collect$$libinit$$00000013) for __rt_lib_init_lc_collate_1
    libinit.o(.ARM.Collect$$libinit$$00000000) refers (Special) to libinit2.o(.ARM.Collect$$libinit$$00000015) for __rt_lib_init_lc_ctype_1
    libinit.o(.ARM.Collect$$libinit$$00000000) refers (Special) to libinit2.o(.ARM.Collect$$libinit$$00000017) for __rt_lib_init_lc_monetary_1
    libinit.o(.ARM.Collect$$libinit$$00000000) refers (Special) to libinit2.o(.ARM.Collect$$libinit$$00000019) for __rt_lib_init_lc_numeric_1
    libinit.o(.ARM.Collect$$libinit$$00000000) refers (Special) to libinit2.o(.ARM.Collect$$libinit$$0000001B) for __rt_lib_init_lc_time_1
    libinit.o(.ARM.Collect$$libinit$$00000000) refers (Special) to libinit2.o(.ARM.Collect$$libinit$$00000006) for __rt_lib_init_preinit_1
    libinit.o(.ARM.Collect$$libinit$$00000000) refers (Special) to libinit2.o(.ARM.Collect$$libinit$$00000010) for __rt_lib_init_rand_1
    libinit.o(.ARM.Collect$$libinit$$00000000) refers (Special) to libinit2.o(.ARM.Collect$$libinit$$00000004) for __rt_lib_init_relocate_pie_1
    libinit.o(.ARM.Collect$$libinit$$00000000) refers (Special) to libinit2.o(.ARM.Collect$$libinit$$00000035) for __rt_lib_init_return
    libinit.o(.ARM.Collect$$libinit$$00000000) refers (Special) to libinit2.o(.ARM.Collect$$libinit$$0000001F) for __rt_lib_init_signal_1
    libinit.o(.ARM.Collect$$libinit$$00000000) refers (Special) to libinit2.o(.ARM.Collect$$libinit$$00000027) for __rt_lib_init_stdio_1
    libinit.o(.ARM.Collect$$libinit$$00000000) refers (Special) to libinit2.o(.ARM.Collect$$libinit$$0000000E) for __rt_lib_init_user_alloc_1
    libspace.o(.text) refers to libspace.o(.bss) for __libspace_start
    rtexit.o(.ARM.Collect$$rtexit$$00000000) refers (Special) to rtexit2.o(.ARM.Collect$$rtexit$$00000004) for __rt_exit_exit
    rtexit.o(.ARM.Collect$$rtexit$$00000000) refers (Special) to rtexit2.o(.ARM.Collect$$rtexit$$00000003) for __rt_exit_ls
    rtexit.o(.ARM.Collect$$rtexit$$00000000) refers (Special) to rtexit2.o(.ARM.Collect$$rtexit$$00000002) for __rt_exit_prels_1
    rtexit.o(.ARM.exidx) refers (Special) to rtexit2.o(.ARM.Collect$$rtexit$$00000004) for __rt_exit_exit
    rtexit.o(.ARM.exidx) refers (Special) to rtexit2.o(.ARM.Collect$$rtexit$$00000003) for __rt_exit_ls
    rtexit.o(.ARM.exidx) refers (Special) to rtexit2.o(.ARM.Collect$$rtexit$$00000002) for __rt_exit_prels_1
    rtexit.o(.ARM.exidx) refers to rtexit.o(.ARM.Collect$$rtexit$$00000000) for .ARM.Collect$$rtexit$$00000000
    libinit2.o(.ARM.Collect$$libinit$$00000001) refers to fpinit.o(x$fpl$fpinit) for _fp_init
    libinit2.o(.ARM.Collect$$libinit$$00000012) refers to libinit2.o(.ARM.Collect$$libinit$$00000011) for .ARM.Collect$$libinit$$00000011
    libinit2.o(.ARM.Collect$$libinit$$00000014) refers to libinit2.o(.ARM.Collect$$libinit$$00000011) for .ARM.Collect$$libinit$$00000011
    libinit2.o(.ARM.Collect$$libinit$$00000016) refers to libinit2.o(.ARM.Collect$$libinit$$00000011) for .ARM.Collect$$libinit$$00000011
    libinit2.o(.ARM.Collect$$libinit$$00000018) refers to libinit2.o(.ARM.Collect$$libinit$$00000011) for .ARM.Collect$$libinit$$00000011
    libinit2.o(.ARM.Collect$$libinit$$0000001A) refers to libinit2.o(.ARM.Collect$$libinit$$00000011) for .ARM.Collect$$libinit$$00000011
    libinit2.o(.ARM.Collect$$libinit$$00000028) refers to argv_veneer.o(.emb_text) for __ARM_argv_veneer
    libinit2.o(.ARM.Collect$$libinit$$00000029) refers to argv_veneer.o(.emb_text) for __ARM_argv_veneer
    rtexit2.o(.ARM.Collect$$rtexit$$00000003) refers to libshutdown.o(.ARM.Collect$$libshutdown$$00000000) for __rt_lib_shutdown
    rtexit2.o(.ARM.Collect$$rtexit$$00000004) refers to sys_exit.o(.text) for _sys_exit
    rtexit2.o(.ARM.exidx) refers to rtexit2.o(.ARM.Collect$$rtexit$$00000001) for .ARM.Collect$$rtexit$$00000001
    rtexit2.o(.ARM.exidx) refers to rtexit2.o(.ARM.Collect$$rtexit$$00000003) for .ARM.Collect$$rtexit$$00000003
    rtexit2.o(.ARM.exidx) refers to rtexit2.o(.ARM.Collect$$rtexit$$00000004) for .ARM.Collect$$rtexit$$00000004
    argv_veneer.o(.emb_text) refers to no_argv.o(.text) for __ARM_get_argv
    sys_exit.o(.text) refers (Special) to use_no_semi.o(.text) for __I$use$semihosting
    sys_exit.o(.text) refers (Special) to indicate_semi.o(.text) for __semihosting_library_function
    sys_exit_hlt.o(.text) refers (Special) to use_no_semi.o(.text) for __I$use$semihosting
    sys_exit_hlt.o(.text) refers (Special) to indicate_semi.o(.text) for __semihosting_library_function
    _get_argv_nomalloc.o(.text) refers (Special) to hrguard.o(.text) for __heap_region$guard
    _get_argv_nomalloc.o(.text) refers to defsig_rtmem_outer.o(.text) for __rt_SIGRTMEM
    _get_argv_nomalloc.o(.text) refers to sys_command.o(.text) for _sys_command_string
    libshutdown.o(.ARM.Collect$$libshutdown$$00000000) refers (Special) to libshutdown2.o(.ARM.Collect$$libshutdown$$00000002) for __rt_lib_shutdown_cpp_1
    libshutdown.o(.ARM.Collect$$libshutdown$$00000000) refers (Special) to libshutdown2.o(.ARM.Collect$$libshutdown$$00000007) for __rt_lib_shutdown_fp_trap_1
    libshutdown.o(.ARM.Collect$$libshutdown$$00000000) refers (Special) to libshutdown2.o(.ARM.Collect$$libshutdown$$0000000F) for __rt_lib_shutdown_heap_1
    libshutdown.o(.ARM.Collect$$libshutdown$$00000000) refers (Special) to libshutdown2.o(.ARM.Collect$$libshutdown$$00000010) for __rt_lib_shutdown_return
    libshutdown.o(.ARM.Collect$$libshutdown$$00000000) refers (Special) to libshutdown2.o(.ARM.Collect$$libshutdown$$0000000A) for __rt_lib_shutdown_signal_1
    libshutdown.o(.ARM.Collect$$libshutdown$$00000000) refers (Special) to libshutdown2.o(.ARM.Collect$$libshutdown$$00000004) for __rt_lib_shutdown_stdio_1
    libshutdown.o(.ARM.Collect$$libshutdown$$00000000) refers (Special) to libshutdown2.o(.ARM.Collect$$libshutdown$$0000000C) for __rt_lib_shutdown_user_alloc_1
    sys_command.o(.text) refers (Special) to use_no_semi.o(.text) for __I$use$semihosting
    sys_command.o(.text) refers (Special) to indicate_semi.o(.text) for __semihosting_library_function
    sys_command_hlt.o(.text) refers (Special) to use_no_semi.o(.text) for __I$use$semihosting
    sys_command_hlt.o(.text) refers (Special) to indicate_semi.o(.text) for __semihosting_library_function
    defsig_rtmem_outer.o(.text) refers to defsig_rtmem_inner.o(.text) for __rt_SIGRTMEM_inner
    defsig_rtmem_outer.o(.text) refers to defsig_exit.o(.text) for __sig_exit
    defsig_rtmem_formal.o(.text) refers to rt_raise.o(.text) for __rt_raise
    rt_raise.o(.text) refers to __raise.o(.text) for __raise
    rt_raise.o(.text) refers to sys_exit.o(.text) for _sys_exit
    defsig_exit.o(.text) refers to sys_exit.o(.text) for _sys_exit
    defsig_rtmem_inner.o(.text) refers to defsig_general.o(.text) for __default_signal_display
    __raise.o(.text) refers to defsig.o(CL$$defsig) for __default_signal_handler
    defsig_general.o(.text) refers to sys_wrch.o(.text) for _ttywrch
    sys_wrch.o(.text) refers (Special) to use_no_semi.o(.text) for __I$use$semihosting
    sys_wrch.o(.text) refers (Special) to indicate_semi.o(.text) for __semihosting_library_function
    sys_wrch_hlt.o(.text) refers (Special) to use_no_semi.o(.text) for __I$use$semihosting
    sys_wrch_hlt.o(.text) refers (Special) to indicate_semi.o(.text) for __semihosting_library_function
    defsig.o(CL$$defsig) refers to defsig_rtmem_inner.o(.text) for __rt_SIGRTMEM_inner
    defsig_abrt_inner.o(.text) refers to defsig_general.o(.text) for __default_signal_display
    defsig_fpe_inner.o(.text) refers to defsig_general.o(.text) for __default_signal_display
    defsig_rtred_inner.o(.text) refers to defsig_general.o(.text) for __default_signal_display
    defsig_stak_inner.o(.text) refers to defsig_general.o(.text) for __default_signal_display
    defsig_pvfn_inner.o(.text) refers to defsig_general.o(.text) for __default_signal_display
    defsig_cppl_inner.o(.text) refers to defsig_general.o(.text) for __default_signal_display
    defsig_segv_inner.o(.text) refers to defsig_general.o(.text) for __default_signal_display
    defsig_other.o(.text) refers to defsig_general.o(.text) for __default_signal_display


==============================================================================

Removing Unused input sections from the image.

    Removing main.o(.text), (0 bytes).
    Removing main.o(.ARM.exidx.text.main), (8 bytes).
    Removing main.o(.ARM.exidx.text.Init), (8 bytes).
    Removing main.o(.text.Gpio_init), (76 bytes).
    Removing main.o(.ARM.exidx.text.Gpio_init), (8 bytes).
    Removing main.o(.ARM.use_no_argv), (4 bytes).
    Removing backup_ram.o(.text), (0 bytes).
    Removing backup_ram.o(.ARM.exidx.text.PWR_EnableBkUpAccess), (8 bytes).
    Removing backup_ram.o(.ARM.exidx.text.PWR_DisableBkUpAccess), (8 bytes).
    Removing backup_ram.o(.ARM.exidx.text.PWREx_EnableBkupRAM_REG), (8 bytes).
    Removing backup_ram.o(.ARM.exidx.text.bkSRAM_ReadVariable), (8 bytes).
    Removing backup_ram.o(.ARM.exidx.text.bkSRAM_WriteVariable), (8 bytes).
    Removing backup_ram.o(.ARM.exidx.text.bkSRAM_Init), (8 bytes).
    Removing stm32h5xx_hal_gpio.o(.text), (0 bytes).
    Removing stm32h5xx_hal_gpio.o(.text.HAL_GPIO_Init), (718 bytes).
    Removing stm32h5xx_hal_gpio.o(.ARM.exidx.text.HAL_GPIO_Init), (8 bytes).
    Removing stm32h5xx_hal_gpio.o(.text.HAL_GPIO_DeInit), (334 bytes).
    Removing stm32h5xx_hal_gpio.o(.ARM.exidx.text.HAL_GPIO_DeInit), (8 bytes).
    Removing stm32h5xx_hal_gpio.o(.text.HAL_GPIO_ReadPin), (46 bytes).
    Removing stm32h5xx_hal_gpio.o(.ARM.exidx.text.HAL_GPIO_ReadPin), (8 bytes).
    Removing stm32h5xx_hal_gpio.o(.text.HAL_GPIO_WritePin), (44 bytes).
    Removing stm32h5xx_hal_gpio.o(.ARM.exidx.text.HAL_GPIO_WritePin), (8 bytes).
    Removing stm32h5xx_hal_gpio.o(.text.HAL_GPIO_WriteMultipleStatePin), (36 bytes).
    Removing stm32h5xx_hal_gpio.o(.ARM.exidx.text.HAL_GPIO_WriteMultipleStatePin), (8 bytes).
    Removing stm32h5xx_hal_gpio.o(.text.HAL_GPIO_TogglePin), (38 bytes).
    Removing stm32h5xx_hal_gpio.o(.ARM.exidx.text.HAL_GPIO_TogglePin), (8 bytes).
    Removing stm32h5xx_hal_gpio.o(.text.HAL_GPIO_LockPin), (90 bytes).
    Removing stm32h5xx_hal_gpio.o(.ARM.exidx.text.HAL_GPIO_LockPin), (8 bytes).
    Removing flash_main.o(.text), (0 bytes).
    Removing flash_main.o(.text.FLASH_init), (64 bytes).
    Removing flash_main.o(.ARM.exidx.text.FLASH_init), (8 bytes).
    Removing flash_main.o(.ARM.exidx.text.FLASH_Unlock), (8 bytes).
    Removing flash_main.o(.ARM.exidx.text.FLASH_Lock), (8 bytes).
    Removing flash_main.o(.ARM.exidx.text.Flash_Read), (8 bytes).
    Removing flash_main.o(.ARM.exidx.text.FLASH_Write), (8 bytes).
    Removing flash_main.o(.text.Multi_Word_write), (100 bytes).
    Removing flash_main.o(.ARM.exidx.text.Multi_Word_write), (8 bytes).
    Removing flash_main.o(.ARM.exidx.text.Flash_Error_Check), (8 bytes).
    Removing flash_main.o(.ARM.exidx.text.FLASH_Sector_Erase), (8 bytes).
    Removing flash_main.o(.ARM.exidx.text.Flash_SingleSec_Erase), (8 bytes).
    Removing flash_main.o(.text.FLASH_Erase_NoofSectors), (162 bytes).
    Removing flash_main.o(.ARM.exidx.text.FLASH_Erase_NoofSectors), (8 bytes).
    Removing flash_main.o(.text.Verify_SingleSec_Erase), (66 bytes).
    Removing flash_main.o(.ARM.exidx.text.Verify_SingleSec_Erase), (8 bytes).
    Removing jump_boot_app.o(.text), (0 bytes).
    Removing jump_boot_app.o(.ARM.exidx.text.Jump_BOOTLOADER), (8 bytes).
    Removing jump_boot_app.o(.ARM.exidx.text.RCC_DeInit), (8 bytes).
    Removing jump_boot_app.o(.ARM.exidx.text.S_DeInit), (8 bytes).
    Removing jump_boot_app.o(.ARM.exidx.text.Jump_APP_1), (8 bytes).
    Removing jump_boot_app.o(.ARM.exidx.text.Jump_APP_2), (8 bytes).
    Removing jump_boot_app.o(.ARM.exidx.text.disable_interrupt), (8 bytes).
    Removing validate_file.o(.text), (0 bytes).
    Removing validate_file.o(.text.IsApp1_valid), (60 bytes).
    Removing validate_file.o(.ARM.exidx.text.IsApp1_valid), (8 bytes).
    Removing validate_file.o(.ARM.exidx.text.App_Image_Chksum_calculation), (8 bytes).
    Removing validate_file.o(.text.IsApp2_valid), (60 bytes).
    Removing validate_file.o(.ARM.exidx.text.IsApp2_valid), (8 bytes).
    Removing validate_file.o(.ARM.exidx.text.IsBoot_valid), (8 bytes).
    Removing validate_file.o(.ARM.exidx.text.Read_Apps_Header), (8 bytes).
    Removing nvm.o(.text), (0 bytes).
    Removing nvm_driver.o(.text), (0 bytes).
    Removing nvm_driver.o(.ARM.exidx.text.NVM_Init), (8 bytes).
    Removing nvm_driver.o(.ARM.exidx.text.NVM_Scan_Block), (8 bytes).
    Removing nvm_driver.o(.ARM.exidx.text.NVM_Block_Read_FUN), (8 bytes).
    Removing nvm_driver.o(.ARM.exidx.text.IS_Chk_LtBlk_NVMValid), (8 bytes).
    Removing nvm_driver.o(.ARM.exidx.text.NVM_data_ChkSum), (8 bytes).
    Removing nvm_driver.o(.ARM.exidx.text.Chk_NVMTotal_Block), (8 bytes).
    Removing nvm_driver.o(.ARM.exidx.text.NVM_Block_Write), (8 bytes).
    Removing nvm_driver.o(.ARM.exidx.text.NVM_Multi_Word_write), (8 bytes).
    Removing nvm_driver.o(.ARM.exidx.text.Update_Nvm_Block), (8 bytes).
    Removing nvm_driver.o(.bss.Total_NVM_Block_No), (1 bytes).
    Removing nvs.o(.text), (0 bytes).
    Removing nvs_driver.o(.text), (0 bytes).
    Removing nvs_driver.o(.ARM.exidx.text.NVS_Init), (8 bytes).
    Removing nvs_driver.o(.ARM.exidx.text.NVS_Scan_Block), (8 bytes).
    Removing nvs_driver.o(.ARM.exidx.text.NVS_Block_Read), (8 bytes).
    Removing nvs_driver.o(.text.NVS_Block_Data_Read), (60 bytes).
    Removing nvs_driver.o(.ARM.exidx.text.NVS_Block_Data_Read), (8 bytes).
    Removing nvs_driver.o(.text.IS_NVS_BlockValid), (138 bytes).
    Removing nvs_driver.o(.ARM.exidx.text.IS_NVS_BlockValid), (8 bytes).
    Removing nvs_driver.o(.ARM.exidx.text.NVS_data_ChkSum), (8 bytes).
    Removing nvs_driver.o(.bss.Nvs_Blk_Read), (32 bytes).
    Removing system_stm32h5xx.o(.text), (0 bytes).
    Removing system_stm32h5xx.o(.ARM.exidx.text.SystemInit), (8 bytes).
    Removing system_stm32h5xx.o(.text.SystemCoreClockUpdate), (632 bytes).
    Removing system_stm32h5xx.o(.ARM.exidx.text.SystemCoreClockUpdate), (8 bytes).
    Removing system_stm32h5xx.o(.rodata.AHBPrescTable), (16 bytes).
    Removing system_stm32h5xx.o(.rodata.APBPrescTable), (8 bytes).

88 unused section(s) (total 3225 bytes) removed from the image.

==============================================================================

Image Symbol Table

    Local Symbols

    Symbol Name                              Value     Ov Type        Size  Object(Section)

    ../clib/angel/boardlib.s                 0x00000000   Number         0  boardinit1.o ABSOLUTE
    ../clib/angel/boardlib.s                 0x00000000   Number         0  boardinit2.o ABSOLUTE
    ../clib/angel/boardlib.s                 0x00000000   Number         0  boardinit3.o ABSOLUTE
    ../clib/angel/boardlib.s                 0x00000000   Number         0  boardshut.o ABSOLUTE
    ../clib/angel/handlers.s                 0x00000000   Number         0  __scatter_copy.o ABSOLUTE
    ../clib/angel/handlers.s                 0x00000000   Number         0  __scatter_zi.o ABSOLUTE
    ../clib/angel/kernel.s                   0x00000000   Number         0  __rtentry.o ABSOLUTE
    ../clib/angel/kernel.s                   0x00000000   Number         0  __rtentry2.o ABSOLUTE
    ../clib/angel/kernel.s                   0x00000000   Number         0  __rtentry4.o ABSOLUTE
    ../clib/angel/kernel.s                   0x00000000   Number         0  rtexit.o ABSOLUTE
    ../clib/angel/kernel.s                   0x00000000   Number         0  rtexit2.o ABSOLUTE
    ../clib/angel/rt.s                       0x00000000   Number         0  rt_raise.o ABSOLUTE
    ../clib/angel/scatter.s                  0x00000000   Number         0  __scatter.o ABSOLUTE
    ../clib/angel/startup.s                  0x00000000   Number         0  __main.o ABSOLUTE
    ../clib/angel/sys.s                      0x00000000   Number         0  sys_stackheap_outer.o ABSOLUTE
    ../clib/angel/sys.s                      0x00000000   Number         0  libspace.o ABSOLUTE
    ../clib/angel/sys.s                      0x00000000   Number         0  use_no_semi.o ABSOLUTE
    ../clib/angel/sys.s                      0x00000000   Number         0  indicate_semi.o ABSOLUTE
    ../clib/angel/sysapp.c                   0x00000000   Number         0  sys_exit.o ABSOLUTE
    ../clib/angel/sysapp.c                   0x00000000   Number         0  sys_exit_hlt.o ABSOLUTE
    ../clib/angel/sysapp.c                   0x00000000   Number         0  sys_command.o ABSOLUTE
    ../clib/angel/sysapp.c                   0x00000000   Number         0  sys_command_hlt.o ABSOLUTE
    ../clib/angel/sysapp.c                   0x00000000   Number         0  sys_wrch.o ABSOLUTE
    ../clib/angel/sysapp.c                   0x00000000   Number         0  sys_wrch_hlt.o ABSOLUTE
    ../clib/armsys.c                         0x00000000   Number         0  argv_veneer.o ABSOLUTE
    ../clib/armsys.c                         0x00000000   Number         0  argv_veneer.o ABSOLUTE
    ../clib/armsys.c                         0x00000000   Number         0  _get_argv_nomalloc.o ABSOLUTE
    ../clib/armsys.c                         0x00000000   Number         0  no_argv.o ABSOLUTE
    ../clib/heapalloc.c                      0x00000000   Number         0  hrguard.o ABSOLUTE
    ../clib/heapaux.c                        0x00000000   Number         0  heapauxi.o ABSOLUTE
    ../clib/libinit.s                        0x00000000   Number         0  libinit.o ABSOLUTE
    ../clib/libinit.s                        0x00000000   Number         0  libinit2.o ABSOLUTE
    ../clib/libinit.s                        0x00000000   Number         0  libshutdown.o ABSOLUTE
    ../clib/libinit.s                        0x00000000   Number         0  libshutdown2.o ABSOLUTE
    ../clib/signal.c                         0x00000000   Number         0  defsig_rtmem_outer.o ABSOLUTE
    ../clib/signal.c                         0x00000000   Number         0  defsig_rtmem_formal.o ABSOLUTE
    ../clib/signal.c                         0x00000000   Number         0  defsig_exit.o ABSOLUTE
    ../clib/signal.c                         0x00000000   Number         0  defsig_rtmem_inner.o ABSOLUTE
    ../clib/signal.c                         0x00000000   Number         0  __raise.o ABSOLUTE
    ../clib/signal.c                         0x00000000   Number         0  defsig_general.o ABSOLUTE
    ../clib/signal.c                         0x00000000   Number         0  defsig_abrt_inner.o ABSOLUTE
    ../clib/signal.c                         0x00000000   Number         0  defsig_fpe_inner.o ABSOLUTE
    ../clib/signal.c                         0x00000000   Number         0  defsig_rtred_inner.o ABSOLUTE
    ../clib/signal.c                         0x00000000   Number         0  defsig_stak_inner.o ABSOLUTE
    ../clib/signal.c                         0x00000000   Number         0  defsig_pvfn_inner.o ABSOLUTE
    ../clib/signal.c                         0x00000000   Number         0  defsig_cppl_inner.o ABSOLUTE
    ../clib/signal.c                         0x00000000   Number         0  defsig_segv_inner.o ABSOLUTE
    ../clib/signal.c                         0x00000000   Number         0  defsig_other.o ABSOLUTE
    ../clib/signal.s                         0x00000000   Number         0  defsig.o ABSOLUTE
    ../clib/stdlib.c                         0x00000000   Number         0  exit.o ABSOLUTE
    ../fplib/fpinit.s                        0x00000000   Number         0  fpinit.o ABSOLUTE
    Backup_ram.c                             0x00000000   Number         0  backup_ram.o ABSOLUTE
    Flash_Main.c                             0x00000000   Number         0  flash_main.o ABSOLUTE
    Jump_Boot_App.c                          0x00000000   Number         0  jump_boot_app.o ABSOLUTE
    NVM.c                                    0x00000000   Number         0  nvm.o ABSOLUTE
    NVM_Driver.c                             0x00000000   Number         0  nvm_driver.o ABSOLUTE
    NVS.c                                    0x00000000   Number         0  nvs.o ABSOLUTE
    NVS_Driver.c                             0x00000000   Number         0  nvs_driver.o ABSOLUTE
    RTE/Device/STM32H503RBTx/startup_stm32h503xx.s 0x00000000   Number         0  startup_stm32h503xx.o ABSOLUTE
    Validate_file.c                          0x00000000   Number         0  validate_file.o ABSOLUTE
    dc.s                                     0x00000000   Number         0  dc.o ABSOLUTE
    main.c                                   0x00000000   Number         0  main.o ABSOLUTE
    stm32h5xx_hal_gpio.c                     0x00000000   Number         0  stm32h5xx_hal_gpio.o ABSOLUTE
    system_stm32h5xx.c                       0x00000000   Number         0  system_stm32h5xx.o ABSOLUTE
    RESET                                    0x08000000   Section      600  startup_stm32h503xx.o(RESET)
    !!!main                                  0x08000258   Section        8  __main.o(!!!main)
    !!!scatter                               0x08000260   Section       52  __scatter.o(!!!scatter)
    !!handler_copy                           0x08000294   Section       26  __scatter_copy.o(!!handler_copy)
    !!handler_zi                             0x080002b0   Section       28  __scatter_zi.o(!!handler_zi)
    .ARM.Collect$$libinit$$00000000          0x080002cc   Section        2  libinit.o(.ARM.Collect$$libinit$$00000000)
    .ARM.Collect$$libinit$$00000001          0x080002ce   Section        4  libinit2.o(.ARM.Collect$$libinit$$00000001)
    .ARM.Collect$$libinit$$00000004          0x080002d2   Section        0  libinit2.o(.ARM.Collect$$libinit$$00000004)
    .ARM.Collect$$libinit$$00000006          0x080002d2   Section        0  libinit2.o(.ARM.Collect$$libinit$$00000006)
    .ARM.Collect$$libinit$$0000000C          0x080002d2   Section        0  libinit2.o(.ARM.Collect$$libinit$$0000000C)
    .ARM.Collect$$libinit$$0000000E          0x080002d2   Section        0  libinit2.o(.ARM.Collect$$libinit$$0000000E)
    .ARM.Collect$$libinit$$00000010          0x080002d2   Section        0  libinit2.o(.ARM.Collect$$libinit$$00000010)
    .ARM.Collect$$libinit$$00000013          0x080002d2   Section        0  libinit2.o(.ARM.Collect$$libinit$$00000013)
    .ARM.Collect$$libinit$$00000015          0x080002d2   Section        0  libinit2.o(.ARM.Collect$$libinit$$00000015)
    .ARM.Collect$$libinit$$00000017          0x080002d2   Section        0  libinit2.o(.ARM.Collect$$libinit$$00000017)
    .ARM.Collect$$libinit$$00000019          0x080002d2   Section        0  libinit2.o(.ARM.Collect$$libinit$$00000019)
    .ARM.Collect$$libinit$$0000001B          0x080002d2   Section        0  libinit2.o(.ARM.Collect$$libinit$$0000001B)
    .ARM.Collect$$libinit$$0000001D          0x080002d2   Section        0  libinit2.o(.ARM.Collect$$libinit$$0000001D)
    .ARM.Collect$$libinit$$0000001F          0x080002d2   Section        0  libinit2.o(.ARM.Collect$$libinit$$0000001F)
    .ARM.Collect$$libinit$$00000021          0x080002d2   Section        0  libinit2.o(.ARM.Collect$$libinit$$00000021)
    .ARM.Collect$$libinit$$00000023          0x080002d2   Section        0  libinit2.o(.ARM.Collect$$libinit$$00000023)
    .ARM.Collect$$libinit$$00000025          0x080002d2   Section        0  libinit2.o(.ARM.Collect$$libinit$$00000025)
    .ARM.Collect$$libinit$$00000027          0x080002d2   Section        0  libinit2.o(.ARM.Collect$$libinit$$00000027)
    .ARM.Collect$$libinit$$0000002E          0x080002d2   Section        0  libinit2.o(.ARM.Collect$$libinit$$0000002E)
    .ARM.Collect$$libinit$$00000030          0x080002d2   Section        0  libinit2.o(.ARM.Collect$$libinit$$00000030)
    .ARM.Collect$$libinit$$00000032          0x080002d2   Section        0  libinit2.o(.ARM.Collect$$libinit$$00000032)
    .ARM.Collect$$libinit$$00000034          0x080002d2   Section        0  libinit2.o(.ARM.Collect$$libinit$$00000034)
    .ARM.Collect$$libinit$$00000035          0x080002d2   Section        2  libinit2.o(.ARM.Collect$$libinit$$00000035)
    .ARM.Collect$$libshutdown$$00000000      0x080002d4   Section        2  libshutdown.o(.ARM.Collect$$libshutdown$$00000000)
    .ARM.Collect$$libshutdown$$00000002      0x080002d6   Section        0  libshutdown2.o(.ARM.Collect$$libshutdown$$00000002)
    .ARM.Collect$$libshutdown$$00000004      0x080002d6   Section        0  libshutdown2.o(.ARM.Collect$$libshutdown$$00000004)
    .ARM.Collect$$libshutdown$$00000007      0x080002d6   Section        0  libshutdown2.o(.ARM.Collect$$libshutdown$$00000007)
    .ARM.Collect$$libshutdown$$0000000A      0x080002d6   Section        0  libshutdown2.o(.ARM.Collect$$libshutdown$$0000000A)
    .ARM.Collect$$libshutdown$$0000000C      0x080002d6   Section        0  libshutdown2.o(.ARM.Collect$$libshutdown$$0000000C)
    .ARM.Collect$$libshutdown$$0000000F      0x080002d6   Section        0  libshutdown2.o(.ARM.Collect$$libshutdown$$0000000F)
    .ARM.Collect$$libshutdown$$00000010      0x080002d6   Section        2  libshutdown2.o(.ARM.Collect$$libshutdown$$00000010)
    .ARM.Collect$$rtentry$$00000000          0x080002d8   Section        0  __rtentry.o(.ARM.Collect$$rtentry$$00000000)
    .ARM.Collect$$rtentry$$00000002          0x080002d8   Section        0  __rtentry2.o(.ARM.Collect$$rtentry$$00000002)
    .ARM.Collect$$rtentry$$00000004          0x080002d8   Section        6  __rtentry4.o(.ARM.Collect$$rtentry$$00000004)
    .ARM.Collect$$rtentry$$00000009          0x080002de   Section        0  __rtentry2.o(.ARM.Collect$$rtentry$$00000009)
    .ARM.Collect$$rtentry$$0000000A          0x080002de   Section        4  __rtentry2.o(.ARM.Collect$$rtentry$$0000000A)
    .ARM.Collect$$rtentry$$0000000C          0x080002e2   Section        0  __rtentry2.o(.ARM.Collect$$rtentry$$0000000C)
    .ARM.Collect$$rtentry$$0000000D          0x080002e2   Section        8  __rtentry2.o(.ARM.Collect$$rtentry$$0000000D)
    .ARM.Collect$$rtexit$$00000000           0x080002ea   Section        2  rtexit.o(.ARM.Collect$$rtexit$$00000000)
    .ARM.Collect$$rtexit$$00000002           0x080002ec   Section        0  rtexit2.o(.ARM.Collect$$rtexit$$00000002)
    .ARM.Collect$$rtexit$$00000003           0x080002ec   Section        4  rtexit2.o(.ARM.Collect$$rtexit$$00000003)
    .ARM.Collect$$rtexit$$00000004           0x080002f0   Section        6  rtexit2.o(.ARM.Collect$$rtexit$$00000004)
    $v0                                      0x080002f8   Number         0  startup_stm32h503xx.o(.text)
    .text                                    0x080002f8   Section       68  startup_stm32h503xx.o(.text)
    .text                                    0x0800033c   Section        0  heapauxi.o(.text)
    .text                                    0x08000342   Section       74  sys_stackheap_outer.o(.text)
    .text                                    0x0800038c   Section        0  exit.o(.text)
    .text                                    0x080003a0   Section        8  libspace.o(.text)
    .text                                    0x080003a8   Section        0  sys_exit.o(.text)
    .text                                    0x080003b4   Section        2  use_no_semi.o(.text)
    .text                                    0x080003b6   Section        0  indicate_semi.o(.text)
    [Anonymous Symbol]                       0x080003b8   Section        0  validate_file.o(.text.App_Image_Chksum_calculation)
    [Anonymous Symbol]                       0x080003f0   Section        0  nvm_driver.o(.text.Chk_NVMTotal_Block)
    [Anonymous Symbol]                       0x0800044c   Section        0  flash_main.o(.text.FLASH_Lock)
    [Anonymous Symbol]                       0x08000468   Section        0  flash_main.o(.text.FLASH_Sector_Erase)
    [Anonymous Symbol]                       0x0800050c   Section        0  flash_main.o(.text.FLASH_Unlock)
    [Anonymous Symbol]                       0x08000550   Section        0  flash_main.o(.text.FLASH_Write)
    [Anonymous Symbol]                       0x08000578   Section        0  flash_main.o(.text.Flash_Error_Check)
    [Anonymous Symbol]                       0x080005ec   Section        0  flash_main.o(.text.Flash_Read)
    [Anonymous Symbol]                       0x08000600   Section        0  flash_main.o(.text.Flash_SingleSec_Erase)
    [Anonymous Symbol]                       0x08000644   Section        0  nvm_driver.o(.text.IS_Chk_LtBlk_NVMValid)
    [Anonymous Symbol]                       0x080006ac   Section        0  main.o(.text.Init)
    [Anonymous Symbol]                       0x080006d0   Section        0  validate_file.o(.text.IsBoot_valid)
    [Anonymous Symbol]                       0x08000758   Section        0  jump_boot_app.o(.text.Jump_APP_1)
    [Anonymous Symbol]                       0x080007b4   Section        0  jump_boot_app.o(.text.Jump_APP_2)
    [Anonymous Symbol]                       0x08000810   Section        0  jump_boot_app.o(.text.Jump_BOOTLOADER)
    [Anonymous Symbol]                       0x08000864   Section        0  nvm_driver.o(.text.NVM_Block_Read_FUN)
    [Anonymous Symbol]                       0x08000920   Section        0  nvm_driver.o(.text.NVM_Block_Write)
    [Anonymous Symbol]                       0x0800096c   Section        0  nvm_driver.o(.text.NVM_Init)
    [Anonymous Symbol]                       0x08000980   Section        0  nvm_driver.o(.text.NVM_Multi_Word_write)
    [Anonymous Symbol]                       0x080009d4   Section        0  nvm_driver.o(.text.NVM_Scan_Block)
    [Anonymous Symbol]                       0x08000a24   Section        0  nvm_driver.o(.text.NVM_data_ChkSum)
    [Anonymous Symbol]                       0x08000a94   Section        0  nvs_driver.o(.text.NVS_Block_Read)
    [Anonymous Symbol]                       0x08000afc   Section        0  nvs_driver.o(.text.NVS_Init)
    [Anonymous Symbol]                       0x08000b04   Section        0  nvs_driver.o(.text.NVS_Scan_Block)
    [Anonymous Symbol]                       0x08000b70   Section        0  nvs_driver.o(.text.NVS_data_ChkSum)
    [Anonymous Symbol]                       0x08000be8   Section        0  backup_ram.o(.text.PWREx_EnableBkupRAM_REG)
    [Anonymous Symbol]                       0x08000bfc   Section        0  backup_ram.o(.text.PWR_DisableBkUpAccess)
    [Anonymous Symbol]                       0x08000c10   Section        0  backup_ram.o(.text.PWR_EnableBkUpAccess)
    [Anonymous Symbol]                       0x08000c24   Section        0  jump_boot_app.o(.text.RCC_DeInit)
    [Anonymous Symbol]                       0x08000dd8   Section        0  validate_file.o(.text.Read_Apps_Header)
    [Anonymous Symbol]                       0x08000e5c   Section        0  jump_boot_app.o(.text.S_DeInit)
    [Anonymous Symbol]                       0x08000f34   Section        0  system_stm32h5xx.o(.text.SystemInit)
    [Anonymous Symbol]                       0x0800104c   Section        0  nvm_driver.o(.text.Update_Nvm_Block)
    [Anonymous Symbol]                       0x080012c0   Section        0  backup_ram.o(.text.bkSRAM_Init)
    [Anonymous Symbol]                       0x080012f8   Section        0  backup_ram.o(.text.bkSRAM_ReadVariable)
    [Anonymous Symbol]                       0x0800132c   Section        0  backup_ram.o(.text.bkSRAM_WriteVariable)
    [Anonymous Symbol]                       0x08001360   Section        0  jump_boot_app.o(.text.disable_interrupt)
    [Anonymous Symbol]                       0x080013d0   Section        0  main.o(.text.main)
    $v0                                      0x08001642   Number         0  fpinit.o(x$fpl$fpinit)
    x$fpl$fpinit                             0x08001642   Section       26  fpinit.o(x$fpl$fpinit)
    .bss                                     0x20000090   Section       96  libspace.o(.bss)
    PreLast_NVMBlock_Add                     0x20000128   Data           4  nvm_driver.o(.bss.PreLast_NVMBlock_Add)
    [Anonymous Symbol]                       0x20000128   Section        0  nvm_driver.o(.bss.PreLast_NVMBlock_Add)
    jumping_var                              0x2000012c   Data           4  main.o(.bss.jumping_var)
    [Anonymous Symbol]                       0x2000012c   Section        0  main.o(.bss.jumping_var)
    nmblkData_lenth                          0x20000130   Data           1  nvm_driver.o(.bss.nmblkData_lenth)
    [Anonymous Symbol]                       0x20000130   Section        0  nvm_driver.o(.bss.nmblkData_lenth)
    nvsblkData_lenth                         0x20000131   Data           1  nvs_driver.o(.bss.nvsblkData_lenth)
    [Anonymous Symbol]                       0x20000131   Section        0  nvs_driver.o(.bss.nvsblkData_lenth)
    Heap_Mem                                 0x20000138   Data         512  startup_stm32h503xx.o(HEAP)
    HEAP                                     0x20000138   Section      512  startup_stm32h503xx.o(HEAP)
    Stack_Mem                                0x20000338   Data        1024  startup_stm32h503xx.o(STACK)
    STACK                                    0x20000338   Section     1024  startup_stm32h503xx.o(STACK)
    __initial_sp                             0x20000738   Data           0  startup_stm32h503xx.o(STACK)

    Global Symbols

    Symbol Name                              Value     Ov Type        Size  Object(Section)

    BuildAttributes$$THM_ISAv4$E$P$D$K$B$S$7EM$8M$VFPi5$EXTD16$VFPS$VFMA$PE$A:L22UL41UL21$X:L11$S22US41US21$IEEE1$IW$~IW$USESV6$~STKCKD$USESV7$~SHL$OSPACE$ROPI$EBA8$UX$STANDARDLIB$REQ8$PRES8$EABIv2 0x00000000   Number         0  anon$$obj.o ABSOLUTE
    __ARM_exceptions_init                     - Undefined Weak Reference
    __alloca_initialize                       - Undefined Weak Reference
    __arm_preinit_                            - Undefined Weak Reference
    __arm_relocate_pie_                       - Undefined Weak Reference
    __cpp_initialize__aeabi_                  - Undefined Weak Reference
    __cxa_finalize                            - Undefined Weak Reference
    __rt_locale                               - Undefined Weak Reference
    __sigvec_lookup                           - Undefined Weak Reference
    _atexit_init                              - Undefined Weak Reference
    _call_atexit_fns                          - Undefined Weak Reference
    _clock_init                               - Undefined Weak Reference
    _fp_trap_init                             - Undefined Weak Reference
    _fp_trap_shutdown                         - Undefined Weak Reference
    _get_lc_collate                           - Undefined Weak Reference
    _get_lc_ctype                             - Undefined Weak Reference
    _get_lc_monetary                          - Undefined Weak Reference
    _get_lc_numeric                           - Undefined Weak Reference
    _get_lc_time                              - Undefined Weak Reference
    _getenv_init                              - Undefined Weak Reference
    _handle_redirection                       - Undefined Weak Reference
    _init_alloc                               - Undefined Weak Reference
    _init_user_alloc                          - Undefined Weak Reference
    _initio                                   - Undefined Weak Reference
    _rand_init                                - Undefined Weak Reference
    _signal_finish                            - Undefined Weak Reference
    _signal_init                              - Undefined Weak Reference
    _terminate_alloc                          - Undefined Weak Reference
    _terminate_user_alloc                     - Undefined Weak Reference
    _terminateio                              - Undefined Weak Reference
    __Vectors_Size                           0x00000258   Number         0  startup_stm32h503xx.o ABSOLUTE
    __Vectors                                0x08000000   Data           4  startup_stm32h503xx.o(RESET)
    __Vectors_End                            0x08000258   Data           0  startup_stm32h503xx.o(RESET)
    __main                                   0x08000259   Thumb Code     8  __main.o(!!!main)
    __scatterload                            0x08000261   Thumb Code     0  __scatter.o(!!!scatter)
    __scatterload_rt2                        0x08000261   Thumb Code    44  __scatter.o(!!!scatter)
    __scatterload_rt2_thumb_only             0x08000261   Thumb Code     0  __scatter.o(!!!scatter)
    __scatterload_null                       0x0800026f   Thumb Code     0  __scatter.o(!!!scatter)
    __scatterload_copy                       0x08000295   Thumb Code    26  __scatter_copy.o(!!handler_copy)
    __scatterload_zeroinit                   0x080002b1   Thumb Code    28  __scatter_zi.o(!!handler_zi)
    __rt_lib_init                            0x080002cd   Thumb Code     0  libinit.o(.ARM.Collect$$libinit$$00000000)
    __rt_lib_init_fp_1                       0x080002cf   Thumb Code     0  libinit2.o(.ARM.Collect$$libinit$$00000001)
    __rt_lib_init_alloca_1                   0x080002d3   Thumb Code     0  libinit2.o(.ARM.Collect$$libinit$$00000030)
    __rt_lib_init_argv_1                     0x080002d3   Thumb Code     0  libinit2.o(.ARM.Collect$$libinit$$0000002E)
    __rt_lib_init_atexit_1                   0x080002d3   Thumb Code     0  libinit2.o(.ARM.Collect$$libinit$$0000001D)
    __rt_lib_init_clock_1                    0x080002d3   Thumb Code     0  libinit2.o(.ARM.Collect$$libinit$$00000023)
    __rt_lib_init_cpp_1                      0x080002d3   Thumb Code     0  libinit2.o(.ARM.Collect$$libinit$$00000034)
    __rt_lib_init_exceptions_1               0x080002d3   Thumb Code     0  libinit2.o(.ARM.Collect$$libinit$$00000032)
    __rt_lib_init_fp_trap_1                  0x080002d3   Thumb Code     0  libinit2.o(.ARM.Collect$$libinit$$00000021)
    __rt_lib_init_getenv_1                   0x080002d3   Thumb Code     0  libinit2.o(.ARM.Collect$$libinit$$00000025)
    __rt_lib_init_heap_1                     0x080002d3   Thumb Code     0  libinit2.o(.ARM.Collect$$libinit$$0000000C)
    __rt_lib_init_lc_collate_1               0x080002d3   Thumb Code     0  libinit2.o(.ARM.Collect$$libinit$$00000013)
    __rt_lib_init_lc_ctype_1                 0x080002d3   Thumb Code     0  libinit2.o(.ARM.Collect$$libinit$$00000015)
    __rt_lib_init_lc_monetary_1              0x080002d3   Thumb Code     0  libinit2.o(.ARM.Collect$$libinit$$00000017)
    __rt_lib_init_lc_numeric_1               0x080002d3   Thumb Code     0  libinit2.o(.ARM.Collect$$libinit$$00000019)
    __rt_lib_init_lc_time_1                  0x080002d3   Thumb Code     0  libinit2.o(.ARM.Collect$$libinit$$0000001B)
    __rt_lib_init_preinit_1                  0x080002d3   Thumb Code     0  libinit2.o(.ARM.Collect$$libinit$$00000006)
    __rt_lib_init_rand_1                     0x080002d3   Thumb Code     0  libinit2.o(.ARM.Collect$$libinit$$00000010)
    __rt_lib_init_relocate_pie_1             0x080002d3   Thumb Code     0  libinit2.o(.ARM.Collect$$libinit$$00000004)
    __rt_lib_init_return                     0x080002d3   Thumb Code     0  libinit2.o(.ARM.Collect$$libinit$$00000035)
    __rt_lib_init_signal_1                   0x080002d3   Thumb Code     0  libinit2.o(.ARM.Collect$$libinit$$0000001F)
    __rt_lib_init_stdio_1                    0x080002d3   Thumb Code     0  libinit2.o(.ARM.Collect$$libinit$$00000027)
    __rt_lib_init_user_alloc_1               0x080002d3   Thumb Code     0  libinit2.o(.ARM.Collect$$libinit$$0000000E)
    __rt_lib_shutdown                        0x080002d5   Thumb Code     0  libshutdown.o(.ARM.Collect$$libshutdown$$00000000)
    __rt_lib_shutdown_cpp_1                  0x080002d7   Thumb Code     0  libshutdown2.o(.ARM.Collect$$libshutdown$$00000002)
    __rt_lib_shutdown_fp_trap_1              0x080002d7   Thumb Code     0  libshutdown2.o(.ARM.Collect$$libshutdown$$00000007)
    __rt_lib_shutdown_heap_1                 0x080002d7   Thumb Code     0  libshutdown2.o(.ARM.Collect$$libshutdown$$0000000F)
    __rt_lib_shutdown_return                 0x080002d7   Thumb Code     0  libshutdown2.o(.ARM.Collect$$libshutdown$$00000010)
    __rt_lib_shutdown_signal_1               0x080002d7   Thumb Code     0  libshutdown2.o(.ARM.Collect$$libshutdown$$0000000A)
    __rt_lib_shutdown_stdio_1                0x080002d7   Thumb Code     0  libshutdown2.o(.ARM.Collect$$libshutdown$$00000004)
    __rt_lib_shutdown_user_alloc_1           0x080002d7   Thumb Code     0  libshutdown2.o(.ARM.Collect$$libshutdown$$0000000C)
    __rt_entry                               0x080002d9   Thumb Code     0  __rtentry.o(.ARM.Collect$$rtentry$$00000000)
    __rt_entry_presh_1                       0x080002d9   Thumb Code     0  __rtentry2.o(.ARM.Collect$$rtentry$$00000002)
    __rt_entry_sh                            0x080002d9   Thumb Code     0  __rtentry4.o(.ARM.Collect$$rtentry$$00000004)
    __rt_entry_li                            0x080002df   Thumb Code     0  __rtentry2.o(.ARM.Collect$$rtentry$$0000000A)
    __rt_entry_postsh_1                      0x080002df   Thumb Code     0  __rtentry2.o(.ARM.Collect$$rtentry$$00000009)
    __rt_entry_main                          0x080002e3   Thumb Code     0  __rtentry2.o(.ARM.Collect$$rtentry$$0000000D)
    __rt_entry_postli_1                      0x080002e3   Thumb Code     0  __rtentry2.o(.ARM.Collect$$rtentry$$0000000C)
    __rt_exit                                0x080002eb   Thumb Code     0  rtexit.o(.ARM.Collect$$rtexit$$00000000)
    __rt_exit_ls                             0x080002ed   Thumb Code     0  rtexit2.o(.ARM.Collect$$rtexit$$00000003)
    __rt_exit_prels_1                        0x080002ed   Thumb Code     0  rtexit2.o(.ARM.Collect$$rtexit$$00000002)
    __rt_exit_exit                           0x080002f1   Thumb Code     0  rtexit2.o(.ARM.Collect$$rtexit$$00000004)
    Reset_Handler                            0x080002f9   Thumb Code     8  startup_stm32h503xx.o(.text)
    NMI_Handler                              0x08000301   Thumb Code     2  startup_stm32h503xx.o(.text)
    HardFault_Handler                        0x08000303   Thumb Code     2  startup_stm32h503xx.o(.text)
    MemManage_Handler                        0x08000305   Thumb Code     2  startup_stm32h503xx.o(.text)
    BusFault_Handler                         0x08000307   Thumb Code     2  startup_stm32h503xx.o(.text)
    UsageFault_Handler                       0x08000309   Thumb Code     2  startup_stm32h503xx.o(.text)
    SecureFault_Handler                      0x0800030b   Thumb Code     2  startup_stm32h503xx.o(.text)
    SVC_Handler                              0x0800030d   Thumb Code     2  startup_stm32h503xx.o(.text)
    DebugMon_Handler                         0x0800030f   Thumb Code     2  startup_stm32h503xx.o(.text)
    PendSV_Handler                           0x08000311   Thumb Code     2  startup_stm32h503xx.o(.text)
    SysTick_Handler                          0x08000313   Thumb Code     2  startup_stm32h503xx.o(.text)
    ADC1_IRQHandler                          0x08000315   Thumb Code     0  startup_stm32h503xx.o(.text)
    COMP1_IRQHandler                         0x08000315   Thumb Code     0  startup_stm32h503xx.o(.text)
    CRS_IRQHandler                           0x08000315   Thumb Code     0  startup_stm32h503xx.o(.text)
    DAC1_IRQHandler                          0x08000315   Thumb Code     0  startup_stm32h503xx.o(.text)
    DTS_IRQHandler                           0x08000315   Thumb Code     0  startup_stm32h503xx.o(.text)
    EXTI0_IRQHandler                         0x08000315   Thumb Code     0  startup_stm32h503xx.o(.text)
    EXTI10_IRQHandler                        0x08000315   Thumb Code     0  startup_stm32h503xx.o(.text)
    EXTI11_IRQHandler                        0x08000315   Thumb Code     0  startup_stm32h503xx.o(.text)
    EXTI12_IRQHandler                        0x08000315   Thumb Code     0  startup_stm32h503xx.o(.text)
    EXTI13_IRQHandler                        0x08000315   Thumb Code     0  startup_stm32h503xx.o(.text)
    EXTI14_IRQHandler                        0x08000315   Thumb Code     0  startup_stm32h503xx.o(.text)
    EXTI15_IRQHandler                        0x08000315   Thumb Code     0  startup_stm32h503xx.o(.text)
    EXTI1_IRQHandler                         0x08000315   Thumb Code     0  startup_stm32h503xx.o(.text)
    EXTI2_IRQHandler                         0x08000315   Thumb Code     0  startup_stm32h503xx.o(.text)
    EXTI3_IRQHandler                         0x08000315   Thumb Code     0  startup_stm32h503xx.o(.text)
    EXTI4_IRQHandler                         0x08000315   Thumb Code     0  startup_stm32h503xx.o(.text)
    EXTI5_IRQHandler                         0x08000315   Thumb Code     0  startup_stm32h503xx.o(.text)
    EXTI6_IRQHandler                         0x08000315   Thumb Code     0  startup_stm32h503xx.o(.text)
    EXTI7_IRQHandler                         0x08000315   Thumb Code     0  startup_stm32h503xx.o(.text)
    EXTI8_IRQHandler                         0x08000315   Thumb Code     0  startup_stm32h503xx.o(.text)
    EXTI9_IRQHandler                         0x08000315   Thumb Code     0  startup_stm32h503xx.o(.text)
    FDCAN1_IT0_IRQHandler                    0x08000315   Thumb Code     0  startup_stm32h503xx.o(.text)
    FDCAN1_IT1_IRQHandler                    0x08000315   Thumb Code     0  startup_stm32h503xx.o(.text)
    FLASH_IRQHandler                         0x08000315   Thumb Code     0  startup_stm32h503xx.o(.text)
    FPU_IRQHandler                           0x08000315   Thumb Code     0  startup_stm32h503xx.o(.text)
    GPDMA1_Channel0_IRQHandler               0x08000315   Thumb Code     0  startup_stm32h503xx.o(.text)
    GPDMA1_Channel1_IRQHandler               0x08000315   Thumb Code     0  startup_stm32h503xx.o(.text)
    GPDMA1_Channel2_IRQHandler               0x08000315   Thumb Code     0  startup_stm32h503xx.o(.text)
    GPDMA1_Channel3_IRQHandler               0x08000315   Thumb Code     0  startup_stm32h503xx.o(.text)
    GPDMA1_Channel4_IRQHandler               0x08000315   Thumb Code     0  startup_stm32h503xx.o(.text)
    GPDMA1_Channel5_IRQHandler               0x08000315   Thumb Code     0  startup_stm32h503xx.o(.text)
    GPDMA1_Channel6_IRQHandler               0x08000315   Thumb Code     0  startup_stm32h503xx.o(.text)
    GPDMA1_Channel7_IRQHandler               0x08000315   Thumb Code     0  startup_stm32h503xx.o(.text)
    GPDMA2_Channel0_IRQHandler               0x08000315   Thumb Code     0  startup_stm32h503xx.o(.text)
    GPDMA2_Channel1_IRQHandler               0x08000315   Thumb Code     0  startup_stm32h503xx.o(.text)
    GPDMA2_Channel2_IRQHandler               0x08000315   Thumb Code     0  startup_stm32h503xx.o(.text)
    GPDMA2_Channel3_IRQHandler               0x08000315   Thumb Code     0  startup_stm32h503xx.o(.text)
    GPDMA2_Channel4_IRQHandler               0x08000315   Thumb Code     0  startup_stm32h503xx.o(.text)
    GPDMA2_Channel5_IRQHandler               0x08000315   Thumb Code     0  startup_stm32h503xx.o(.text)
    GPDMA2_Channel6_IRQHandler               0x08000315   Thumb Code     0  startup_stm32h503xx.o(.text)
    GPDMA2_Channel7_IRQHandler               0x08000315   Thumb Code     0  startup_stm32h503xx.o(.text)
    GTZC_IRQHandler                          0x08000315   Thumb Code     0  startup_stm32h503xx.o(.text)
    HASH_IRQHandler                          0x08000315   Thumb Code     0  startup_stm32h503xx.o(.text)
    I2C1_ER_IRQHandler                       0x08000315   Thumb Code     0  startup_stm32h503xx.o(.text)
    I2C1_EV_IRQHandler                       0x08000315   Thumb Code     0  startup_stm32h503xx.o(.text)
    I2C2_ER_IRQHandler                       0x08000315   Thumb Code     0  startup_stm32h503xx.o(.text)
    I2C2_EV_IRQHandler                       0x08000315   Thumb Code     0  startup_stm32h503xx.o(.text)
    I3C1_ER_IRQHandler                       0x08000315   Thumb Code     0  startup_stm32h503xx.o(.text)
    I3C1_EV_IRQHandler                       0x08000315   Thumb Code     0  startup_stm32h503xx.o(.text)
    I3C2_ER_IRQHandler                       0x08000315   Thumb Code     0  startup_stm32h503xx.o(.text)
    I3C2_EV_IRQHandler                       0x08000315   Thumb Code     0  startup_stm32h503xx.o(.text)
    ICACHE_IRQHandler                        0x08000315   Thumb Code     0  startup_stm32h503xx.o(.text)
    IWDG_IRQHandler                          0x08000315   Thumb Code     0  startup_stm32h503xx.o(.text)
    LPTIM1_IRQHandler                        0x08000315   Thumb Code     0  startup_stm32h503xx.o(.text)
    LPTIM2_IRQHandler                        0x08000315   Thumb Code     0  startup_stm32h503xx.o(.text)
    LPUART1_IRQHandler                       0x08000315   Thumb Code     0  startup_stm32h503xx.o(.text)
    PVD_AVD_IRQHandler                       0x08000315   Thumb Code     0  startup_stm32h503xx.o(.text)
    RAMCFG_IRQHandler                        0x08000315   Thumb Code     0  startup_stm32h503xx.o(.text)
    RCC_IRQHandler                           0x08000315   Thumb Code     0  startup_stm32h503xx.o(.text)
    RNG_IRQHandler                           0x08000315   Thumb Code     0  startup_stm32h503xx.o(.text)
    RTC_IRQHandler                           0x08000315   Thumb Code     0  startup_stm32h503xx.o(.text)
    SPI1_IRQHandler                          0x08000315   Thumb Code     0  startup_stm32h503xx.o(.text)
    SPI2_IRQHandler                          0x08000315   Thumb Code     0  startup_stm32h503xx.o(.text)
    SPI3_IRQHandler                          0x08000315   Thumb Code     0  startup_stm32h503xx.o(.text)
    TAMP_IRQHandler                          0x08000315   Thumb Code     0  startup_stm32h503xx.o(.text)
    TIM1_BRK_IRQHandler                      0x08000315   Thumb Code     0  startup_stm32h503xx.o(.text)
    TIM1_CC_IRQHandler                       0x08000315   Thumb Code     0  startup_stm32h503xx.o(.text)
    TIM1_TRG_COM_IRQHandler                  0x08000315   Thumb Code     0  startup_stm32h503xx.o(.text)
    TIM1_UP_IRQHandler                       0x08000315   Thumb Code     0  startup_stm32h503xx.o(.text)
    TIM2_IRQHandler                          0x08000315   Thumb Code     0  startup_stm32h503xx.o(.text)
    TIM3_IRQHandler                          0x08000315   Thumb Code     0  startup_stm32h503xx.o(.text)
    TIM6_IRQHandler                          0x08000315   Thumb Code     0  startup_stm32h503xx.o(.text)
    TIM7_IRQHandler                          0x08000315   Thumb Code     0  startup_stm32h503xx.o(.text)
    USART1_IRQHandler                        0x08000315   Thumb Code     0  startup_stm32h503xx.o(.text)
    USART2_IRQHandler                        0x08000315   Thumb Code     0  startup_stm32h503xx.o(.text)
    USART3_IRQHandler                        0x08000315   Thumb Code     0  startup_stm32h503xx.o(.text)
    USB_DRD_FS_IRQHandler                    0x08000315   Thumb Code     0  startup_stm32h503xx.o(.text)
    WWDG_IRQHandler                          0x08000315   Thumb Code     0  startup_stm32h503xx.o(.text)
    __user_initial_stackheap                 0x08000319   Thumb Code    10  startup_stm32h503xx.o(.text)
    __use_two_region_memory                  0x0800033d   Thumb Code     2  heapauxi.o(.text)
    __rt_heap_escrow$2region                 0x0800033f   Thumb Code     2  heapauxi.o(.text)
    __rt_heap_expand$2region                 0x08000341   Thumb Code     2  heapauxi.o(.text)
    __user_setup_stackheap                   0x08000343   Thumb Code    74  sys_stackheap_outer.o(.text)
    exit                                     0x0800038d   Thumb Code    18  exit.o(.text)
    __user_libspace                          0x080003a1   Thumb Code     8  libspace.o(.text)
    __user_perproc_libspace                  0x080003a1   Thumb Code     0  libspace.o(.text)
    __user_perthread_libspace                0x080003a1   Thumb Code     0  libspace.o(.text)
    _sys_exit                                0x080003a9   Thumb Code     8  sys_exit.o(.text)
    __I$use$semihosting                      0x080003b5   Thumb Code     0  use_no_semi.o(.text)
    __use_no_semihosting_swi                 0x080003b5   Thumb Code     2  use_no_semi.o(.text)
    __semihosting_library_function           0x080003b7   Thumb Code     0  indicate_semi.o(.text)
    App_Image_Chksum_calculation             0x080003b9   Thumb Code    56  validate_file.o(.text.App_Image_Chksum_calculation)
    Chk_NVMTotal_Block                       0x080003f1   Thumb Code    92  nvm_driver.o(.text.Chk_NVMTotal_Block)
    FLASH_Lock                               0x0800044d   Thumb Code    28  flash_main.o(.text.FLASH_Lock)
    FLASH_Sector_Erase                       0x08000469   Thumb Code   162  flash_main.o(.text.FLASH_Sector_Erase)
    FLASH_Unlock                             0x0800050d   Thumb Code    66  flash_main.o(.text.FLASH_Unlock)
    FLASH_Write                              0x08000551   Thumb Code    40  flash_main.o(.text.FLASH_Write)
    Flash_Error_Check                        0x08000579   Thumb Code   114  flash_main.o(.text.Flash_Error_Check)
    Flash_Read                               0x080005ed   Thumb Code    20  flash_main.o(.text.Flash_Read)
    Flash_SingleSec_Erase                    0x08000601   Thumb Code    66  flash_main.o(.text.Flash_SingleSec_Erase)
    IS_Chk_LtBlk_NVMValid                    0x08000645   Thumb Code   104  nvm_driver.o(.text.IS_Chk_LtBlk_NVMValid)
    Init                                     0x080006ad   Thumb Code    34  main.o(.text.Init)
    IsBoot_valid                             0x080006d1   Thumb Code   134  validate_file.o(.text.IsBoot_valid)
    Jump_APP_1                               0x08000759   Thumb Code    90  jump_boot_app.o(.text.Jump_APP_1)
    Jump_APP_2                               0x080007b5   Thumb Code    92  jump_boot_app.o(.text.Jump_APP_2)
    Jump_BOOTLOADER                          0x08000811   Thumb Code    84  jump_boot_app.o(.text.Jump_BOOTLOADER)
    NVM_Block_Read_FUN                       0x08000865   Thumb Code   188  nvm_driver.o(.text.NVM_Block_Read_FUN)
    NVM_Block_Write                          0x08000921   Thumb Code    76  nvm_driver.o(.text.NVM_Block_Write)
    NVM_Init                                 0x0800096d   Thumb Code    20  nvm_driver.o(.text.NVM_Init)
    NVM_Multi_Word_write                     0x08000981   Thumb Code    84  nvm_driver.o(.text.NVM_Multi_Word_write)
    NVM_Scan_Block                           0x080009d5   Thumb Code    80  nvm_driver.o(.text.NVM_Scan_Block)
    NVM_data_ChkSum                          0x08000a25   Thumb Code   112  nvm_driver.o(.text.NVM_data_ChkSum)
    NVS_Block_Read                           0x08000a95   Thumb Code   104  nvs_driver.o(.text.NVS_Block_Read)
    NVS_Init                                 0x08000afd   Thumb Code     8  nvs_driver.o(.text.NVS_Init)
    NVS_Scan_Block                           0x08000b05   Thumb Code   108  nvs_driver.o(.text.NVS_Scan_Block)
    NVS_data_ChkSum                          0x08000b71   Thumb Code   120  nvs_driver.o(.text.NVS_data_ChkSum)
    PWREx_EnableBkupRAM_REG                  0x08000be9   Thumb Code    18  backup_ram.o(.text.PWREx_EnableBkupRAM_REG)
    PWR_DisableBkUpAccess                    0x08000bfd   Thumb Code    18  backup_ram.o(.text.PWR_DisableBkUpAccess)
    PWR_EnableBkUpAccess                     0x08000c11   Thumb Code    18  backup_ram.o(.text.PWR_EnableBkUpAccess)
    RCC_DeInit                               0x08000c25   Thumb Code   436  jump_boot_app.o(.text.RCC_DeInit)
    Read_Apps_Header                         0x08000dd9   Thumb Code   130  validate_file.o(.text.Read_Apps_Header)
    S_DeInit                                 0x08000e5d   Thumb Code   214  jump_boot_app.o(.text.S_DeInit)
    SystemInit                               0x08000f35   Thumb Code   278  system_stm32h5xx.o(.text.SystemInit)
    Update_Nvm_Block                         0x0800104d   Thumb Code   628  nvm_driver.o(.text.Update_Nvm_Block)
    bkSRAM_Init                              0x080012c1   Thumb Code    56  backup_ram.o(.text.bkSRAM_Init)
    bkSRAM_ReadVariable                      0x080012f9   Thumb Code    52  backup_ram.o(.text.bkSRAM_ReadVariable)
    bkSRAM_WriteVariable                     0x0800132d   Thumb Code    50  backup_ram.o(.text.bkSRAM_WriteVariable)
    disable_interrupt                        0x08001361   Thumb Code   110  jump_boot_app.o(.text.disable_interrupt)
    main                                     0x080013d1   Thumb Code   626  main.o(.text.main)
    _fp_init                                 0x08001643   Thumb Code    26  fpinit.o(x$fpl$fpinit)
    __fplib_config_fpu_vfp                   0x0800165b   Thumb Code     0  fpinit.o(x$fpl$fpinit)
    __fplib_config_pureend_doubles           0x0800165b   Thumb Code     0  fpinit.o(x$fpl$fpinit)
    Region$$Table$$Base                      0x0800165c   Number         0  anon$$obj.o(Region$$Table)
    Region$$Table$$Limit                     0x0800167c   Number         0  anon$$obj.o(Region$$Table)
    Ck_Hdr                                   0x20000000   Data          48  validate_file.o(.data.Ck_Hdr)
    NVM_Block                                0x20000030   Data          44  nvm.o(.data.NVM_Block)
    Nvs_Block_data                           0x2000005c   Data          48  nvs.o(.data.Nvs_Block_data)
    SystemCoreClock                          0x2000008c   Data           4  system_stm32h5xx.o(.data.SystemCoreClock)
    __libspace_start                         0x20000090   Data          96  libspace.o(.bss)
    IsNVMRead_Allow                          0x200000f0   Data           1  nvm_driver.o(.bss.IsNVMRead_Allow)
    __temporary_stack_top$libspace           0x200000f0   Data           0  libspace.o(.bss)
    IsRead_Allow                             0x200000f1   Data           1  nvs_driver.o(.bss.IsRead_Allow)
    JUMP_TO_APP_1                            0x200000f4   Data           4  jump_boot_app.o(.bss.JUMP_TO_APP_1)
    JUMP_TO_APP_2                            0x200000f8   Data           4  jump_boot_app.o(.bss.JUMP_TO_APP_2)
    JUMP_TO_BOOT                             0x200000fc   Data           4  jump_boot_app.o(.bss.JUMP_TO_BOOT)
    Last_NVMBlock_Add                        0x20000100   Data           4  nvm_driver.o(.bss.Last_NVMBlock_Add)
    NVM_Init_Flag                            0x20000104   Data           1  nvm_driver.o(.bss.NVM_Init_Flag)
    NVM_Sec2_EraseVerify_Flg                 0x20000105   Data           1  nvm_driver.o(.bss.NVM_Sec2_EraseVerify_Flg)
    NVM_last_block                           0x20000108   Data          32  nvm.o(.bss.NVM_last_block)
    val                                      0x20000132   Data           1  main.o(.bss.val)



==============================================================================

Memory Map of the image

  Image Entry point : 0x08000259

  Load Region LR_IROM1 (Base: 0x08000000, Size: 0x00001710, Max: 0x00002000, ABSOLUTE)

    Execution Region ER_IROM1 (Exec base: 0x08000000, Load base: 0x08000000, Size: 0x0000167c, Max: 0x00002000, ABSOLUTE)

    Exec Addr    Load Addr    Size         Type   Attr      Idx    E Section Name        Object

    0x08000000   0x08000000   0x00000258   Data   RO          195    RESET               startup_stm32h503xx.o
    0x08000258   0x08000258   0x00000008   Code   RO          220  * !!!main             c_w.l(__main.o)
    0x08000260   0x08000260   0x00000034   Code   RO          385    !!!scatter          c_w.l(__scatter.o)
    0x08000294   0x08000294   0x0000001a   Code   RO          387    !!handler_copy      c_w.l(__scatter_copy.o)
    0x080002ae   0x080002ae   0x00000002   PAD
    0x080002b0   0x080002b0   0x0000001c   Code   RO          389    !!handler_zi        c_w.l(__scatter_zi.o)
    0x080002cc   0x080002cc   0x00000002   Code   RO          247    .ARM.Collect$$libinit$$00000000  c_w.l(libinit.o)
    0x080002ce   0x080002ce   0x00000004   Code   RO          253    .ARM.Collect$$libinit$$00000001  c_w.l(libinit2.o)
    0x080002d2   0x080002d2   0x00000000   Code   RO          256    .ARM.Collect$$libinit$$00000004  c_w.l(libinit2.o)
    0x080002d2   0x080002d2   0x00000000   Code   RO          258    .ARM.Collect$$libinit$$00000006  c_w.l(libinit2.o)
    0x080002d2   0x080002d2   0x00000000   Code   RO          261    .ARM.Collect$$libinit$$0000000C  c_w.l(libinit2.o)
    0x080002d2   0x080002d2   0x00000000   Code   RO          263    .ARM.Collect$$libinit$$0000000E  c_w.l(libinit2.o)
    0x080002d2   0x080002d2   0x00000000   Code   RO          265    .ARM.Collect$$libinit$$00000010  c_w.l(libinit2.o)
    0x080002d2   0x080002d2   0x00000000   Code   RO          268    .ARM.Collect$$libinit$$00000013  c_w.l(libinit2.o)
    0x080002d2   0x080002d2   0x00000000   Code   RO          270    .ARM.Collect$$libinit$$00000015  c_w.l(libinit2.o)
    0x080002d2   0x080002d2   0x00000000   Code   RO          272    .ARM.Collect$$libinit$$00000017  c_w.l(libinit2.o)
    0x080002d2   0x080002d2   0x00000000   Code   RO          274    .ARM.Collect$$libinit$$00000019  c_w.l(libinit2.o)
    0x080002d2   0x080002d2   0x00000000   Code   RO          276    .ARM.Collect$$libinit$$0000001B  c_w.l(libinit2.o)
    0x080002d2   0x080002d2   0x00000000   Code   RO          278    .ARM.Collect$$libinit$$0000001D  c_w.l(libinit2.o)
    0x080002d2   0x080002d2   0x00000000   Code   RO          280    .ARM.Collect$$libinit$$0000001F  c_w.l(libinit2.o)
    0x080002d2   0x080002d2   0x00000000   Code   RO          282    .ARM.Collect$$libinit$$00000021  c_w.l(libinit2.o)
    0x080002d2   0x080002d2   0x00000000   Code   RO          284    .ARM.Collect$$libinit$$00000023  c_w.l(libinit2.o)
    0x080002d2   0x080002d2   0x00000000   Code   RO          286    .ARM.Collect$$libinit$$00000025  c_w.l(libinit2.o)
    0x080002d2   0x080002d2   0x00000000   Code   RO          288    .ARM.Collect$$libinit$$00000027  c_w.l(libinit2.o)
    0x080002d2   0x080002d2   0x00000000   Code   RO          292    .ARM.Collect$$libinit$$0000002E  c_w.l(libinit2.o)
    0x080002d2   0x080002d2   0x00000000   Code   RO          294    .ARM.Collect$$libinit$$00000030  c_w.l(libinit2.o)
    0x080002d2   0x080002d2   0x00000000   Code   RO          296    .ARM.Collect$$libinit$$00000032  c_w.l(libinit2.o)
    0x080002d2   0x080002d2   0x00000000   Code   RO          298    .ARM.Collect$$libinit$$00000034  c_w.l(libinit2.o)
    0x080002d2   0x080002d2   0x00000002   Code   RO          299    .ARM.Collect$$libinit$$00000035  c_w.l(libinit2.o)
    0x080002d4   0x080002d4   0x00000002   Code   RO          321    .ARM.Collect$$libshutdown$$00000000  c_w.l(libshutdown.o)
    0x080002d6   0x080002d6   0x00000000   Code   RO          336    .ARM.Collect$$libshutdown$$00000002  c_w.l(libshutdown2.o)
    0x080002d6   0x080002d6   0x00000000   Code   RO          338    .ARM.Collect$$libshutdown$$00000004  c_w.l(libshutdown2.o)
    0x080002d6   0x080002d6   0x00000000   Code   RO          341    .ARM.Collect$$libshutdown$$00000007  c_w.l(libshutdown2.o)
    0x080002d6   0x080002d6   0x00000000   Code   RO          344    .ARM.Collect$$libshutdown$$0000000A  c_w.l(libshutdown2.o)
    0x080002d6   0x080002d6   0x00000000   Code   RO          346    .ARM.Collect$$libshutdown$$0000000C  c_w.l(libshutdown2.o)
    0x080002d6   0x080002d6   0x00000000   Code   RO          349    .ARM.Collect$$libshutdown$$0000000F  c_w.l(libshutdown2.o)
    0x080002d6   0x080002d6   0x00000002   Code   RO          350    .ARM.Collect$$libshutdown$$00000010  c_w.l(libshutdown2.o)
    0x080002d8   0x080002d8   0x00000000   Code   RO          222    .ARM.Collect$$rtentry$$00000000  c_w.l(__rtentry.o)
    0x080002d8   0x080002d8   0x00000000   Code   RO          224    .ARM.Collect$$rtentry$$00000002  c_w.l(__rtentry2.o)
    0x080002d8   0x080002d8   0x00000006   Code   RO          236    .ARM.Collect$$rtentry$$00000004  c_w.l(__rtentry4.o)
    0x080002de   0x080002de   0x00000000   Code   RO          226    .ARM.Collect$$rtentry$$00000009  c_w.l(__rtentry2.o)
    0x080002de   0x080002de   0x00000004   Code   RO          227    .ARM.Collect$$rtentry$$0000000A  c_w.l(__rtentry2.o)
    0x080002e2   0x080002e2   0x00000000   Code   RO          229    .ARM.Collect$$rtentry$$0000000C  c_w.l(__rtentry2.o)
    0x080002e2   0x080002e2   0x00000008   Code   RO          230    .ARM.Collect$$rtentry$$0000000D  c_w.l(__rtentry2.o)
    0x080002ea   0x080002ea   0x00000002   Code   RO          251    .ARM.Collect$$rtexit$$00000000  c_w.l(rtexit.o)
    0x080002ec   0x080002ec   0x00000000   Code   RO          301    .ARM.Collect$$rtexit$$00000002  c_w.l(rtexit2.o)
    0x080002ec   0x080002ec   0x00000004   Code   RO          302    .ARM.Collect$$rtexit$$00000003  c_w.l(rtexit2.o)
    0x080002f0   0x080002f0   0x00000006   Code   RO          303    .ARM.Collect$$rtexit$$00000004  c_w.l(rtexit2.o)
    0x080002f6   0x080002f6   0x00000002   PAD
    0x080002f8   0x080002f8   0x00000044   Code   RO          196    .text               startup_stm32h503xx.o
    0x0800033c   0x0800033c   0x00000006   Code   RO          218    .text               c_w.l(heapauxi.o)
    0x08000342   0x08000342   0x0000004a   Code   RO          238    .text               c_w.l(sys_stackheap_outer.o)
    0x0800038c   0x0800038c   0x00000012   Code   RO          240    .text               c_w.l(exit.o)
    0x0800039e   0x0800039e   0x00000002   PAD
    0x080003a0   0x080003a0   0x00000008   Code   RO          248    .text               c_w.l(libspace.o)
    0x080003a8   0x080003a8   0x0000000c   Code   RO          311    .text               c_w.l(sys_exit.o)
    0x080003b4   0x080003b4   0x00000002   Code   RO          326    .text               c_w.l(use_no_semi.o)
    0x080003b6   0x080003b6   0x00000000   Code   RO          328    .text               c_w.l(indicate_semi.o)
    0x080003b6   0x080003b6   0x00000002   PAD
    0x080003b8   0x080003b8   0x00000038   Code   RO          111    .text.App_Image_Chksum_calculation  validate_file.o
    0x080003f0   0x080003f0   0x0000005c   Code   RO          144    .text.Chk_NVMTotal_Block  nvm_driver.o
    0x0800044c   0x0800044c   0x0000001c   Code   RO           62    .text.FLASH_Lock    flash_main.o
    0x08000468   0x08000468   0x000000a2   Code   RO           72    .text.FLASH_Sector_Erase  flash_main.o
    0x0800050a   0x0800050a   0x00000002   PAD
    0x0800050c   0x0800050c   0x00000042   Code   RO           60    .text.FLASH_Unlock  flash_main.o
    0x0800054e   0x0800054e   0x00000002   PAD
    0x08000550   0x08000550   0x00000028   Code   RO           66    .text.FLASH_Write   flash_main.o
    0x08000578   0x08000578   0x00000072   Code   RO           70    .text.Flash_Error_Check  flash_main.o
    0x080005ea   0x080005ea   0x00000002   PAD
    0x080005ec   0x080005ec   0x00000014   Code   RO           64    .text.Flash_Read    flash_main.o
    0x08000600   0x08000600   0x00000042   Code   RO           74    .text.Flash_SingleSec_Erase  flash_main.o
    0x08000642   0x08000642   0x00000002   PAD
    0x08000644   0x08000644   0x00000068   Code   RO          140    .text.IS_Chk_LtBlk_NVMValid  nvm_driver.o
    0x080006ac   0x080006ac   0x00000022   Code   RO            4    .text.Init          main.o
    0x080006ce   0x080006ce   0x00000002   PAD
    0x080006d0   0x080006d0   0x00000086   Code   RO          115    .text.IsBoot_valid  validate_file.o
    0x08000756   0x08000756   0x00000002   PAD
    0x08000758   0x08000758   0x0000005a   Code   RO           93    .text.Jump_APP_1    jump_boot_app.o
    0x080007b2   0x080007b2   0x00000002   PAD
    0x080007b4   0x080007b4   0x0000005c   Code   RO           95    .text.Jump_APP_2    jump_boot_app.o
    0x08000810   0x08000810   0x00000054   Code   RO           87    .text.Jump_BOOTLOADER  jump_boot_app.o
    0x08000864   0x08000864   0x000000bc   Code   RO          138    .text.NVM_Block_Read_FUN  nvm_driver.o
    0x08000920   0x08000920   0x0000004c   Code   RO          146    .text.NVM_Block_Write  nvm_driver.o
    0x0800096c   0x0800096c   0x00000014   Code   RO          134    .text.NVM_Init      nvm_driver.o
    0x08000980   0x08000980   0x00000054   Code   RO          148    .text.NVM_Multi_Word_write  nvm_driver.o
    0x080009d4   0x080009d4   0x00000050   Code   RO          136    .text.NVM_Scan_Block  nvm_driver.o
    0x08000a24   0x08000a24   0x00000070   Code   RO          142    .text.NVM_data_ChkSum  nvm_driver.o
    0x08000a94   0x08000a94   0x00000068   Code   RO          176    .text.NVS_Block_Read  nvs_driver.o
    0x08000afc   0x08000afc   0x00000008   Code   RO          172    .text.NVS_Init      nvs_driver.o
    0x08000b04   0x08000b04   0x0000006c   Code   RO          174    .text.NVS_Scan_Block  nvs_driver.o
    0x08000b70   0x08000b70   0x00000078   Code   RO          182    .text.NVS_data_ChkSum  nvs_driver.o
    0x08000be8   0x08000be8   0x00000012   Code   RO           22    .text.PWREx_EnableBkupRAM_REG  backup_ram.o
    0x08000bfa   0x08000bfa   0x00000002   PAD
    0x08000bfc   0x08000bfc   0x00000012   Code   RO           20    .text.PWR_DisableBkUpAccess  backup_ram.o
    0x08000c0e   0x08000c0e   0x00000002   PAD
    0x08000c10   0x08000c10   0x00000012   Code   RO           18    .text.PWR_EnableBkUpAccess  backup_ram.o
    0x08000c22   0x08000c22   0x00000002   PAD
    0x08000c24   0x08000c24   0x000001b4   Code   RO           89    .text.RCC_DeInit    jump_boot_app.o
    0x08000dd8   0x08000dd8   0x00000082   Code   RO          117    .text.Read_Apps_Header  validate_file.o
    0x08000e5a   0x08000e5a   0x00000002   PAD
    0x08000e5c   0x08000e5c   0x000000d6   Code   RO           91    .text.S_DeInit      jump_boot_app.o
    0x08000f32   0x08000f32   0x00000002   PAD
    0x08000f34   0x08000f34   0x00000116   Code   RO          203    .text.SystemInit    system_stm32h5xx.o
    0x0800104a   0x0800104a   0x00000002   PAD
    0x0800104c   0x0800104c   0x00000274   Code   RO          150    .text.Update_Nvm_Block  nvm_driver.o
    0x080012c0   0x080012c0   0x00000038   Code   RO           28    .text.bkSRAM_Init   backup_ram.o
    0x080012f8   0x080012f8   0x00000034   Code   RO           24    .text.bkSRAM_ReadVariable  backup_ram.o
    0x0800132c   0x0800132c   0x00000032   Code   RO           26    .text.bkSRAM_WriteVariable  backup_ram.o
    0x0800135e   0x0800135e   0x00000002   PAD
    0x08001360   0x08001360   0x0000006e   Code   RO           97    .text.disable_interrupt  jump_boot_app.o
    0x080013ce   0x080013ce   0x00000002   PAD
    0x080013d0   0x080013d0   0x00000272   Code   RO            2    .text.main          main.o
    0x08001642   0x08001642   0x0000001a   Code   RO          309    x$fpl$fpinit        fz_wm.l(fpinit.o)
    0x0800165c   0x0800165c   0x00000020   Data   RO          384    Region$$Table       anon$$obj.o


    Execution Region RW_IRAM1 (Exec base: 0x20000000, Load base: 0x08001680, Size: 0x00000738, Max: 0x00004000, ABSOLUTE)

    Exec Addr    Load Addr    Size         Type   Attr      Idx    E Section Name        Object

    0x20000000   0x08001680   0x00000030   Data   RW          119    .data.Ck_Hdr        validate_file.o
    0x20000030   0x080016b0   0x0000002c   Data   RW          127    .data.NVM_Block     nvm.o
    0x2000005c   0x080016dc   0x00000030   Data   RW          166    .data.Nvs_Block_data  nvs.o
    0x2000008c   0x0800170c   0x00000004   Data   RW          207    .data.SystemCoreClock  system_stm32h5xx.o
    0x20000090        -       0x00000060   Zero   RW          249    .bss                c_w.l(libspace.o)
    0x200000f0        -       0x00000001   Zero   RW          152    .bss.IsNVMRead_Allow  nvm_driver.o
    0x200000f1        -       0x00000001   Zero   RW          184    .bss.IsRead_Allow   nvs_driver.o
    0x200000f2   0x08001710   0x00000002   PAD
    0x200000f4        -       0x00000004   Zero   RW          100    .bss.JUMP_TO_APP_1  jump_boot_app.o
    0x200000f8        -       0x00000004   Zero   RW          101    .bss.JUMP_TO_APP_2  jump_boot_app.o
    0x200000fc        -       0x00000004   Zero   RW           99    .bss.JUMP_TO_BOOT   jump_boot_app.o
    0x20000100        -       0x00000004   Zero   RW          155    .bss.Last_NVMBlock_Add  nvm_driver.o
    0x20000104        -       0x00000001   Zero   RW          153    .bss.NVM_Init_Flag  nvm_driver.o
    0x20000105        -       0x00000001   Zero   RW          154    .bss.NVM_Sec2_EraseVerify_Flg  nvm_driver.o
    0x20000106   0x08001710   0x00000002   PAD
    0x20000108        -       0x00000020   Zero   RW          128    .bss.NVM_last_block  nvm.o
    0x20000128        -       0x00000004   Zero   RW          157    .bss.PreLast_NVMBlock_Add  nvm_driver.o
    0x2000012c        -       0x00000004   Zero   RW            8    .bss.jumping_var    main.o
    0x20000130        -       0x00000001   Zero   RW          158    .bss.nmblkData_lenth  nvm_driver.o
    0x20000131        -       0x00000001   Zero   RW          185    .bss.nvsblkData_lenth  nvs_driver.o
    0x20000132        -       0x00000001   Zero   RW            9    .bss.val            main.o
    0x20000133   0x08001710   0x00000005   PAD
    0x20000138        -       0x00000200   Zero   RW          194    HEAP                startup_stm32h503xx.o
    0x20000338        -       0x00000400   Zero   RW          193    STACK               startup_stm32h503xx.o


==============================================================================

Image component sizes


      Code (inc. data)   RO Data    RW Data    ZI Data      Debug   Object Name

       212          0          0          0          0       3290   backup_ram.o
       496          0          0          0          0       4711   flash_main.o
      1026          0          0          0         12       6892   jump_boot_app.o
       660          0          0          0          5       4357   main.o
         0          0          0         44         32       1297   nvm.o
      1384          0          0          0         12       4410   nvm_driver.o
         0          0          0         48          0       1051   nvs.o
       340          0          0          0          2       2811   nvs_driver.o
        68         28        600          0       1536       1056   startup_stm32h503xx.o
       278          0          0          4          0       5443   system_stm32h5xx.o
       320          0          0         48          0       2581   validate_file.o

    ----------------------------------------------------------------------
      4814         28        632        144       1608      37899   Object Totals
         0          0         32          0          0          0   (incl. Generated)
        30          0          0          0          9          0   (incl. Padding)

    ----------------------------------------------------------------------

      Code (inc. data)   RO Data    RW Data    ZI Data      Debug   Library Member Name

         8          0          0          0          0         68   __main.o
         0          0          0          0          0          0   __rtentry.o
        12          0          0          0          0          0   __rtentry2.o
         6          0          0          0          0          0   __rtentry4.o
        52          8          0          0          0          0   __scatter.o
        26          0          0          0          0          0   __scatter_copy.o
        28          0          0          0          0          0   __scatter_zi.o
        18          0          0          0          0         80   exit.o
         6          0          0          0          0        152   heapauxi.o
         0          0          0          0          0          0   indicate_semi.o
         2          0          0          0          0          0   libinit.o
         6          0          0          0          0          0   libinit2.o
         2          0          0          0          0          0   libshutdown.o
         2          0          0          0          0          0   libshutdown2.o
         8          4          0          0         96         68   libspace.o
         2          0          0          0          0          0   rtexit.o
        10          0          0          0          0          0   rtexit2.o
        12          4          0          0          0         68   sys_exit.o
        74          0          0          0          0         80   sys_stackheap_outer.o
         2          0          0          0          0         68   use_no_semi.o
        26          0          0          0          0        116   fpinit.o

    ----------------------------------------------------------------------
       310         16          0          0         96        700   Library Totals
         8          0          0          0          0          0   (incl. Padding)

    ----------------------------------------------------------------------

      Code (inc. data)   RO Data    RW Data    ZI Data      Debug   Library Name

       276         16          0          0         96        584   c_w.l
        26          0          0          0          0        116   fz_wm.l

    ----------------------------------------------------------------------
       310         16          0          0         96        700   Library Totals

    ----------------------------------------------------------------------

==============================================================================


      Code (inc. data)   RO Data    RW Data    ZI Data      Debug   

      5124         44        632        144       1704      38303   Grand Totals
      5124         44        632        144       1704      38303   ELF Image Totals
      5124         44        632        144          0          0   ROM Totals

==============================================================================

    Total RO  Size (Code + RO Data)                 5756 (   5.62kB)
    Total RW  Size (RW Data + ZI Data)              1848 (   1.80kB)
    Total ROM Size (Code + RO Data + RW Data)       5900 (   5.76kB)

==============================================================================

