Component: Arm Compiler for Embedded 6.18 Tool: armlink [5e4cc100]

==============================================================================

Section Cross References

    main.o(.text.main) refers to main.o(.text.Init) for Init
    main.o(.text.main) refers to main.o(.bss.Boot_or_App) for Boot_or_App
    main.o(.text.main) refers to backup_ram.o(.text.bkSRAM_ReadVariable) for bkSRAM_ReadVariable
    main.o(.text.main) refers to main.o(.rodata.str1.1) for .L.str
    main.o(.text.main) refers to debug.o(.text.Debug_SendString) for Debug_SendString
    main.o(.text.main) refers to bootloader_main.o(.bss.Boot_Tx_Data) for Boot_Tx_Data
    main.o(.text.main) refers to bootloader_main.o(.text.Boot_Response_status) for Boot_Response_status
    main.o(.text.main) refers to backup_ram.o(.text.bkSRAM_WriteVariable) for bkSRAM_WriteVariable
    main.o(.text.main) refers to main.o(.text.delay) for delay
    main.o(.text.main) refers to uart_driver.o(.text.USART3_Main) for USART3_Main
    main.o(.text.main) refers to bootloader_main.o(.text.Boot_Main) for Boot_Main
    main.o(.text.main) refers to debug.o(.text.Debug_MainFunction) for Debug_MainFunction
    main.o(.ARM.exidx.text.main) refers to main.o(.text.main) for [Anonymous Symbol]
    main.o(.text.Init) refers to flash_main.o(.text.FLASH_init) for FLASH_init
    main.o(.text.Init) refers to buffer_config.o(.text.Buffer_Init) for Buffer_Init
    main.o(.text.Init) refers to backup_ram.o(.text.bkSRAM_Init) for bkSRAM_Init
    main.o(.text.Init) refers to nvm_driver.o(.text.Chk_NVMTotal_Block) for Chk_NVMTotal_Block
    main.o(.text.Init) refers to nvm_driver.o(.bss.Total_NVM_Block_No) for Total_NVM_Block_No
    main.o(.text.Init) refers to ports_init.o(.text.GpioClockEnable) for GpioClockEnable
    main.o(.text.Init) refers to uart_driver.o(.text.Uart3_Init) for Uart3_Init
    main.o(.text.Init) refers to nvs_driver.o(.text.Nvs_Init) for Nvs_Init
    main.o(.text.Init) refers to nvm_driver.o(.text.NVM_Init) for NVM_Init
    main.o(.text.Init) refers to nvm_driver.o(.text.Read_Apps_Header) for Read_Apps_Header
    main.o(.ARM.exidx.text.Init) refers to main.o(.text.Init) for [Anonymous Symbol]
    main.o(.ARM.exidx.text.delay) refers to main.o(.text.delay) for [Anonymous Symbol]
    stm32h5xx_hal_gpio.o(.ARM.exidx.text.HAL_GPIO_Init) refers to stm32h5xx_hal_gpio.o(.text.HAL_GPIO_Init) for [Anonymous Symbol]
    stm32h5xx_hal_gpio.o(.ARM.exidx.text.HAL_GPIO_DeInit) refers to stm32h5xx_hal_gpio.o(.text.HAL_GPIO_DeInit) for [Anonymous Symbol]
    stm32h5xx_hal_gpio.o(.ARM.exidx.text.HAL_GPIO_ReadPin) refers to stm32h5xx_hal_gpio.o(.text.HAL_GPIO_ReadPin) for [Anonymous Symbol]
    stm32h5xx_hal_gpio.o(.ARM.exidx.text.HAL_GPIO_WritePin) refers to stm32h5xx_hal_gpio.o(.text.HAL_GPIO_WritePin) for [Anonymous Symbol]
    stm32h5xx_hal_gpio.o(.ARM.exidx.text.HAL_GPIO_WriteMultipleStatePin) refers to stm32h5xx_hal_gpio.o(.text.HAL_GPIO_WriteMultipleStatePin) for [Anonymous Symbol]
    stm32h5xx_hal_gpio.o(.ARM.exidx.text.HAL_GPIO_TogglePin) refers to stm32h5xx_hal_gpio.o(.text.HAL_GPIO_TogglePin) for [Anonymous Symbol]
    stm32h5xx_hal_gpio.o(.ARM.exidx.text.HAL_GPIO_LockPin) refers to stm32h5xx_hal_gpio.o(.text.HAL_GPIO_LockPin) for [Anonymous Symbol]
    ports_init.o(.text.GpioClockEnable) refers to ports_init.o(.text.Uart3_IO_init) for Uart3_IO_init
    ports_init.o(.ARM.exidx.text.GpioClockEnable) refers to ports_init.o(.text.GpioClockEnable) for [Anonymous Symbol]
    ports_init.o(.text.Uart3_IO_init) refers to stm32h5xx_hal_gpio.o(.text.HAL_GPIO_Init) for HAL_GPIO_Init
    ports_init.o(.ARM.exidx.text.Uart3_IO_init) refers to ports_init.o(.text.Uart3_IO_init) for [Anonymous Symbol]
    uart_driver.o(.text.Uart3_Init) refers to uart_driver.o(.text.__NVIC_EnableIRQ) for __NVIC_EnableIRQ
    uart_driver.o(.text.Uart3_Init) refers to uart_driver.o(.bss.UART_Init_bit) for UART_Init_bit
    uart_driver.o(.ARM.exidx.text.Uart3_Init) refers to uart_driver.o(.text.Uart3_Init) for [Anonymous Symbol]
    uart_driver.o(.ARM.exidx.text.__NVIC_EnableIRQ) refers to uart_driver.o(.text.__NVIC_EnableIRQ) for [Anonymous Symbol]
    uart_driver.o(.ARM.exidx.text.Uar3t_Tx_Byte) refers to uart_driver.o(.text.Uar3t_Tx_Byte) for [Anonymous Symbol]
    uart_driver.o(.text.uart3_Tx_str) refers to uart_driver.o(.text.Uar3t_Tx_Byte) for Uar3t_Tx_Byte
    uart_driver.o(.ARM.exidx.text.uart3_Tx_str) refers to uart_driver.o(.text.uart3_Tx_str) for [Anonymous Symbol]
    uart_driver.o(.text.USART3_IRQHandler) refers to buffer.o(.text.Buffer_EnQueue) for Buffer_EnQueue
    uart_driver.o(.ARM.exidx.text.USART3_IRQHandler) refers to uart_driver.o(.text.USART3_IRQHandler) for [Anonymous Symbol]
    uart_driver.o(.text.USART3_Main) refers to buffer.o(.text.Buffer_GetBuffer) for Buffer_GetBuffer
    uart_driver.o(.text.USART3_Main) refers to uart_driver.o(.bss.data_buf) for data_buf
    uart_driver.o(.text.USART3_Main) refers to rt_memcpy_v6.o(.text) for __aeabi_memcpy
[...]
    Removing debug.o(.ARM.exidx.text.Debug_SendMeasurementData), (8 bytes).
    Removing debug.o(.ARM.exidx.text.Debug_MainFunction), (8 bytes).
    Removing buffer_config.o(.text), (0 bytes).
    Removing buffer_config.o(.ARM.exidx.text.Buffer_Init), (8 bytes).
    Removing comif_config.o(.text), (0 bytes).
    Removing comif_config.o(.ARM.exidx.text.ComIf_RxIndication_Boot), (8 bytes).
    Removing nvm.o(.text), (0 bytes).
    Removing nvm_driver.o(.text), (0 bytes).
    Removing nvm_driver.o(.ARM.exidx.text.NVM_Init), (8 bytes).
    Removing nvm_driver.o(.ARM.exidx.text.NVM_Scan_Block), (8 bytes).
    Removing nvm_driver.o(.ARM.exidx.text.NVM_Block_Read_FUN), (8 bytes).
    Removing nvm_driver.o(.ARM.exidx.text.IS_Chk_LtBlk_NVMValid), (8 bytes).
    Removing nvm_driver.o(.ARM.exidx.text.NVM_data_ChkSum), (8 bytes).
    Removing nvm_driver.o(.ARM.exidx.text.Chk_NVMTotal_Block), (8 bytes).
    Removing nvm_driver.o(.ARM.exidx.text.NVM_Block_Write), (8 bytes).
    Removing nvm_driver.o(.ARM.exidx.text.NVM_Multi_Word_write), (8 bytes).
    Removing nvm_driver.o(.text.NVM_Block_Erase), (48 bytes).
    Removing nvm_driver.o(.ARM.exidx.text.NVM_Block_Erase), (8 bytes).
    Removing nvm_driver.o(.text.Verify_NVM_Sector_Erase), (72 bytes).
    Removing nvm_driver.o(.ARM.exidx.text.Verify_NVM_Sector_Erase), (8 bytes).
    Removing nvm_driver.o(.ARM.exidx.text.Read_Apps_Header), (8 bytes).
    Removing nvm_driver.o(.ARM.exidx.text.Update_Nvm_Block), (8 bytes).
    Removing nvm_driver.o(.text.App_Image_Chksum_calculation), (56 bytes).
    Removing nvm_driver.o(.ARM.exidx.text.App_Image_Chksum_calculation), (8 bytes).
    Removing nvs.o(.text), (0 bytes).
    Removing nvs_driver.o(.text), (0 bytes).
    Removing nvs_driver.o(.ARM.exidx.text.Nvs_Init), (8 bytes).
    Removing nvs_driver.o(.ARM.exidx.text.Nvs_Scan_Block), (8 bytes).
    Removing nvs_driver.o(.ARM.exidx.text.Nvs_Block_Read), (8 bytes).
    Removing nvs_driver.o(.text.Nvs_Single_word_Read), (12 bytes).
    Removing nvs_driver.o(.ARM.exidx.text.Nvs_Single_word_Read), (8 bytes).
    Removing nvs_driver.o(.text.NVS_Block_Data_Read), (60 bytes).
    Removing nvs_driver.o(.ARM.exidx.text.NVS_Block_Data_Read), (8 bytes).
    Removing nvs_driver.o(.text.IS_NVS_BlockValid), (138 bytes).
    Removing nvs_driver.o(.ARM.exidx.text.IS_NVS_BlockValid), (8 bytes).
    Removing nvs_driver.o(.text.NVS_data_ChkSum), (120 bytes).
    Removing nvs_driver.o(.ARM.exidx.text.NVS_data_ChkSum), (8 bytes).
    Removing nvs_driver.o(.bss.nvsblkData_lenth), (1 bytes).
    Removing nvs_driver.o(.bss.Nvs_Blk_Read), (32 bytes).
    Removing system_stm32h5xx.o(.text), (0 bytes).
    Removing system_stm32h5xx.o(.ARM.exidx.text.SystemInit), (8 bytes).
    Removing system_stm32h5xx.o(.text.SystemCoreClockUpdate), (632 bytes).
    Removing system_stm32h5xx.o(.ARM.exidx.text.SystemCoreClockUpdate), (8 bytes).
    Removing system_stm32h5xx.o(.data.SystemCoreClock), (4 bytes).
    Removing system_stm32h5xx.o(.rodata.AHBPrescTable), (16 bytes).
    Removing system_stm32h5xx.o(.rodata.APBPrescTable), (8 bytes).

178 unused section(s) (total 4302 bytes) removed from the image.

==============================================================================

Image Symbol Table

    Local Symbols

    Symbol Name                              Value     Ov Type        Size  Object(Section)

    ../clib/angel/boardlib.s                 0x00000000   Number         0  boardinit1.o ABSOLUTE
    ../clib/angel/boardlib.s                 0x00000000   Number         0  boardinit2.o ABSOLUTE
    ../clib/angel/boardlib.s                 0x00000000   Number         0  boardinit3.o ABSOLUTE
    ../clib/angel/boardlib.s                 0x00000000   Number         0  boardshut.o ABSOLUTE
    ../clib/angel/handlers.s                 0x00000000   Number         0  __scatter_copy.o ABSOLUTE
    ../clib/angel/handlers.s                 0x00000000   Number         0  __scatter_zi.o ABSOLUTE
    ../clib/angel/kernel.s                   0x00000000   Number         0  __rtentry.o ABSOLUTE
    ../clib/angel/kernel.s                   0x00000000   Number         0  __rtentry2.o ABSOLUTE
    ../clib/angel/kernel.s                   0x00000000   Number         0  __rtentry4.o ABSOLUTE
    ../clib/angel/kernel.s                   0x00000000   Number         0  rtexit.o ABSOLUTE
    ../clib/angel/kernel.s                   0x00000000   Number         0  rtexit2.o ABSOLUTE
    ../clib/angel/rt.s                       0x00000000   Number         0  rt_raise.o ABSOLUTE
    ../clib/angel/scatter.s                  0x00000000   Number         0  __scatter.o ABSOLUTE
    ../clib/angel/startup.s                  0x00000000   Number         0  __main.o ABSOLUTE
    ../clib/angel/sys.s                      0x00000000   Number         0  sys_stackheap_outer.o ABSOLUTE
    ../clib/angel/sys.s                      0x00000000   Number         0  libspace.o ABSOLUTE
    ../clib/angel/sys.s                      0x00000000   Number         0  use_no_semi.o ABSOLUTE
    ../clib/angel/sys.s                      0x00000000   Number         0  indicate_semi.o ABSOLUTE
    ../clib/angel/sysapp.c                   0x00000000   Number         0  sys_exit.o ABSOLUTE
    ../clib/angel/sysapp.c                   0x00000000   Number         0  sys_exit_hlt.o ABSOLUTE
    ../clib/angel/sysapp.c                   0x00000000   Number         0  sys_command.o ABSOLUTE
    ../clib/angel/sysapp.c                   0x00000000   Number         0  sys_command_hlt.o ABSOLUTE
    ../clib/angel/sysapp.c                   0x00000000   Number         0  sys_wrch.o ABSOLUTE
    ../clib/angel/sysapp.c                   0x00000000   Number         0  sys_wrch_hlt.o ABSOLUTE
    ../clib/armsys.c                         0x00000000   Number         0  argv_veneer.o ABSOLUTE
    ../clib/armsys.c                         0x00000000   Number         0  argv_veneer.o ABSOLUTE
    ../clib/armsys.c                         0x00000000   Number         0  _get_argv_nomalloc.o ABSOLUTE
    ../clib/armsys.c                         0x00000000   Number         0  no_argv.o ABSOLUTE
    ../clib/heapalloc.c                      0x00000000   Number         0  hrguard.o ABSOLUTE
    ../clib/heapaux.c                        0x00000000   Number         0  heapauxi.o ABSOLUTE
    ../clib/libinit.s                        0x00000000   Number         0  libinit.o ABSOLUTE
    ../clib/libinit.s                        0x00000000   Number         0  libinit2.o ABSOLUTE
    ../clib/libinit.s                        0x00000000   Number         0  libshutdown.o ABSOLUTE
    ../clib/libinit.s                        0x00000000   Number         0  libshutdown2.o ABSOLUTE
    ../clib/memcpset.s                       0x00000000   Number         0  rt_memcpy_v6.o ABSOLUTE
    ../clib/memcpset.s                       0x00000000   Number         0  rt_memcpy_w.o ABSOLUTE
    ../clib/signal.c                         0x00000000   Number         0  defsig_rtmem_outer.o ABSOLUTE
    ../clib/signal.c                         0x00000000   Number         0  defsig_rtmem_formal.o ABSOLUTE
    ../clib/signal.c                         0x00000000   Number         0  defsig_exit.o ABSOLUTE
    ../clib/signal.c                         0x00000000   Number         0  defsig_rtmem_inner.o ABSOLUTE
    ../clib/signal.c                         0x00000000   Number         0  __raise.o ABSOLUTE
    ../clib/signal.c                         0x00000000   Number         0  defsig_general.o ABSOLUTE
    ../clib/signal.c                         0x00000000   Number         0  defsig_abrt_inner.o ABSOLUTE
    ../clib/signal.c                         0x00000000   Number         0  defsig_fpe_inner.o ABSOLUTE
    ../clib/signal.c                         0x00000000   Number         0  defsig_rtred_inner.o ABSOLUTE
    ../clib/signal.c                         0x00000000   Number         0  defsig_stak_inner.o ABSOLUTE
    ../clib/signal.c                         0x00000000   Number         0  defsig_pvfn_inner.o ABSOLUTE
    ../clib/signal.c                         0x00000000   Number         0  defsig_cppl_inner.o ABSOLUTE
    ../clib/signal.c                         0x00000000   Number         0  defsig_segv_inner.o ABSOLUTE
    ../clib/signal.c                         0x00000000   Number         0  defsig_other.o ABSOLUTE
    ../clib/signal.s                         0x00000000   Number         0  defsig.o ABSOLUTE
    ../clib/stdlib.c                         0x00000000   Number         0  exit.o ABSOLUTE
    ../clib/string.c                         0x00000000   Number         0  strlen.o ABSOLUTE
    ../fplib/fpinit.s                        0x00000000   Number         0  fpinit.o ABSOLUTE
    Backup_ram.c                             0x00000000   Number         0  backup_ram.o ABSOLUTE
    Boot_Transmit_uC_To_Tool.c               0x00000000   Number         0  boot_transmit_uc_to_tool.o ABSOLUTE
    Bootloader_Main.c                        0x00000000   Number         0  bootloader_main.o ABSOLUTE
    Buffer.c                                 0x00000000   Number         0  buffer.o ABSOLUTE
    Buffer_Config.c                          0x00000000   Number         0  buffer_config.o ABSOLUTE
    ComIf.c                                  0x00000000   Number         0  comif.o ABSOLUTE
    ComIf_CalcChecksum.c                     0x00000000   Number         0  comif_calcchecksum.o ABSOLUTE
    ComIf_Config.c                           0x00000000   Number         0  comif_config.o ABSOLUTE
    ComIf_RxIndication.c                     0x00000000   Number         0  comif_rxindication.o ABSOLUTE
    ComIf_RxRequest.c                        0x00000000   Number         0  comif_rxrequest.o ABSOLUTE
    ComIf_Transmit.c                         0x00000000   Number         0  comif_transmit.o ABSOLUTE
    ComIf_TxShadowBuffer.c                   0x00000000   Number         0  comif_txshadowbuffer.o ABSOLUTE
    Debug.c                                  0x00000000   Number         0  debug.o ABSOLUTE
    Flash_Main.c                             0x00000000   Number         0  flash_main.o ABSOLUTE
    NVM.c                                    0x00000000   Number         0  nvm.o ABSOLUTE
    NVM_Driver.c                             0x00000000   Number         0  nvm_driver.o ABSOLUTE
    NVS.c                                    0x00000000   Number         0  nvs.o ABSOLUTE
    NVS_Driver.c                             0x00000000   Number         0  nvs_driver.o ABSOLUTE
    PLL_Driver.c                             0x00000000   Number         0  pll_driver.o ABSOLUTE
    Ports_init.c                             0x00000000   Number         0  ports_init.o ABSOLUTE
    RTE/Device/STM32H503RBTx/startup_stm32h503xx.s 0x00000000   Number         0  startup_stm32h503xx.o ABSOLUTE
    Uart_Driver.c                            0x00000000   Number         0  uart_driver.o ABSOLUTE
    dc.s                                     0x00000000   Number         0  dc.o ABSOLUTE
    main.c                                   0x00000000   Number         0  main.o ABSOLUTE
    stm32h5xx_hal_gpio.c                     0x00000000   Number         0  stm32h5xx_hal_gpio.o ABSOLUTE
    system_stm32h5xx.c                       0x00000000   Number         0  system_stm32h5xx.o ABSOLUTE
    RESET                                    0x08002000   Section      600  startup_stm32h503xx.o(RESET)
    !!!main                                  0x08002258   Section        8  __main.o(!!!main)
    !!!scatter                               0x08002260   Section       52  __scatter.o(!!!scatter)
    !!handler_copy                           0x08002294   Section       26  __scatter_copy.o(!!handler_copy)
    !!handler_zi                             0x080022b0   Section       28  __scatter_zi.o(!!handler_zi)
    .ARM.Collect$$libinit$$00000000          0x080022cc   Section        2  libinit.o(.ARM.Collect$$libinit$$00000000)
    .ARM.Collect$$libinit$$00000001          0x080022ce   Section        4  libinit2.o(.ARM.Collect$$libinit$$00000001)
    .ARM.Collect$$libinit$$00000004          0x080022d2   Section        0  libinit2.o(.ARM.Collect$$libinit$$00000004)
    .ARM.Collect$$libinit$$00000006          0x080022d2   Section        0  libinit2.o(.ARM.Collect$$libinit$$00000006)
    .ARM.Collect$$libinit$$0000000C          0x080022d2   Section        0  libinit2.o(.ARM.Collect$$libinit$$0000000C)
    .ARM.Collect$$libinit$$0000000E          0x080022d2   Section        0  libinit2.o(.ARM.Collect$$libinit$$0000000E)
    .ARM.Collect$$libinit$$00000010          0x080022d2   Section        0  libinit2.o(.ARM.Collect$$libinit$$00000010)
    .ARM.Collect$$libinit$$00000013          0x080022d2   Section        0  libinit2.o(.ARM.Collect$$libinit$$00000013)
    .ARM.Collect$$libinit$$00000015          0x080022d2   Section        0  libinit2.o(.ARM.Collect$$libinit$$00000015)
    .ARM.Collect$$libinit$$00000017          0x080022d2   Section        0  libinit2.o(.ARM.Collect$$libinit$$00000017)
    .ARM.Collect$$libinit$$00000019          0x080022d2   Section        0  libinit2.o(.ARM.Collect$$libinit$$00000019)
    .ARM.Collect$$libinit$$0000001B          0x080022d2   Section        0  libinit2.o(.ARM.Collect$$libinit$$0000001B)
    .ARM.Collect$$libinit$$0000001D          0x080022d2   Section        0  libinit2.o(.ARM.Collect$$libinit$$0000001D)
    .ARM.Collect$$libinit$$0000001F          0x080022d2   Section        0  libinit2.o(.ARM.Collect$$libinit$$0000001F)
    .ARM.Collect$$libinit$$00000021          0x080022d2   Section        0  libinit2.o(.ARM.Collect$$libinit$$00000021)
    .ARM.Collect$$libinit$$00000023          0x080022d2   Section        0  libinit2.o(.ARM.Collect$$libinit$$00000023)
    .ARM.Collect$$libinit$$00000025          0x080022d2   Section        0  libinit2.o(.ARM.Collect$$libinit$$00000025)
    .ARM.Collect$$libinit$$00000027          0x080022d2   Section        0  libinit2.o(.ARM.Collect$$libinit$$00000027)
    .ARM.Collect$$libinit$$0000002E          0x080022d2   Section        0  libinit2.o(.ARM.Collect$$libinit$$0000002E)
    .ARM.Collect$$libinit$$00000030          0x080022d2   Section        0  libinit2.o(.ARM.Collect$$libinit$$00000030)
    .ARM.Collect$$libinit$$00000032          0x080022d2   Section        0  libinit2.o(.ARM.Collect$$libinit$$00000032)
    .ARM.Collect$$libinit$$00000034          0x080022d2   Section        0  libinit2.o(.ARM.Collect$$libinit$$00000034)
    .ARM.Collect$$libinit$$00000035          0x080022d2   Section        2  libinit2.o(.ARM.Collect$$libinit$$00000035)
    .ARM.Collect$$libshutdown$$00000000      0x080022d4   Section        2  libshutdown.o(.ARM.Collect$$libshutdown$$00000000)
    .ARM.Collect$$libshutdown$$00000002      0x080022d6   Section        0  libshutdown2.o(.ARM.Collect$$libshutdown$$00000002)
    .ARM.Collect$$libshutdown$$00000004      0x080022d6   Section        0  libshutdown2.o(.ARM.Collect$$libshutdown$$00000004)
    .ARM.Collect$$libshutdown$$00000007      0x080022d6   Section        0  libshutdown2.o(.ARM.Collect$$libshutdown$$00000007)
    .ARM.Collect$$libshutdown$$0000000A      0x080022d6   Section        0  libshutdown2.o(.ARM.Collect$$libshutdown$$0000000A)
    .ARM.Collect$$libshutdown$$0000000C      0x080022d6   Section        0  libshutdown2.o(.ARM.Collect$$libshutdown$$0000000C)
    .ARM.Collect$$libshutdown$$0000000F      0x080022d6   Section        0  libshutdown2.o(.ARM.Collect$$libshutdown$$0000000F)
    .ARM.Collect$$libshutdown$$00000010      0x080022d6   Section        2  libshutdown2.o(.ARM.Collect$$libshutdown$$00000010)
    .ARM.Collect$$rtentry$$00000000          0x080022d8   Section        0  __rtentry.o(.ARM.Collect$$rtentry$$00000000)
    .ARM.Collect$$rtentry$$00000002          0x080022d8   Section        0  __rtentry2.o(.ARM.Collect$$rtentry$$00000002)
    .ARM.Collect$$rtentry$$00000004          0x080022d8   Section        6  __rtentry4.o(.ARM.Collect$$rtentry$$00000004)
    .ARM.Collect$$rtentry$$00000009          0x080022de   Section        0  __rtentry2.o(.ARM.Collect$$rtentry$$00000009)
    .ARM.Collect$$rtentry$$0000000A          0x080022de   Section        4  __rtentry2.o(.ARM.Collect$$rtentry$$0000000A)
    .ARM.Collect$$rtentry$$0000000C          0x080022e2   Section        0  __rtentry2.o(.ARM.Collect$$rtentry$$0000000C)
    .ARM.Collect$$rtentry$$0000000D          0x080022e2   Section        8  __rtentry2.o(.ARM.Collect$$rtentry$$0000000D)
    .ARM.Collect$$rtexit$$00000000           0x080022ea   Section        2  rtexit.o(.ARM.Collect$$rtexit$$00000000)
    .ARM.Collect$$rtexit$$00000002           0x080022ec   Section        0  rtexit2.o(.ARM.Collect$$rtexit$$00000002)
    .ARM.Collect$$rtexit$$00000003           0x080022ec   Section        4  rtexit2.o(.ARM.Collect$$rtexit$$00000003)
    .ARM.Collect$$rtexit$$00000004           0x080022f0   Section        6  rtexit2.o(.ARM.Collect$$rtexit$$00000004)
    $v0                                      0x080022f8   Number         0  startup_stm32h503xx.o(.text)
    .text                                    0x080022f8   Section       68  startup_stm32h503xx.o(.text)
    .text                                    0x0800233c   Section        0  strlen.o(.text)
    .text                                    0x0800237a   Section      138  rt_memcpy_v6.o(.text)
    .text                                    0x08002404   Section        0  heapauxi.o(.text)
    .text                                    0x0800240a   Section      100  rt_memcpy_w.o(.text)
    .text                                    0x0800246e   Section       74  sys_stackheap_outer.o(.text)
    .text                                    0x080024b8   Section        0  exit.o(.text)
    .text                                    0x080024cc   Section        8  libspace.o(.text)
    .text                                    0x080024d4   Section        0  sys_exit.o(.text)
    .text                                    0x080024e0   Section        2  use_no_semi.o(.text)
    .text                                    0x080024e2   Section        0  indicate_semi.o(.text)
    [Anonymous Symbol]                       0x080024e4   Section        0  boot_transmit_uc_to_tool.o(.text.Boot_Error_Notification)
    [Anonymous Symbol]                       0x08002500   Section        0  bootloader_main.o(.text.Boot_Main)
    [Anonymous Symbol]                       0x08002a58   Section        0  bootloader_main.o(.text.Boot_Req_Data_RxCbk)
    [Anonymous Symbol]                       0x08002ab8   Section        0  bootloader_main.o(.text.Boot_Response_status)
    [Anonymous Symbol]                       0x08002ae8   Section        0  boot_transmit_uc_to_tool.o(.text.Boot_Transmit_FUN)
    [Anonymous Symbol]                       0x08002b98   Section        0  buffer.o(.text.Buffer_Clear)
    [Anonymous Symbol]                       0x08002c08   Section        0  buffer.o(.text.Buffer_Create)
    [Anonymous Symbol]                       0x08002c64   Section        0  buffer.o(.text.Buffer_DeQueue)
    [Anonymous Symbol]                       0x08002d00   Section        0  buffer.o(.text.Buffer_EnQueue)
    [Anonymous Symbol]                       0x08002d88   Section        0  buffer.o(.text.Buffer_GetBuffer)
    [Anonymous Symbol]                       0x08002db8   Section        0  buffer_config.o(.text.Buffer_Init)
    [Anonymous Symbol]                       0x08002de4   Section        0  buffer.o(.text.Buffer_Length)
    [Anonymous Symbol]                       0x08002e20   Section        0  nvm_driver.o(.text.Chk_NVMTotal_Block)
    ComIf_AppendByte                         0x08002e7d   Thumb Code    90  comif_transmit.o(.text.ComIf_AppendByte)
    [Anonymous Symbol]                       0x08002e7c   Section        0  comif_transmit.o(.text.ComIf_AppendByte)
    ComIf_AppendString                       0x08002ed9   Thumb Code   100  comif_transmit.o(.text.ComIf_AppendString)
    [Anonymous Symbol]                       0x08002ed8   Section        0  comif_transmit.o(.text.ComIf_AppendString)
    [Anonymous Symbol]                       0x08002f3c   Section        0  comif_calcchecksum.o(.text.ComIf_CalcChecksum)
    [Anonymous Symbol]                       0x08002f88   Section        0  comif_transmit.o(.text.ComIf_EncodeFromShadowToChannelBuffer)
    [Anonymous Symbol]                       0x08003278   Section        0  comif.o(.text.ComIf_ErrorNotify)
    ComIf_GetChecksumAndTentativeDataLength  0x0800329d   Thumb Code   294  comif_transmit.o(.text.ComIf_GetChecksumAndTentativeDataLength)
    [Anonymous Symbol]                       0x0800329c   Section        0  comif_transmit.o(.text.ComIf_GetChecksumAndTentativeDataLength)
    [Anonymous Symbol]                       0x080033c4   Section        0  comif_calcchecksum.o(.text.ComIf_GetChecksumMaskValue)
    ComIf_GetHandle                          0x08003409   Thumb Code    92  comif_rxindication.o(.text.ComIf_GetHandle)
    [Anonymous Symbol]                       0x08003408   Section        0  comif_rxindication.o(.text.ComIf_GetHandle)
    ComIf_IsNeedDelimiter                    0x08003465   Thumb Code    60  comif_transmit.o(.text.ComIf_IsNeedDelimiter)
    [Anonymous Symbol]                       0x08003464   Section        0  comif_transmit.o(.text.ComIf_IsNeedDelimiter)
    ComIf_ResetRxInfo                        0x080034a1   Thumb Code   130  comif_rxindication.o(.text.ComIf_ResetRxInfo)
    [Anonymous Symbol]                       0x080034a0   Section        0  comif_rxindication.o(.text.ComIf_ResetRxInfo)
    [Anonymous Symbol]                       0x08003524   Section        0  comif_rxindication.o(.text.ComIf_RxIndication)
    [Anonymous Symbol]                       0x08003840   Section        0  comif_rxindication.o(.text.ComIf_RxIndication_ASCIIString)
    [Anonymous Symbol]                       0x080038ec   Section        0  comif_config.o(.text.ComIf_RxIndication_Boot)
    ComIf_StoreDataByte                      0x08003909   Thumb Code   114  comif_rxindication.o(.text.ComIf_StoreDataByte)
    [Anonymous Symbol]                       0x08003908   Section        0  comif_rxindication.o(.text.ComIf_StoreDataByte)
    [Anonymous Symbol]                       0x0800397c   Section        0  comif_transmit.o(.text.ComIf_Transmit)
    [Anonymous Symbol]                       0x08003ad4   Section        0  comif_transmit.o(.text.ComIf_TxConfirmation)
    [Anonymous Symbol]                       0x08003b68   Section        0  comif_txshadowbuffer.o(.text.ComIf_UpdateTxShadowBuffer)
    ConvertByteToString                      0x08003c6d   Thumb Code    38  comif_transmit.o(.text.ConvertByteToString)
    [Anonymous Symbol]                       0x08003c6c   Section        0  comif_transmit.o(.text.ConvertByteToString)
    [Anonymous Symbol]                       0x08003c94   Section        0  debug.o(.text.DEBUG_UART_SendString)
    Debug_AggregateByte                      0x08003ca5   Thumb Code    40  debug.o(.text.Debug_AggregateByte)
    [Anonymous Symbol]                       0x08003ca4   Section        0  debug.o(.text.Debug_AggregateByte)
    Debug_AggregateString                    0x08003ccd   Thumb Code    36  debug.o(.text.Debug_AggregateString)
    [Anonymous Symbol]                       0x08003ccc   Section        0  debug.o(.text.Debug_AggregateString)
    [Anonymous Symbol]                       0x08003cf0   Section        0  debug.o(.text.Debug_MainFunction)
    [Anonymous Symbol]                       0x08003cf8   Section        0  debug.o(.text.Debug_SendNumber)
    [Anonymous Symbol]                       0x08003d88   Section        0  debug.o(.text.Debug_SendNumberWithDescription)
    [Anonymous Symbol]                       0x08003dbc   Section        0  debug.o(.text.Debug_SendString)
    Debug_StartAggregation                   0x08003dcd   Thumb Code    14  debug.o(.text.Debug_StartAggregation)
    [Anonymous Symbol]                       0x08003dcc   Section        0  debug.o(.text.Debug_StartAggregation)
    [Anonymous Symbol]                       0x08003ddc   Section        0  debug.o(.text.Debug_TX_Byte)
    [Anonymous Symbol]                       0x08003df4   Section        0  debug.o(.text.Debug_TX_string)
    Debug_TransmitAggregatedData             0x08003e19   Thumb Code    44  debug.o(.text.Debug_TransmitAggregatedData)
    [Anonymous Symbol]                       0x08003e18   Section        0  debug.o(.text.Debug_TransmitAggregatedData)
    [Anonymous Symbol]                       0x08003e44   Section        0  flash_main.o(.text.FLASH_Erase_NoofSectors)
    [Anonymous Symbol]                       0x08003f0c   Section        0  flash_main.o(.text.FLASH_Lock)
    [Anonymous Symbol]                       0x08003f28   Section        0  flash_main.o(.text.FLASH_Sector_Erase)
    [Anonymous Symbol]                       0x08003fcc   Section        0  flash_main.o(.text.FLASH_Unlock)
    [Anonymous Symbol]                       0x08004010   Section        0  flash_main.o(.text.FLASH_Write)
    [Anonymous Symbol]                       0x08004038   Section        0  flash_main.o(.text.FLASH_init)
    [Anonymous Symbol]                       0x08004078   Section        0  flash_main.o(.text.Flash_Error_Check)
    [Anonymous Symbol]                       0x080040ec   Section        0  flash_main.o(.text.Flash_Read)
    [Anonymous Symbol]                       0x08004100   Section        0  flash_main.o(.text.Flash_SingleSec_Erase)
    [Anonymous Symbol]                       0x08004144   Section        0  ports_init.o(.text.GpioClockEnable)
    [Anonymous Symbol]                       0x0800415c   Section        0  stm32h5xx_hal_gpio.o(.text.HAL_GPIO_Init)
    [Anonymous Symbol]                       0x0800442c   Section        0  nvm_driver.o(.text.IS_Chk_LtBlk_NVMValid)
    [Anonymous Symbol]                       0x08004494   Section        0  main.o(.text.Init)
    [Anonymous Symbol]                       0x080044c8   Section        0  flash_main.o(.text.Multi_Word_write)
    [Anonymous Symbol]                       0x0800452c   Section        0  nvm_driver.o(.text.NVM_Block_Read_FUN)
    [Anonymous Symbol]                       0x080045e8   Section        0  nvm_driver.o(.text.NVM_Block_Write)
    [Anonymous Symbol]                       0x08004640   Section        0  nvm_driver.o(.text.NVM_Init)
    [Anonymous Symbol]                       0x08004654   Section        0  nvm_driver.o(.text.NVM_Multi_Word_write)
    [Anonymous Symbol]                       0x080046a8   Section        0  nvm_driver.o(.text.NVM_Scan_Block)
    [Anonymous Symbol]                       0x080046f8   Section        0  nvm_driver.o(.text.NVM_data_ChkSum)
    [Anonymous Symbol]                       0x08004768   Section        0  nvs_driver.o(.text.Nvs_Block_Read)
    [Anonymous Symbol]                       0x080047d0   Section        0  nvs_driver.o(.text.Nvs_Init)
    [Anonymous Symbol]                       0x080047d8   Section        0  nvs_driver.o(.text.Nvs_Scan_Block)
    [Anonymous Symbol]                       0x08004844   Section        0  backup_ram.o(.text.PWREx_EnableBkupRAM_REG)
    [Anonymous Symbol]                       0x08004858   Section        0  backup_ram.o(.text.PWR_DisableBkUpAccess)
    [Anonymous Symbol]                       0x0800486c   Section        0  backup_ram.o(.text.PWR_EnableBkUpAccess)
    [Anonymous Symbol]                       0x08004880   Section        0  nvm_driver.o(.text.Read_Apps_Header)
    [Anonymous Symbol]                       0x08004904   Section        0  system_stm32h5xx.o(.text.SystemInit)
    [Anonymous Symbol]                       0x08004a20   Section        0  uart_driver.o(.text.USART3_IRQHandler)
    [Anonymous Symbol]                       0x08004a58   Section        0  uart_driver.o(.text.USART3_Main)
    [Anonymous Symbol]                       0x08004ab0   Section        0  uart_driver.o(.text.Uar3t_Tx_Byte)
    [Anonymous Symbol]                       0x08004b14   Section        0  ports_init.o(.text.Uart3_IO_init)
    [Anonymous Symbol]                       0x08004b54   Section        0  uart_driver.o(.text.Uart3_Init)
    [Anonymous Symbol]                       0x08004bc8   Section        0  nvm_driver.o(.text.Update_Nvm_Block)
    [Anonymous Symbol]                       0x08004d4c   Section        0  flash_main.o(.text.Verify_Sectors_Erase)
    __NVIC_EnableIRQ                         0x08004de5   Thumb Code    48  uart_driver.o(.text.__NVIC_EnableIRQ)
    [Anonymous Symbol]                       0x08004de4   Section        0  uart_driver.o(.text.__NVIC_EnableIRQ)
    [Anonymous Symbol]                       0x08004e14   Section        0  backup_ram.o(.text.bkSRAM_Init)
    [Anonymous Symbol]                       0x08004e4c   Section        0  backup_ram.o(.text.bkSRAM_ReadVariable)
    [Anonymous Symbol]                       0x08004e80   Section        0  backup_ram.o(.text.bkSRAM_WriteVariable)
    [Anonymous Symbol]                       0x08004eb4   Section        0  bootloader_main.o(.text.calculateChecksum)
    [Anonymous Symbol]                       0x08004ef4   Section        0  uart_driver.o(.text.debugMain)
    [Anonymous Symbol]                       0x08004f28   Section        0  main.o(.text.delay)
    [Anonymous Symbol]                       0x08004f50   Section        0  main.o(.text.main)
    $v0                                      0x08004fc8   Number         0  fpinit.o(x$fpl$fpinit)
    x$fpl$fpinit                             0x08004fc8   Section       26  fpinit.o(x$fpl$fpinit)
    .L.str                                   0x08004fe2   Data           8  main.o(.rodata.str1.1)
    [Anonymous Symbol]                       0x08004fe2   Section        0  main.o(.rodata.str1.1)
    .L.str                                   0x08004fea   Data          10  boot_transmit_uc_to_tool.o(.rodata.str1.1)
    [Anonymous Symbol]                       0x08004fea   Section        0  boot_transmit_uc_to_tool.o(.rodata.str1.1)
    .L.str                                   0x08004ff4   Data           4  bootloader_main.o(.rodata.str1.1)
    [Anonymous Symbol]                       0x08004ff4   Section        0  bootloader_main.o(.rodata.str1.1)
    .L.str.1                                 0x08004ff8   Data           6  bootloader_main.o(.rodata.str1.1)
    .L.str.8                                 0x08004ffe   Data           7  bootloader_main.o(.rodata.str1.1)
    .L.str.6                                 0x08005005   Data           7  bootloader_main.o(.rodata.str1.1)
    .L.str.5                                 0x0800500c   Data           7  bootloader_main.o(.rodata.str1.1)
    .L.str.3                                 0x08005013   Data           6  bootloader_main.o(.rodata.str1.1)
    .L.str.2                                 0x08005019   Data           7  bootloader_main.o(.rodata.str1.1)
    .L.str.1                                 0x0800501e   Data           2  bootloader_main.o(.rodata.str1.1)
    .L.str.4                                 0x08005020   Data           7  bootloader_main.o(.rodata.str1.1)
    .L.str.7                                 0x08005021   Data           6  bootloader_main.o(.rodata.str1.1)
    .L.str                                   0x08005027   Data           2  debug.o(.rodata.str1.1)
    [Anonymous Symbol]                       0x08005027   Section        0  debug.o(.rodata.str1.1)
    .bss                                     0x200000d0   Section       96  libspace.o(.bss)
    Boot_or_App                              0x20000148   Data           4  main.o(.bss.Boot_or_App)
    [Anonymous Symbol]                       0x20000148   Section        0  main.o(.bss.Boot_or_App)
    Verify_AppCkSum                          0x2000036c   Data           4  bootloader_main.o(.bss.Verify_AppCkSum)
    [Anonymous Symbol]                       0x2000036c   Section        0  bootloader_main.o(.bss.Verify_AppCkSum)
    gs_DebugAggBuffer                        0x2000038d   Data          50  debug.o(.bss.gs_DebugAggBuffer)
    [Anonymous Symbol]                       0x2000038d   Section        0  debug.o(.bss.gs_DebugAggBuffer)
    gs_DebugAggCurIndex                      0x200003bf   Data           1  debug.o(.bss.gs_DebugAggCurIndex)
    [Anonymous Symbol]                       0x200003bf   Section        0  debug.o(.bss.gs_DebugAggCurIndex)
    nmblkData_lenth                          0x200003c0   Data           1  nvm_driver.o(.bss.nmblkData_lenth)
    [Anonymous Symbol]                       0x200003c0   Section        0  nvm_driver.o(.bss.nmblkData_lenth)
    Heap_Mem                                 0x200003c8   Data         512  startup_stm32h503xx.o(HEAP)
    HEAP                                     0x200003c8   Section      512  startup_stm32h503xx.o(HEAP)
    Stack_Mem                                0x200005c8   Data        1024  startup_stm32h503xx.o(STACK)
    STACK                                    0x200005c8   Section     1024  startup_stm32h503xx.o(STACK)
    __initial_sp                             0x200009c8   Data           0  startup_stm32h503xx.o(STACK)

    Global Symbols

    Symbol Name                              Value     Ov Type        Size  Object(Section)

    BuildAttributes$$THM_ISAv4$E$P$D$K$B$S$7EM$8M$VFPi5$EXTD16$VFPS$VFMA$PE$A:L22UL41UL21$X:L11$S22US41US21$IEEE1$IW$~IW$USESV6$~STKCKD$USESV7$~SHL$OSPACE$ROPI$EBA8$UX$STANDARDLIB$REQ8$PRES8$EABIv2 0x00000000   Number         0  anon$$obj.o ABSOLUTE
    __ARM_exceptions_init                     - Undefined Weak Reference
    __alloca_initialize                       - Undefined Weak Reference
    __arm_preinit_                            - Undefined Weak Reference
    __arm_relocate_pie_                       - Undefined Weak Reference
    __cpp_initialize__aeabi_                  - Undefined Weak Reference
    __cxa_finalize                            - Undefined Weak Reference
    __rt_locale                               - Undefined Weak Reference
    __sigvec_lookup                           - Undefined Weak Reference
    _atexit_init                              - Undefined Weak Reference
    _call_atexit_fns                          - Undefined Weak Reference
    _clock_init                               - Undefined Weak Reference
    _fp_trap_init                             - Undefined Weak Reference
    _fp_trap_shutdown                         - Undefined Weak Reference
    _get_lc_collate                           - Undefined Weak Reference
    _get_lc_ctype                             - Undefined Weak Reference
    _get_lc_monetary                          - Undefined Weak Reference
    _get_lc_numeric                           - Undefined Weak Reference
    _get_lc_time                              - Undefined Weak Reference
    _getenv_init                              - Undefined Weak Reference
    _handle_redirection                       - Undefined Weak Reference
    _init_alloc                               - Undefined Weak Reference
    _init_user_alloc                          - Undefined Weak Reference
    _initio                                   - Undefined Weak Reference
    _rand_init                                - Undefined Weak Reference
    _signal_finish                            - Undefined Weak Reference
    _signal_init                              - Undefined Weak Reference
    _terminate_alloc                          - Undefined Weak Reference
    _terminate_user_alloc                     - Undefined Weak Reference
    _terminateio                              - Undefined Weak Reference
    __Vectors_Size                           0x00000258   Number         0  startup_stm32h503xx.o ABSOLUTE
    __Vectors                                0x08002000   Data           4  startup_stm32h503xx.o(RESET)
    __Vectors_End                            0x08002258   Data           0  startup_stm32h503xx.o(RESET)
    __main                                   0x08002259   Thumb Code     8  __main.o(!!!main)
    __scatterload                            0x08002261   Thumb Code     0  __scatter.o(!!!scatter)
    __scatterload_rt2                        0x08002261   Thumb Code    44  __scatter.o(!!!scatter)
    __scatterload_rt2_thumb_only             0x08002261   Thumb Code     0  __scatter.o(!!!scatter)
    __scatterload_null                       0x0800226f   Thumb Code     0  __scatter.o(!!!scatter)
    __scatterload_copy                       0x08002295   Thumb Code    26  __scatter_copy.o(!!handler_copy)
    __scatterload_zeroinit                   0x080022b1   Thumb Code    28  __scatter_zi.o(!!handler_zi)
    __rt_lib_init                            0x080022cd   Thumb Code     0  libinit.o(.ARM.Collect$$libinit$$00000000)
    __rt_lib_init_fp_1                       0x080022cf   Thumb Code     0  libinit2.o(.ARM.Collect$$libinit$$00000001)
    __rt_lib_init_alloca_1                   0x080022d3   Thumb Code     0  libinit2.o(.ARM.Collect$$libinit$$00000030)
    __rt_lib_init_argv_1                     0x080022d3   Thumb Code     0  libinit2.o(.ARM.Collect$$libinit$$0000002E)
    __rt_lib_init_atexit_1                   0x080022d3   Thumb Code     0  libinit2.o(.ARM.Collect$$libinit$$0000001D)
    __rt_lib_init_clock_1                    0x080022d3   Thumb Code     0  libinit2.o(.ARM.Collect$$libinit$$00000023)
    __rt_lib_init_cpp_1                      0x080022d3   Thumb Code     0  libinit2.o(.ARM.Collect$$libinit$$00000034)
    __rt_lib_init_exceptions_1               0x080022d3   Thumb Code     0  libinit2.o(.ARM.Collect$$libinit$$00000032)
    __rt_lib_init_fp_trap_1                  0x080022d3   Thumb Code     0  libinit2.o(.ARM.Collect$$libinit$$00000021)
    __rt_lib_init_getenv_1                   0x080022d3   Thumb Code     0  libinit2.o(.ARM.Collect$$libinit$$00000025)
    __rt_lib_init_heap_1                     0x080022d3   Thumb Code     0  libinit2.o(.ARM.Collect$$libinit$$0000000C)
    __rt_lib_init_lc_collate_1               0x080022d3   Thumb Code     0  libinit2.o(.ARM.Collect$$libinit$$00000013)
    __rt_lib_init_lc_ctype_1                 0x080022d3   Thumb Code     0  libinit2.o(.ARM.Collect$$libinit$$00000015)
    __rt_lib_init_lc_monetary_1              0x080022d3   Thumb Code     0  libinit2.o(.ARM.Collect$$libinit$$00000017)
    __rt_lib_init_lc_numeric_1               0x080022d3   Thumb Code     0  libinit2.o(.ARM.Collect$$libinit$$00000019)
    __rt_lib_init_lc_time_1                  0x080022d3   Thumb Code     0  libinit2.o(.ARM.Collect$$libinit$$0000001B)
    __rt_lib_init_preinit_1                  0x080022d3   Thumb Code     0  libinit2.o(.ARM.Collect$$libinit$$00000006)
    __rt_lib_init_rand_1                     0x080022d3   Thumb Code     0  libinit2.o(.ARM.Collect$$libinit$$00000010)
    __rt_lib_init_relocate_pie_1             0x080022d3   Thumb Code     0  libinit2.o(.ARM.Collect$$libinit$$00000004)
    __rt_lib_init_return                     0x080022d3   Thumb Code     0  libinit2.o(.ARM.Collect$$libinit$$00000035)
    __rt_lib_init_signal_1                   0x080022d3   Thumb Code     0  libinit2.o(.ARM.Collect$$libinit$$0000001F)
    __rt_lib_init_stdio_1                    0x080022d3   Thumb Code     0  libinit2.o(.ARM.Collect$$libinit$$00000027)
    __rt_lib_init_user_alloc_1               0x080022d3   Thumb Code     0  libinit2.o(.ARM.Collect$$libinit$$0000000E)
    __rt_lib_shutdown                        0x080022d5   Thumb Code     0  libshutdown.o(.ARM.Collect$$libshutdown$$00000000)
    __rt_lib_shutdown_cpp_1                  0x080022d7   Thumb Code     0  libshutdown2.o(.ARM.Collect$$libshutdown$$00000002)
    __rt_lib_shutdown_fp_trap_1              0x080022d7   Thumb Code     0  libshutdown2.o(.ARM.Collect$$libshutdown$$00000007)
    __rt_lib_shutdown_heap_1                 0x080022d7   Thumb Code     0  libshutdown2.o(.ARM.Collect$$libshutdown$$0000000F)
    __rt_lib_shutdown_return                 0x080022d7   Thumb Code     0  libshutdown2.o(.ARM.Collect$$libshutdown$$00000010)
    __rt_lib_shutdown_signal_1               0x080022d7   Thumb Code     0  libshutdown2.o(.ARM.Collect$$libshutdown$$0000000A)
    __rt_lib_shutdown_stdio_1                0x080022d7   Thumb Code     0  libshutdown2.o(.ARM.Collect$$libshutdown$$00000004)
    __rt_lib_shutdown_user_alloc_1           0x080022d7   Thumb Code     0  libshutdown2.o(.ARM.Collect$$libshutdown$$0000000C)
    __rt_entry                               0x080022d9   Thumb Code     0  __rtentry.o(.ARM.Collect$$rtentry$$00000000)
    __rt_entry_presh_1                       0x080022d9   Thumb Code     0  __rtentry2.o(.ARM.Collect$$rtentry$$00000002)
    __rt_entry_sh                            0x080022d9   Thumb Code     0  __rtentry4.o(.ARM.Collect$$rtentry$$00000004)
    __rt_entry_li                            0x080022df   Thumb Code     0  __rtentry2.o(.ARM.Collect$$rtentry$$0000000A)
    __rt_entry_postsh_1                      0x080022df   Thumb Code     0  __rtentry2.o(.ARM.Collect$$rtentry$$00000009)
    __rt_entry_main                          0x080022e3   Thumb Code     0  __rtentry2.o(.ARM.Collect$$rtentry$$0000000D)
    __rt_entry_postli_1                      0x080022e3   Thumb Code     0  __rtentry2.o(.ARM.Collect$$rtentry$$0000000C)
    __rt_exit                                0x080022eb   Thumb Code     0  rtexit.o(.ARM.Collect$$rtexit$$00000000)
    __rt_exit_ls                             0x080022ed   Thumb Code     0  rtexit2.o(.ARM.Collect$$rtexit$$00000003)
    __rt_exit_prels_1                        0x080022ed   Thumb Code     0  rtexit2.o(.ARM.Collect$$rtexit$$00000002)
    __rt_exit_exit                           0x080022f1   Thumb Code     0  rtexit2.o(.ARM.Collect$$rtexit$$00000004)
    Reset_Handler                            0x080022f9   Thumb Code     8  startup_stm32h503xx.o(.text)
    NMI_Handler                              0x08002301   Thumb Code     2  startup_stm32h503xx.o(.text)
    HardFault_Handler                        0x08002303   Thumb Code     2  startup_stm32h503xx.o(.text)
    MemManage_Handler                        0x08002305   Thumb Code     2  startup_stm32h503xx.o(.text)
    BusFault_Handler                         0x08002307   Thumb Code     2  startup_stm32h503xx.o(.text)
    UsageFault_Handler                       0x08002309   Thumb Code     2  startup_stm32h503xx.o(.text)
    SecureFault_Handler                      0x0800230b   Thumb Code     2  startup_stm32h503xx.o(.text)
    SVC_Handler                              0x0800230d   Thumb Code     2  startup_stm32h503xx.o(.text)
    DebugMon_Handler                         0x0800230f   Thumb Code     2  startup_stm32h503xx.o(.text)
    PendSV_Handler                           0x08002311   Thumb Code     2  startup_stm32h503xx.o(.text)
    SysTick_Handler                          0x08002313   Thumb Code     2  startup_stm32h503xx.o(.text)
    ADC1_IRQHandler                          0x08002315   Thumb Code     0  startup_stm32h503xx.o(.text)
    COMP1_IRQHandler                         0x08002315   Thumb Code     0  startup_stm32h503xx.o(.text)
    CRS_IRQHandler                           0x08002315   Thumb Code     0  startup_stm32h503xx.o(.text)
    DAC1_IRQHandler                          0x08002315   Thumb Code     0  startup_stm32h503xx.o(.text)
    DTS_IRQHandler                           0x08002315   Thumb Code     0  startup_stm32h503xx.o(.text)
    EXTI0_IRQHandler                         0x08002315   Thumb Code     0  startup_stm32h503xx.o(.text)
    EXTI10_IRQHandler                        0x08002315   Thumb Code     0  startup_stm32h503xx.o(.text)
    EXTI11_IRQHandler                        0x08002315   Thumb Code     0  startup_stm32h503xx.o(.text)
    EXTI12_IRQHandler                        0x08002315   Thumb Code     0  startup_stm32h503xx.o(.text)
    EXTI13_IRQHandler                        0x08002315   Thumb Code     0  startup_stm32h503xx.o(.text)
    EXTI14_IRQHandler                        0x08002315   Thumb Code     0  startup_stm32h503xx.o(.text)
    EXTI15_IRQHandler                        0x08002315   Thumb Code     0  startup_stm32h503xx.o(.text)
    EXTI1_IRQHandler                         0x08002315   Thumb Code     0  startup_stm32h503xx.o(.text)
    EXTI2_IRQHandler                         0x08002315   Thumb Code     0  startup_stm32h503xx.o(.text)
    EXTI3_IRQHandler                         0x08002315   Thumb Code     0  startup_stm32h503xx.o(.text)
    EXTI4_IRQHandler                         0x08002315   Thumb Code     0  startup_stm32h503xx.o(.text)
    EXTI5_IRQHandler                         0x08002315   Thumb Code     0  startup_stm32h503xx.o(.text)
    EXTI6_IRQHandler                         0x08002315   Thumb Code     0  startup_stm32h503xx.o(.text)
    EXTI7_IRQHandler                         0x08002315   Thumb Code     0  startup_stm32h503xx.o(.text)
    EXTI8_IRQHandler                         0x08002315   Thumb Code     0  startup_stm32h503xx.o(.text)
    EXTI9_IRQHandler                         0x08002315   Thumb Code     0  startup_stm32h503xx.o(.text)
    FDCAN1_IT0_IRQHandler                    0x08002315   Thumb Code     0  startup_stm32h503xx.o(.text)
    FDCAN1_IT1_IRQHandler                    0x08002315   Thumb Code     0  startup_stm32h503xx.o(.text)
    FLASH_IRQHandler                         0x08002315   Thumb Code     0  startup_stm32h503xx.o(.text)
    FPU_IRQHandler                           0x08002315   Thumb Code     0  startup_stm32h503xx.o(.text)
    GPDMA1_Channel0_IRQHandler               0x08002315   Thumb Code     0  startup_stm32h503xx.o(.text)
    GPDMA1_Channel1_IRQHandler               0x08002315   Thumb Code     0  startup_stm32h503xx.o(.text)
    GPDMA1_Channel2_IRQHandler               0x08002315   Thumb Code     0  startup_stm32h503xx.o(.text)
    GPDMA1_Channel3_IRQHandler               0x08002315   Thumb Code     0  startup_stm32h503xx.o(.text)
    GPDMA1_Channel4_IRQHandler               0x08002315   Thumb Code     0  startup_stm32h503xx.o(.text)
    GPDMA1_Channel5_IRQHandler               0x08002315   Thumb Code     0  startup_stm32h503xx.o(.text)
    GPDMA1_Channel6_IRQHandler               0x08002315   Thumb Code     0  startup_stm32h503xx.o(.text)
    GPDMA1_Channel7_IRQHandler               0x08002315   Thumb Code     0  startup_stm32h503xx.o(.text)
    GPDMA2_Channel0_IRQHandler               0x08002315   Thumb Code     0  startup_stm32h503xx.o(.text)
    GPDMA2_Channel1_IRQHandler               0x08002315   Thumb Code     0  startup_stm32h503xx.o(.text)
    GPDMA2_Channel2_IRQHandler               0x08002315   Thumb Code     0  startup_stm32h503xx.o(.text)
    GPDMA2_Channel3_IRQHandler               0x08002315   Thumb Code     0  startup_stm32h503xx.o(.text)
    GPDMA2_Channel4_IRQHandler               0x08002315   Thumb Code     0  startup_stm32h503xx.o(.text)
    GPDMA2_Channel5_IRQHandler               0x08002315   Thumb Code     0  startup_stm32h503xx.o(.text)
    GPDMA2_Channel6_IRQHandler               0x08002315   Thumb Code     0  startup_stm32h503xx.o(.text)
    GPDMA2_Channel7_IRQHandler               0x08002315   Thumb Code     0  startup_stm32h503xx.o(.text)
    GTZC_IRQHandler                          0x08002315   Thumb Code     0  startup_stm32h503xx.o(.text)
    HASH_IRQHandler                          0x08002315   Thumb Code     0  startup_stm32h503xx.o(.text)
    I2C1_ER_IRQHandler                       0x08002315   Thumb Code     0  startup_stm32h503xx.o(.text)
    I2C1_EV_IRQHandler                       0x08002315   Thumb Code     0  startup_stm32h503xx.o(.text)
    I2C2_ER_IRQHandler                       0x08002315   Thumb Code     0  startup_stm32h503xx.o(.text)
    I2C2_EV_IRQHandler                       0x08002315   Thumb Code     0  startup_stm32h503xx.o(.text)
    I3C1_ER_IRQHandler                       0x08002315   Thumb Code     0  startup_stm32h503xx.o(.text)
    I3C1_EV_IRQHandler                       0x08002315   Thumb Code     0  startup_stm32h503xx.o(.text)
    I3C2_ER_IRQHandler                       0x08002315   Thumb Code     0  startup_stm32h503xx.o(.text)
    I3C2_EV_IRQHandler                       0x08002315   Thumb Code     0  startup_stm32h503xx.o(.text)
    ICACHE_IRQHandler                        0x08002315   Thumb Code     0  startup_stm32h503xx.o(.text)
    IWDG_IRQHandler                          0x08002315   Thumb Code     0  startup_stm32h503xx.o(.text)
    LPTIM1_IRQHandler                        0x08002315   Thumb Code     0  startup_stm32h503xx.o(.text)
    LPTIM2_IRQHandler                        0x08002315   Thumb Code     0  startup_stm32h503xx.o(.text)
    LPUART1_IRQHandler                       0x08002315   Thumb Code     0  startup_stm32h503xx.o(.text)
    PVD_AVD_IRQHandler                       0x08002315   Thumb Code     0  startup_stm32h503xx.o(.text)
    RAMCFG_IRQHandler                        0x08002315   Thumb Code     0  startup_stm32h503xx.o(.text)
    RCC_IRQHandler                           0x08002315   Thumb Code     0  startup_stm32h503xx.o(.text)
    RNG_IRQHandler                           0x08002315   Thumb Code     0  startup_stm32h503xx.o(.text)
    RTC_IRQHandler                           0x08002315   Thumb Code     0  startup_stm32h503xx.o(.text)
    SPI1_IRQHandler                          0x08002315   Thumb Code     0  startup_stm32h503xx.o(.text)
    SPI2_IRQHandler                          0x08002315   Thumb Code     0  startup_stm32h503xx.o(.text)
    SPI3_IRQHandler                          0x08002315   Thumb Code     0  startup_stm32h503xx.o(.text)
    TAMP_IRQHandler                          0x08002315   Thumb Code     0  startup_stm32h503xx.o(.text)
    TIM1_BRK_IRQHandler                      0x08002315   Thumb Code     0  startup_stm32h503xx.o(.text)
    TIM1_CC_IRQHandler                       0x08002315   Thumb Code     0  startup_stm32h503xx.o(.text)
    TIM1_TRG_COM_IRQHandler                  0x08002315   Thumb Code     0  startup_stm32h503xx.o(.text)
    TIM1_UP_IRQHandler                       0x08002315   Thumb Code     0  startup_stm32h503xx.o(.text)
    TIM2_IRQHandler                          0x08002315   Thumb Code     0  startup_stm32h503xx.o(.text)
    TIM3_IRQHandler                          0x08002315   Thumb Code     0  startup_stm32h503xx.o(.text)
    TIM6_IRQHandler                          0x08002315   Thumb Code     0  startup_stm32h503xx.o(.text)
    TIM7_IRQHandler                          0x08002315   Thumb Code     0  startup_stm32h503xx.o(.text)
    USART1_IRQHandler                        0x08002315   Thumb Code     0  startup_stm32h503xx.o(.text)
    USART2_IRQHandler                        0x08002315   Thumb Code     0  startup_stm32h503xx.o(.text)
    USB_DRD_FS_IRQHandler                    0x08002315   Thumb Code     0  startup_stm32h503xx.o(.text)
    WWDG_IRQHandler                          0x08002315   Thumb Code     0  startup_stm32h503xx.o(.text)
    __user_initial_stackheap                 0x08002319   Thumb Code    10  startup_stm32h503xx.o(.text)
    strlen                                   0x0800233d   Thumb Code    62  strlen.o(.text)
    __aeabi_memcpy                           0x0800237b   Thumb Code     0  rt_memcpy_v6.o(.text)
    __rt_memcpy                              0x0800237b   Thumb Code   138  rt_memcpy_v6.o(.text)
    _memcpy_lastbytes                        0x080023e1   Thumb Code     0  rt_memcpy_v6.o(.text)
    __use_two_region_memory                  0x08002405   Thumb Code     2  heapauxi.o(.text)
    __rt_heap_escrow$2region                 0x08002407   Thumb Code     2  heapauxi.o(.text)
    __rt_heap_expand$2region                 0x08002409   Thumb Code     2  heapauxi.o(.text)
    __aeabi_memcpy4                          0x0800240b   Thumb Code     0  rt_memcpy_w.o(.text)
    __aeabi_memcpy8                          0x0800240b   Thumb Code     0  rt_memcpy_w.o(.text)
    __rt_memcpy_w                            0x0800240b   Thumb Code   100  rt_memcpy_w.o(.text)
    _memcpy_lastbytes_aligned                0x08002453   Thumb Code     0  rt_memcpy_w.o(.text)
    __user_setup_stackheap                   0x0800246f   Thumb Code    74  sys_stackheap_outer.o(.text)
    exit                                     0x080024b9   Thumb Code    18  exit.o(.text)
    __user_libspace                          0x080024cd   Thumb Code     8  libspace.o(.text)
    __user_perproc_libspace                  0x080024cd   Thumb Code     0  libspace.o(.text)
    __user_perthread_libspace                0x080024cd   Thumb Code     0  libspace.o(.text)
    _sys_exit                                0x080024d5   Thumb Code     8  sys_exit.o(.text)
    __I$use$semihosting                      0x080024e1   Thumb Code     0  use_no_semi.o(.text)
    __use_no_semihosting_swi                 0x080024e1   Thumb Code     2  use_no_semi.o(.text)
    __semihosting_library_function           0x080024e3   Thumb Code     0  indicate_semi.o(.text)
    Boot_Error_Notification                  0x080024e5   Thumb Code    26  boot_transmit_uc_to_tool.o(.text.Boot_Error_Notification)
    Boot_Main                                0x08002501   Thumb Code  1366  bootloader_main.o(.text.Boot_Main)
    Boot_Req_Data_RxCbk                      0x08002a59   Thumb Code    96  bootloader_main.o(.text.Boot_Req_Data_RxCbk)
    Boot_Response_status                     0x08002ab9   Thumb Code    46  bootloader_main.o(.text.Boot_Response_status)
    Boot_Transmit_FUN                        0x08002ae9   Thumb Code   176  boot_transmit_uc_to_tool.o(.text.Boot_Transmit_FUN)
    Buffer_Clear                             0x08002b99   Thumb Code   110  buffer.o(.text.Buffer_Clear)
    Buffer_Create                            0x08002c09   Thumb Code    90  buffer.o(.text.Buffer_Create)
    Buffer_DeQueue                           0x08002c65   Thumb Code   154  buffer.o(.text.Buffer_DeQueue)
    Buffer_EnQueue                           0x08002d01   Thumb Code   134  buffer.o(.text.Buffer_EnQueue)
    Buffer_GetBuffer                         0x08002d89   Thumb Code    48  buffer.o(.text.Buffer_GetBuffer)
    Buffer_Init                              0x08002db9   Thumb Code    42  buffer_config.o(.text.Buffer_Init)
    Buffer_Length                            0x08002de5   Thumb Code    58  buffer.o(.text.Buffer_Length)
    Chk_NVMTotal_Block                       0x08002e21   Thumb Code    92  nvm_driver.o(.text.Chk_NVMTotal_Block)
    ComIf_CalcChecksum                       0x08002f3d   Thumb Code    76  comif_calcchecksum.o(.text.ComIf_CalcChecksum)
    ComIf_EncodeFromShadowToChannelBuffer    0x08002f89   Thumb Code   750  comif_transmit.o(.text.ComIf_EncodeFromShadowToChannelBuffer)
    ComIf_ErrorNotify                        0x08003279   Thumb Code    34  comif.o(.text.ComIf_ErrorNotify)
    ComIf_GetChecksumMaskValue               0x080033c5   Thumb Code    68  comif_calcchecksum.o(.text.ComIf_GetChecksumMaskValue)
    ComIf_RxIndication                       0x08003525   Thumb Code   794  comif_rxindication.o(.text.ComIf_RxIndication)
    ComIf_RxIndication_ASCIIString           0x08003841   Thumb Code   170  comif_rxindication.o(.text.ComIf_RxIndication_ASCIIString)
    ComIf_RxIndication_Boot                  0x080038ed   Thumb Code    26  comif_config.o(.text.ComIf_RxIndication_Boot)
    ComIf_Transmit                           0x0800397d   Thumb Code   342  comif_transmit.o(.text.ComIf_Transmit)
    ComIf_TxConfirmation                     0x08003ad5   Thumb Code   146  comif_transmit.o(.text.ComIf_TxConfirmation)
    ComIf_UpdateTxShadowBuffer               0x08003b69   Thumb Code   260  comif_txshadowbuffer.o(.text.ComIf_UpdateTxShadowBuffer)
    DEBUG_UART_SendString                    0x08003c95   Thumb Code    16  debug.o(.text.DEBUG_UART_SendString)
    Debug_MainFunction                       0x08003cf1   Thumb Code     8  debug.o(.text.Debug_MainFunction)
    Debug_SendNumber                         0x08003cf9   Thumb Code   144  debug.o(.text.Debug_SendNumber)
    Debug_SendNumberWithDescription          0x08003d89   Thumb Code    50  debug.o(.text.Debug_SendNumberWithDescription)
    Debug_SendString                         0x08003dbd   Thumb Code    16  debug.o(.text.Debug_SendString)
    Debug_TX_Byte                            0x08003ddd   Thumb Code    22  debug.o(.text.Debug_TX_Byte)
    Debug_TX_string                          0x08003df5   Thumb Code    34  debug.o(.text.Debug_TX_string)
    FLASH_Erase_NoofSectors                  0x08003e45   Thumb Code   198  flash_main.o(.text.FLASH_Erase_NoofSectors)
    FLASH_Lock                               0x08003f0d   Thumb Code    28  flash_main.o(.text.FLASH_Lock)
    FLASH_Sector_Erase                       0x08003f29   Thumb Code   162  flash_main.o(.text.FLASH_Sector_Erase)
    FLASH_Unlock                             0x08003fcd   Thumb Code    66  flash_main.o(.text.FLASH_Unlock)
    FLASH_Write                              0x08004011   Thumb Code    40  flash_main.o(.text.FLASH_Write)
    FLASH_init                               0x08004039   Thumb Code    64  flash_main.o(.text.FLASH_init)
    Flash_Error_Check                        0x08004079   Thumb Code   114  flash_main.o(.text.Flash_Error_Check)
    Flash_Read                               0x080040ed   Thumb Code    20  flash_main.o(.text.Flash_Read)
    Flash_SingleSec_Erase                    0x08004101   Thumb Code    66  flash_main.o(.text.Flash_SingleSec_Erase)
    GpioClockEnable                          0x08004145   Thumb Code    24  ports_init.o(.text.GpioClockEnable)
    HAL_GPIO_Init                            0x0800415d   Thumb Code   718  stm32h5xx_hal_gpio.o(.text.HAL_GPIO_Init)
    IS_Chk_LtBlk_NVMValid                    0x0800442d   Thumb Code   104  nvm_driver.o(.text.IS_Chk_LtBlk_NVMValid)
    Init                                     0x08004495   Thumb Code    50  main.o(.text.Init)
    Multi_Word_write                         0x080044c9   Thumb Code   100  flash_main.o(.text.Multi_Word_write)
    NVM_Block_Read_FUN                       0x0800452d   Thumb Code   188  nvm_driver.o(.text.NVM_Block_Read_FUN)
    NVM_Block_Write                          0x080045e9   Thumb Code    86  nvm_driver.o(.text.NVM_Block_Write)
    NVM_Init                                 0x08004641   Thumb Code    20  nvm_driver.o(.text.NVM_Init)
    NVM_Multi_Word_write                     0x08004655   Thumb Code    84  nvm_driver.o(.text.NVM_Multi_Word_write)
    NVM_Scan_Block                           0x080046a9   Thumb Code    80  nvm_driver.o(.text.NVM_Scan_Block)
    NVM_data_ChkSum                          0x080046f9   Thumb Code   112  nvm_driver.o(.text.NVM_data_ChkSum)
    Nvs_Block_Read                           0x08004769   Thumb Code   104  nvs_driver.o(.text.Nvs_Block_Read)
    Nvs_Init                                 0x080047d1   Thumb Code     8  nvs_driver.o(.text.Nvs_Init)
    Nvs_Scan_Block                           0x080047d9   Thumb Code   108  nvs_driver.o(.text.Nvs_Scan_Block)
    PWREx_EnableBkupRAM_REG                  0x08004845   Thumb Code    18  backup_ram.o(.text.PWREx_EnableBkupRAM_REG)
    PWR_DisableBkUpAccess                    0x08004859   Thumb Code    18  backup_ram.o(.text.PWR_DisableBkUpAccess)
    PWR_EnableBkUpAccess                     0x0800486d   Thumb Code    18  backup_ram.o(.text.PWR_EnableBkUpAccess)
    Read_Apps_Header                         0x08004881   Thumb Code   130  nvm_driver.o(.text.Read_Apps_Header)
    SystemInit                               0x08004905   Thumb Code   282  system_stm32h5xx.o(.text.SystemInit)
    USART3_IRQHandler                        0x08004a21   Thumb Code    56  uart_driver.o(.text.USART3_IRQHandler)
    USART3_Main                              0x08004a59   Thumb Code    88  uart_driver.o(.text.USART3_Main)
    Uar3t_Tx_Byte                            0x08004ab1   Thumb Code    98  uart_driver.o(.text.Uar3t_Tx_Byte)
    Uart3_IO_init                            0x08004b15   Thumb Code    62  ports_init.o(.text.Uart3_IO_init)
    Uart3_Init                               0x08004b55   Thumb Code   116  uart_driver.o(.text.Uart3_Init)
    Update_Nvm_Block                         0x08004bc9   Thumb Code   388  nvm_driver.o(.text.Update_Nvm_Block)
    Verify_Sectors_Erase                     0x08004d4d   Thumb Code   150  flash_main.o(.text.Verify_Sectors_Erase)
    bkSRAM_Init                              0x08004e15   Thumb Code    56  backup_ram.o(.text.bkSRAM_Init)
    bkSRAM_ReadVariable                      0x08004e4d   Thumb Code    52  backup_ram.o(.text.bkSRAM_ReadVariable)
    bkSRAM_WriteVariable                     0x08004e81   Thumb Code    50  backup_ram.o(.text.bkSRAM_WriteVariable)
    calculateChecksum                        0x08004eb5   Thumb Code    64  bootloader_main.o(.text.calculateChecksum)
    debugMain                                0x08004ef5   Thumb Code    52  uart_driver.o(.text.debugMain)
    delay                                    0x08004f29   Thumb Code    38  main.o(.text.delay)
    main                                     0x08004f51   Thumb Code   120  main.o(.text.main)
    _fp_init                                 0x08004fc9   Thumb Code    26  fpinit.o(x$fpl$fpinit)
    __fplib_config_fpu_vfp                   0x08004fe1   Thumb Code     0  fpinit.o(x$fpl$fpinit)
    __fplib_config_pureend_doubles           0x08004fe1   Thumb Code     0  fpinit.o(x$fpl$fpinit)
    Region$$Table$$Base                      0x0800502c   Number         0  anon$$obj.o(Region$$Table)
    Region$$Table$$Limit                     0x0800504c   Number         0  anon$$obj.o(Region$$Table)
    Ck_Hdr                                   0x20000000   Data          48  nvm.o(.data.Ck_Hdr)
    ComIfRxMsgCfg_Boot                       0x20000030   Data          16  comif_config.o(.data.ComIfRxMsgCfg_Boot)
    ComIfTxMsgCfg_Boot                       0x20000040   Data          20  comif_config.o(.data.ComIfTxMsgCfg_Boot)
    ComIf_ChannelConfig                      0x20000054   Data          32  comif_config.o(.data.ComIf_ChannelConfig)
    NVM_Block                                0x20000074   Data          44  nvm.o(.data.NVM_Block)
    Nvs_Block_data                           0x200000a0   Data          48  nvs.o(.data.Nvs_Block_data)
    __libspace_start                         0x200000d0   Data          96  libspace.o(.bss)
    Boot_Command_Variable                    0x20000130   Data           1  bootloader_main.o(.bss.Boot_Command_Variable)
    __temporary_stack_top$libspace           0x20000130   Data           0  libspace.o(.bss)
    Boot_Rx_Data                             0x20000131   Data          21  bootloader_main.o(.bss.Boot_Rx_Data)
    Boot_State_Control                       0x20000146   Data           1  bootloader_main.o(.bss.Boot_State_Control)
    Boot_Tx_Data                             0x20000147   Data           1  bootloader_main.o(.bss.Boot_Tx_Data)
    BufferArray_Debug                        0x2000014c   Data         100  buffer_config.o(.bss.BufferArray_Debug)
    BufferArray_UART3                        0x200001b0   Data         100  buffer_config.o(.bss.BufferArray_UART3)
    Buffers                                  0x20000214   Data          16  buffer.o(.bss.Buffers)
    ComIfChannelTxBuffer_Boot                0x20000224   Data         256  comif_config.o(.bss.ComIfChannelTxBuffer_Boot)
    ComIf_RxMessageBuffer_Boot_Boot_Req_Data 0x20000324   Data          22  comif_config.o(.bss.ComIf_RxMessageBuffer_Boot_Boot_Req_Data)
    ComIf_ShadowBuffer_Boot_Boot_Response    0x2000033a   Data           1  comif_config.o(.bss.ComIf_ShadowBuffer_Boot_Boot_Response)
    Flash_Erase_Flag                         0x2000033b   Data           1  bootloader_main.o(.bss.Flash_Erase_Flag)
    Flash_Write_Flag                         0x2000033c   Data           1  bootloader_main.o(.bss.Flash_Write_Flag)
    ISNVS_Flag                               0x2000033d   Data           1  bootloader_main.o(.bss.ISNVS_Flag)
    IsNVMRead_Allow                          0x2000033e   Data           1  nvm_driver.o(.bss.IsNVMRead_Allow)
    IsRead_Allow                             0x2000033f   Data           1  nvs_driver.o(.bss.IsRead_Allow)
    Last_NVMBlock_Add                        0x20000340   Data           4  nvm_driver.o(.bss.Last_NVMBlock_Add)
    NVM_Init_Flag                            0x20000344   Data           1  nvm_driver.o(.bss.NVM_Init_Flag)
    NVM_last_block                           0x20000348   Data          32  nvm.o(.bss.NVM_last_block)
    Total_NVM_Block_No                       0x20000368   Data           1  nvm_driver.o(.bss.Total_NVM_Block_No)
    UART_BUSY_Flag                           0x20000369   Data           1  boot_transmit_uc_to_tool.o(.bss.UART_BUSY_Flag)
    UART_Init_bit                            0x2000036a   Data           1  uart_driver.o(.bss.UART_Init_bit)
    cnt                                      0x20000370   Data           4  bootloader_main.o(.bss.cnt)
    data_buf                                 0x20000374   Data          25  uart_driver.o(.bss.data_buf)



==============================================================================

Memory Map of the image

  Image Entry point : 0x08002259

  Load Region LR_IROM1 (Base: 0x08002000, Size: 0x00003120, Max: 0x00004000, ABSOLUTE)

    Execution Region ER_IROM1 (Exec base: 0x08002000, Load base: 0x08002000, Size: 0x0000304c, Max: 0x00004000, ABSOLUTE)

    Exec Addr    Load Addr    Size         Type   Attr      Idx    E Section Name        Object

    0x08002000   0x08002000   0x00000258   Data   RO          427    RESET               startup_stm32h503xx.o
    0x08002258   0x08002258   0x00000008   Code   RO          456  * !!!main             c_w.l(__main.o)
    0x08002260   0x08002260   0x00000034   Code   RO          623    !!!scatter          c_w.l(__scatter.o)
    0x08002294   0x08002294   0x0000001a   Code   RO          625    !!handler_copy      c_w.l(__scatter_copy.o)
    0x080022ae   0x080022ae   0x00000002   PAD
    0x080022b0   0x080022b0   0x0000001c   Code   RO          627    !!handler_zi        c_w.l(__scatter_zi.o)
    0x080022cc   0x080022cc   0x00000002   Code   RO          485    .ARM.Collect$$libinit$$00000000  c_w.l(libinit.o)
    0x080022ce   0x080022ce   0x00000004   Code   RO          491    .ARM.Collect$$libinit$$00000001  c_w.l(libinit2.o)
    0x080022d2   0x080022d2   0x00000000   Code   RO          494    .ARM.Collect$$libinit$$00000004  c_w.l(libinit2.o)
    0x080022d2   0x080022d2   0x00000000   Code   RO          496    .ARM.Collect$$libinit$$00000006  c_w.l(libinit2.o)
    0x080022d2   0x080022d2   0x00000000   Code   RO          499    .ARM.Collect$$libinit$$0000000C  c_w.l(libinit2.o)
    0x080022d2   0x080022d2   0x00000000   Code   RO          501    .ARM.Collect$$libinit$$0000000E  c_w.l(libinit2.o)
    0x080022d2   0x080022d2   0x00000000   Code   RO          503    .ARM.Collect$$libinit$$00000010  c_w.l(libinit2.o)
    0x080022d2   0x080022d2   0x00000000   Code   RO          506    .ARM.Collect$$libinit$$00000013  c_w.l(libinit2.o)
    0x080022d2   0x080022d2   0x00000000   Code   RO          508    .ARM.Collect$$libinit$$00000015  c_w.l(libinit2.o)
    0x080022d2   0x080022d2   0x00000000   Code   RO          510    .ARM.Collect$$libinit$$00000017  c_w.l(libinit2.o)
    0x080022d2   0x080022d2   0x00000000   Code   RO          512    .ARM.Collect$$libinit$$00000019  c_w.l(libinit2.o)
    0x080022d2   0x080022d2   0x00000000   Code   RO          514    .ARM.Collect$$libinit$$0000001B  c_w.l(libinit2.o)
    0x080022d2   0x080022d2   0x00000000   Code   RO          516    .ARM.Collect$$libinit$$0000001D  c_w.l(libinit2.o)
    0x080022d2   0x080022d2   0x00000000   Code   RO          518    .ARM.Collect$$libinit$$0000001F  c_w.l(libinit2.o)
    0x080022d2   0x080022d2   0x00000000   Code   RO          520    .ARM.Collect$$libinit$$00000021  c_w.l(libinit2.o)
    0x080022d2   0x080022d2   0x00000000   Code   RO          522    .ARM.Collect$$libinit$$00000023  c_w.l(libinit2.o)
    0x080022d2   0x080022d2   0x00000000   Code   RO          524    .ARM.Collect$$libinit$$00000025  c_w.l(libinit2.o)
    0x080022d2   0x080022d2   0x00000000   Code   RO          526    .ARM.Collect$$libinit$$00000027  c_w.l(libinit2.o)
    0x080022d2   0x080022d2   0x00000000   Code   RO          530    .ARM.Collect$$libinit$$0000002E  c_w.l(libinit2.o)
    0x080022d2   0x080022d2   0x00000000   Code   RO          532    .ARM.Collect$$libinit$$00000030  c_w.l(libinit2.o)
    0x080022d2   0x080022d2   0x00000000   Code   RO          534    .ARM.Collect$$libinit$$00000032  c_w.l(libinit2.o)
    0x080022d2   0x080022d2   0x00000000   Code   RO          536    .ARM.Collect$$libinit$$00000034  c_w.l(libinit2.o)
    0x080022d2   0x080022d2   0x00000002   Code   RO          537    .ARM.Collect$$libinit$$00000035  c_w.l(libinit2.o)
    0x080022d4   0x080022d4   0x00000002   Code   RO          559    .ARM.Collect$$libshutdown$$00000000  c_w.l(libshutdown.o)
    0x080022d6   0x080022d6   0x00000000   Code   RO          574    .ARM.Collect$$libshutdown$$00000002  c_w.l(libshutdown2.o)
    0x080022d6   0x080022d6   0x00000000   Code   RO          576    .ARM.Collect$$libshutdown$$00000004  c_w.l(libshutdown2.o)
    0x080022d6   0x080022d6   0x00000000   Code   RO          579    .ARM.Collect$$libshutdown$$00000007  c_w.l(libshutdown2.o)
    0x080022d6   0x080022d6   0x00000000   Code   RO          582    .ARM.Collect$$libshutdown$$0000000A  c_w.l(libshutdown2.o)
    0x080022d6   0x080022d6   0x00000000   Code   RO          584    .ARM.Collect$$libshutdown$$0000000C  c_w.l(libshutdown2.o)
    0x080022d6   0x080022d6   0x00000000   Code   RO          587    .ARM.Collect$$libshutdown$$0000000F  c_w.l(libshutdown2.o)
    0x080022d6   0x080022d6   0x00000002   Code   RO          588    .ARM.Collect$$libshutdown$$00000010  c_w.l(libshutdown2.o)
    0x080022d8   0x080022d8   0x00000000   Code   RO          458    .ARM.Collect$$rtentry$$00000000  c_w.l(__rtentry.o)
    0x080022d8   0x080022d8   0x00000000   Code   RO          462    .ARM.Collect$$rtentry$$00000002  c_w.l(__rtentry2.o)
    0x080022d8   0x080022d8   0x00000006   Code   RO          474    .ARM.Collect$$rtentry$$00000004  c_w.l(__rtentry4.o)
    0x080022de   0x080022de   0x00000000   Code   RO          464    .ARM.Collect$$rtentry$$00000009  c_w.l(__rtentry2.o)
    0x080022de   0x080022de   0x00000004   Code   RO          465    .ARM.Collect$$rtentry$$0000000A  c_w.l(__rtentry2.o)
    0x080022e2   0x080022e2   0x00000000   Code   RO          467    .ARM.Collect$$rtentry$$0000000C  c_w.l(__rtentry2.o)
    0x080022e2   0x080022e2   0x00000008   Code   RO          468    .ARM.Collect$$rtentry$$0000000D  c_w.l(__rtentry2.o)
    0x080022ea   0x080022ea   0x00000002   Code   RO          489    .ARM.Collect$$rtexit$$00000000  c_w.l(rtexit.o)
    0x080022ec   0x080022ec   0x00000000   Code   RO          539    .ARM.Collect$$rtexit$$00000002  c_w.l(rtexit2.o)
    0x080022ec   0x080022ec   0x00000004   Code   RO          540    .ARM.Collect$$rtexit$$00000003  c_w.l(rtexit2.o)
    0x080022f0   0x080022f0   0x00000006   Code   RO          541    .ARM.Collect$$rtexit$$00000004  c_w.l(rtexit2.o)
    0x080022f6   0x080022f6   0x00000002   PAD
    0x080022f8   0x080022f8   0x00000044   Code   RO          428    .text               startup_stm32h503xx.o
    0x0800233c   0x0800233c   0x0000003e   Code   RO          450    .text               c_w.l(strlen.o)
    0x0800237a   0x0800237a   0x0000008a   Code   RO          452    .text               c_w.l(rt_memcpy_v6.o)
    0x08002404   0x08002404   0x00000006   Code   RO          454    .text               c_w.l(heapauxi.o)
    0x0800240a   0x0800240a   0x00000064   Code   RO          459    .text               c_w.l(rt_memcpy_w.o)
    0x0800246e   0x0800246e   0x0000004a   Code   RO          476    .text               c_w.l(sys_stackheap_outer.o)
    0x080024b8   0x080024b8   0x00000012   Code   RO          478    .text               c_w.l(exit.o)
    0x080024ca   0x080024ca   0x00000002   PAD
    0x080024cc   0x080024cc   0x00000008   Code   RO          486    .text               c_w.l(libspace.o)
    0x080024d4   0x080024d4   0x0000000c   Code   RO          549    .text               c_w.l(sys_exit.o)
    0x080024e0   0x080024e0   0x00000002   Code   RO          564    .text               c_w.l(use_no_semi.o)
    0x080024e2   0x080024e2   0x00000000   Code   RO          566    .text               c_w.l(indicate_semi.o)
    0x080024e2   0x080024e2   0x00000002   PAD
    0x080024e4   0x080024e4   0x0000001a   Code   RO          132    .text.Boot_Error_Notification  boot_transmit_uc_to_tool.o
    0x080024fe   0x080024fe   0x00000002   PAD
    0x08002500   0x08002500   0x00000556   Code   RO          147    .text.Boot_Main     bootloader_main.o
    0x08002a56   0x08002a56   0x00000002   PAD
    0x08002a58   0x08002a58   0x00000060   Code   RO          145    .text.Boot_Req_Data_RxCbk  bootloader_main.o
    0x08002ab8   0x08002ab8   0x0000002e   Code   RO          151    .text.Boot_Response_status  bootloader_main.o
    0x08002ae6   0x08002ae6   0x00000002   PAD
    0x08002ae8   0x08002ae8   0x000000b0   Code   RO          130    .text.Boot_Transmit_FUN  boot_transmit_uc_to_tool.o
    0x08002b98   0x08002b98   0x0000006e   Code   RO          182    .text.Buffer_Clear  buffer.o
    0x08002c06   0x08002c06   0x00000002   PAD
    0x08002c08   0x08002c08   0x0000005a   Code   RO          172    .text.Buffer_Create  buffer.o
    0x08002c62   0x08002c62   0x00000002   PAD
    0x08002c64   0x08002c64   0x0000009a   Code   RO          178    .text.Buffer_DeQueue  buffer.o
    0x08002cfe   0x08002cfe   0x00000002   PAD
    0x08002d00   0x08002d00   0x00000086   Code   RO          176    .text.Buffer_EnQueue  buffer.o
    0x08002d86   0x08002d86   0x00000002   PAD
    0x08002d88   0x08002d88   0x00000030   Code   RO          174    .text.Buffer_GetBuffer  buffer.o
    0x08002db8   0x08002db8   0x0000002a   Code   RO          326    .text.Buffer_Init   buffer_config.o
    0x08002de2   0x08002de2   0x00000002   PAD
    0x08002de4   0x08002de4   0x0000003a   Code   RO          180    .text.Buffer_Length  buffer.o
    0x08002e1e   0x08002e1e   0x00000002   PAD
    0x08002e20   0x08002e20   0x0000005c   Code   RO          368    .text.Chk_NVMTotal_Block  nvm_driver.o
    0x08002e7c   0x08002e7c   0x0000005a   Code   RO          254    .text.ComIf_AppendByte  comif_transmit.o
    0x08002ed6   0x08002ed6   0x00000002   PAD
    0x08002ed8   0x08002ed8   0x00000064   Code   RO          252    .text.ComIf_AppendString  comif_transmit.o
    0x08002f3c   0x08002f3c   0x0000004c   Code   RO          205    .text.ComIf_CalcChecksum  comif_calcchecksum.o
    0x08002f88   0x08002f88   0x000002ee   Code   RO          246    .text.ComIf_EncodeFromShadowToChannelBuffer  comif_transmit.o
    0x08003276   0x08003276   0x00000002   PAD
    0x08003278   0x08003278   0x00000022   Code   RO          196    .text.ComIf_ErrorNotify  comif.o
    0x0800329a   0x0800329a   0x00000002   PAD
    0x0800329c   0x0800329c   0x00000126   Code   RO          248    .text.ComIf_GetChecksumAndTentativeDataLength  comif_transmit.o
    0x080033c2   0x080033c2   0x00000002   PAD
    0x080033c4   0x080033c4   0x00000044   Code   RO          207    .text.ComIf_GetChecksumMaskValue  comif_calcchecksum.o
    0x08003408   0x08003408   0x0000005c   Code   RO          220    .text.ComIf_GetHandle  comif_rxindication.o
    0x08003464   0x08003464   0x0000003c   Code   RO          264    .text.ComIf_IsNeedDelimiter  comif_transmit.o
    0x080034a0   0x080034a0   0x00000082   Code   RO          218    .text.ComIf_ResetRxInfo  comif_rxindication.o
    0x08003522   0x08003522   0x00000002   PAD
    0x08003524   0x08003524   0x0000031a   Code   RO          216    .text.ComIf_RxIndication  comif_rxindication.o
    0x0800383e   0x0800383e   0x00000002   PAD
    0x08003840   0x08003840   0x000000aa   Code   RO          224    .text.ComIf_RxIndication_ASCIIString  comif_rxindication.o
    0x080038ea   0x080038ea   0x00000002   PAD
    0x080038ec   0x080038ec   0x0000001a   Code   RO          336    .text.ComIf_RxIndication_Boot  comif_config.o
    0x08003906   0x08003906   0x00000002   PAD
    0x08003908   0x08003908   0x00000072   Code   RO          222    .text.ComIf_StoreDataByte  comif_rxindication.o
    0x0800397a   0x0800397a   0x00000002   PAD
    0x0800397c   0x0800397c   0x00000156   Code   RO          256    .text.ComIf_Transmit  comif_transmit.o
    0x08003ad2   0x08003ad2   0x00000002   PAD
    0x08003ad4   0x08003ad4   0x00000092   Code   RO          258    .text.ComIf_TxConfirmation  comif_transmit.o
    0x08003b66   0x08003b66   0x00000002   PAD
    0x08003b68   0x08003b68   0x00000104   Code   RO          275    .text.ComIf_UpdateTxShadowBuffer  comif_txshadowbuffer.o
    0x08003c6c   0x08003c6c   0x00000026   Code   RO          250    .text.ConvertByteToString  comif_transmit.o
    0x08003c92   0x08003c92   0x00000002   PAD
    0x08003c94   0x08003c94   0x00000010   Code   RO          290    .text.DEBUG_UART_SendString  debug.o
    0x08003ca4   0x08003ca4   0x00000028   Code   RO          306    .text.Debug_AggregateByte  debug.o
    0x08003ccc   0x08003ccc   0x00000024   Code   RO          304    .text.Debug_AggregateString  debug.o
    0x08003cf0   0x08003cf0   0x00000008   Code   RO          314    .text.Debug_MainFunction  debug.o
    0x08003cf8   0x08003cf8   0x00000090   Code   RO          298    .text.Debug_SendNumber  debug.o
    0x08003d88   0x08003d88   0x00000032   Code   RO          300    .text.Debug_SendNumberWithDescription  debug.o
    0x08003dba   0x08003dba   0x00000002   PAD
    0x08003dbc   0x08003dbc   0x00000010   Code   RO          296    .text.Debug_SendString  debug.o
    0x08003dcc   0x08003dcc   0x0000000e   Code   RO          302    .text.Debug_StartAggregation  debug.o
    0x08003dda   0x08003dda   0x00000002   PAD
    0x08003ddc   0x08003ddc   0x00000016   Code   RO          286    .text.Debug_TX_Byte  debug.o
    0x08003df2   0x08003df2   0x00000002   PAD
    0x08003df4   0x08003df4   0x00000022   Code   RO          288    .text.Debug_TX_string  debug.o
    0x08003e16   0x08003e16   0x00000002   PAD
    0x08003e18   0x08003e18   0x0000002c   Code   RO          308    .text.Debug_TransmitAggregatedData  debug.o
    0x08003e44   0x08003e44   0x000000c6   Code   RO          100    .text.FLASH_Erase_NoofSectors  flash_main.o
    0x08003f0a   0x08003f0a   0x00000002   PAD
    0x08003f0c   0x08003f0c   0x0000001c   Code   RO           86    .text.FLASH_Lock    flash_main.o
    0x08003f28   0x08003f28   0x000000a2   Code   RO           96    .text.FLASH_Sector_Erase  flash_main.o
    0x08003fca   0x08003fca   0x00000002   PAD
    0x08003fcc   0x08003fcc   0x00000042   Code   RO           84    .text.FLASH_Unlock  flash_main.o
    0x0800400e   0x0800400e   0x00000002   PAD
    0x08004010   0x08004010   0x00000028   Code   RO           90    .text.FLASH_Write   flash_main.o
    0x08004038   0x08004038   0x00000040   Code   RO           82    .text.FLASH_init    flash_main.o
    0x08004078   0x08004078   0x00000072   Code   RO           94    .text.Flash_Error_Check  flash_main.o
    0x080040ea   0x080040ea   0x00000002   PAD
    0x080040ec   0x080040ec   0x00000014   Code   RO           88    .text.Flash_Read    flash_main.o
    0x08004100   0x08004100   0x00000042   Code   RO           98    .text.Flash_SingleSec_Erase  flash_main.o
    0x08004142   0x08004142   0x00000002   PAD
    0x08004144   0x08004144   0x00000018   Code   RO           40    .text.GpioClockEnable  ports_init.o
    0x0800415c   0x0800415c   0x000002ce   Code   RO           19    .text.HAL_GPIO_Init  stm32h5xx_hal_gpio.o
    0x0800442a   0x0800442a   0x00000002   PAD
    0x0800442c   0x0800442c   0x00000068   Code   RO          364    .text.IS_Chk_LtBlk_NVMValid  nvm_driver.o
    0x08004494   0x08004494   0x00000032   Code   RO            4    .text.Init          main.o
    0x080044c6   0x080044c6   0x00000002   PAD
    0x080044c8   0x080044c8   0x00000064   Code   RO           92    .text.Multi_Word_write  flash_main.o
    0x0800452c   0x0800452c   0x000000bc   Code   RO          362    .text.NVM_Block_Read_FUN  nvm_driver.o
    0x080045e8   0x080045e8   0x00000056   Code   RO          370    .text.NVM_Block_Write  nvm_driver.o
    0x0800463e   0x0800463e   0x00000002   PAD
    0x08004640   0x08004640   0x00000014   Code   RO          358    .text.NVM_Init      nvm_driver.o
    0x08004654   0x08004654   0x00000054   Code   RO          372    .text.NVM_Multi_Word_write  nvm_driver.o
    0x080046a8   0x080046a8   0x00000050   Code   RO          360    .text.NVM_Scan_Block  nvm_driver.o
    0x080046f8   0x080046f8   0x00000070   Code   RO          366    .text.NVM_data_ChkSum  nvm_driver.o
    0x08004768   0x08004768   0x00000068   Code   RO          406    .text.Nvs_Block_Read  nvs_driver.o
    0x080047d0   0x080047d0   0x00000008   Code   RO          402    .text.Nvs_Init      nvs_driver.o
    0x080047d8   0x080047d8   0x0000006c   Code   RO          404    .text.Nvs_Scan_Block  nvs_driver.o
    0x08004844   0x08004844   0x00000012   Code   RO          115    .text.PWREx_EnableBkupRAM_REG  backup_ram.o
    0x08004856   0x08004856   0x00000002   PAD
    0x08004858   0x08004858   0x00000012   Code   RO          113    .text.PWR_DisableBkUpAccess  backup_ram.o
    0x0800486a   0x0800486a   0x00000002   PAD
    0x0800486c   0x0800486c   0x00000012   Code   RO          111    .text.PWR_EnableBkUpAccess  backup_ram.o
    0x0800487e   0x0800487e   0x00000002   PAD
    0x08004880   0x08004880   0x00000082   Code   RO          378    .text.Read_Apps_Header  nvm_driver.o
    0x08004902   0x08004902   0x00000002   PAD
    0x08004904   0x08004904   0x0000011a   Code   RO          435    .text.SystemInit    system_stm32h5xx.o
    0x08004a1e   0x08004a1e   0x00000002   PAD
    0x08004a20   0x08004a20   0x00000038   Code   RO           59    .text.USART3_IRQHandler  uart_driver.o
    0x08004a58   0x08004a58   0x00000058   Code   RO           61    .text.USART3_Main   uart_driver.o
    0x08004ab0   0x08004ab0   0x00000062   Code   RO           55    .text.Uar3t_Tx_Byte  uart_driver.o
    0x08004b12   0x08004b12   0x00000002   PAD
    0x08004b14   0x08004b14   0x0000003e   Code   RO           42    .text.Uart3_IO_init  ports_init.o
    0x08004b52   0x08004b52   0x00000002   PAD
    0x08004b54   0x08004b54   0x00000074   Code   RO           51    .text.Uart3_Init    uart_driver.o
    0x08004bc8   0x08004bc8   0x00000184   Code   RO          380    .text.Update_Nvm_Block  nvm_driver.o
    0x08004d4c   0x08004d4c   0x00000096   Code   RO          102    .text.Verify_Sectors_Erase  flash_main.o
    0x08004de2   0x08004de2   0x00000002   PAD
    0x08004de4   0x08004de4   0x00000030   Code   RO           53    .text.__NVIC_EnableIRQ  uart_driver.o
    0x08004e14   0x08004e14   0x00000038   Code   RO          121    .text.bkSRAM_Init   backup_ram.o
    0x08004e4c   0x08004e4c   0x00000034   Code   RO          117    .text.bkSRAM_ReadVariable  backup_ram.o
    0x08004e80   0x08004e80   0x00000032   Code   RO          119    .text.bkSRAM_WriteVariable  backup_ram.o
    0x08004eb2   0x08004eb2   0x00000002   PAD
    0x08004eb4   0x08004eb4   0x00000040   Code   RO          149    .text.calculateChecksum  bootloader_main.o
    0x08004ef4   0x08004ef4   0x00000034   Code   RO           63    .text.debugMain     uart_driver.o
    0x08004f28   0x08004f28   0x00000026   Code   RO            6    .text.delay         main.o
    0x08004f4e   0x08004f4e   0x00000002   PAD
    0x08004f50   0x08004f50   0x00000078   Code   RO            2    .text.main          main.o
    0x08004fc8   0x08004fc8   0x0000001a   Code   RO          547    x$fpl$fpinit        fz_wm.l(fpinit.o)
    0x08004fe2   0x08004fe2   0x00000008   Data   RO           10    .rodata.str1.1      main.o
    0x08004fea   0x08004fea   0x0000000a   Data   RO          137    .rodata.str1.1      boot_transmit_uc_to_tool.o
    0x08004ff4   0x08004ff4   0x00000033   Data   RO          160    .rodata.str1.1      bootloader_main.o
    0x08005027   0x08005027   0x00000002   Data   RO          316    .rodata.str1.1      debug.o
    0x08005029   0x08005029   0x00000003   PAD
    0x0800502c   0x0800502c   0x00000020   Data   RO          622    Region$$Table       anon$$obj.o


    Execution Region RW_IRAM1 (Exec base: 0x20000000, Load base: 0x08005050, Size: 0x000009c8, Max: 0x00004000, ABSOLUTE)

    Exec Addr    Load Addr    Size         Type   Attr      Idx    E Section Name        Object

    0x20000000   0x08005050   0x00000030   Data   RW          351    .data.Ck_Hdr        nvm.o
    0x20000030   0x08005080   0x00000010   Data   RW          341    .data.ComIfRxMsgCfg_Boot  comif_config.o
    0x20000040   0x08005090   0x00000014   Data   RW          339    .data.ComIfTxMsgCfg_Boot  comif_config.o
    0x20000054   0x080050a4   0x00000020   Data   RW          343    .data.ComIf_ChannelConfig  comif_config.o
    0x20000074   0x080050c4   0x0000002c   Data   RW          350    .data.NVM_Block     nvm.o
    0x200000a0   0x080050f0   0x00000030   Data   RW          396    .data.Nvs_Block_data  nvs.o
    0x200000d0        -       0x00000060   Zero   RW          487    .bss                c_w.l(libspace.o)
    0x20000130        -       0x00000001   Zero   RW          155    .bss.Boot_Command_Variable  bootloader_main.o
    0x20000131        -       0x00000015   Zero   RW          159    .bss.Boot_Rx_Data   bootloader_main.o
    0x20000146        -       0x00000001   Zero   RW          154    .bss.Boot_State_Control  bootloader_main.o
    0x20000147        -       0x00000001   Zero   RW          161    .bss.Boot_Tx_Data   bootloader_main.o
    0x20000148        -       0x00000004   Zero   RW            9    .bss.Boot_or_App    main.o
    0x2000014c        -       0x00000064   Zero   RW          329    .bss.BufferArray_Debug  buffer_config.o
    0x200001b0        -       0x00000064   Zero   RW          328    .bss.BufferArray_UART3  buffer_config.o
    0x20000214        -       0x00000010   Zero   RW          184    .bss.Buffers        buffer.o
    0x20000224        -       0x00000100   Zero   RW          342    .bss.ComIfChannelTxBuffer_Boot  comif_config.o
    0x20000324        -       0x00000016   Zero   RW          340    .bss.ComIf_RxMessageBuffer_Boot_Boot_Req_Data  comif_config.o
    0x2000033a        -       0x00000001   Zero   RW          338    .bss.ComIf_ShadowBuffer_Boot_Boot_Response  comif_config.o
    0x2000033b        -       0x00000001   Zero   RW          158    .bss.Flash_Erase_Flag  bootloader_main.o
    0x2000033c        -       0x00000001   Zero   RW          156    .bss.Flash_Write_Flag  bootloader_main.o
    0x2000033d        -       0x00000001   Zero   RW          157    .bss.ISNVS_Flag     bootloader_main.o
    0x2000033e        -       0x00000001   Zero   RW          384    .bss.IsNVMRead_Allow  nvm_driver.o
    0x2000033f        -       0x00000001   Zero   RW          416    .bss.IsRead_Allow   nvs_driver.o
    0x20000340        -       0x00000004   Zero   RW          386    .bss.Last_NVMBlock_Add  nvm_driver.o
    0x20000344        -       0x00000001   Zero   RW          385    .bss.NVM_Init_Flag  nvm_driver.o
    0x20000345   0x08005120   0x00000003   PAD
    0x20000348        -       0x00000020   Zero   RW          352    .bss.NVM_last_block  nvm.o
    0x20000368        -       0x00000001   Zero   RW          387    .bss.Total_NVM_Block_No  nvm_driver.o
    0x20000369        -       0x00000001   Zero   RW          136    .bss.UART_BUSY_Flag  boot_transmit_uc_to_tool.o
    0x2000036a        -       0x00000001   Zero   RW           65    .bss.UART_Init_bit  uart_driver.o
    0x2000036b   0x08005120   0x00000001   PAD
    0x2000036c        -       0x00000004   Zero   RW          162    .bss.Verify_AppCkSum  bootloader_main.o
    0x20000370        -       0x00000004   Zero   RW          153    .bss.cnt            bootloader_main.o
    0x20000374        -       0x00000019   Zero   RW           66    .bss.data_buf       uart_driver.o
    0x2000038d        -       0x00000032   Zero   RW          318    .bss.gs_DebugAggBuffer  debug.o
    0x200003bf        -       0x00000001   Zero   RW          317    .bss.gs_DebugAggCurIndex  debug.o
    0x200003c0        -       0x00000001   Zero   RW          388    .bss.nmblkData_lenth  nvm_driver.o
    0x200003c1   0x08005120   0x00000007   PAD
    0x200003c8        -       0x00000200   Zero   RW          426    HEAP                startup_stm32h503xx.o
    0x200005c8        -       0x00000400   Zero   RW          425    STACK               startup_stm32h503xx.o


==============================================================================

Image component sizes


      Code (inc. data)   RO Data    RW Data    ZI Data      Debug   Object Name

       212          0          0          0          0       3292   backup_ram.o
       202          0         10          0          1       1640   boot_transmit_uc_to_tool.o
      1572         10         51          0         35       4396   bootloader_main.o
       594          0          0          0         16       2453   buffer.o
        42          0          0          0        200        685   buffer_config.o
        34          0          0          0          0       3376   comif.o
       144          0          0          0          0        976   comif_calcchecksum.o
        26          0          0         68        279       3030   comif_config.o
      1300          0          0          0          0       4932   comif_rxindication.o
      1820          0          0          0          0       6546   comif_transmit.o
       260          0          0          0          0       3597   comif_txshadowbuffer.o
       424          0          2          0         51       3026   debug.o
      1008          0          0          0          0       4867   flash_main.o
       208          0          8          0          4       1305   main.o
         0          0          0         92         32       1515   nvm.o
      1284          0          0          0          8       5294   nvm_driver.o
         0          0          0         48          0       1053   nvs.o
       220          0          0          0          1       2939   nvs_driver.o
        86          0          0          0          0       2961   ports_init.o
        68         28        600          0       1536       1056   startup_stm32h503xx.o
       718          0          0          0          0       4410   stm32h5xx_hal_gpio.o
       282          0          0          0          0       5445   system_stm32h5xx.o
       458          0          0          0         26       5188   uart_driver.o

    ----------------------------------------------------------------------
     11048         38        706        208       2200      73982   Object Totals
         0          0         32          0          0          0   (incl. Generated)
        86          0          3          0         11          0   (incl. Padding)

    ----------------------------------------------------------------------

      Code (inc. data)   RO Data    RW Data    ZI Data      Debug   Library Member Name

         8          0          0          0          0         68   __main.o
         0          0          0          0          0          0   __rtentry.o
        12          0          0          0          0          0   __rtentry2.o
         6          0          0          0          0          0   __rtentry4.o
        52          8          0          0          0          0   __scatter.o
        26          0          0          0          0          0   __scatter_copy.o
        28          0          0          0          0          0   __scatter_zi.o
        18          0          0          0          0         80   exit.o
         6          0          0          0          0        152   heapauxi.o
         0          0          0          0          0          0   indicate_semi.o
         2          0          0          0          0          0   libinit.o
         6          0          0          0          0          0   libinit2.o
         2          0          0          0          0          0   libshutdown.o
         2          0          0          0          0          0   libshutdown2.o
         8          4          0          0         96         68   libspace.o
       138          0          0          0          0         68   rt_memcpy_v6.o
       100          0          0          0          0         80   rt_memcpy_w.o
         2          0          0          0          0          0   rtexit.o
        10          0          0          0          0          0   rtexit2.o
        62          0          0          0          0         76   strlen.o
        12          4          0          0          0         68   sys_exit.o
        74          0          0          0          0         80   sys_stackheap_outer.o
         2          0          0          0          0         68   use_no_semi.o
        26          0          0          0          0        116   fpinit.o

    ----------------------------------------------------------------------
       610         16          0          0         96        924   Library Totals
         8          0          0          0          0          0   (incl. Padding)

    ----------------------------------------------------------------------

      Code (inc. data)   RO Data    RW Data    ZI Data      Debug   Library Name

       576         16          0          0         96        808   c_w.l
        26          0          0          0          0        116   fz_wm.l

    ----------------------------------------------------------------------
       610         16          0          0         96        924   Library Totals

    ----------------------------------------------------------------------

==============================================================================


      Code (inc. data)   RO Data    RW Data    ZI Data      Debug   

     11658         54        706        208       2296      74214   Grand Totals
     11658         54        706        208       2296      74214   ELF Image Totals
     11658         54        706        208          0          0   ROM Totals

==============================================================================

    Total RO  Size (Code + RO Data)                12364 (  12.07kB)
    Total RW  Size (RW Data + ZI Data)              2504 (   2.45kB)
    Total ROM Size (Code + RO Data + RW Data)      12572 (  12.28kB)

==============================================================================

