Archive member included to satisfy reference by file (symbol)

C:/ST/STM32CubeIDE_1.14.1/STM32CubeIDE/plugins/com.st.stm32cube.ide.mcu.externaltools.gnu-tools-for-stm32.12.3.rel1.win32_1.0.100.202403111256/tools/bin/../lib/gcc/arm-none-eabi/12.3.1/../../../../arm-none-eabi/lib/thumb/v8-m.main+fp/hard\libc_nano.a(libc_a-exit.o)
                              C:/ST/STM32CubeIDE_1.14.1/STM32CubeIDE/plugins/com.st.stm32cube.ide.mcu.externaltools.gnu-tools-for-stm32.12.3.rel1.win32_1.0.100.202403111256/tools/bin/../lib/gcc/arm-none-eabi/12.3.1/../../../../arm-none-eabi/lib/thumb/v8-m.main+fp/hard/crt0.o (exit)
C:/ST/STM32CubeIDE_1.14.1/STM32CubeIDE/plugins/com.st.stm32cube.ide.mcu.externaltools.gnu-tools-for-stm32.12.3.rel1.win32_1.0.100.202403111256/tools/bin/../lib/gcc/arm-none-eabi/12.3.1/../../../../arm-none-eabi/lib/thumb/v8-m.main+fp/hard\libc_nano.a(libc_a-malloc.o)
                              ./USB/Class/CDC/Src/usbh_cdc.o (malloc)
C:/ST/STM32CubeIDE_1.14.1/STM32CubeIDE/plugins/com.st.stm32cube.ide.mcu.externaltools.gnu-tools-for-stm32.12.3.rel1.win32_1.0.100.202403111256/tools/bin/../lib/gcc/arm-none-eabi/12.3.1/../../../../arm-none-eabi/lib/thumb/v8-m.main+fp/hard\libc_nano.a(libc_a-mallocr.o)
                              C:/ST/STM32CubeIDE_1.14.1/STM32CubeIDE/plugins/com.st.stm32cube.ide.mcu.externaltools.gnu-tools-for-stm32.12.3.rel1.win32_1.0.100.202403111256/tools/bin/../lib/gcc/arm-none-eabi/12.3.1/../../../../arm-none-eabi/lib/thumb/v8-m.main+fp/hard\libc_nano.a(libc_a-malloc.o) (_malloc_r)
C:/ST/STM32CubeIDE_1.14.1/STM32CubeIDE/plugins/com.st.stm32cube.ide.mcu.externaltools.gnu-tools-for-stm32.12.3.rel1.win32_1.0.100.202403111256/tools/bin/../lib/gcc/arm-none-eabi/12.3.1/../../../../arm-none-eabi/lib/thumb/v8-m.main+fp/hard\libc_nano.a(libc_a-mlock.o)
                              C:/ST/STM32CubeIDE_1.14.1/STM32CubeIDE/plugins/com.st.stm32cube.ide.mcu.externaltools.gnu-tools-for-stm32.12.3.rel1.win32_1.0.100.202403111256/tools/bin/../lib/gcc/arm-none-eabi/12.3.1/../../../../arm-none-eabi/lib/thumb/v8-m.main+fp/hard\libc_nano.a(libc_a-mallocr.o) (__malloc_lock)
C:/ST/STM32CubeIDE_1.14.1/STM32CubeIDE/plugins/com.st.stm32cube.ide.mcu.externaltools.gnu-tools-for-stm32.12.3.rel1.win32_1.0.100.202403111256/tools/bin/../lib/gcc/arm-none-eabi/12.3.1/../../../../arm-none-eabi/lib/thumb/v8-m.main+fp/hard\libc_nano.a(libc_a-findfp.o)
                              C:/ST/STM32CubeIDE_1.14.1/STM32CubeIDE/plugins/com.st.stm32cube.ide.mcu.externaltools.gnu-tools-for-stm32.12.3.rel1.win32_1.0.100.202403111256/tools/bin/../lib/gcc/arm-none-eabi/12.3.1/../../../../arm-none-eabi/lib/thumb/v8-m.main+fp/hard\libc_nano.a(libc_a-exit.o) (__stdio_exit_handler)
C:/ST/STM32CubeIDE_1.14.1/STM32CubeIDE/plugins/com.st.stm32cube.ide.mcu.externaltools.gnu-tools-for-stm32.12.3.rel1.win32_1.0.100.202403111256/tools/bin/../lib/gcc/arm-none-eabi/12.3.1/../../../../arm-none-eabi/lib/thumb/v8-m.main+fp/hard\libc_nano.a(libc_a-fwalk.o)
                              C:/ST/STM32CubeIDE_1.14.1/STM32CubeIDE/plugins/com.st.stm32cube.ide.mcu.externaltools.gnu-tools-for-stm32.12.3.rel1.win32_1.0.100.202403111256/tools/bin/../lib/gcc/arm-none-eabi/12.3.1/../../../../arm-none-eabi/lib/thumb/v8-m.main+fp/hard\libc_nano.a(libc_a-findfp.o) (_fwalk_sglue)
C:/ST/STM32CubeIDE_1.14.1/STM32CubeIDE/plugins/com.st.stm32cube.ide.mcu.externaltools.gnu-tools-for-stm32.12.3.rel1.win32_1.0.100.202403111256/tools/bin/../lib/gcc/arm-none-eabi/12.3.1/../../../../arm-none-eabi/lib/thumb/v8-m.main+fp/hard\libc_nano.a(libc_a-sprintf.o)
                              ./Core/Src/main.o (sprintf)
C:/ST/STM32CubeIDE_1.14.1/STM32CubeIDE/plugins/com.st.stm32cube.ide.mcu.externaltools.gnu-tools-for-stm32.12.3.rel1.win32_1.0.100.202403111256/tools/bin/../lib/gcc/arm-none-eabi/12.3.1/../../../../arm-none-eabi/lib/thumb/v8-m.main+fp/hard\libc_nano.a(libc_a-stdio.o)
                              C:/ST/STM32CubeIDE_1.14.1/STM32CubeIDE/plugins/com.st.stm32cube.ide.mcu.externaltools.gnu-tools-for-stm32.12.3.rel1.win32_1.0.100.202403111256/tools/bin/../lib/gcc/arm-none-eabi/12.3.1/../../../../arm-none-eabi/lib/thumb/v8-m.main+fp/hard\libc_nano.a(libc_a-findfp.o) (__sread)
C:/ST/STM32CubeIDE_1.14.1/STM32CubeIDE/plugins/com.st.stm32cube.ide.mcu.externaltools.gnu-tools-for-stm32.12.3.rel1.win32_1.0.100.202403111256/tools/bin/../lib/gcc/arm-none-eabi/12.3.1/../../../../arm-none-eabi/lib/thumb/v8-m.main+fp/hard\libc_nano.a(libc_a-memset.o)
                              C:/ST/STM32CubeIDE_1.14.1/STM32CubeIDE/plugins/com.st.stm32cube.ide.mcu.externaltools.gnu-tools-for-stm32.12.3.rel1.win32_1.0.100.202403111256/tools/bin/../lib/gcc/arm-none-eabi/12.3.1/../../../../arm-none-eabi/lib/thumb/v8-m.main+fp/hard/crt0.o (memset)
[...]
Memory Configuration

Name             Origin             Length             Attributes
RAM              0x20000000         0x00008000         xrw
FLASH            0x08000000         0x00020000         xr
*default*        0x00000000         0xffffffff

Linker script and memory map

LOAD C:/ST/STM32CubeIDE_1.14.1/STM32CubeIDE/plugins/com.st.stm32cube.ide.mcu.externaltools.gnu-tools-for-stm32.12.3.rel1.win32_1.0.100.202403111256/tools/bin/../lib/gcc/arm-none-eabi/12.3.1/thumb/v8-m.main+fp/hard/crti.o
LOAD C:/ST/STM32CubeIDE_1.14.1/STM32CubeIDE/plugins/com.st.stm32cube.ide.mcu.externaltools.gnu-tools-for-stm32.12.3.rel1.win32_1.0.100.202403111256/tools/bin/../lib/gcc/arm-none-eabi/12.3.1/thumb/v8-m.main+fp/hard/crtbegin.o
LOAD C:/ST/STM32CubeIDE_1.14.1/STM32CubeIDE/plugins/com.st.stm32cube.ide.mcu.externaltools.gnu-tools-for-stm32.12.3.rel1.win32_1.0.100.202403111256/tools/bin/../lib/gcc/arm-none-eabi/12.3.1/../../../../arm-none-eabi/lib/thumb/v8-m.main+fp/hard/crt0.o
LOAD ./Core/Src/main.o
LOAD ./Core/Src/stm32h5xx_hal_msp.o
LOAD ./Core/Src/stm32h5xx_it.o
LOAD ./Core/Src/syscalls.o
LOAD ./Core/Src/sysmem.o
LOAD ./Core/Src/system_stm32h5xx.o
LOAD ./Core/Startup/startup_stm32h503rbtx.o
LOAD ./Drivers/STM32H5xx_HAL_Driver/Src/stm32h5xx_hal.o
LOAD ./Drivers/STM32H5xx_HAL_Driver/Src/stm32h5xx_hal_cortex.o
LOAD ./Drivers/STM32H5xx_HAL_Driver/Src/stm32h5xx_hal_dma.o
LOAD ./Drivers/STM32H5xx_HAL_Driver/Src/stm32h5xx_hal_dma_ex.o
LOAD ./Drivers/STM32H5xx_HAL_Driver/Src/stm32h5xx_hal_exti.o
LOAD ./Drivers/STM32H5xx_HAL_Driver/Src/stm32h5xx_hal_flash.o
LOAD ./Drivers/STM32H5xx_HAL_Driver/Src/stm32h5xx_hal_flash_ex.o
LOAD ./Drivers/STM32H5xx_HAL_Driver/Src/stm32h5xx_hal_gpio.o
LOAD ./Drivers/STM32H5xx_HAL_Driver/Src/stm32h5xx_hal_hcd.o
LOAD ./Drivers/STM32H5xx_HAL_Driver/Src/stm32h5xx_hal_pwr.o
LOAD ./Drivers/STM32H5xx_HAL_Driver/Src/stm32h5xx_hal_pwr_ex.o
LOAD ./Drivers/STM32H5xx_HAL_Driver/Src/stm32h5xx_hal_rcc.o
LOAD ./Drivers/STM32H5xx_HAL_Driver/Src/stm32h5xx_hal_rcc_ex.o
LOAD ./Drivers/STM32H5xx_HAL_Driver/Src/stm32h5xx_hal_tim.o
LOAD ./Drivers/STM32H5xx_HAL_Driver/Src/stm32h5xx_hal_tim_ex.o
LOAD ./Drivers/STM32H5xx_HAL_Driver/Src/stm32h5xx_ll_usb.o
LOAD ./USB/Class/CDC/Src/usb_host.o
LOAD ./USB/Class/CDC/Src/usbh_cdc.o
LOAD ./USB/Core/Src/usbh_conf.o
LOAD ./USB/Core/Src/usbh_core.o
LOAD ./USB/Core/Src/usbh_ctlreq.o
LOAD ./USB/Core/Src/usbh_ioreq.o
LOAD ./USB/Core/Src/usbh_pipes.o
START GROUP
LOAD C:/ST/STM32CubeIDE_1.14.1/STM32CubeIDE/plugins/com.st.stm32cube.ide.mcu.externaltools.gnu-tools-for-stm32.12.3.rel1.win32_1.0.100.202403111256/tools/bin/../lib/gcc/arm-none-eabi/12.3.1/../../../../arm-none-eabi/lib/thumb/v8-m.main+fp/hard\libc_nano.a
LOAD C:/ST/STM32CubeIDE_1.14.1/STM32CubeIDE/plugins/com.st.stm32cube.ide.mcu.externaltools.gnu-tools-for-stm32.12.3.rel1.win32_1.0.100.202403111256/tools/bin/../lib/gcc/arm-none-eabi/12.3.1/../../../../arm-none-eabi/lib/thumb/v8-m.main+fp/hard\libm.a
END GROUP
START GROUP
LOAD C:/ST/STM32CubeIDE_1.14.1/STM32CubeIDE/plugins/com.st.stm32cube.ide.mcu.externaltools.gnu-tools-for-stm32.12.3.rel1.win32_1.0.100.202403111256/tools/bin/../lib/gcc/arm-none-eabi/12.3.1/thumb/v8-m.main+fp/hard\libgcc.a
LOAD C:/ST/STM32CubeIDE_1.14.1/STM32CubeIDE/plugins/com.st.stm32cube.ide.mcu.externaltools.gnu-tools-for-stm32.12.3.rel1.win32_1.0.100.202403111256/tools/bin/../lib/gcc/arm-none-eabi/12.3.1/../../../../arm-none-eabi/lib/thumb/v8-m.main+fp/hard\libc_nano.a
END GROUP
START GROUP
LOAD C:/ST/STM32CubeIDE_1.14.1/STM32CubeIDE/plugins/com.st.stm32cube.ide.mcu.externaltools.gnu-tools-for-stm32.12.3.rel1.win32_1.0.100.202403111256/tools/bin/../lib/gcc/arm-none-eabi/12.3.1/thumb/v8-m.main+fp/hard\libgcc.a
LOAD C:/ST/STM32CubeIDE_1.14.1/STM32CubeIDE/plugins/com.st.stm32cube.ide.mcu.externaltools.gnu-tools-for-stm32.12.3.rel1.win32_1.0.100.202403111256/tools/bin/../lib/gcc/arm-none-eabi/12.3.1/../../../../arm-none-eabi/lib/thumb/v8-m.main+fp/hard\libc_nano.a
LOAD C:/ST/STM32CubeIDE_1.14.1/STM32CubeIDE/plugins/com.st.stm32cube.ide.mcu.externaltools.gnu-tools-for-stm32.12.3.rel1.win32_1.0.100.202403111256/tools/bin/../lib/gcc/arm-none-eabi/12.3.1/../../../../arm-none-eabi/lib/thumb/v8-m.main+fp/hard\libnosys.a
END GROUP
START GROUP
LOAD C:/ST/STM32CubeIDE_1.14.1/STM32CubeIDE/plugins/com.st.stm32cube.ide.mcu.externaltools.gnu-tools-for-stm32.12.3.rel1.win32_1.0.100.202403111256/tools/bin/../lib/gcc/arm-none-eabi/12.3.1/thumb/v8-m.main+fp/hard\libgcc.a
LOAD C:/ST/STM32CubeIDE_1.14.1/STM32CubeIDE/plugins/com.st.stm32cube.ide.mcu.externaltools.gnu-tools-for-stm32.12.3.rel1.win32_1.0.100.202403111256/tools/bin/../lib/gcc/arm-none-eabi/12.3.1/../../../../arm-none-eabi/lib/thumb/v8-m.main+fp/hard\libc_nano.a
LOAD C:/ST/STM32CubeIDE_1.14.1/STM32CubeIDE/plugins/com.st.stm32cube.ide.mcu.externaltools.gnu-tools-for-stm32.12.3.rel1.win32_1.0.100.202403111256/tools/bin/../lib/gcc/arm-none-eabi/12.3.1/../../../../arm-none-eabi/lib/thumb/v8-m.main+fp/hard\libnosys.a
END GROUP
LOAD C:/ST/STM32CubeIDE_1.14.1/STM32CubeIDE/plugins/com.st.stm32cube.ide.mcu.externaltools.gnu-tools-for-stm32.12.3.rel1.win32_1.0.100.202403111256/tools/bin/../lib/gcc/arm-none-eabi/12.3.1/thumb/v8-m.main+fp/hard/crtend.o
LOAD C:/ST/STM32CubeIDE_1.14.1/STM32CubeIDE/plugins/com.st.stm32cube.ide.mcu.externaltools.gnu-tools-for-stm32.12.3.rel1.win32_1.0.100.202403111256/tools/bin/../lib/gcc/arm-none-eabi/12.3.1/thumb/v8-m.main+fp/hard/crtn.o
                0x20008000                        _estack = (ORIGIN (RAM) + LENGTH (RAM))
                0x00000600                        _Min_Heap_Size = 0x600
                0x00000800                        _Min_Stack_Size = 0x800

.isr_vector     0x08000000      0x258
                0x08000000                        . = ALIGN (0x4)
 *(.isr_vector)
 .isr_vector    0x08000000      0x258 ./Core/Startup/startup_stm32h503rbtx.o
                0x08000000                g_pfnVectors
                0x08000258                        . = ALIGN (0x4)

.text           0x08000258     0x9a2c
                0x08000258                        . = ALIGN (0x4)
 *(.text)
 .text          0x08000258       0x40 C:/ST/STM32CubeIDE_1.14.1/STM32CubeIDE/plugins/com.st.stm32cube.ide.mcu.externaltools.gnu-tools-for-stm32.12.3.rel1.win32_1.0.100.202403111256/tools/bin/../lib/gcc/arm-none-eabi/12.3.1/thumb/v8-m.main+fp/hard/crtbegin.o
 *(.text*)
 .text.CDC_HANDLE
                0x08000298       0x94 ./Core/Src/main.o
                0x08000298                CDC_HANDLE
 .text.main     0x0800032c       0x2c ./Core/Src/main.o
                0x0800032c                main
 .text.SystemClock_Config
                0x08000358       0xd8 ./Core/Src/main.o
                0x08000358                SystemClock_Config
 .text.MX_GPIO_Init
                0x08000430       0x8c ./Core/Src/main.o
 .text.Error_Handler
                0x080004bc        0xc ./Core/Src/main.o
                0x080004bc                Error_Handler
 .text.HAL_MspInit
                0x080004c8        0xe ./Core/Src/stm32h5xx_hal_msp.o
                0x080004c8                HAL_MspInit
 *fill*         0x080004d6        0x2 
 .text.HAL_HCD_MspInit
                0x080004d8       0xe4 ./Core/Src/stm32h5xx_hal_msp.o
                0x080004d8                HAL_HCD_MspInit
 .text.NMI_Handler
                0x080005bc        0x8 ./Core/Src/stm32h5xx_it.o
                0x080005bc                NMI_Handler
 .text.HardFault_Handler
                0x080005c4        0x8 ./Core/Src/stm32h5xx_it.o
                0x080005c4                HardFault_Handler
 .text.MemManage_Handler
                0x080005cc        0x8 ./Core/Src/stm32h5xx_it.o
                0x080005cc                MemManage_Handler
 .text.BusFault_Handler
                0x080005d4        0x8 ./Core/Src/stm32h5xx_it.o
                0x080005d4                BusFault_Handler
 .text.UsageFault_Handler
                0x080005dc        0x8 ./Core/Src/stm32h5xx_it.o
                0x080005dc                UsageFault_Handler
 .text.SVC_Handler
                0x080005e4        0xe ./Core/Src/stm32h5xx_it.o
                0x080005e4                SVC_Handler
 .text.DebugMon_Handler
                0x080005f2        0xe ./Core/Src/stm32h5xx_it.o
                0x080005f2                DebugMon_Handler
 .text.PendSV_Handler
                0x08000600        0xe ./Core/Src/stm32h5xx_it.o
                0x08000600                PendSV_Handler
 .text.SysTick_Handler
                0x0800060e        0xc ./Core/Src/stm32h5xx_it.o
                0x0800060e                SysTick_Handler
 *fill*         0x0800061a        0x2 
 .text.USB_DRD_FS_IRQHandler
                0x0800061c       0x14 ./Core/Src/stm32h5xx_it.o
                0x0800061c                USB_DRD_FS_IRQHandler
 .text._sbrk    0x08000630       0x6c ./Core/Src/sysmem.o
                0x08000630                _sbrk
 .text.SystemInit
                0x0800069c       0xe4 ./Core/Src/system_stm32h5xx.o
                0x0800069c                SystemInit
 .text.Reset_Handler
                0x08000780       0x50 ./Core/Startup/startup_stm32h503rbtx.o
                0x08000780                Reset_Handler
 .text.Default_Handler
                0x080007d0        0x2 ./Core/Startup/startup_stm32h503rbtx.o
                0x080007d0                EXTI2_IRQHandler
                0x080007d0                EXTI5_IRQHandler
                0x080007d0                I3C1_ER_IRQHandler
                0x080007d0                GPDMA2_Channel1_IRQHandler
                0x080007d0                EXTI13_IRQHandler
                0x080007d0                TIM1_CC_IRQHandler
                0x080007d0                GPDMA2_Channel3_IRQHandler
                0x080007d0                TAMP_IRQHandler
                0x080007d0                TIM6_IRQHandler
                0x080007d0                EXTI12_IRQHandler
                0x080007d0                EXTI3_IRQHandler
                0x080007d0                GPDMA1_Channel5_IRQHandler
                0x080007d0                EXTI8_IRQHandler
                0x080007d0                GPDMA2_Channel5_IRQHandler
                0x080007d0                LPTIM2_IRQHandler
                0x080007d0                GPDMA2_Channel2_IRQHandler
                0x080007d0                EXTI0_IRQHandler
                0x080007d0                I2C2_EV_IRQHandler
                0x080007d0                FPU_IRQHandler
                0x080007d0                GPDMA1_Channel3_IRQHandler
                0x080007d0                GPDMA1_Channel7_IRQHandler
                0x080007d0                FDCAN1_IT1_IRQHandler
                0x080007d0                RAMCFG_IRQHandler
                0x080007d0                SPI1_IRQHandler
                0x080007d0                GPDMA1_Channel2_IRQHandler
                0x080007d0                ADC1_IRQHandler
                0x080007d0                I3C2_ER_IRQHandler
                0x080007d0                EXTI15_IRQHandler
                0x080007d0                USART3_IRQHandler
                0x080007d0                RTC_IRQHandler
                0x080007d0                EXTI9_IRQHandler
                0x080007d0                I3C2_EV_IRQHandler
                0x080007d0                I2C1_EV_IRQHandler
                0x080007d0                GPDMA1_Channel1_IRQHandler
                0x080007d0                TIM3_IRQHandler
                0x080007d0                RCC_IRQHandler
                0x080007d0                TIM1_TRG_COM_IRQHandler
                0x080007d0                Default_Handler
                0x080007d0                GPDMA2_Channel4_IRQHandler
                0x080007d0                TIM7_IRQHandler
                0x080007d0                GPDMA1_Channel0_IRQHandler
                0x080007d0                I3C1_EV_IRQHandler
                0x080007d0                PVD_AVD_IRQHandler
                0x080007d0                SPI2_IRQHandler
                0x080007d0                EXTI14_IRQHandler
                0x080007d0                EXTI11_IRQHandler
                0x080007d0                CRS_IRQHandler
                0x080007d0                EXTI4_IRQHandler
                0x080007d0                GPDMA2_Channel0_IRQHandler
                0x080007d0                RNG_IRQHandler
                0x080007d0                GPDMA2_Channel6_IRQHandler
                0x080007d0                TIM1_UP_IRQHandler
                0x080007d0                WWDG_IRQHandler
                0x080007d0                IWDG_IRQHandler
                0x080007d0                LPUART1_IRQHandler
                0x080007d0                FDCAN1_IT0_IRQHandler
                0x080007d0                TIM2_IRQHandler
                0x080007d0                GPDMA1_Channel4_IRQHandler
                0x080007d0                EXTI7_IRQHandler
                0x080007d0                TIM1_BRK_IRQHandler
                0x080007d0                EXTI1_IRQHandler
                0x080007d0                DAC1_IRQHandler
                0x080007d0                DTS_IRQHandler
                0x080007d0                GTZC_IRQHandler
                0x080007d0                USART2_IRQHandler
                0x080007d0                GPDMA1_Channel6_IRQHandler
                0x080007d0                GPDMA2_Channel7_IRQHandler
                0x080007d0                I2C2_ER_IRQHandler
                0x080007d0                FLASH_IRQHandler
                0x080007d0                USART1_IRQHandler
                0x080007d0                EXTI10_IRQHandler
                0x080007d0                SPI3_IRQHandler
                0x080007d0                I2C1_ER_IRQHandler
                0x080007d0                EXTI6_IRQHandler
                0x080007d0                COMP1_IRQHandler
                0x080007d0                LPTIM1_IRQHandler
                0x080007d0                ICACHE_IRQHandler
                0x080007d0                HASH_IRQHandler
 *fill*         0x080007d2        0x2 
 .text.HAL_Init
                0x080007d4       0x50 ./Drivers/STM32H5xx_HAL_Driver/Src/stm32h5xx_hal.o
                0x080007d4                HAL_Init
 .text.HAL_InitTick
                0x08000824       0xec ./Drivers/STM32H5xx_HAL_Driver/Src/stm32h5xx_hal.o
                0x08000824                HAL_InitTick
 .text.HAL_IncTick
                0x08000910       0x28 ./Drivers/STM32H5xx_HAL_Driver/Src/stm32h5xx_hal.o
                0x08000910                HAL_IncTick
 .text.HAL_GetTick
                0x08000938       0x18 ./Drivers/STM32H5xx_HAL_Driver/Src/stm32h5xx_hal.o
                0x08000938                HAL_GetTick
 .text.HAL_Delay
                0x08000950       0x48 ./Drivers/STM32H5xx_HAL_Driver/Src/stm32h5xx_hal.o
                0x08000950                HAL_Delay
 .text.__NVIC_SetPriorityGrouping
                0x08000998       0x48 ./Drivers/STM32H5xx_HAL_Driver/Src/stm32h5xx_hal_cortex.o
 .text.__NVIC_GetPriorityGrouping
                0x080009e0       0x1c ./Drivers/STM32H5xx_HAL_Driver/Src/stm32h5xx_hal_cortex.o
 .text.__NVIC_EnableIRQ
                0x080009fc       0x3c ./Drivers/STM32H5xx_HAL_Driver/Src/stm32h5xx_hal_cortex.o
 .text.__NVIC_SetPriority
                0x08000a38       0x54 ./Drivers/STM32H5xx_HAL_Driver/Src/stm32h5xx_hal_cortex.o
 .text.NVIC_EncodePriority
                0x08000a8c       0x66 ./Drivers/STM32H5xx_HAL_Driver/Src/stm32h5xx_hal_cortex.o
 .text.HAL_NVIC_SetPriorityGrouping
                0x08000af2       0x16 ./Drivers/STM32H5xx_HAL_Driver/Src/stm32h5xx_hal_cortex.o
                0x08000af2                HAL_NVIC_SetPriorityGrouping
 .text.HAL_NVIC_SetPriority
                0x08000b08       0x34 ./Drivers/STM32H5xx_HAL_Driver/Src/stm32h5xx_hal_cortex.o
                0x08000b08                HAL_NVIC_SetPriority
 .text.HAL_NVIC_EnableIRQ
                0x08000b3c       0x1c ./Drivers/STM32H5xx_HAL_Driver/Src/stm32h5xx_hal_cortex.o
                0x08000b3c                HAL_NVIC_EnableIRQ
 .text.HAL_SYSTICK_Config
                0x08000b58       0x44 ./Drivers/STM32H5xx_HAL_Driver/Src/stm32h5xx_hal_cortex.o
                0x08000b58                HAL_SYSTICK_Config
 .text.HAL_SYSTICK_CLKSourceConfig
                0x08000b9c       0xb0 ./Drivers/STM32H5xx_HAL_Driver/Src/stm32h5xx_hal_cortex.o
                0x08000b9c                HAL_SYSTICK_CLKSourceConfig
 .text.HAL_SYSTICK_GetCLKSourceConfig
                0x08000c4c       0x6c ./Drivers/STM32H5xx_HAL_Driver/Src/stm32h5xx_hal_cortex.o
                0x08000c4c                HAL_SYSTICK_GetCLKSourceConfig
 .text.HAL_GPIO_Init
                0x08000cb8      0x2a4 ./Drivers/STM32H5xx_HAL_Driver/Src/stm32h5xx_hal_gpio.o
                0x08000cb8                HAL_GPIO_Init
 .text.HAL_GPIO_WritePin
                0x08000f5c       0x30 ./Drivers/STM32H5xx_HAL_Driver/Src/stm32h5xx_hal_gpio.o
                0x08000f5c                HAL_GPIO_WritePin
 .text.HCD_GET_CH_RX_CNT
                0x08000f8c       0xa0 ./Drivers/STM32H5xx_HAL_Driver/Src/stm32h5xx_hal_hcd.o
 .text.HCD_GET_CH_DBUF0_CNT
                0x0800102c       0x42 ./Drivers/STM32H5xx_HAL_Driver/Src/stm32h5xx_hal_hcd.o
 .text.HCD_GET_CH_DBUF1_CNT
                0x0800106e       0x42 ./Drivers/STM32H5xx_HAL_Driver/Src/stm32h5xx_hal_hcd.o
 .text.HAL_HCD_Init
                0x080010b0       0xa0 ./Drivers/STM32H5xx_HAL_Driver/Src/stm32h5xx_hal_hcd.o
                0x080010b0                HAL_HCD_Init
 .text.HAL_HCD_HC_Init
                0x08001150      0x720 ./Drivers/STM32H5xx_HAL_Driver/Src/stm32h5xx_hal_hcd.o
                0x08001150                HAL_HCD_HC_Init
 .text.HAL_HCD_HC_Halt
                0x08001870       0x94 ./Drivers/STM32H5xx_HAL_Driver/Src/stm32h5xx_hal_hcd.o
                0x08001870                HAL_HCD_HC_Halt
 .text.HAL_HCD_SuspendCallback
                0x08001904       0x14 ./Drivers/STM32H5xx_HAL_Driver/Src/stm32h5xx_hal_hcd.o
                0x08001904                HAL_HCD_SuspendCallback
 .text.HAL_HCD_ResumeCallback
                0x08001918       0x14 ./Drivers/STM32H5xx_HAL_Driver/Src/stm32h5xx_hal_hcd.o
                0x08001918                HAL_HCD_ResumeCallback
 .text.HAL_HCD_HC_SubmitRequest
                0x0800192c      0x30c ./Drivers/STM32H5xx_HAL_Driver/Src/stm32h5xx_hal_hcd.o
                0x0800192c                HAL_HCD_HC_SubmitRequest
 .text.HAL_HCD_IRQHandler
                0x08001c38      0x182 ./Drivers/STM32H5xx_HAL_Driver/Src/stm32h5xx_hal_hcd.o
                0x08001c38                HAL_HCD_IRQHandler
 .text.HAL_HCD_Start
                0x08001dba       0x68 ./Drivers/STM32H5xx_HAL_Driver/Src/stm32h5xx_hal_hcd.o
                0x08001dba                HAL_HCD_Start
 .text.HAL_HCD_Stop
                0x08001e22       0x4e ./Drivers/STM32H5xx_HAL_Driver/Src/stm32h5xx_hal_hcd.o
                0x08001e22                HAL_HCD_Stop
 .text.HAL_HCD_ResetPort
                0x08001e70       0x4c ./Drivers/STM32H5xx_HAL_Driver/Src/stm32h5xx_hal_hcd.o
                0x08001e70                HAL_HCD_ResetPort
 .text.HAL_HCD_HC_GetURBState
                0x08001ebc       0x2a ./Drivers/STM32H5xx_HAL_Driver/Src/stm32h5xx_hal_hcd.o
                0x08001ebc                HAL_HCD_HC_GetURBState
 .text.HAL_HCD_HC_GetXferCount
                0x08001ee6       0x2a ./Drivers/STM32H5xx_HAL_Driver/Src/stm32h5xx_hal_hcd.o
                0x08001ee6                HAL_HCD_HC_GetXferCount
 .text.HAL_HCD_GetCurrentFrame
                0x08001f10       0x1c ./Drivers/STM32H5xx_HAL_Driver/Src/stm32h5xx_hal_hcd.o
                0x08001f10                HAL_HCD_GetCurrentFrame
 .text.HAL_HCD_GetCurrentSpeed
                0x08001f2c       0x1c ./Drivers/STM32H5xx_HAL_Driver/Src/stm32h5xx_hal_hcd.o
                0x08001f2c                HAL_HCD_GetCurrentSpeed
 .text.HCD_HC_OUT_BulkDb
                0x08001f48      0x82c ./Drivers/STM32H5xx_HAL_Driver/Src/stm32h5xx_hal_hcd.o
 .text.HCD_HC_IN_BulkDb
                0x08002774      0x39c ./Drivers/STM32H5xx_HAL_Driver/Src/stm32h5xx_hal_hcd.o
 .text.HCD_HC_IN_ISO
                0x08002b10      0x288 ./Drivers/STM32H5xx_HAL_Driver/Src/stm32h5xx_hal_hcd.o
 .text.HCD_HC_IN_IRQHandler
                0x08002d98      0x620 ./Drivers/STM32H5xx_HAL_Driver/Src/stm32h5xx_hal_hcd.o
 .text.HCD_HC_OUT_IRQHandler
                0x080033b8      0x6ec ./Drivers/STM32H5xx_HAL_Driver/Src/stm32h5xx_hal_hcd.o
 .text.HCD_Port_IRQHandler
                0x08003aa4       0xba ./Drivers/STM32H5xx_HAL_Driver/Src/stm32h5xx_hal_hcd.o
 .text.HAL_HCD_Check_usedChannel
                0x08003b5e       0xa0 ./Drivers/STM32H5xx_HAL_Driver/Src/stm32h5xx_hal_hcd.o
 .text.HAL_HCD_GetLogical_Channel
                0x08003bfe       0x9c ./Drivers/STM32H5xx_HAL_Driver/Src/stm32h5xx_hal_hcd.o
 .text.HAL_HCD_Get_FreePhyChannel
                0x08003c9a      0x2c8 ./Drivers/STM32H5xx_HAL_Driver/Src/stm32h5xx_hal_hcd.o
 .text.HAL_HCD_ClearPhyChannel
                0x08003f62       0x48 ./Drivers/STM32H5xx_HAL_Driver/Src/stm32h5xx_hal_hcd.o
 .text.HAL_HCD_GetFreePMA
                0x08003faa      0x1b4 ./Drivers/STM32H5xx_HAL_Driver/Src/stm32h5xx_hal_hcd.o
 .text.HAL_HCD_PMAlloc
                0x0800415e      0x174 ./Drivers/STM32H5xx_HAL_Driver/Src/stm32h5xx_hal_hcd.o
                0x0800415e                HAL_HCD_PMAlloc
 .text.HAL_HCD_PMAReset
                0x080042d2       0x60 ./Drivers/STM32H5xx_HAL_Driver/Src/stm32h5xx_hal_hcd.o
                0x080042d2                HAL_HCD_PMAReset
 .text.HAL_HCD_PMAFree
                0x08004332      0x106 ./Drivers/STM32H5xx_HAL_Driver/Src/stm32h5xx_hal_hcd.o
 .text.HAL_RCC_OscConfig
                0x08004438      0x870 ./Drivers/STM32H5xx_HAL_Driver/Src/stm32h5xx_hal_rcc.o
                0x08004438                HAL_RCC_OscConfig
 .text.HAL_RCC_ClockConfig
                0x08004ca8      0x370 ./Drivers/STM32H5xx_HAL_Driver/Src/stm32h5xx_hal_rcc.o
                0x08004ca8                HAL_RCC_ClockConfig
 .text.HAL_RCC_GetSysClockFreq
                0x08005018      0x258 ./Drivers/STM32H5xx_HAL_Driver/Src/stm32h5xx_hal_rcc.o
                0x08005018                HAL_RCC_GetSysClockFreq
 .text.HAL_RCC_GetHCLKFreq
                0x08005270       0x38 ./Drivers/STM32H5xx_HAL_Driver/Src/stm32h5xx_hal_rcc.o
                0x08005270                HAL_RCC_GetHCLKFreq
 .text.HAL_RCCEx_PeriphCLKConfig
                0x080052a8      0xc48 ./Drivers/STM32H5xx_HAL_Driver/Src/stm32h5xx_hal_rcc_ex.o
                0x080052a8                HAL_RCCEx_PeriphCLKConfig
 .text.RCCEx_PLL2_Config
                0x08005ef0      0x130 ./Drivers/STM32H5xx_HAL_Driver/Src/stm32h5xx_hal_rcc_ex.o
 .text.USB_CoreReset
                0x08006020       0x2e ./Drivers/STM32H5xx_HAL_Driver/Src/stm32h5xx_ll_usb.o
 .text.USB_CoreInit
                0x0800604e       0x3c ./Drivers/STM32H5xx_HAL_Driver/Src/stm32h5xx_ll_usb.o
                0x0800604e                USB_CoreInit
 .text.USB_DisableGlobalInt
                0x0800608a       0x2a ./Drivers/STM32H5xx_HAL_Driver/Src/stm32h5xx_ll_usb.o
                0x0800608a                USB_DisableGlobalInt
 .text.USB_SetCurrentMode
                0x080060b4       0x46 ./Drivers/STM32H5xx_HAL_Driver/Src/stm32h5xx_ll_usb.o
                0x080060b4                USB_SetCurrentMode
 .text.USB_ReadInterrupts
                0x080060fa       0x1c ./Drivers/STM32H5xx_HAL_Driver/Src/stm32h5xx_ll_usb.o
                0x080060fa                USB_ReadInterrupts
 .text.USB_WritePMA
                0x08006116       0xc2 ./Drivers/STM32H5xx_HAL_Driver/Src/stm32h5xx_ll_usb.o
                0x08006116                USB_WritePMA
 .text.USB_ReadPMA
                0x080061d8       0xbc ./Drivers/STM32H5xx_HAL_Driver/Src/stm32h5xx_ll_usb.o
                0x080061d8                USB_ReadPMA
 .text.USB_HostInit
                0x08006294       0x5a ./Drivers/STM32H5xx_HAL_Driver/Src/stm32h5xx_ll_usb.o
                0x08006294                USB_HostInit
 .text.USB_ResetPort
                0x080062ee       0x36 ./Drivers/STM32H5xx_HAL_Driver/Src/stm32h5xx_ll_usb.o
                0x080062ee                USB_ResetPort
 .text.USB_GetHostSpeed
                0x08006324       0x26 ./Drivers/STM32H5xx_HAL_Driver/Src/stm32h5xx_ll_usb.o
                0x08006324                USB_GetHostSpeed
 .text.USB_GetCurrentFrame
                0x0800634a       0x1c ./Drivers/STM32H5xx_HAL_Driver/Src/stm32h5xx_ll_usb.o
                0x0800634a                USB_GetCurrentFrame
 .text.USB_HC_DoubleBuffer
                0x08006366       0x64 ./Drivers/STM32H5xx_HAL_Driver/Src/stm32h5xx_ll_usb.o
                0x08006366                USB_HC_DoubleBuffer
 *fill*         0x080063ca        0x2 
 .text.USB_HC_Init
                0x080063cc       0xd0 ./Drivers/STM32H5xx_HAL_Driver/Src/stm32h5xx_ll_usb.o
                0x080063cc                USB_HC_Init
 .text.USB_HC_StartXfer
                0x0800649c      0x660 ./Drivers/STM32H5xx_HAL_Driver/Src/stm32h5xx_ll_usb.o
                0x0800649c                USB_HC_StartXfer
 .text.USB_HC_ISO_DB_StartXfer
                0x08006afc       0xd4 ./Drivers/STM32H5xx_HAL_Driver/Src/stm32h5xx_ll_usb.o
 .text.USB_HC_BULK_DB_StartXfer
                0x08006bd0      0x26a ./Drivers/STM32H5xx_HAL_Driver/Src/stm32h5xx_ll_usb.o
 *fill*         0x08006e3a        0x2 
 .text.USB_HC_IN_Halt
                0x08006e3c       0x44 ./Drivers/STM32H5xx_HAL_Driver/Src/stm32h5xx_ll_usb.o
                0x08006e3c                USB_HC_IN_Halt
 .text.USB_HC_OUT_Halt
                0x08006e80       0x44 ./Drivers/STM32H5xx_HAL_Driver/Src/stm32h5xx_ll_usb.o
                0x08006e80                USB_HC_OUT_Halt
 .text.USB_StopHost
                0x08006ec4       0x3e ./Drivers/STM32H5xx_HAL_Driver/Src/stm32h5xx_ll_usb.o
                0x08006ec4                USB_StopHost
 .text.USBH_CDC_ReceiveCallback
                0x08006f02       0x14 ./USB/Class/CDC/Src/usb_host.o
                0x08006f02                USBH_CDC_ReceiveCallback
 *fill*         0x08006f16        0x2 
 .text.MX_USB_HOST_Init
                0x08006f18       0x90 ./USB/Class/CDC/Src/usb_host.o
                0x08006f18                MX_USB_HOST_Init
 .text.MX_USB_HOST_Process
                0x08006fa8       0x14 ./USB/Class/CDC/Src/usb_host.o
                0x08006fa8                MX_USB_HOST_Process
 .text.USBH_UserProcess
                0x08006fbc       0x8c ./USB/Class/CDC/Src/usb_host.o
 .text.USBH_CDC_InterfaceInit
                0x08007048      0x2ac ./USB/Class/CDC/Src/usbh_cdc.o
 .text.USBH_CDC_InterfaceDeInit
                0x080072f4       0xb2 ./USB/Class/CDC/Src/usbh_cdc.o
 .text.USBH_CDC_ClassRequest
                0x080073a6       0x3e ./USB/Class/CDC/Src/usbh_cdc.o
 .text.USBH_CDC_Process
                0x080073e4      0x12c ./USB/Class/CDC/Src/usbh_cdc.o
 .text.USBH_CDC_SOFProcess
                0x08007510       0x16 ./USB/Class/CDC/Src/usbh_cdc.o
 .text.USBH_CDC_Stop
                0x08007526       0x52 ./USB/Class/CDC/Src/usbh_cdc.o
                0x08007526                USBH_CDC_Stop
 .text.GetLineCoding
                0x08007578       0x3e ./USB/Class/CDC/Src/usbh_cdc.o
 .text.SetLineCoding
                0x080075b6       0x3e ./USB/Class/CDC/Src/usbh_cdc.o
 .text.USBH_CDC_Transmit
                0x080075f4       0x5c ./USB/Class/CDC/Src/usbh_cdc.o
                0x080075f4                USBH_CDC_Transmit
 .text.USBH_CDC_Receive
                0x08007650       0x5c ./USB/Class/CDC/Src/usbh_cdc.o
                0x08007650                USBH_CDC_Receive
 .text.CDC_ProcessTransmission
                0x080076ac       0xec ./USB/Class/CDC/Src/usbh_cdc.o
 .text.CDC_ProcessReception
                0x08007798       0xb6 ./USB/Class/CDC/Src/usbh_cdc.o
 .text.USBH_CDC_TransmitCallback
                0x0800784e       0x14 ./USB/Class/CDC/Src/usbh_cdc.o
                0x0800784e                USBH_CDC_TransmitCallback
 .text.USBH_CDC_LineCodingChanged
                0x08007862       0x14 ./USB/Class/CDC/Src/usbh_cdc.o
                0x08007862                USBH_CDC_LineCodingChanged
 .text.HAL_HCD_SOF_Callback
                0x08007876       0x1c ./USB/Core/Src/usbh_conf.o
                0x08007876                HAL_HCD_SOF_Callback
 .text.HAL_HCD_Connect_Callback
                0x08007892       0x1c ./USB/Core/Src/usbh_conf.o
                0x08007892                HAL_HCD_Connect_Callback
 .text.HAL_HCD_Disconnect_Callback
                0x080078ae       0x1c ./USB/Core/Src/usbh_conf.o
                0x080078ae                HAL_HCD_Disconnect_Callback
 .text.HAL_HCD_HC_NotifyURBChange_Callback
                0x080078ca       0x1c ./USB/Core/Src/usbh_conf.o
                0x080078ca                HAL_HCD_HC_NotifyURBChange_Callback
 .text.HAL_HCD_PortEnabled_Callback
                0x080078e6       0x1c ./USB/Core/Src/usbh_conf.o
                0x080078e6                HAL_HCD_PortEnabled_Callback
 *fill*         0x08007902        0x2 
 .text.USBH_LL_Init
                0x08007904       0x78 ./USB/Core/Src/usbh_conf.o
                0x08007904                USBH_LL_Init
 .text.USBH_LL_Start
                0x0800797c       0x36 ./USB/Core/Src/usbh_conf.o
                0x0800797c                USBH_LL_Start
 .text.USBH_LL_Stop
                0x080079b2       0x36 ./USB/Core/Src/usbh_conf.o
                0x080079b2                USBH_LL_Stop
 .text.USBH_LL_GetSpeed
                0x080079e8       0x4e ./USB/Core/Src/usbh_conf.o
                0x080079e8                USBH_LL_GetSpeed
 .text.USBH_LL_ResetPort
                0x08007a36       0x36 ./USB/Core/Src/usbh_conf.o
                0x08007a36                USBH_LL_ResetPort
 .text.USBH_LL_GetLastXferSize
                0x08007a6c       0x26 ./USB/Core/Src/usbh_conf.o
                0x08007a6c                USBH_LL_GetLastXferSize
 .text.USBH_LL_OpenPipe
                0x08007a92       0x5e ./USB/Core/Src/usbh_conf.o
                0x08007a92                USBH_LL_OpenPipe
 .text.USBH_LL_ClosePipe
                0x08007af0       0x3e ./USB/Core/Src/usbh_conf.o
                0x08007af0                USBH_LL_ClosePipe
 .text.USBH_LL_SubmitURB
                0x08007b2e       0x62 ./USB/Core/Src/usbh_conf.o
                0x08007b2e                USBH_LL_SubmitURB
 .text.USBH_LL_GetURBState
                0x08007b90       0x26 ./USB/Core/Src/usbh_conf.o
                0x08007b90                USBH_LL_GetURBState
 *fill*         0x08007bb6        0x2 
 .text.USBH_LL_DriverVBUS
                0x08007bb8       0x2c ./USB/Core/Src/usbh_conf.o
                0x08007bb8                USBH_LL_DriverVBUS
 .text.USBH_LL_SetToggle
                0x08007be4       0x1e ./USB/Core/Src/usbh_conf.o
                0x08007be4                USBH_LL_SetToggle
 .text.USBH_Delay
                0x08007c02       0x16 ./USB/Core/Src/usbh_conf.o
                0x08007c02                USBH_Delay
 .text.USBH_Get_USB_Status
                0x08007c18       0x58 ./USB/Core/Src/usbh_conf.o
                0x08007c18                USBH_Get_USB_Status
 .text.USBH_Init
                0x08007c70       0x74 ./USB/Core/Src/usbh_core.o
                0x08007c70                USBH_Init
 .text.DeInitStateMachine
                0x08007ce4       0xa8 ./USB/Core/Src/usbh_core.o
 .text.USBH_RegisterClass
                0x08007d8c       0x54 ./USB/Core/Src/usbh_core.o
                0x08007d8c                USBH_RegisterClass
 .text.USBH_SelectInterface
                0x08007de0       0x38 ./USB/Core/Src/usbh_core.o
                0x08007de0                USBH_SelectInterface
 .text.USBH_FindInterface
                0x08007e18       0x8c ./USB/Core/Src/usbh_core.o
                0x08007e18                USBH_FindInterface
 .text.USBH_Start
                0x08007ea4       0x20 ./USB/Core/Src/usbh_core.o
                0x08007ea4                USBH_Start
 .text.USBH_Process
                0x08007ec4      0x3bc ./USB/Core/Src/usbh_core.o
                0x08007ec4                USBH_Process
 .text.USBH_HandleEnum
                0x08008280      0x3c0 ./USB/Core/Src/usbh_core.o
 .text.USBH_LL_SetTimer
                0x08008640       0x1e ./USB/Core/Src/usbh_core.o
                0x08008640                USBH_LL_SetTimer
 .text.USBH_LL_IncTimer
                0x0800865e       0x24 ./USB/Core/Src/usbh_core.o
                0x0800865e                USBH_LL_IncTimer
 .text.USBH_HandleSof
                0x08008682       0x30 ./USB/Core/Src/usbh_core.o
 .text.USBH_LL_PortEnabled
                0x080086b2       0x1c ./USB/Core/Src/usbh_core.o
                0x080086b2                USBH_LL_PortEnabled
 .text.USBH_LL_Connect
                0x080086ce       0x2e ./USB/Core/Src/usbh_core.o
                0x080086ce                USBH_LL_Connect
 .text.USBH_LL_Disconnect
                0x080086fc       0x48 ./USB/Core/Src/usbh_core.o
                0x080086fc                USBH_LL_Disconnect
 .text.USBH_Get_DevDesc
                0x08008744       0x4c ./USB/Core/Src/usbh_ctlreq.o
                0x08008744                USBH_Get_DevDesc
 .text.USBH_Get_CfgDesc
                0x08008790       0x48 ./USB/Core/Src/usbh_ctlreq.o
                0x08008790                USBH_Get_CfgDesc
 .text.USBH_Get_StringDesc
                0x080087d8       0x56 ./USB/Core/Src/usbh_ctlreq.o
                0x080087d8                USBH_Get_StringDesc
 .text.USBH_GetDescriptor
                0x0800882e       0x6a ./USB/Core/Src/usbh_ctlreq.o
                0x0800882e                USBH_GetDescriptor
 .text.USBH_SetAddress
                0x08008898       0x48 ./USB/Core/Src/usbh_ctlreq.o
                0x08008898                USBH_SetAddress
 .text.USBH_SetCfg
                0x080088e0       0x46 ./USB/Core/Src/usbh_ctlreq.o
                0x080088e0                USBH_SetCfg
 .text.USBH_SetFeature
                0x08008926       0x48 ./USB/Core/Src/usbh_ctlreq.o
                0x08008926                USBH_SetFeature
 .text.USBH_ClrFeature
                0x0800896e       0x48 ./USB/Core/Src/usbh_ctlreq.o
                0x0800896e                USBH_ClrFeature
 .text.USBH_ParseDevDesc
                0x080089b6       0xd8 ./USB/Core/Src/usbh_ctlreq.o
 .text.USBH_ParseCfgDesc
                0x08008a8e      0x142 ./USB/Core/Src/usbh_ctlreq.o
 .text.USBH_ParseInterfaceDesc
                0x08008bd0       0x5e ./USB/Core/Src/usbh_ctlreq.o
 .text.USBH_ParseEPDesc
                0x08008c2e       0x58 ./USB/Core/Src/usbh_ctlreq.o
 .text.USBH_ParseStringDesc
                0x08008c86       0x66 ./USB/Core/Src/usbh_ctlreq.o
 .text.USBH_GetNextDesc
                0x08008cec       0x34 ./USB/Core/Src/usbh_ctlreq.o
                0x08008cec                USBH_GetNextDesc
 .text.USBH_CtlReq
                0x08008d20       0x7a ./USB/Core/Src/usbh_ctlreq.o
                0x08008d20                USBH_CtlReq
 *fill*         0x08008d9a        0x2 
 .text.USBH_HandleControl
                0x08008d9c      0x2e8 ./USB/Core/Src/usbh_ctlreq.o
 .text.USBH_CtlSendSetup
                0x08009084       0x34 ./USB/Core/Src/usbh_ioreq.o
                0x08009084                USBH_CtlSendSetup
 .text.USBH_CtlSendData
                0x080090b8       0x4a ./USB/Core/Src/usbh_ioreq.o
                0x080090b8                USBH_CtlSendData
 .text.USBH_CtlReceiveData
                0x08009102       0x3c ./USB/Core/Src/usbh_ioreq.o
                0x08009102                USBH_CtlReceiveData
 .text.USBH_BulkSendData
                0x0800913e       0x4a ./USB/Core/Src/usbh_ioreq.o
                0x0800913e                USBH_BulkSendData
 .text.USBH_BulkReceiveData
                0x08009188       0x3c ./USB/Core/Src/usbh_ioreq.o
                0x08009188                USBH_BulkReceiveData
 .text.USBH_OpenPipe
                0x080091c4       0x3e ./USB/Core/Src/usbh_pipes.o
                0x080091c4                USBH_OpenPipe
 .text.USBH_ClosePipe
                0x08009202       0x20 ./USB/Core/Src/usbh_pipes.o
                0x08009202                USBH_ClosePipe
 .text.USBH_AllocPipe
                0x08009222       0x42 ./USB/Core/Src/usbh_pipes.o
                0x08009222                USBH_AllocPipe
 .text.USBH_FreePipe
                0x08009264       0x3c ./USB/Core/Src/usbh_pipes.o
                0x08009264                USBH_FreePipe
 .text.USBH_GetFreePipe
                0x080092a0       0x48 ./USB/Core/Src/usbh_pipes.o
 .text.malloc   0x080092e8       0x10 C:/ST/STM32CubeIDE_1.14.1/STM32CubeIDE/plugins/com.st.stm32cube.ide.mcu.externaltools.gnu-tools-for-stm32.12.3.rel1.win32_1.0.100.202403111256/tools/bin/../lib/gcc/arm-none-eabi/12.3.1/../../../../arm-none-eabi/lib/thumb/v8-m.main+fp/hard\libc_nano.a(libc_a-malloc.o)
                0x080092e8                malloc
 .text.free     0x080092f8       0x10 C:/ST/STM32CubeIDE_1.14.1/STM32CubeIDE/plugins/com.st.stm32cube.ide.mcu.externaltools.gnu-tools-for-stm32.12.3.rel1.win32_1.0.100.202403111256/tools/bin/../lib/gcc/arm-none-eabi/12.3.1/../../../../arm-none-eabi/lib/thumb/v8-m.main+fp/hard\libc_nano.a(libc_a-malloc.o)
                0x080092f8                free
 .text.sbrk_aligned
                0x08009308       0x44 C:/ST/STM32CubeIDE_1.14.1/STM32CubeIDE/plugins/com.st.stm32cube.ide.mcu.externaltools.gnu-tools-for-stm32.12.3.rel1.win32_1.0.100.202403111256/tools/bin/../lib/gcc/arm-none-eabi/12.3.1/../../../../arm-none-eabi/lib/thumb/v8-m.main+fp/hard\libc_nano.a(libc_a-mallocr.o)
 .text._malloc_r
                0x0800934c      0x100 C:/ST/STM32CubeIDE_1.14.1/STM32CubeIDE/plugins/com.st.stm32cube.ide.mcu.externaltools.gnu-tools-for-stm32.12.3.rel1.win32_1.0.100.202403111256/tools/bin/../lib/gcc/arm-none-eabi/12.3.1/../../../../arm-none-eabi/lib/thumb/v8-m.main+fp/hard\libc_nano.a(libc_a-mallocr.o)
                0x0800934c                _malloc_r
 .text.__malloc_lock
                0x0800944c        0xc C:/ST/STM32CubeIDE_1.14.1/STM32CubeIDE/plugins/com.st.stm32cube.ide.mcu.externaltools.gnu-tools-for-stm32.12.3.rel1.win32_1.0.100.202403111256/tools/bin/../lib/gcc/arm-none-eabi/12.3.1/../../../../arm-none-eabi/lib/thumb/v8-m.main+fp/hard\libc_nano.a(libc_a-mlock.o)
                0x0800944c                __malloc_lock
 .text.__malloc_unlock
                0x08009458        0xc C:/ST/STM32CubeIDE_1.14.1/STM32CubeIDE/plugins/com.st.stm32cube.ide.mcu.externaltools.gnu-tools-for-stm32.12.3.rel1.win32_1.0.100.202403111256/tools/bin/../lib/gcc/arm-none-eabi/12.3.1/../../../../arm-none-eabi/lib/thumb/v8-m.main+fp/hard\libc_nano.a(libc_a-mlock.o)
                0x08009458                __malloc_unlock
 .text.sprintf  0x08009464       0x40 C:/ST/STM32CubeIDE_1.14.1/STM32CubeIDE/plugins/com.st.stm32cube.ide.mcu.externaltools.gnu-tools-for-stm32.12.3.rel1.win32_1.0.100.202403111256/tools/bin/../lib/gcc/arm-none-eabi/12.3.1/../../../../arm-none-eabi/lib/thumb/v8-m.main+fp/hard\libc_nano.a(libc_a-sprintf.o)
                0x08009464                siprintf
                0x08009464                sprintf
 .text.memset   0x080094a4       0x10 C:/ST/STM32CubeIDE_1.14.1/STM32CubeIDE/plugins/com.st.stm32cube.ide.mcu.externaltools.gnu-tools-for-stm32.12.3.rel1.win32_1.0.100.202403111256/tools/bin/../lib/gcc/arm-none-eabi/12.3.1/../../../../arm-none-eabi/lib/thumb/v8-m.main+fp/hard\libc_nano.a(libc_a-memset.o)
                0x080094a4                memset
 .text._sbrk_r  0x080094b4       0x20 C:/ST/STM32CubeIDE_1.14.1/STM32CubeIDE/plugins/com.st.stm32cube.ide.mcu.externaltools.gnu-tools-for-stm32.12.3.rel1.win32_1.0.100.202403111256/tools/bin/../lib/gcc/arm-none-eabi/12.3.1/../../../../arm-none-eabi/lib/thumb/v8-m.main+fp/hard\libc_nano.a(libc_a-sbrkr.o)
                0x080094b4                _sbrk_r
 .text.__errno  0x080094d4        0xc C:/ST/STM32CubeIDE_1.14.1/STM32CubeIDE/plugins/com.st.stm32cube.ide.mcu.externaltools.gnu-tools-for-stm32.12.3.rel1.win32_1.0.100.202403111256/tools/bin/../lib/gcc/arm-none-eabi/12.3.1/../../../../arm-none-eabi/lib/thumb/v8-m.main+fp/hard\libc_nano.a(libc_a-errno.o)
                0x080094d4                __errno
 .text.__libc_init_array
                0x080094e0       0x48 C:/ST/STM32CubeIDE_1.14.1/STM32CubeIDE/plugins/com.st.stm32cube.ide.mcu.externaltools.gnu-tools-for-stm32.12.3.rel1.win32_1.0.100.202403111256/tools/bin/../lib/gcc/arm-none-eabi/12.3.1/../../../../arm-none-eabi/lib/thumb/v8-m.main+fp/hard\libc_nano.a(libc_a-init.o)
                0x080094e0                __libc_init_array
 .text.__retarget_lock_acquire_recursive
                0x08009528        0x2 C:/ST/STM32CubeIDE_1.14.1/STM32CubeIDE/plugins/com.st.stm32cube.ide.mcu.externaltools.gnu-tools-for-stm32.12.3.rel1.win32_1.0.100.202403111256/tools/bin/../lib/gcc/arm-none-eabi/12.3.1/../../../../arm-none-eabi/lib/thumb/v8-m.main+fp/hard\libc_nano.a(libc_a-lock.o)
                0x08009528                __retarget_lock_acquire_recursive
 .text.__retarget_lock_release_recursive
                0x0800952a        0x2 C:/ST/STM32CubeIDE_1.14.1/STM32CubeIDE/plugins/com.st.stm32cube.ide.mcu.externaltools.gnu-tools-for-stm32.12.3.rel1.win32_1.0.100.202403111256/tools/bin/../lib/gcc/arm-none-eabi/12.3.1/../../../../arm-none-eabi/lib/thumb/v8-m.main+fp/hard\libc_nano.a(libc_a-lock.o)
                0x0800952a                __retarget_lock_release_recursive
 .text._free_r  0x0800952c       0x94 C:/ST/STM32CubeIDE_1.14.1/STM32CubeIDE/plugins/com.st.stm32cube.ide.mcu.externaltools.gnu-tools-for-stm32.12.3.rel1.win32_1.0.100.202403111256/tools/bin/../lib/gcc/arm-none-eabi/12.3.1/../../../../arm-none-eabi/lib/thumb/v8-m.main+fp/hard\libc_nano.a(libc_a-freer.o)
                0x0800952c                _free_r
 .text.__ssputs_r
                0x080095c0       0xb6 C:/ST/STM32CubeIDE_1.14.1/STM32CubeIDE/plugins/com.st.stm32cube.ide.mcu.externaltools.gnu-tools-for-stm32.12.3.rel1.win32_1.0.100.202403111256/tools/bin/../lib/gcc/arm-none-eabi/12.3.1/../../../../arm-none-eabi/lib/thumb/v8-m.main+fp/hard\libc_nano.a(libc_a-nano-svfprintf.o)
                0x080095c0                __ssputs_r
 *fill*         0x08009676        0x2 
 .text._svfprintf_r
                0x08009678      0x1f8 C:/ST/STM32CubeIDE_1.14.1/STM32CubeIDE/plugins/com.st.stm32cube.ide.mcu.externaltools.gnu-tools-for-stm32.12.3.rel1.win32_1.0.100.202403111256/tools/bin/../lib/gcc/arm-none-eabi/12.3.1/../../../../arm-none-eabi/lib/thumb/v8-m.main+fp/hard\libc_nano.a(libc_a-nano-svfprintf.o)
                0x08009678                _svfiprintf_r
                0x08009678                _svfprintf_r
 .text._printf_common
                0x08009870       0xe4 C:/ST/STM32CubeIDE_1.14.1/STM32CubeIDE/plugins/com.st.stm32cube.ide.mcu.externaltools.gnu-tools-for-stm32.12.3.rel1.win32_1.0.100.202403111256/tools/bin/../lib/gcc/arm-none-eabi/12.3.1/../../../../arm-none-eabi/lib/thumb/v8-m.main+fp/hard\libc_nano.a(libc_a-nano-vfprintf_i.o)
                0x08009870                _printf_common
 .text._printf_i
                0x08009954      0x240 C:/ST/STM32CubeIDE_1.14.1/STM32CubeIDE/plugins/com.st.stm32cube.ide.mcu.externaltools.gnu-tools-for-stm32.12.3.rel1.win32_1.0.100.202403111256/tools/bin/../lib/gcc/arm-none-eabi/12.3.1/../../../../arm-none-eabi/lib/thumb/v8-m.main+fp/hard\libc_nano.a(libc_a-nano-vfprintf_i.o)
                0x08009954                _printf_i
 .text.memmove  0x08009b94       0x34 C:/ST/STM32CubeIDE_1.14.1/STM32CubeIDE/plugins/com.st.stm32cube.ide.mcu.externaltools.gnu-tools-for-stm32.12.3.rel1.win32_1.0.100.202403111256/tools/bin/../lib/gcc/arm-none-eabi/12.3.1/../../../../arm-none-eabi/lib/thumb/v8-m.main+fp/hard\libc_nano.a(libc_a-memmove.o)
                0x08009b94                memmove
 .text.memchr   0x08009bc8       0x1c C:/ST/STM32CubeIDE_1.14.1/STM32CubeIDE/plugins/com.st.stm32cube.ide.mcu.externaltools.gnu-tools-for-stm32.12.3.rel1.win32_1.0.100.202403111256/tools/bin/../lib/gcc/arm-none-eabi/12.3.1/../../../../arm-none-eabi/lib/thumb/v8-m.main+fp/hard\libc_nano.a(libc_a-memchr-stub.o)
                0x08009bc8                memchr
 .text.memcpy   0x08009be4       0x1a C:/ST/STM32CubeIDE_1.14.1/STM32CubeIDE/plugins/com.st.stm32cube.ide.mcu.externaltools.gnu-tools-for-stm32.12.3.rel1.win32_1.0.100.202403111256/tools/bin/../lib/gcc/arm-none-eabi/12.3.1/../../../../arm-none-eabi/lib/thumb/v8-m.main+fp/hard\libc_nano.a(libc_a-memcpy-stub.o)
                0x08009be4                memcpy
 .text._realloc_r
                0x08009bfe       0x5c C:/ST/STM32CubeIDE_1.14.1/STM32CubeIDE/plugins/com.st.stm32cube.ide.mcu.externaltools.gnu-tools-for-stm32.12.3.rel1.win32_1.0.100.202403111256/tools/bin/../lib/gcc/arm-none-eabi/12.3.1/../../../../arm-none-eabi/lib/thumb/v8-m.main+fp/hard\libc_nano.a(libc_a-reallocr.o)
                0x08009bfe                _realloc_r
 .text._malloc_usable_size_r
                0x08009c5a       0x10 C:/ST/STM32CubeIDE_1.14.1/STM32CubeIDE/plugins/com.st.stm32cube.ide.mcu.externaltools.gnu-tools-for-stm32.12.3.rel1.win32_1.0.100.202403111256/tools/bin/../lib/gcc/arm-none-eabi/12.3.1/../../../../arm-none-eabi/lib/thumb/v8-m.main+fp/hard\libc_nano.a(libc_a-msizer.o)
                0x08009c5a                _malloc_usable_size_r
 *(.glue_7)
 .glue_7        0x08009c6a        0x0 linker stubs
 *(.glue_7t)
 .glue_7t       0x08009c6a        0x0 linker stubs
 *(.eh_frame)
 *fill*         0x08009c6a        0x2 
 .eh_frame      0x08009c6c        0x0 C:/ST/STM32CubeIDE_1.14.1/STM32CubeIDE/plugins/com.st.stm32cube.ide.mcu.externaltools.gnu-tools-for-stm32.12.3.rel1.win32_1.0.100.202403111256/tools/bin/../lib/gcc/arm-none-eabi/12.3.1/thumb/v8-m.main+fp/hard/crtbegin.o
 *(.init)
 .init          0x08009c6c        0x4 C:/ST/STM32CubeIDE_1.14.1/STM32CubeIDE/plugins/com.st.stm32cube.ide.mcu.externaltools.gnu-tools-for-stm32.12.3.rel1.win32_1.0.100.202403111256/tools/bin/../lib/gcc/arm-none-eabi/12.3.1/thumb/v8-m.main+fp/hard/crti.o
                0x08009c6c                _init
 .init          0x08009c70        0x8 C:/ST/STM32CubeIDE_1.14.1/STM32CubeIDE/plugins/com.st.stm32cube.ide.mcu.externaltools.gnu-tools-for-stm32.12.3.rel1.win32_1.0.100.202403111256/tools/bin/../lib/gcc/arm-none-eabi/12.3.1/thumb/v8-m.main+fp/hard/crtn.o
 *(.fini)
 .fini          0x08009c78        0x4 C:/ST/STM32CubeIDE_1.14.1/STM32CubeIDE/plugins/com.st.stm32cube.ide.mcu.externaltools.gnu-tools-for-stm32.12.3.rel1.win32_1.0.100.202403111256/tools/bin/../lib/gcc/arm-none-eabi/12.3.1/thumb/v8-m.main+fp/hard/crti.o
                0x08009c78                _fini
 .fini          0x08009c7c        0x8 C:/ST/STM32CubeIDE_1.14.1/STM32CubeIDE/plugins/com.st.stm32cube.ide.mcu.externaltools.gnu-tools-for-stm32.12.3.rel1.win32_1.0.100.202403111256/tools/bin/../lib/gcc/arm-none-eabi/12.3.1/thumb/v8-m.main+fp/hard/crtn.o
                0x08009c84                        . = ALIGN (0x4)
                0x08009c84                        _etext = .

.vfp11_veneer   0x08009c84        0x0
 .vfp11_veneer  0x08009c84        0x0 linker stubs

.v4_bx          0x08009c84        0x0
 .v4_bx         0x08009c84        0x0 linker stubs

.iplt           0x08009c84        0x0
 .iplt          0x08009c84        0x0 C:/ST/STM32CubeIDE_1.14.1/STM32CubeIDE/plugins/com.st.stm32cube.ide.mcu.externaltools.gnu-tools-for-stm32.12.3.rel1.win32_1.0.100.202403111256/tools/bin/../lib/gcc/arm-none-eabi/12.3.1/thumb/v8-m.main+fp/hard/crtbegin.o

.rodata         0x08009c84       0x54
                0x08009c84                        . = ALIGN (0x4)
 *(.rodata)
 .rodata        0x08009c84        0xa ./Core/Src/main.o
 *fill*         0x08009c8e        0x2 
 .rodata        0x08009c90        0x4 ./USB/Class/CDC/Src/usbh_cdc.o
 *(.rodata*)
 .rodata.AHBPrescTable
                0x08009c94       0x10 ./Core/Src/system_stm32h5xx.o
                0x08009c94                AHBPrescTable
 .rodata._svfprintf_r.str1.1
                0x08009ca4       0x11 C:/ST/STM32CubeIDE_1.14.1/STM32CubeIDE/plugins/com.st.stm32cube.ide.mcu.externaltools.gnu-tools-for-stm32.12.3.rel1.win32_1.0.100.202403111256/tools/bin/../lib/gcc/arm-none-eabi/12.3.1/../../../../arm-none-eabi/lib/thumb/v8-m.main+fp/hard\libc_nano.a(libc_a-nano-svfprintf.o)
 .rodata._printf_i.str1.1
                0x08009cb5       0x22 C:/ST/STM32CubeIDE_1.14.1/STM32CubeIDE/plugins/com.st.stm32cube.ide.mcu.externaltools.gnu-tools-for-stm32.12.3.rel1.win32_1.0.100.202403111256/tools/bin/../lib/gcc/arm-none-eabi/12.3.1/../../../../arm-none-eabi/lib/thumb/v8-m.main+fp/hard\libc_nano.a(libc_a-nano-vfprintf_i.o)
                0x08009cd8                        . = ALIGN (0x4)
 *fill*         0x08009cd7        0x1 

.ARM.extab      0x08009cd8        0x0
                0x08009cd8                        . = ALIGN (0x4)
 *(.ARM.extab* .gnu.linkonce.armextab.*)
                0x08009cd8                        . = ALIGN (0x4)

.ARM            0x08009cd8        0x0
                0x08009cd8                        . = ALIGN (0x4)
                0x08009cd8                        __exidx_start = .
 *(.ARM.exidx*)
                0x08009cd8                        __exidx_end = .
                0x08009cd8                        . = ALIGN (0x4)

.preinit_array  0x08009cd8        0x0
                0x08009cd8                        . = ALIGN (0x4)
                0x08009cd8                        PROVIDE (__preinit_array_start = .)
 *(.preinit_array*)
                0x08009cd8                        PROVIDE (__preinit_array_end = .)
                0x08009cd8                        . = ALIGN (0x4)

.init_array     0x08009cd8        0x4
                0x08009cd8                        . = ALIGN (0x4)
                0x08009cd8                        PROVIDE (__init_array_start = .)
 *(SORT_BY_NAME(.init_array.*))
 *(.init_array*)
 .init_array    0x08009cd8        0x4 C:/ST/STM32CubeIDE_1.14.1/STM32CubeIDE/plugins/com.st.stm32cube.ide.mcu.externaltools.gnu-tools-for-stm32.12.3.rel1.win32_1.0.100.202403111256/tools/bin/../lib/gcc/arm-none-eabi/12.3.1/thumb/v8-m.main+fp/hard/crtbegin.o
                0x08009cdc                        PROVIDE (__init_array_end = .)
                0x08009cdc                        . = ALIGN (0x4)

.fini_array     0x08009cdc        0x4
                0x08009cdc                        . = ALIGN (0x4)
                [!provide]                        PROVIDE (__fini_array_start = .)
 *(SORT_BY_NAME(.fini_array.*))
 *(.fini_array*)
 .fini_array    0x08009cdc        0x4 C:/ST/STM32CubeIDE_1.14.1/STM32CubeIDE/plugins/com.st.stm32cube.ide.mcu.externaltools.gnu-tools-for-stm32.12.3.rel1.win32_1.0.100.202403111256/tools/bin/../lib/gcc/arm-none-eabi/12.3.1/thumb/v8-m.main+fp/hard/crtbegin.o
                [!provide]                        PROVIDE (__fini_array_end = .)
                0x08009ce0                        . = ALIGN (0x4)
                0x08009ce0                        _sidata = LOADADDR (.data)

.rel.dyn        0x08009ce0        0x0
 .rel.iplt      0x08009ce0        0x0 C:/ST/STM32CubeIDE_1.14.1/STM32CubeIDE/plugins/com.st.stm32cube.ide.mcu.externaltools.gnu-tools-for-stm32.12.3.rel1.win32_1.0.100.202403111256/tools/bin/../lib/gcc/arm-none-eabi/12.3.1/thumb/v8-m.main+fp/hard/crtbegin.o

.data           0x20000000       0x7c load address 0x08009ce0
                0x20000000                        . = ALIGN (0x4)
                0x20000000                        _sdata = .
 *(.data)
 *(.data*)
 .data.SystemCoreClock
                0x20000000        0x4 ./Core/Src/system_stm32h5xx.o
                0x20000000                SystemCoreClock
 .data.uwTickPrio
                0x20000004        0x4 ./Drivers/STM32H5xx_HAL_Driver/Src/stm32h5xx_hal.o
                0x20000004                uwTickPrio
 .data.uwTickFreq
                0x20000008        0x1 ./Drivers/STM32H5xx_HAL_Driver/Src/stm32h5xx_hal.o
                0x20000008                uwTickFreq
 *fill*         0x20000009        0x3 
 .data.CDC_Class
                0x2000000c       0x20 ./USB/Class/CDC/Src/usbh_cdc.o
                0x2000000c                CDC_Class
 .data._impure_ptr
                0x2000002c        0x4 C:/ST/STM32CubeIDE_1.14.1/STM32CubeIDE/plugins/com.st.stm32cube.ide.mcu.externaltools.gnu-tools-for-stm32.12.3.rel1.win32_1.0.100.202403111256/tools/bin/../lib/gcc/arm-none-eabi/12.3.1/../../../../arm-none-eabi/lib/thumb/v8-m.main+fp/hard\libc_nano.a(libc_a-impure.o)
                0x2000002c                _impure_ptr
 .data._impure_data
                0x20000030       0x4c C:/ST/STM32CubeIDE_1.14.1/STM32CubeIDE/plugins/com.st.stm32cube.ide.mcu.externaltools.gnu-tools-for-stm32.12.3.rel1.win32_1.0.100.202403111256/tools/bin/../lib/gcc/arm-none-eabi/12.3.1/../../../../arm-none-eabi/lib/thumb/v8-m.main+fp/hard\libc_nano.a(libc_a-impure.o)
                0x20000030                _impure_data
 *(.RamFunc)
 *(.RamFunc*)
                0x2000007c                        . = ALIGN (0x4)
                0x2000007c                        _edata = .

.igot.plt       0x2000007c        0x0 load address 0x08009d5c
 .igot.plt      0x2000007c        0x0 C:/ST/STM32CubeIDE_1.14.1/STM32CubeIDE/plugins/com.st.stm32cube.ide.mcu.externaltools.gnu-tools-for-stm32.12.3.rel1.win32_1.0.100.202403111256/tools/bin/../lib/gcc/arm-none-eabi/12.3.1/thumb/v8-m.main+fp/hard/crtbegin.o
                0x2000007c                        . = ALIGN (0x4)

.bss            0x2000007c      0x930 load address 0x08009d5c
                0x2000007c                        _sbss = .
                0x2000007c                        __bss_start__ = _sbss
 *(.bss)
 .bss           0x2000007c       0x1c C:/ST/STM32CubeIDE_1.14.1/STM32CubeIDE/plugins/com.st.stm32cube.ide.mcu.externaltools.gnu-tools-for-stm32.12.3.rel1.win32_1.0.100.202403111256/tools/bin/../lib/gcc/arm-none-eabi/12.3.1/thumb/v8-m.main+fp/hard/crtbegin.o
 *(.bss*)
 .bss.CDC_RX_Buffer
                0x20000098       0x40 ./Core/Src/main.o
                0x20000098                CDC_RX_Buffer
 .bss.CDC_TX_Buffer
                0x200000d8       0x40 ./Core/Src/main.o
                0x200000d8                CDC_TX_Buffer
 .bss.CDC_STATE
                0x20000118        0x1 ./Core/Src/main.o
                0x20000118                CDC_STATE
 .bss.i         0x20000119        0x1 ./Core/Src/main.o
                0x20000119                i
 *fill*         0x2000011a        0x2 
 .bss.__sbrk_heap_end
                0x2000011c        0x4 ./Core/Src/sysmem.o
 .bss.uwTick    0x20000120        0x4 ./Drivers/STM32H5xx_HAL_Driver/Src/stm32h5xx_hal.o
                0x20000120                uwTick
 .bss.hhcd_USB_DRD_FS
                0x20000124      0x364 ./USB/Class/CDC/Src/usb_host.o
                0x20000124                hhcd_USB_DRD_FS
 .bss.hUsbHostFS
                0x20000488      0x3d8 ./USB/Class/CDC/Src/usb_host.o
                0x20000488                hUsbHostFS
 .bss.Appli_state
                0x20000860        0x1 ./USB/Class/CDC/Src/usb_host.o
                0x20000860                Appli_state
 .bss.usbresult
                0x20000861        0x1 ./USB/Class/CDC/Src/usb_host.o
                0x20000861                usbresult
 *fill*         0x20000862        0x2 
 .bss.__malloc_sbrk_start
                0x20000864        0x4 C:/ST/STM32CubeIDE_1.14.1/STM32CubeIDE/plugins/com.st.stm32cube.ide.mcu.externaltools.gnu-tools-for-stm32.12.3.rel1.win32_1.0.100.202403111256/tools/bin/../lib/gcc/arm-none-eabi/12.3.1/../../../../arm-none-eabi/lib/thumb/v8-m.main+fp/hard\libc_nano.a(libc_a-mallocr.o)
                0x20000864                __malloc_sbrk_start
 .bss.__malloc_free_list
                0x20000868        0x4 C:/ST/STM32CubeIDE_1.14.1/STM32CubeIDE/plugins/com.st.stm32cube.ide.mcu.externaltools.gnu-tools-for-stm32.12.3.rel1.win32_1.0.100.202403111256/tools/bin/../lib/gcc/arm-none-eabi/12.3.1/../../../../arm-none-eabi/lib/thumb/v8-m.main+fp/hard\libc_nano.a(libc_a-mallocr.o)
                0x20000868                __malloc_free_list
 .bss.__sf      0x2000086c      0x138 C:/ST/STM32CubeIDE_1.14.1/STM32CubeIDE/plugins/com.st.stm32cube.ide.mcu.externaltools.gnu-tools-for-stm32.12.3.rel1.win32_1.0.100.202403111256/tools/bin/../lib/gcc/arm-none-eabi/12.3.1/../../../../arm-none-eabi/lib/thumb/v8-m.main+fp/hard\libc_nano.a(libc_a-findfp.o)
                0x2000086c                __sf
 .bss.errno     0x200009a4        0x4 C:/ST/STM32CubeIDE_1.14.1/STM32CubeIDE/plugins/com.st.stm32cube.ide.mcu.externaltools.gnu-tools-for-stm32.12.3.rel1.win32_1.0.100.202403111256/tools/bin/../lib/gcc/arm-none-eabi/12.3.1/../../../../arm-none-eabi/lib/thumb/v8-m.main+fp/hard\libc_nano.a(libc_a-reent.o)
                0x200009a4                errno
 .bss.__lock___malloc_recursive_mutex
                0x200009a8        0x1 C:/ST/STM32CubeIDE_1.14.1/STM32CubeIDE/plugins/com.st.stm32cube.ide.mcu.externaltools.gnu-tools-for-stm32.12.3.rel1.win32_1.0.100.202403111256/tools/bin/../lib/gcc/arm-none-eabi/12.3.1/../../../../arm-none-eabi/lib/thumb/v8-m.main+fp/hard\libc_nano.a(libc_a-lock.o)
                0x200009a8                __lock___malloc_recursive_mutex
 *(COMMON)
                0x200009ac                        . = ALIGN (0x4)
 *fill*         0x200009a9        0x3 
                0x200009ac                        _ebss = .
                0x200009ac                        __bss_end__ = _ebss

._user_heap_stack
                0x200009ac      0xe04 load address 0x08009d5c
                0x200009b0                        . = ALIGN (0x8)
 *fill*         0x200009ac        0x4 
                [!provide]                        PROVIDE (end = .)
                0x200009b0                        PROVIDE (_end = .)
                0x20000fb0                        . = (. + _Min_Heap_Size)
 *fill*         0x200009b0      0x600 
                0x200017b0                        . = (. + _Min_Stack_Size)
 *fill*         0x20000fb0      0x800 
                0x200017b0                        . = ALIGN (0x8)

/DISCARD/
 libc.a(*)
 libm.a(*)
 libgcc.a(*)

.ARM.attributes
                0x00000000       0x36
 *(.ARM.attributes)
 .ARM.attributes
                0x00000000       0x26 C:/ST/STM32CubeIDE_1.14.1/STM32CubeIDE/plugins/com.st.stm32cube.ide.mcu.externaltools.gnu-tools-for-stm32.12.3.rel1.win32_1.0.100.202403111256/tools/bin/../lib/gcc/arm-none-eabi/12.3.1/thumb/v8-m.main+fp/hard/crti.o
 .ARM.attributes
                0x00000026       0x38 C:/ST/STM32CubeIDE_1.14.1/STM32CubeIDE/plugins/com.st.stm32cube.ide.mcu.externaltools.gnu-tools-for-stm32.12.3.rel1.win32_1.0.100.202403111256/tools/bin/../lib/gcc/arm-none-eabi/12.3.1/thumb/v8-m.main+fp/hard/crtbegin.o
 .ARM.attributes
                0x0000005e       0x3a ./Core/Src/main.o
 .ARM.attributes
                0x00000098       0x3a ./Core/Src/stm32h5xx_hal_msp.o
 .ARM.attributes
                0x000000d2       0x3a ./Core/Src/stm32h5xx_it.o
 .ARM.attributes
                0x0000010c       0x3a ./Core/Src/sysmem.o
 .ARM.attributes
                0x00000146       0x3a ./Core/Src/system_stm32h5xx.o
 .ARM.attributes
                0x00000180       0x24 ./Core/Startup/startup_stm32h503rbtx.o
 .ARM.attributes
                0x000001a4       0x3a ./Drivers/STM32H5xx_HAL_Driver/Src/stm32h5xx_hal.o
 .ARM.attributes
                0x000001de       0x3a ./Drivers/STM32H5xx_HAL_Driver/Src/stm32h5xx_hal_cortex.o
 .ARM.attributes
                0x00000218       0x3a ./Drivers/STM32H5xx_HAL_Driver/Src/stm32h5xx_hal_gpio.o
 .ARM.attributes
                0x00000252       0x3a ./Drivers/STM32H5xx_HAL_Driver/Src/stm32h5xx_hal_hcd.o
 .ARM.attributes
                0x0000028c       0x3a ./Drivers/STM32H5xx_HAL_Driver/Src/stm32h5xx_hal_rcc.o
 .ARM.attributes
                0x000002c6       0x3a ./Drivers/STM32H5xx_HAL_Driver/Src/stm32h5xx_hal_rcc_ex.o
 .ARM.attributes
                0x00000300       0x3a ./Drivers/STM32H5xx_HAL_Driver/Src/stm32h5xx_ll_usb.o
 .ARM.attributes
                0x0000033a       0x3a ./USB/Class/CDC/Src/usb_host.o
 .ARM.attributes
                0x00000374       0x3a ./USB/Class/CDC/Src/usbh_cdc.o
 .ARM.attributes
                0x000003ae       0x3a ./USB/Core/Src/usbh_conf.o
 .ARM.attributes
                0x000003e8       0x3a ./USB/Core/Src/usbh_core.o
 .ARM.attributes
                0x00000422       0x3a ./USB/Core/Src/usbh_ctlreq.o
 .ARM.attributes
                0x0000045c       0x3a ./USB/Core/Src/usbh_ioreq.o
 .ARM.attributes
                0x00000496       0x3a ./USB/Core/Src/usbh_pipes.o
 .ARM.attributes
                0x000004d0       0x38 C:/ST/STM32CubeIDE_1.14.1/STM32CubeIDE/plugins/com.st.stm32cube.ide.mcu.externaltools.gnu-tools-for-stm32.12.3.rel1.win32_1.0.100.202403111256/tools/bin/../lib/gcc/arm-none-eabi/12.3.1/../../../../arm-none-eabi/lib/thumb/v8-m.main+fp/hard\libc_nano.a(libc_a-malloc.o)
 .ARM.attributes
                0x00000508       0x38 C:/ST/STM32CubeIDE_1.14.1/STM32CubeIDE/plugins/com.st.stm32cube.ide.mcu.externaltools.gnu-tools-for-stm32.12.3.rel1.win32_1.0.100.202403111256/tools/bin/../lib/gcc/arm-none-eabi/12.3.1/../../../../arm-none-eabi/lib/thumb/v8-m.main+fp/hard\libc_nano.a(libc_a-mallocr.o)
 .ARM.attributes
                0x00000540       0x38 C:/ST/STM32CubeIDE_1.14.1/STM32CubeIDE/plugins/com.st.stm32cube.ide.mcu.externaltools.gnu-tools-for-stm32.12.3.rel1.win32_1.0.100.202403111256/tools/bin/../lib/gcc/arm-none-eabi/12.3.1/../../../../arm-none-eabi/lib/thumb/v8-m.main+fp/hard\libc_nano.a(libc_a-mlock.o)
 .ARM.attributes
                0x00000578       0x38 C:/ST/STM32CubeIDE_1.14.1/STM32CubeIDE/plugins/com.st.stm32cube.ide.mcu.externaltools.gnu-tools-for-stm32.12.3.rel1.win32_1.0.100.202403111256/tools/bin/../lib/gcc/arm-none-eabi/12.3.1/../../../../arm-none-eabi/lib/thumb/v8-m.main+fp/hard\libc_nano.a(libc_a-findfp.o)
 .ARM.attributes
                0x000005b0       0x38 C:/ST/STM32CubeIDE_1.14.1/STM32CubeIDE/plugins/com.st.stm32cube.ide.mcu.externaltools.gnu-tools-for-stm32.12.3.rel1.win32_1.0.100.202403111256/tools/bin/../lib/gcc/arm-none-eabi/12.3.1/../../../../arm-none-eabi/lib/thumb/v8-m.main+fp/hard\libc_nano.a(libc_a-sprintf.o)
 .ARM.attributes
                0x000005e8       0x38 C:/ST/STM32CubeIDE_1.14.1/STM32CubeIDE/plugins/com.st.stm32cube.ide.mcu.externaltools.gnu-tools-for-stm32.12.3.rel1.win32_1.0.100.202403111256/tools/bin/../lib/gcc/arm-none-eabi/12.3.1/../../../../arm-none-eabi/lib/thumb/v8-m.main+fp/hard\libc_nano.a(libc_a-memset.o)
 .ARM.attributes
                0x00000620       0x38 C:/ST/STM32CubeIDE_1.14.1/STM32CubeIDE/plugins/com.st.stm32cube.ide.mcu.externaltools.gnu-tools-for-stm32.12.3.rel1.win32_1.0.100.202403111256/tools/bin/../lib/gcc/arm-none-eabi/12.3.1/../../../../arm-none-eabi/lib/thumb/v8-m.main+fp/hard\libc_nano.a(libc_a-reent.o)
 .ARM.attributes
                0x00000658       0x38 C:/ST/STM32CubeIDE_1.14.1/STM32CubeIDE/plugins/com.st.stm32cube.ide.mcu.externaltools.gnu-tools-for-stm32.12.3.rel1.win32_1.0.100.202403111256/tools/bin/../lib/gcc/arm-none-eabi/12.3.1/../../../../arm-none-eabi/lib/thumb/v8-m.main+fp/hard\libc_nano.a(libc_a-impure.o)
 .ARM.attributes
                0x00000690       0x38 C:/ST/STM32CubeIDE_1.14.1/STM32CubeIDE/plugins/com.st.stm32cube.ide.mcu.externaltools.gnu-tools-for-stm32.12.3.rel1.win32_1.0.100.202403111256/tools/bin/../lib/gcc/arm-none-eabi/12.3.1/../../../../arm-none-eabi/lib/thumb/v8-m.main+fp/hard\libc_nano.a(libc_a-sbrkr.o)
 .ARM.attributes
                0x000006c8       0x38 C:/ST/STM32CubeIDE_1.14.1/STM32CubeIDE/plugins/com.st.stm32cube.ide.mcu.externaltools.gnu-tools-for-stm32.12.3.rel1.win32_1.0.100.202403111256/tools/bin/../lib/gcc/arm-none-eabi/12.3.1/../../../../arm-none-eabi/lib/thumb/v8-m.main+fp/hard\libc_nano.a(libc_a-errno.o)
 .ARM.attributes
                0x00000700       0x38 C:/ST/STM32CubeIDE_1.14.1/STM32CubeIDE/plugins/com.st.stm32cube.ide.mcu.externaltools.gnu-tools-for-stm32.12.3.rel1.win32_1.0.100.202403111256/tools/bin/../lib/gcc/arm-none-eabi/12.3.1/../../../../arm-none-eabi/lib/thumb/v8-m.main+fp/hard\libc_nano.a(libc_a-init.o)
 .ARM.attributes
                0x00000738       0x38 C:/ST/STM32CubeIDE_1.14.1/STM32CubeIDE/plugins/com.st.stm32cube.ide.mcu.externaltools.gnu-tools-for-stm32.12.3.rel1.win32_1.0.100.202403111256/tools/bin/../lib/gcc/arm-none-eabi/12.3.1/../../../../arm-none-eabi/lib/thumb/v8-m.main+fp/hard\libc_nano.a(libc_a-lock.o)
 .ARM.attributes
                0x00000770       0x38 C:/ST/STM32CubeIDE_1.14.1/STM32CubeIDE/plugins/com.st.stm32cube.ide.mcu.externaltools.gnu-tools-for-stm32.12.3.rel1.win32_1.0.100.202403111256/tools/bin/../lib/gcc/arm-none-eabi/12.3.1/../../../../arm-none-eabi/lib/thumb/v8-m.main+fp/hard\libc_nano.a(libc_a-freer.o)
 .ARM.attributes
                0x000007a8       0x38 C:/ST/STM32CubeIDE_1.14.1/STM32CubeIDE/plugins/com.st.stm32cube.ide.mcu.externaltools.gnu-tools-for-stm32.12.3.rel1.win32_1.0.100.202403111256/tools/bin/../lib/gcc/arm-none-eabi/12.3.1/../../../../arm-none-eabi/lib/thumb/v8-m.main+fp/hard\libc_nano.a(libc_a-nano-svfprintf.o)
 .ARM.attributes
                0x000007e0       0x38 C:/ST/STM32CubeIDE_1.14.1/STM32CubeIDE/plugins/com.st.stm32cube.ide.mcu.externaltools.gnu-tools-for-stm32.12.3.rel1.win32_1.0.100.202403111256/tools/bin/../lib/gcc/arm-none-eabi/12.3.1/../../../../arm-none-eabi/lib/thumb/v8-m.main+fp/hard\libc_nano.a(libc_a-nano-vfprintf_i.o)
 .ARM.attributes
                0x00000818       0x38 C:/ST/STM32CubeIDE_1.14.1/STM32CubeIDE/plugins/com.st.stm32cube.ide.mcu.externaltools.gnu-tools-for-stm32.12.3.rel1.win32_1.0.100.202403111256/tools/bin/../lib/gcc/arm-none-eabi/12.3.1/../../../../arm-none-eabi/lib/thumb/v8-m.main+fp/hard\libc_nano.a(libc_a-memmove.o)
 .ARM.attributes
                0x00000850       0x38 C:/ST/STM32CubeIDE_1.14.1/STM32CubeIDE/plugins/com.st.stm32cube.ide.mcu.externaltools.gnu-tools-for-stm32.12.3.rel1.win32_1.0.100.202403111256/tools/bin/../lib/gcc/arm-none-eabi/12.3.1/../../../../arm-none-eabi/lib/thumb/v8-m.main+fp/hard\libc_nano.a(libc_a-memchr-stub.o)
 .ARM.attributes
                0x00000888       0x38 C:/ST/STM32CubeIDE_1.14.1/STM32CubeIDE/plugins/com.st.stm32cube.ide.mcu.externaltools.gnu-tools-for-stm32.12.3.rel1.win32_1.0.100.202403111256/tools/bin/../lib/gcc/arm-none-eabi/12.3.1/../../../../arm-none-eabi/lib/thumb/v8-m.main+fp/hard\libc_nano.a(libc_a-memcpy-stub.o)
 .ARM.attributes
                0x000008c0       0x38 C:/ST/STM32CubeIDE_1.14.1/STM32CubeIDE/plugins/com.st.stm32cube.ide.mcu.externaltools.gnu-tools-for-stm32.12.3.rel1.win32_1.0.100.202403111256/tools/bin/../lib/gcc/arm-none-eabi/12.3.1/../../../../arm-none-eabi/lib/thumb/v8-m.main+fp/hard\libc_nano.a(libc_a-reallocr.o)
 .ARM.attributes
                0x000008f8       0x38 C:/ST/STM32CubeIDE_1.14.1/STM32CubeIDE/plugins/com.st.stm32cube.ide.mcu.externaltools.gnu-tools-for-stm32.12.3.rel1.win32_1.0.100.202403111256/tools/bin/../lib/gcc/arm-none-eabi/12.3.1/../../../../arm-none-eabi/lib/thumb/v8-m.main+fp/hard\libc_nano.a(libc_a-msizer.o)
 .ARM.attributes
                0x00000930       0x26 C:/ST/STM32CubeIDE_1.14.1/STM32CubeIDE/plugins/com.st.stm32cube.ide.mcu.externaltools.gnu-tools-for-stm32.12.3.rel1.win32_1.0.100.202403111256/tools/bin/../lib/gcc/arm-none-eabi/12.3.1/thumb/v8-m.main+fp/hard/crtn.o
OUTPUT(usbHost_try.elf elf32-littlearm)
LOAD linker stubs
LOAD C:/ST/STM32CubeIDE_1.14.1/STM32CubeIDE/plugins/com.st.stm32cube.ide.mcu.externaltools.gnu-tools-for-stm32.12.3.rel1.win32_1.0.100.202403111256/tools/bin/../lib/gcc/arm-none-eabi/12.3.1/../../../../arm-none-eabi/lib/thumb/v8-m.main+fp/hard\libc.a
LOAD C:/ST/STM32CubeIDE_1.14.1/STM32CubeIDE/plugins/com.st.stm32cube.ide.mcu.externaltools.gnu-tools-for-stm32.12.3.rel1.win32_1.0.100.202403111256/tools/bin/../lib/gcc/arm-none-eabi/12.3.1/../../../../arm-none-eabi/lib/thumb/v8-m.main+fp/hard\libm.a
LOAD C:/ST/STM32CubeIDE_1.14.1/STM32CubeIDE/plugins/com.st.stm32cube.ide.mcu.externaltools.gnu-tools-for-stm32.12.3.rel1.win32_1.0.100.202403111256/tools/bin/../lib/gcc/arm-none-eabi/12.3.1/thumb/v8-m.main+fp/hard\libgcc.a

.debug_info     0x00000000    0x122fd
 .debug_info    0x00000000     0x1464 ./Core/Src/main.o
 .debug_info    0x00001464     0x10b0 ./Core/Src/stm32h5xx_hal_msp.o
 .debug_info    0x00002514      0x6e7 ./Core/Src/stm32h5xx_it.o
 .debug_info    0x00002bfb      0x168 ./Core/Src/sysmem.o
 .debug_info    0x00002d63      0xc0b ./Core/Src/system_stm32h5xx.o
 .debug_info    0x0000396e       0x30 ./Core/Startup/startup_stm32h503rbtx.o
 .debug_info    0x0000399e     0x1069 ./Drivers/STM32H5xx_HAL_Driver/Src/stm32h5xx_hal.o
 .debug_info    0x00004a07     0x1522 ./Drivers/STM32H5xx_HAL_Driver/Src/stm32h5xx_hal_cortex.o
 .debug_info    0x00005f29      0x6aa ./Drivers/STM32H5xx_HAL_Driver/Src/stm32h5xx_hal_gpio.o
 .debug_info    0x000065d3     0x1bfa ./Drivers/STM32H5xx_HAL_Driver/Src/stm32h5xx_hal_hcd.o
 .debug_info    0x000081cd      0xfdf ./Drivers/STM32H5xx_HAL_Driver/Src/stm32h5xx_hal_rcc.o
 .debug_info    0x000091ac      0xf52 ./Drivers/STM32H5xx_HAL_Driver/Src/stm32h5xx_hal_rcc_ex.o
 .debug_info    0x0000a0fe      0xe7a ./Drivers/STM32H5xx_HAL_Driver/Src/stm32h5xx_ll_usb.o
 .debug_info    0x0000af78     0x114c ./USB/Class/CDC/Src/usb_host.o
 .debug_info    0x0000c0c4     0x147e ./USB/Class/CDC/Src/usbh_cdc.o
 .debug_info    0x0000d542     0x181f ./USB/Core/Src/usbh_conf.o
 .debug_info    0x0000ed61      0xf92 ./USB/Core/Src/usbh_core.o
 .debug_info    0x0000fcf3      0xf35 ./USB/Core/Src/usbh_ctlreq.o
 .debug_info    0x00010c28      0xc39 ./USB/Core/Src/usbh_ioreq.o
 .debug_info    0x00011861      0xa9c ./USB/Core/Src/usbh_pipes.o

.debug_abbrev   0x00000000     0x303f
 .debug_abbrev  0x00000000      0x36a ./Core/Src/main.o
 .debug_abbrev  0x0000036a      0x200 ./Core/Src/stm32h5xx_hal_msp.o
 .debug_abbrev  0x0000056a      0x192 ./Core/Src/stm32h5xx_it.o
 .debug_abbrev  0x000006fc       0xbc ./Core/Src/sysmem.o
 .debug_abbrev  0x000007b8      0x13a ./Core/Src/system_stm32h5xx.o
 .debug_abbrev  0x000008f2       0x24 ./Core/Startup/startup_stm32h503rbtx.o
 .debug_abbrev  0x00000916      0x2ac ./Drivers/STM32H5xx_HAL_Driver/Src/stm32h5xx_hal.o
 .debug_abbrev  0x00000bc2      0x311 ./Drivers/STM32H5xx_HAL_Driver/Src/stm32h5xx_hal_cortex.o
 .debug_abbrev  0x00000ed3      0x1db ./Drivers/STM32H5xx_HAL_Driver/Src/stm32h5xx_hal_gpio.o
 .debug_abbrev  0x000010ae      0x30e ./Drivers/STM32H5xx_HAL_Driver/Src/stm32h5xx_hal_hcd.o
 .debug_abbrev  0x000013bc      0x28e ./Drivers/STM32H5xx_HAL_Driver/Src/stm32h5xx_hal_rcc.o
 .debug_abbrev  0x0000164a      0x25c ./Drivers/STM32H5xx_HAL_Driver/Src/stm32h5xx_hal_rcc_ex.o
 .debug_abbrev  0x000018a6      0x2c4 ./Drivers/STM32H5xx_HAL_Driver/Src/stm32h5xx_ll_usb.o
 .debug_abbrev  0x00001b6a      0x2dd ./USB/Class/CDC/Src/usb_host.o
 .debug_abbrev  0x00001e47      0x33c ./USB/Class/CDC/Src/usbh_cdc.o
 .debug_abbrev  0x00002183      0x3a6 ./USB/Core/Src/usbh_conf.o
 .debug_abbrev  0x00002529      0x358 ./USB/Core/Src/usbh_core.o
 .debug_abbrev  0x00002881      0x2f8 ./USB/Core/Src/usbh_ctlreq.o
 .debug_abbrev  0x00002b79      0x245 ./USB/Core/Src/usbh_ioreq.o
 .debug_abbrev  0x00002dbe      0x281 ./USB/Core/Src/usbh_pipes.o

.debug_aranges  0x00000000      0xc70
 .debug_aranges
                0x00000000       0x40 ./Core/Src/main.o
 .debug_aranges
                0x00000040       0x30 ./Core/Src/stm32h5xx_hal_msp.o
 .debug_aranges
                0x00000070       0x68 ./Core/Src/stm32h5xx_it.o
 .debug_aranges
                0x000000d8       0x20 ./Core/Src/sysmem.o
 .debug_aranges
                0x000000f8       0x28 ./Core/Src/system_stm32h5xx.o
 .debug_aranges
                0x00000120       0x28 ./Core/Startup/startup_stm32h503rbtx.o
 .debug_aranges
                0x00000148      0x1a0 ./Drivers/STM32H5xx_HAL_Driver/Src/stm32h5xx_hal.o
 .debug_aranges
                0x000002e8      0x140 ./Drivers/STM32H5xx_HAL_Driver/Src/stm32h5xx_hal_cortex.o
 .debug_aranges
                0x00000428       0x78 ./Drivers/STM32H5xx_HAL_Driver/Src/stm32h5xx_hal_gpio.o
 .debug_aranges
                0x000004a0      0x1a0 ./Drivers/STM32H5xx_HAL_Driver/Src/stm32h5xx_hal_hcd.o
 .debug_aranges
                0x00000640       0xa0 ./Drivers/STM32H5xx_HAL_Driver/Src/stm32h5xx_hal_rcc.o
 .debug_aranges
                0x000006e0       0xe8 ./Drivers/STM32H5xx_HAL_Driver/Src/stm32h5xx_hal_rcc_ex.o
 .debug_aranges
                0x000007c8      0x100 ./Drivers/STM32H5xx_HAL_Driver/Src/stm32h5xx_ll_usb.o
 .debug_aranges
                0x000008c8       0x38 ./USB/Class/CDC/Src/usb_host.o
 .debug_aranges
                0x00000900       0xa8 ./USB/Class/CDC/Src/usbh_cdc.o
 .debug_aranges
                0x000009a8       0xc8 ./USB/Core/Src/usbh_conf.o
 .debug_aranges
                0x00000a70       0xc0 ./USB/Core/Src/usbh_core.o
 .debug_aranges
                0x00000b30       0xa0 ./USB/Core/Src/usbh_ctlreq.o
 .debug_aranges
                0x00000bd0       0x60 ./USB/Core/Src/usbh_ioreq.o
 .debug_aranges
                0x00000c30       0x40 ./USB/Core/Src/usbh_pipes.o

.debug_rnglists
                0x00000000      0x933
 .debug_rnglists
                0x00000000       0x2e ./Core/Src/main.o
 .debug_rnglists
                0x0000002e       0x20 ./Core/Src/stm32h5xx_hal_msp.o
 .debug_rnglists
                0x0000004e       0x49 ./Core/Src/stm32h5xx_it.o
 .debug_rnglists
                0x00000097       0x13 ./Core/Src/sysmem.o
 .debug_rnglists
                0x000000aa       0x1b ./Core/Src/system_stm32h5xx.o
 .debug_rnglists
                0x000000c5       0x19 ./Core/Startup/startup_stm32h503rbtx.o
 .debug_rnglists
                0x000000de      0x134 ./Drivers/STM32H5xx_HAL_Driver/Src/stm32h5xx_hal.o
 .debug_rnglists
                0x00000212       0xec ./Drivers/STM32H5xx_HAL_Driver/Src/stm32h5xx_hal_cortex.o
 .debug_rnglists
                0x000002fe       0x57 ./Drivers/STM32H5xx_HAL_Driver/Src/stm32h5xx_hal_gpio.o
 .debug_rnglists
                0x00000355      0x147 ./Drivers/STM32H5xx_HAL_Driver/Src/stm32h5xx_hal_hcd.o
 .debug_rnglists
                0x0000049c       0x79 ./Drivers/STM32H5xx_HAL_Driver/Src/stm32h5xx_hal_rcc.o
 .debug_rnglists
                0x00000515       0xb4 ./Drivers/STM32H5xx_HAL_Driver/Src/stm32h5xx_hal_rcc_ex.o
 .debug_rnglists
                0x000005c9       0xc1 ./Drivers/STM32H5xx_HAL_Driver/Src/stm32h5xx_ll_usb.o
 .debug_rnglists
                0x0000068a       0x27 ./USB/Class/CDC/Src/usb_host.o
 .debug_rnglists
                0x000006b1       0x7e ./USB/Class/CDC/Src/usbh_cdc.o
 .debug_rnglists
                0x0000072f       0x91 ./USB/Core/Src/usbh_conf.o
 .debug_rnglists
                0x000007c0       0x8f ./USB/Core/Src/usbh_core.o
 .debug_rnglists
                0x0000084f       0x76 ./USB/Core/Src/usbh_ctlreq.o
 .debug_rnglists
                0x000008c5       0x43 ./USB/Core/Src/usbh_ioreq.o
 .debug_rnglists
                0x00000908       0x2b ./USB/Core/Src/usbh_pipes.o

.debug_macro    0x00000000    0x20add
 .debug_macro   0x00000000      0x36c ./Core/Src/main.o
 .debug_macro   0x0000036c      0xaba ./Core/Src/main.o
 .debug_macro   0x00000e26      0x1c4 ./Core/Src/main.o
 .debug_macro   0x00000fea       0x22 ./Core/Src/main.o
 .debug_macro   0x0000100c       0x5b ./Core/Src/main.o
 .debug_macro   0x00001067       0x2a ./Core/Src/main.o
 .debug_macro   0x00001091       0x94 ./Core/Src/main.o
 .debug_macro   0x00001125       0x43 ./Core/Src/main.o
 .debug_macro   0x00001168       0x34 ./Core/Src/main.o
 .debug_macro   0x0000119c      0x189 ./Core/Src/main.o
 .debug_macro   0x00001325       0x16 ./Core/Src/main.o
 .debug_macro   0x0000133b       0x43 ./Core/Src/main.o
 .debug_macro   0x0000137e       0x57 ./Core/Src/main.o
 .debug_macro   0x000013d5       0x34 ./Core/Src/main.o
 .debug_macro   0x00001409       0x10 ./Core/Src/main.o
 .debug_macro   0x00001419       0x58 ./Core/Src/main.o
 .debug_macro   0x00001471       0x8e ./Core/Src/main.o
 .debug_macro   0x000014ff       0x1c ./Core/Src/main.o
 .debug_macro   0x0000151b      0x177 ./Core/Src/main.o
 .debug_macro   0x00001692      0x369 ./Core/Src/main.o
 .debug_macro   0x000019fb      0x19b ./Core/Src/main.o
 .debug_macro   0x00001b96       0x28 ./Core/Src/main.o
 .debug_macro   0x00001bbe       0x42 ./Core/Src/main.o
 .debug_macro   0x00001c00      0x103 ./Core/Src/main.o
 .debug_macro   0x00001d03       0x6a ./Core/Src/main.o
 .debug_macro   0x00001d6d      0x1df ./Core/Src/main.o
 .debug_macro   0x00001f4c       0x1c ./Core/Src/main.o
 .debug_macro   0x00001f68       0x29 ./Core/Src/main.o
 .debug_macro   0x00001f91       0xfb ./Core/Src/main.o
 .debug_macro   0x0000208c     0x1685 ./Core/Src/main.o
 .debug_macro   0x00003711       0x5e ./Core/Src/main.o
 .debug_macro   0x0000376f    0x12007 ./Core/Src/main.o
 .debug_macro   0x00015776       0x6d ./Core/Src/main.o
 .debug_macro   0x000157e3     0x3891 ./Core/Src/main.o
 .debug_macro   0x00019074       0x63 ./Core/Src/main.o
 .debug_macro   0x000190d7     0x146a ./Core/Src/main.o
 .debug_macro   0x0001a541      0x75e ./Core/Src/main.o
 .debug_macro   0x0001ac9f      0x166 ./Core/Src/main.o
 .debug_macro   0x0001ae05      0x1a6 ./Core/Src/main.o
 .debug_macro   0x0001afab      0x527 ./Core/Src/main.o
 .debug_macro   0x0001b4d2      0x40f ./Core/Src/main.o
 .debug_macro   0x0001b8e1       0xd6 ./Core/Src/main.o
 .debug_macro   0x0001b9b7      0x1ce ./Core/Src/main.o
 .debug_macro   0x0001bb85      0x1c3 ./Core/Src/main.o
 .debug_macro   0x0001bd48      0x4ef ./Core/Src/main.o
 .debug_macro   0x0001c237       0x58 ./Core/Src/main.o
 .debug_macro   0x0001c28f      0x272 ./Core/Src/main.o
 .debug_macro   0x0001c501      0x1a6 ./Core/Src/main.o
 .debug_macro   0x0001c6a7      0x224 ./Core/Src/main.o
 .debug_macro   0x0001c8cb      0x153 ./Core/Src/main.o
 .debug_macro   0x0001ca1e      0x20a ./Core/Src/main.o
 .debug_macro   0x0001cc28      0x31f ./Core/Src/main.o
 .debug_macro   0x0001cf47       0x1c ./Core/Src/main.o
 .debug_macro   0x0001cf63       0x35 ./Core/Src/main.o
 .debug_macro   0x0001cf98       0x10 ./Core/Src/main.o
 .debug_macro   0x0001cfa8       0x1c ./Core/Src/main.o
 .debug_macro   0x0001cfc4       0x16 ./Core/Src/main.o
 .debug_macro   0x0001cfda      0x146 ./Core/Src/main.o
 .debug_macro   0x0001d120       0x16 ./Core/Src/main.o
 .debug_macro   0x0001d136       0x16 ./Core/Src/main.o
 .debug_macro   0x0001d14c       0x29 ./Core/Src/main.o
 .debug_macro   0x0001d175       0x16 ./Core/Src/main.o
 .debug_macro   0x0001d18b       0x20 ./Core/Src/main.o
 .debug_macro   0x0001d1ab       0x70 ./Core/Src/main.o
 .debug_macro   0x0001d21b      0x233 ./Core/Src/main.o
 .debug_macro   0x0001d44e       0x2e ./Core/Src/main.o
 .debug_macro   0x0001d47c       0x2e ./Core/Src/main.o
 .debug_macro   0x0001d4aa       0x28 ./Core/Src/main.o
 .debug_macro   0x0001d4d2      0x15b ./Core/Src/main.o
 .debug_macro   0x0001d62d      0x268 ./Core/Src/stm32h5xx_hal_msp.o
 .debug_macro   0x0001d895      0x272 ./Core/Src/stm32h5xx_it.o
 .debug_macro   0x0001db07       0xff ./Core/Src/sysmem.o
 .debug_macro   0x0001dc06      0x23c ./Core/Src/sysmem.o
 .debug_macro   0x0001de42      0x265 ./Core/Src/system_stm32h5xx.o
 .debug_macro   0x0001e0a7      0x28e ./Drivers/STM32H5xx_HAL_Driver/Src/stm32h5xx_hal.o
 .debug_macro   0x0001e335      0x25e ./Drivers/STM32H5xx_HAL_Driver/Src/stm32h5xx_hal_cortex.o
 .debug_macro   0x0001e593      0x294 ./Drivers/STM32H5xx_HAL_Driver/Src/stm32h5xx_hal_gpio.o
 .debug_macro   0x0001e827      0x25e ./Drivers/STM32H5xx_HAL_Driver/Src/stm32h5xx_hal_hcd.o
 .debug_macro   0x0001ea85      0x2a0 ./Drivers/STM32H5xx_HAL_Driver/Src/stm32h5xx_hal_rcc.o
 .debug_macro   0x0001ed25      0x26a ./Drivers/STM32H5xx_HAL_Driver/Src/stm32h5xx_hal_rcc_ex.o
 .debug_macro   0x0001ef8f      0x25e ./Drivers/STM32H5xx_HAL_Driver/Src/stm32h5xx_ll_usb.o
 .debug_macro   0x0001f1ed      0x360 ./USB/Class/CDC/Src/usb_host.o
 .debug_macro   0x0001f54d      0x161 ./USB/Class/CDC/Src/usb_host.o
 .debug_macro   0x0001f6ae      0x362 ./USB/Class/CDC/Src/usbh_cdc.o
 .debug_macro   0x0001fa10      0x34d ./USB/Core/Src/usbh_conf.o
 .debug_macro   0x0001fd5d      0x35f ./USB/Core/Src/usbh_core.o
 .debug_macro   0x000200bc      0x357 ./USB/Core/Src/usbh_ctlreq.o
 .debug_macro   0x00020413       0x28 ./USB/Core/Src/usbh_ctlreq.o
 .debug_macro   0x0002043b      0x351 ./USB/Core/Src/usbh_ioreq.o
 .debug_macro   0x0002078c      0x351 ./USB/Core/Src/usbh_pipes.o

.debug_line     0x00000000    0x10c14
 .debug_line    0x00000000      0xabb ./Core/Src/main.o
 .debug_line    0x00000abb      0x8ad ./Core/Src/stm32h5xx_hal_msp.o
 .debug_line    0x00001368      0x928 ./Core/Src/stm32h5xx_it.o
 .debug_line    0x00001c90      0x583 ./Core/Src/sysmem.o
 .debug_line    0x00002213      0x9bf ./Core/Src/system_stm32h5xx.o
 .debug_line    0x00002bd2       0x77 ./Core/Startup/startup_stm32h503rbtx.o
 .debug_line    0x00002c49      0xe0f ./Drivers/STM32H5xx_HAL_Driver/Src/stm32h5xx_hal.o
 .debug_line    0x00003a58      0xebe ./Drivers/STM32H5xx_HAL_Driver/Src/stm32h5xx_hal_cortex.o
 .debug_line    0x00004916      0xc4a ./Drivers/STM32H5xx_HAL_Driver/Src/stm32h5xx_hal_gpio.o
 .debug_line    0x00005560     0x1fe0 ./Drivers/STM32H5xx_HAL_Driver/Src/stm32h5xx_hal_hcd.o
 .debug_line    0x00007540     0x12a9 ./Drivers/STM32H5xx_HAL_Driver/Src/stm32h5xx_hal_rcc.o
 .debug_line    0x000087e9     0x1b85 ./Drivers/STM32H5xx_HAL_Driver/Src/stm32h5xx_hal_rcc_ex.o
 .debug_line    0x0000a36e     0x1001 ./Drivers/STM32H5xx_HAL_Driver/Src/stm32h5xx_ll_usb.o
 .debug_line    0x0000b36f      0xa3f ./USB/Class/CDC/Src/usb_host.o
 .debug_line    0x0000bdae      0xe82 ./USB/Class/CDC/Src/usbh_cdc.o
 .debug_line    0x0000cc30      0xc37 ./USB/Core/Src/usbh_conf.o
 .debug_line    0x0000d867     0x10dd ./USB/Core/Src/usbh_core.o
 .debug_line    0x0000e944      0xe87 ./USB/Core/Src/usbh_ctlreq.o
 .debug_line    0x0000f7cb      0xa4e ./USB/Core/Src/usbh_ioreq.o
 .debug_line    0x00010219      0x9fb ./USB/Core/Src/usbh_pipes.o

.debug_str      0x00000000    0xc1c7d
 .debug_str     0x00000000    0xbd8c9 ./Core/Src/main.o
                              0xbdcd0 (size before relaxing)
 .debug_str     0x000bd8c9      0xc41 ./Core/Src/stm32h5xx_hal_msp.o
                              0xbbe68 (size before relaxing)
 .debug_str     0x000be50a      0x102 ./Core/Src/stm32h5xx_it.o
                              0xbb49e (size before relaxing)
 .debug_str     0x000be60c      0x4dc ./Core/Src/sysmem.o
                               0x60e4 (size before relaxing)
 .debug_str     0x000beae8      0x2e9 ./Core/Src/system_stm32h5xx.o
                              0xbb3a0 (size before relaxing)
 .debug_str     0x000bedd1       0x44 ./Core/Startup/startup_stm32h503rbtx.o
                                 0x75 (size before relaxing)
 .debug_str     0x000bee15      0x842 ./Drivers/STM32H5xx_HAL_Driver/Src/stm32h5xx_hal.o
                              0xbbf13 (size before relaxing)
 .debug_str     0x000bf657      0x3e7 ./Drivers/STM32H5xx_HAL_Driver/Src/stm32h5xx_hal_cortex.o
                              0xbbc7d (size before relaxing)
 .debug_str     0x000bfa3e      0x2b4 ./Drivers/STM32H5xx_HAL_Driver/Src/stm32h5xx_hal_gpio.o
                              0xbb27e (size before relaxing)
 .debug_str     0x000bfcf2      0x72b ./Drivers/STM32H5xx_HAL_Driver/Src/stm32h5xx_hal_hcd.o
                              0xbbb5f (size before relaxing)
 .debug_str     0x000c041d      0x376 ./Drivers/STM32H5xx_HAL_Driver/Src/stm32h5xx_hal_rcc.o
                              0xbb8e0 (size before relaxing)
 .debug_str     0x000c0793      0x5d6 ./Drivers/STM32H5xx_HAL_Driver/Src/stm32h5xx_hal_rcc_ex.o
                              0xbba37 (size before relaxing)
 .debug_str     0x000c0d69      0x1c9 ./Drivers/STM32H5xx_HAL_Driver/Src/stm32h5xx_ll_usb.o
                              0xbb568 (size before relaxing)
 .debug_str     0x000c0f32       0x8a ./USB/Class/CDC/Src/usb_host.o
                              0xbdcd7 (size before relaxing)
 .debug_str     0x000c0fbc      0x6e8 ./USB/Class/CDC/Src/usbh_cdc.o
                              0xbddb1 (size before relaxing)
 .debug_str     0x000c16a4      0x1c9 ./USB/Core/Src/usbh_conf.o
                              0xbd97f (size before relaxing)
 .debug_str     0x000c186d      0x1ac ./USB/Core/Src/usbh_core.o
                              0xbd2c2 (size before relaxing)
 .debug_str     0x000c1a19      0x1b9 ./USB/Core/Src/usbh_ctlreq.o
                              0xbd237 (size before relaxing)
 .debug_str     0x000c1bd2       0x75 ./USB/Core/Src/usbh_ioreq.o
                              0xbd06b (size before relaxing)
 .debug_str     0x000c1c47       0x36 ./USB/Core/Src/usbh_pipes.o
                              0xbd001 (size before relaxing)

.comment        0x00000000       0x43
 .comment       0x00000000       0x43 ./Core/Src/main.o
                                 0x44 (size before relaxing)
 .comment       0x00000043       0x44 ./Core/Src/stm32h5xx_hal_msp.o
 .comment       0x00000043       0x44 ./Core/Src/stm32h5xx_it.o
 .comment       0x00000043       0x44 ./Core/Src/sysmem.o
 .comment       0x00000043       0x44 ./Core/Src/system_stm32h5xx.o
 .comment       0x00000043       0x44 ./Drivers/STM32H5xx_HAL_Driver/Src/stm32h5xx_hal.o
 .comment       0x00000043       0x44 ./Drivers/STM32H5xx_HAL_Driver/Src/stm32h5xx_hal_cortex.o
 .comment       0x00000043       0x44 ./Drivers/STM32H5xx_HAL_Driver/Src/stm32h5xx_hal_gpio.o
 .comment       0x00000043       0x44 ./Drivers/STM32H5xx_HAL_Driver/Src/stm32h5xx_hal_hcd.o
 .comment       0x00000043       0x44 ./Drivers/STM32H5xx_HAL_Driver/Src/stm32h5xx_hal_rcc.o
 .comment       0x00000043       0x44 ./Drivers/STM32H5xx_HAL_Driver/Src/stm32h5xx_hal_rcc_ex.o
 .comment       0x00000043       0x44 ./Drivers/STM32H5xx_HAL_Driver/Src/stm32h5xx_ll_usb.o
 .comment       0x00000043       0x44 ./USB/Class/CDC/Src/usb_host.o
 .comment       0x00000043       0x44 ./USB/Class/CDC/Src/usbh_cdc.o
 .comment       0x00000043       0x44 ./USB/Core/Src/usbh_conf.o
 .comment       0x00000043       0x44 ./USB/Core/Src/usbh_core.o
 .comment       0x00000043       0x44 ./USB/Core/Src/usbh_ctlreq.o
 .comment       0x00000043       0x44 ./USB/Core/Src/usbh_ioreq.o
 .comment       0x00000043       0x44 ./USB/Core/Src/usbh_pipes.o

.debug_frame    0x00000000     0x3748
 .debug_frame   0x00000000       0xb0 ./Core/Src/main.o
 .debug_frame   0x000000b0       0x7c ./Core/Src/stm32h5xx_hal_msp.o
 .debug_frame   0x0000012c      0x120 ./Core/Src/stm32h5xx_it.o
 .debug_frame   0x0000024c       0x34 ./Core/Src/sysmem.o
 .debug_frame   0x00000280       0x60 ./Core/Src/system_stm32h5xx.o
 .debug_frame   0x000002e0      0x66c ./Drivers/STM32H5xx_HAL_Driver/Src/stm32h5xx_hal.o
 .debug_frame   0x0000094c      0x560 ./Drivers/STM32H5xx_HAL_Driver/Src/stm32h5xx_hal_cortex.o
 .debug_frame   0x00000eac      0x1ec ./Drivers/STM32H5xx_HAL_Driver/Src/stm32h5xx_hal_gpio.o
 .debug_frame   0x00001098      0x788 ./Drivers/STM32H5xx_HAL_Driver/Src/stm32h5xx_hal_hcd.o
 .debug_frame   0x00001820      0x264 ./Drivers/STM32H5xx_HAL_Driver/Src/stm32h5xx_hal_rcc.o
 .debug_frame   0x00001a84      0x3d0 ./Drivers/STM32H5xx_HAL_Driver/Src/stm32h5xx_hal_rcc_ex.o
 .debug_frame   0x00001e54      0x4a0 ./Drivers/STM32H5xx_HAL_Driver/Src/stm32h5xx_ll_usb.o
 .debug_frame   0x000022f4       0x94 ./USB/Class/CDC/Src/usb_host.o
 .debug_frame   0x00002388      0x2c0 ./USB/Class/CDC/Src/usbh_cdc.o
 .debug_frame   0x00002648      0x340 ./USB/Core/Src/usbh_conf.o
 .debug_frame   0x00002988      0x338 ./USB/Core/Src/usbh_core.o
 .debug_frame   0x00002cc0      0x28c ./USB/Core/Src/usbh_ctlreq.o
 .debug_frame   0x00002f4c      0x154 ./USB/Core/Src/usbh_ioreq.o
 .debug_frame   0x000030a0       0xcc ./USB/Core/Src/usbh_pipes.o
 .debug_frame   0x0000316c       0x30 C:/ST/STM32CubeIDE_1.14.1/STM32CubeIDE/plugins/com.st.stm32cube.ide.mcu.externaltools.gnu-tools-for-stm32.12.3.rel1.win32_1.0.100.202403111256/tools/bin/../lib/gcc/arm-none-eabi/12.3.1/../../../../arm-none-eabi/lib/thumb/v8-m.main+fp/hard\libc_nano.a(libc_a-malloc.o)
 .debug_frame   0x0000319c       0x50 C:/ST/STM32CubeIDE_1.14.1/STM32CubeIDE/plugins/com.st.stm32cube.ide.mcu.externaltools.gnu-tools-for-stm32.12.3.rel1.win32_1.0.100.202403111256/tools/bin/../lib/gcc/arm-none-eabi/12.3.1/../../../../arm-none-eabi/lib/thumb/v8-m.main+fp/hard\libc_nano.a(libc_a-mallocr.o)
 .debug_frame   0x000031ec       0x30 C:/ST/STM32CubeIDE_1.14.1/STM32CubeIDE/plugins/com.st.stm32cube.ide.mcu.externaltools.gnu-tools-for-stm32.12.3.rel1.win32_1.0.100.202403111256/tools/bin/../lib/gcc/arm-none-eabi/12.3.1/../../../../arm-none-eabi/lib/thumb/v8-m.main+fp/hard\libc_nano.a(libc_a-mlock.o)
 .debug_frame   0x0000321c      0x144 C:/ST/STM32CubeIDE_1.14.1/STM32CubeIDE/plugins/com.st.stm32cube.ide.mcu.externaltools.gnu-tools-for-stm32.12.3.rel1.win32_1.0.100.202403111256/tools/bin/../lib/gcc/arm-none-eabi/12.3.1/../../../../arm-none-eabi/lib/thumb/v8-m.main+fp/hard\libc_nano.a(libc_a-findfp.o)
 .debug_frame   0x00003360       0x6c C:/ST/STM32CubeIDE_1.14.1/STM32CubeIDE/plugins/com.st.stm32cube.ide.mcu.externaltools.gnu-tools-for-stm32.12.3.rel1.win32_1.0.100.202403111256/tools/bin/../lib/gcc/arm-none-eabi/12.3.1/../../../../arm-none-eabi/lib/thumb/v8-m.main+fp/hard\libc_nano.a(libc_a-sprintf.o)
 .debug_frame   0x000033cc       0x20 C:/ST/STM32CubeIDE_1.14.1/STM32CubeIDE/plugins/com.st.stm32cube.ide.mcu.externaltools.gnu-tools-for-stm32.12.3.rel1.win32_1.0.100.202403111256/tools/bin/../lib/gcc/arm-none-eabi/12.3.1/../../../../arm-none-eabi/lib/thumb/v8-m.main+fp/hard\libc_nano.a(libc_a-memset.o)
 .debug_frame   0x000033ec       0x38 C:/ST/STM32CubeIDE_1.14.1/STM32CubeIDE/plugins/com.st.stm32cube.ide.mcu.externaltools.gnu-tools-for-stm32.12.3.rel1.win32_1.0.100.202403111256/tools/bin/../lib/gcc/arm-none-eabi/12.3.1/../../../../arm-none-eabi/lib/thumb/v8-m.main+fp/hard\libc_nano.a(libc_a-reent.o)
 .debug_frame   0x00003424       0x2c C:/ST/STM32CubeIDE_1.14.1/STM32CubeIDE/plugins/com.st.stm32cube.ide.mcu.externaltools.gnu-tools-for-stm32.12.3.rel1.win32_1.0.100.202403111256/tools/bin/../lib/gcc/arm-none-eabi/12.3.1/../../../../arm-none-eabi/lib/thumb/v8-m.main+fp/hard\libc_nano.a(libc_a-sbrkr.o)
 .debug_frame   0x00003450       0x20 C:/ST/STM32CubeIDE_1.14.1/STM32CubeIDE/plugins/com.st.stm32cube.ide.mcu.externaltools.gnu-tools-for-stm32.12.3.rel1.win32_1.0.100.202403111256/tools/bin/../lib/gcc/arm-none-eabi/12.3.1/../../../../arm-none-eabi/lib/thumb/v8-m.main+fp/hard\libc_nano.a(libc_a-errno.o)
 .debug_frame   0x00003470       0x2c C:/ST/STM32CubeIDE_1.14.1/STM32CubeIDE/plugins/com.st.stm32cube.ide.mcu.externaltools.gnu-tools-for-stm32.12.3.rel1.win32_1.0.100.202403111256/tools/bin/../lib/gcc/arm-none-eabi/12.3.1/../../../../arm-none-eabi/lib/thumb/v8-m.main+fp/hard\libc_nano.a(libc_a-init.o)
 .debug_frame   0x0000349c       0xb0 C:/ST/STM32CubeIDE_1.14.1/STM32CubeIDE/plugins/com.st.stm32cube.ide.mcu.externaltools.gnu-tools-for-stm32.12.3.rel1.win32_1.0.100.202403111256/tools/bin/../lib/gcc/arm-none-eabi/12.3.1/../../../../arm-none-eabi/lib/thumb/v8-m.main+fp/hard\libc_nano.a(libc_a-lock.o)
 .debug_frame   0x0000354c       0x38 C:/ST/STM32CubeIDE_1.14.1/STM32CubeIDE/plugins/com.st.stm32cube.ide.mcu.externaltools.gnu-tools-for-stm32.12.3.rel1.win32_1.0.100.202403111256/tools/bin/../lib/gcc/arm-none-eabi/12.3.1/../../../../arm-none-eabi/lib/thumb/v8-m.main+fp/hard\libc_nano.a(libc_a-freer.o)
 .debug_frame   0x00003584       0x90 C:/ST/STM32CubeIDE_1.14.1/STM32CubeIDE/plugins/com.st.stm32cube.ide.mcu.externaltools.gnu-tools-for-stm32.12.3.rel1.win32_1.0.100.202403111256/tools/bin/../lib/gcc/arm-none-eabi/12.3.1/../../../../arm-none-eabi/lib/thumb/v8-m.main+fp/hard\libc_nano.a(libc_a-nano-svfprintf.o)
 .debug_frame   0x00003614       0x60 C:/ST/STM32CubeIDE_1.14.1/STM32CubeIDE/plugins/com.st.stm32cube.ide.mcu.externaltools.gnu-tools-for-stm32.12.3.rel1.win32_1.0.100.202403111256/tools/bin/../lib/gcc/arm-none-eabi/12.3.1/../../../../arm-none-eabi/lib/thumb/v8-m.main+fp/hard\libc_nano.a(libc_a-nano-vfprintf_i.o)
 .debug_frame   0x00003674       0x28 C:/ST/STM32CubeIDE_1.14.1/STM32CubeIDE/plugins/com.st.stm32cube.ide.mcu.externaltools.gnu-tools-for-stm32.12.3.rel1.win32_1.0.100.202403111256/tools/bin/../lib/gcc/arm-none-eabi/12.3.1/../../../../arm-none-eabi/lib/thumb/v8-m.main+fp/hard\libc_nano.a(libc_a-memmove.o)
 .debug_frame   0x0000369c       0x28 C:/ST/STM32CubeIDE_1.14.1/STM32CubeIDE/plugins/com.st.stm32cube.ide.mcu.externaltools.gnu-tools-for-stm32.12.3.rel1.win32_1.0.100.202403111256/tools/bin/../lib/gcc/arm-none-eabi/12.3.1/../../../../arm-none-eabi/lib/thumb/v8-m.main+fp/hard\libc_nano.a(libc_a-memchr-stub.o)
 .debug_frame   0x000036c4       0x28 C:/ST/STM32CubeIDE_1.14.1/STM32CubeIDE/plugins/com.st.stm32cube.ide.mcu.externaltools.gnu-tools-for-stm32.12.3.rel1.win32_1.0.100.202403111256/tools/bin/../lib/gcc/arm-none-eabi/12.3.1/../../../../arm-none-eabi/lib/thumb/v8-m.main+fp/hard\libc_nano.a(libc_a-memcpy-stub.o)
 .debug_frame   0x000036ec       0x3c C:/ST/STM32CubeIDE_1.14.1/STM32CubeIDE/plugins/com.st.stm32cube.ide.mcu.externaltools.gnu-tools-for-stm32.12.3.rel1.win32_1.0.100.202403111256/tools/bin/../lib/gcc/arm-none-eabi/12.3.1/../../../../arm-none-eabi/lib/thumb/v8-m.main+fp/hard\libc_nano.a(libc_a-reallocr.o)
 .debug_frame   0x00003728       0x20 C:/ST/STM32CubeIDE_1.14.1/STM32CubeIDE/plugins/com.st.stm32cube.ide.mcu.externaltools.gnu-tools-for-stm32.12.3.rel1.win32_1.0.100.202403111256/tools/bin/../lib/gcc/arm-none-eabi/12.3.1/../../../../arm-none-eabi/lib/thumb/v8-m.main+fp/hard\libc_nano.a(libc_a-msizer.o)

.debug_line_str
                0x00000000       0x59
 .debug_line_str
                0x00000000       0x59 ./Core/Startup/startup_stm32h503rbtx.o