Archive member included to satisfy reference by file (symbol)

C:/ST/STM32CubeIDE_1.14.1/STM32CubeIDE/plugins/com.st.stm32cube.ide.mcu.externaltools.gnu-tools-for-stm32.12.3.rel1.win32_1.0.100.202403111256/tools/bin/../lib/gcc/arm-none-eabi/12.3.1/../../../../arm-none-eabi/lib/thumb/v8-m.main+fp/hard\libc_nano.a(libc_a-exit.o)
                              C:/ST/STM32CubeIDE_1.14.1/STM32CubeIDE/plugins/com.st.stm32cube.ide.mcu.externaltools.gnu-tools-for-stm32.12.3.rel1.win32_1.0.100.202403111256/tools/bin/../lib/gcc/arm-none-eabi/12.3.1/../../../../arm-none-eabi/lib/thumb/v8-m.main+fp/hard/crt0.o (exit)
C:/ST/STM32CubeIDE_1.14.1/STM32CubeIDE/plugins/com.st.stm32cube.ide.mcu.externaltools.gnu-tools-for-stm32.12.3.rel1.win32_1.0.100.202403111256/tools/bin/../lib/gcc/arm-none-eabi/12.3.1/../../../../arm-none-eabi/lib/thumb/v8-m.main+fp/hard\libc_nano.a(libc_a-findfp.o)
                              C:/ST/STM32CubeIDE_1.14.1/STM32CubeIDE/plugins/com.st.stm32cube.ide.mcu.externaltools.gnu-tools-for-stm32.12.3.rel1.win32_1.0.100.202403111256/tools/bin/../lib/gcc/arm-none-eabi/12.3.1/../../../../arm-none-eabi/lib/thumb/v8-m.main+fp/hard\libc_nano.a(libc_a-exit.o) (__stdio_exit_handler)
C:/ST/STM32CubeIDE_1.14.1/STM32CubeIDE/plugins/com.st.stm32cube.ide.mcu.externaltools.gnu-tools-for-stm32.12.3.rel1.win32_1.0.100.202403111256/tools/bin/../lib/gcc/arm-none-eabi/12.3.1/../../../../arm-none-eabi/lib/thumb/v8-m.main+fp/hard\libc_nano.a(libc_a-fwalk.o)
                              C:/ST/STM32CubeIDE_1.14.1/STM32CubeIDE/plugins/com.st.stm32cube.ide.mcu.externaltools.gnu-tools-for-stm32.12.3.rel1.win32_1.0.100.202403111256/tools/bin/../lib/gcc/arm-none-eabi/12.3.1/../../../../arm-none-eabi/lib/thumb/v8-m.main+fp/hard\libc_nano.a(libc_a-findfp.o) (_fwalk_sglue)
C:/ST/STM32CubeIDE_1.14.1/STM32CubeIDE/plugins/com.st.stm32cube.ide.mcu.externaltools.gnu-tools-for-stm32.12.3.rel1.win32_1.0.100.202403111256/tools/bin/../lib/gcc/arm-none-eabi/12.3.1/../../../../arm-none-eabi/lib/thumb/v8-m.main+fp/hard\libc_nano.a(libc_a-printf.o)
                              ./USB/Core/Src/usbd_core.o (printf)
C:/ST/STM32CubeIDE_1.14.1/STM32CubeIDE/plugins/com.st.stm32cube.ide.mcu.externaltools.gnu-tools-for-stm32.12.3.rel1.win32_1.0.100.202403111256/tools/bin/../lib/gcc/arm-none-eabi/12.3.1/../../../../arm-none-eabi/lib/thumb/v8-m.main+fp/hard\libc_nano.a(libc_a-putchar.o)
                              ./USB/Core/Src/usbd_core.o (putchar)
C:/ST/STM32CubeIDE_1.14.1/STM32CubeIDE/plugins/com.st.stm32cube.ide.mcu.externaltools.gnu-tools-for-stm32.12.3.rel1.win32_1.0.100.202403111256/tools/bin/../lib/gcc/arm-none-eabi/12.3.1/../../../../arm-none-eabi/lib/thumb/v8-m.main+fp/hard\libc_nano.a(libc_a-stdio.o)
                              C:/ST/STM32CubeIDE_1.14.1/STM32CubeIDE/plugins/com.st.stm32cube.ide.mcu.externaltools.gnu-tools-for-stm32.12.3.rel1.win32_1.0.100.202403111256/tools/bin/../lib/gcc/arm-none-eabi/12.3.1/../../../../arm-none-eabi/lib/thumb/v8-m.main+fp/hard\libc_nano.a(libc_a-findfp.o) (__sread)
C:/ST/STM32CubeIDE_1.14.1/STM32CubeIDE/plugins/com.st.stm32cube.ide.mcu.externaltools.gnu-tools-for-stm32.12.3.rel1.win32_1.0.100.202403111256/tools/bin/../lib/gcc/arm-none-eabi/12.3.1/../../../../arm-none-eabi/lib/thumb/v8-m.main+fp/hard\libc_nano.a(libc_a-memset.o)
                              C:/ST/STM32CubeIDE_1.14.1/STM32CubeIDE/plugins/com.st.stm32cube.ide.mcu.externaltools.gnu-tools-for-stm32.12.3.rel1.win32_1.0.100.202403111256/tools/bin/../lib/gcc/arm-none-eabi/12.3.1/../../../../arm-none-eabi/lib/thumb/v8-m.main+fp/hard/crt0.o (memset)
C:/ST/STM32CubeIDE_1.14.1/STM32CubeIDE/plugins/com.st.stm32cube.ide.mcu.externaltools.gnu-tools-for-stm32.12.3.rel1.win32_1.0.100.202403111256/tools/bin/../lib/gcc/arm-none-eabi/12.3.1/../../../../arm-none-eabi/lib/thumb/v8-m.main+fp/hard\libc_nano.a(libc_a-closer.o)
                              C:/ST/STM32CubeIDE_1.14.1/STM32CubeIDE/plugins/com.st.stm32cube.ide.mcu.externaltools.gnu-tools-for-stm32.12.3.rel1.win32_1.0.100.202403111256/tools/bin/../lib/gcc/arm-none-eabi/12.3.1/../../../../arm-none-eabi/lib/thumb/v8-m.main+fp/hard\libc_nano.a(libc_a-stdio.o) (_close_r)
C:/ST/STM32CubeIDE_1.14.1/STM32CubeIDE/plugins/com.st.stm32cube.ide.mcu.externaltools.gnu-tools-for-stm32.12.3.rel1.win32_1.0.100.202403111256/tools/bin/../lib/gcc/arm-none-eabi/12.3.1/../../../../arm-none-eabi/lib/thumb/v8-m.main+fp/hard\libc_nano.a(libc_a-reent.o)
                              C:/ST/STM32CubeIDE_1.14.1/STM32CubeIDE/plugins/com.st.stm32cube.ide.mcu.externaltools.gnu-tools-for-stm32.12.3.rel1.win32_1.0.100.202403111256/tools/bin/../lib/gcc/arm-none-eabi/12.3.1/../../../../arm-none-eabi/lib/thumb/v8-m.main+fp/hard\libc_nano.a(libc_a-closer.o) (errno)
C:/ST/STM32CubeIDE_1.14.1/STM32CubeIDE/plugins/com.st.stm32cube.ide.mcu.externaltools.gnu-tools-for-stm32.12.3.rel1.win32_1.0.100.202403111256/tools/bin/../lib/gcc/arm-none-eabi/12.3.1/../../../../arm-none-eabi/lib/thumb/v8-m.main+fp/hard\libc_nano.a(libc_a-impure.o)
[...]
Memory Configuration

Name             Origin             Length             Attributes
RAM              0x20000000         0x00008000         xrw
FLASH            0x08000000         0x00020000         xr
*default*        0x00000000         0xffffffff

Linker script and memory map

LOAD C:/ST/STM32CubeIDE_1.14.1/STM32CubeIDE/plugins/com.st.stm32cube.ide.mcu.externaltools.gnu-tools-for-stm32.12.3.rel1.win32_1.0.100.202403111256/tools/bin/../lib/gcc/arm-none-eabi/12.3.1/thumb/v8-m.main+fp/hard/crti.o
LOAD C:/ST/STM32CubeIDE_1.14.1/STM32CubeIDE/plugins/com.st.stm32cube.ide.mcu.externaltools.gnu-tools-for-stm32.12.3.rel1.win32_1.0.100.202403111256/tools/bin/../lib/gcc/arm-none-eabi/12.3.1/thumb/v8-m.main+fp/hard/crtbegin.o
LOAD C:/ST/STM32CubeIDE_1.14.1/STM32CubeIDE/plugins/com.st.stm32cube.ide.mcu.externaltools.gnu-tools-for-stm32.12.3.rel1.win32_1.0.100.202403111256/tools/bin/../lib/gcc/arm-none-eabi/12.3.1/../../../../arm-none-eabi/lib/thumb/v8-m.main+fp/hard/crt0.o
LOAD ./Core/Src/main.o
LOAD ./Core/Src/stm32h5xx_hal_msp.o
LOAD ./Core/Src/stm32h5xx_it.o
LOAD ./Core/Src/syscalls.o
LOAD ./Core/Src/sysmem.o
LOAD ./Core/Src/system_stm32h5xx.o
LOAD ./Core/Startup/startup_stm32h503rbtx.o
LOAD ./Drivers/STM32H5xx_HAL_Driver/Src/stm32h5xx_hal.o
LOAD ./Drivers/STM32H5xx_HAL_Driver/Src/stm32h5xx_hal_cortex.o
LOAD ./Drivers/STM32H5xx_HAL_Driver/Src/stm32h5xx_hal_dma.o
LOAD ./Drivers/STM32H5xx_HAL_Driver/Src/stm32h5xx_hal_dma_ex.o
LOAD ./Drivers/STM32H5xx_HAL_Driver/Src/stm32h5xx_hal_exti.o
LOAD ./Drivers/STM32H5xx_HAL_Driver/Src/stm32h5xx_hal_flash.o
LOAD ./Drivers/STM32H5xx_HAL_Driver/Src/stm32h5xx_hal_flash_ex.o
LOAD ./Drivers/STM32H5xx_HAL_Driver/Src/stm32h5xx_hal_gpio.o
LOAD ./Drivers/STM32H5xx_HAL_Driver/Src/stm32h5xx_hal_pcd.o
LOAD ./Drivers/STM32H5xx_HAL_Driver/Src/stm32h5xx_hal_pcd_ex.o
LOAD ./Drivers/STM32H5xx_HAL_Driver/Src/stm32h5xx_hal_pwr.o
LOAD ./Drivers/STM32H5xx_HAL_Driver/Src/stm32h5xx_hal_pwr_ex.o
LOAD ./Drivers/STM32H5xx_HAL_Driver/Src/stm32h5xx_hal_rcc.o
LOAD ./Drivers/STM32H5xx_HAL_Driver/Src/stm32h5xx_hal_rcc_ex.o
LOAD ./Drivers/STM32H5xx_HAL_Driver/Src/stm32h5xx_hal_tim.o
LOAD ./Drivers/STM32H5xx_HAL_Driver/Src/stm32h5xx_hal_tim_ex.o
LOAD ./Drivers/STM32H5xx_HAL_Driver/Src/stm32h5xx_ll_usb.o
LOAD ./USB/Class/CDC/Src/usbd_cdc.o
LOAD ./USB/Class/CDC/Src/usbd_cdc_if.o
LOAD ./USB/Class/CompositeBuilder/Src/usbd_composite_builder.o
LOAD ./USB/Class/HID/Src/usbd_hid.o
LOAD ./USB/Core/Src/usbd_conf.o
LOAD ./USB/Core/Src/usbd_core.o
LOAD ./USB/Core/Src/usbd_ctlreq.o
LOAD ./USB/Core/Src/usbd_desc.o
LOAD ./USB/Core/Src/usbd_ioreq.o
START GROUP
LOAD C:/ST/STM32CubeIDE_1.14.1/STM32CubeIDE/plugins/com.st.stm32cube.ide.mcu.externaltools.gnu-tools-for-stm32.12.3.rel1.win32_1.0.100.202403111256/tools/bin/../lib/gcc/arm-none-eabi/12.3.1/../../../../arm-none-eabi/lib/thumb/v8-m.main+fp/hard\libc_nano.a
LOAD C:/ST/STM32CubeIDE_1.14.1/STM32CubeIDE/plugins/com.st.stm32cube.ide.mcu.externaltools.gnu-tools-for-stm32.12.3.rel1.win32_1.0.100.202403111256/tools/bin/../lib/gcc/arm-none-eabi/12.3.1/../../../../arm-none-eabi/lib/thumb/v8-m.main+fp/hard\libm.a
END GROUP
START GROUP
LOAD C:/ST/STM32CubeIDE_1.14.1/STM32CubeIDE/plugins/com.st.stm32cube.ide.mcu.externaltools.gnu-tools-for-stm32.12.3.rel1.win32_1.0.100.202403111256/tools/bin/../lib/gcc/arm-none-eabi/12.3.1/thumb/v8-m.main+fp/hard\libgcc.a
LOAD C:/ST/STM32CubeIDE_1.14.1/STM32CubeIDE/plugins/com.st.stm32cube.ide.mcu.externaltools.gnu-tools-for-stm32.12.3.rel1.win32_1.0.100.202403111256/tools/bin/../lib/gcc/arm-none-eabi/12.3.1/../../../../arm-none-eabi/lib/thumb/v8-m.main+fp/hard\libc_nano.a
END GROUP
START GROUP
LOAD C:/ST/STM32CubeIDE_1.14.1/STM32CubeIDE/plugins/com.st.stm32cube.ide.mcu.externaltools.gnu-tools-for-stm32.12.3.rel1.win32_1.0.100.202403111256/tools/bin/../lib/gcc/arm-none-eabi/12.3.1/thumb/v8-m.main+fp/hard\libgcc.a
LOAD C:/ST/STM32CubeIDE_1.14.1/STM32CubeIDE/plugins/com.st.stm32cube.ide.mcu.externaltools.gnu-tools-for-stm32.12.3.rel1.win32_1.0.100.202403111256/tools/bin/../lib/gcc/arm-none-eabi/12.3.1/../../../../arm-none-eabi/lib/thumb/v8-m.main+fp/hard\libc_nano.a
LOAD C:/ST/STM32CubeIDE_1.14.1/STM32CubeIDE/plugins/com.st.stm32cube.ide.mcu.externaltools.gnu-tools-for-stm32.12.3.rel1.win32_1.0.100.202403111256/tools/bin/../lib/gcc/arm-none-eabi/12.3.1/../../../../arm-none-eabi/lib/thumb/v8-m.main+fp/hard\libnosys.a
END GROUP
START GROUP
LOAD C:/ST/STM32CubeIDE_1.14.1/STM32CubeIDE/plugins/com.st.stm32cube.ide.mcu.externaltools.gnu-tools-for-stm32.12.3.rel1.win32_1.0.100.202403111256/tools/bin/../lib/gcc/arm-none-eabi/12.3.1/thumb/v8-m.main+fp/hard\libgcc.a
LOAD C:/ST/STM32CubeIDE_1.14.1/STM32CubeIDE/plugins/com.st.stm32cube.ide.mcu.externaltools.gnu-tools-for-stm32.12.3.rel1.win32_1.0.100.202403111256/tools/bin/../lib/gcc/arm-none-eabi/12.3.1/../../../../arm-none-eabi/lib/thumb/v8-m.main+fp/hard\libc_nano.a
LOAD C:/ST/STM32CubeIDE_1.14.1/STM32CubeIDE/plugins/com.st.stm32cube.ide.mcu.externaltools.gnu-tools-for-stm32.12.3.rel1.win32_1.0.100.202403111256/tools/bin/../lib/gcc/arm-none-eabi/12.3.1/../../../../arm-none-eabi/lib/thumb/v8-m.main+fp/hard\libnosys.a
END GROUP
LOAD C:/ST/STM32CubeIDE_1.14.1/STM32CubeIDE/plugins/com.st.stm32cube.ide.mcu.externaltools.gnu-tools-for-stm32.12.3.rel1.win32_1.0.100.202403111256/tools/bin/../lib/gcc/arm-none-eabi/12.3.1/thumb/v8-m.main+fp/hard/crtend.o
LOAD C:/ST/STM32CubeIDE_1.14.1/STM32CubeIDE/plugins/com.st.stm32cube.ide.mcu.externaltools.gnu-tools-for-stm32.12.3.rel1.win32_1.0.100.202403111256/tools/bin/../lib/gcc/arm-none-eabi/12.3.1/thumb/v8-m.main+fp/hard/crtn.o
                0x20008000                        _estack = (ORIGIN (RAM) + LENGTH (RAM))
                0x00000600                        _Min_Heap_Size = 0x600
                0x00000800                        _Min_Stack_Size = 0x800

.isr_vector     0x08000000      0x258
                0x08000000                        . = ALIGN (0x4)
 *(.isr_vector)
 .isr_vector    0x08000000      0x258 ./Core/Startup/startup_stm32h503rbtx.o
                0x08000000                g_pfnVectors
                0x08000258                        . = ALIGN (0x4)

.text           0x08000258     0xa668
                0x08000258                        . = ALIGN (0x4)
 *(.text)
 .text          0x08000258       0x40 C:/ST/STM32CubeIDE_1.14.1/STM32CubeIDE/plugins/com.st.stm32cube.ide.mcu.externaltools.gnu-tools-for-stm32.12.3.rel1.win32_1.0.100.202403111256/tools/bin/../lib/gcc/arm-none-eabi/12.3.1/thumb/v8-m.main+fp/hard/crtbegin.o
 *(.text*)
 .text.main     0x08000298       0xc0 ./Core/Src/main.o
                0x08000298                main
 .text.SystemClock_Config
                0x08000358       0xd8 ./Core/Src/main.o
                0x08000358                SystemClock_Config
 .text.MX_USB_PCD_Init
                0x08000430       0x64 ./Core/Src/main.o
                0x08000430                MX_USB_PCD_Init
 .text.MX_GPIO_Init
                0x08000494       0x7c ./Core/Src/main.o
 .text.Error_Handler
                0x08000510        0xc ./Core/Src/main.o
                0x08000510                Error_Handler
 .text.HAL_MspInit
                0x0800051c        0xe ./Core/Src/stm32h5xx_hal_msp.o
                0x0800051c                HAL_MspInit
 *fill*         0x0800052a        0x2 
 .text.HAL_PCD_MspInit
                0x0800052c       0x84 ./Core/Src/stm32h5xx_hal_msp.o
                0x0800052c                HAL_PCD_MspInit
 .text.NMI_Handler
                0x080005b0        0x8 ./Core/Src/stm32h5xx_it.o
                0x080005b0                NMI_Handler
 .text.HardFault_Handler
                0x080005b8        0x8 ./Core/Src/stm32h5xx_it.o
                0x080005b8                HardFault_Handler
 .text.MemManage_Handler
                0x080005c0        0x8 ./Core/Src/stm32h5xx_it.o
                0x080005c0                MemManage_Handler
 .text.BusFault_Handler
                0x080005c8        0x8 ./Core/Src/stm32h5xx_it.o
                0x080005c8                BusFault_Handler
 .text.UsageFault_Handler
                0x080005d0        0x8 ./Core/Src/stm32h5xx_it.o
                0x080005d0                UsageFault_Handler
 .text.SVC_Handler
                0x080005d8        0xe ./Core/Src/stm32h5xx_it.o
                0x080005d8                SVC_Handler
 .text.DebugMon_Handler
                0x080005e6        0xe ./Core/Src/stm32h5xx_it.o
                0x080005e6                DebugMon_Handler
 .text.PendSV_Handler
                0x080005f4        0xe ./Core/Src/stm32h5xx_it.o
                0x080005f4                PendSV_Handler
 .text.SysTick_Handler
                0x08000602        0xc ./Core/Src/stm32h5xx_it.o
                0x08000602                SysTick_Handler
 *fill*         0x0800060e        0x2 
 .text.USB_DRD_FS_IRQHandler
                0x08000610       0x14 ./Core/Src/stm32h5xx_it.o
                0x08000610                USB_DRD_FS_IRQHandler
 .text._read    0x08000624       0x3a ./Core/Src/syscalls.o
                0x08000624                _read
 .text._write   0x0800065e       0x38 ./Core/Src/syscalls.o
                0x0800065e                _write
 .text._close   0x08000696       0x18 ./Core/Src/syscalls.o
                0x08000696                _close
 .text._fstat   0x080006ae       0x20 ./Core/Src/syscalls.o
                0x080006ae                _fstat
 .text._isatty  0x080006ce       0x16 ./Core/Src/syscalls.o
                0x080006ce                _isatty
 .text._lseek   0x080006e4       0x1a ./Core/Src/syscalls.o
                0x080006e4                _lseek
 *fill*         0x080006fe        0x2 
 .text._sbrk    0x08000700       0x6c ./Core/Src/sysmem.o
                0x08000700                _sbrk
 .text.SystemInit
                0x0800076c       0xe4 ./Core/Src/system_stm32h5xx.o
                0x0800076c                SystemInit
 .text.Reset_Handler
                0x08000850       0x50 ./Core/Startup/startup_stm32h503rbtx.o
                0x08000850                Reset_Handler
 .text.Default_Handler
                0x080008a0        0x2 ./Core/Startup/startup_stm32h503rbtx.o
                0x080008a0                EXTI2_IRQHandler
                0x080008a0                EXTI5_IRQHandler
                0x080008a0                I3C1_ER_IRQHandler
                0x080008a0                GPDMA2_Channel1_IRQHandler
                0x080008a0                EXTI13_IRQHandler
                0x080008a0                TIM1_CC_IRQHandler
                0x080008a0                GPDMA2_Channel3_IRQHandler
                0x080008a0                TAMP_IRQHandler
                0x080008a0                TIM6_IRQHandler
                0x080008a0                EXTI12_IRQHandler
                0x080008a0                EXTI3_IRQHandler
                0x080008a0                GPDMA1_Channel5_IRQHandler
                0x080008a0                EXTI8_IRQHandler
                0x080008a0                GPDMA2_Channel5_IRQHandler
                0x080008a0                LPTIM2_IRQHandler
                0x080008a0                GPDMA2_Channel2_IRQHandler
                0x080008a0                EXTI0_IRQHandler
                0x080008a0                I2C2_EV_IRQHandler
                0x080008a0                FPU_IRQHandler
                0x080008a0                GPDMA1_Channel3_IRQHandler
                0x080008a0                GPDMA1_Channel7_IRQHandler
                0x080008a0                FDCAN1_IT1_IRQHandler
                0x080008a0                RAMCFG_IRQHandler
                0x080008a0                SPI1_IRQHandler
                0x080008a0                GPDMA1_Channel2_IRQHandler
                0x080008a0                ADC1_IRQHandler
                0x080008a0                I3C2_ER_IRQHandler
                0x080008a0                EXTI15_IRQHandler
                0x080008a0                USART3_IRQHandler
                0x080008a0                RTC_IRQHandler
                0x080008a0                EXTI9_IRQHandler
                0x080008a0                I3C2_EV_IRQHandler
                0x080008a0                I2C1_EV_IRQHandler
                0x080008a0                GPDMA1_Channel1_IRQHandler
                0x080008a0                TIM3_IRQHandler
                0x080008a0                RCC_IRQHandler
                0x080008a0                TIM1_TRG_COM_IRQHandler
                0x080008a0                Default_Handler
                0x080008a0                GPDMA2_Channel4_IRQHandler
                0x080008a0                TIM7_IRQHandler
                0x080008a0                GPDMA1_Channel0_IRQHandler
                0x080008a0                I3C1_EV_IRQHandler
                0x080008a0                PVD_AVD_IRQHandler
                0x080008a0                SPI2_IRQHandler
                0x080008a0                EXTI14_IRQHandler
                0x080008a0                EXTI11_IRQHandler
                0x080008a0                CRS_IRQHandler
                0x080008a0                EXTI4_IRQHandler
                0x080008a0                GPDMA2_Channel0_IRQHandler
                0x080008a0                RNG_IRQHandler
                0x080008a0                GPDMA2_Channel6_IRQHandler
                0x080008a0                TIM1_UP_IRQHandler
                0x080008a0                WWDG_IRQHandler
                0x080008a0                IWDG_IRQHandler
                0x080008a0                LPUART1_IRQHandler
                0x080008a0                FDCAN1_IT0_IRQHandler
                0x080008a0                TIM2_IRQHandler
                0x080008a0                GPDMA1_Channel4_IRQHandler
                0x080008a0                EXTI7_IRQHandler
                0x080008a0                TIM1_BRK_IRQHandler
                0x080008a0                EXTI1_IRQHandler
                0x080008a0                DAC1_IRQHandler
                0x080008a0                DTS_IRQHandler
                0x080008a0                GTZC_IRQHandler
                0x080008a0                USART2_IRQHandler
                0x080008a0                GPDMA1_Channel6_IRQHandler
                0x080008a0                GPDMA2_Channel7_IRQHandler
                0x080008a0                I2C2_ER_IRQHandler
                0x080008a0                FLASH_IRQHandler
                0x080008a0                USART1_IRQHandler
                0x080008a0                EXTI10_IRQHandler
                0x080008a0                SPI3_IRQHandler
                0x080008a0                I2C1_ER_IRQHandler
                0x080008a0                EXTI6_IRQHandler
                0x080008a0                COMP1_IRQHandler
                0x080008a0                LPTIM1_IRQHandler
                0x080008a0                ICACHE_IRQHandler
                0x080008a0                HASH_IRQHandler
 *fill*         0x080008a2        0x2 
 .text.HAL_Init
                0x080008a4       0x50 ./Drivers/STM32H5xx_HAL_Driver/Src/stm32h5xx_hal.o
                0x080008a4                HAL_Init
 .text.HAL_InitTick
                0x080008f4       0xec ./Drivers/STM32H5xx_HAL_Driver/Src/stm32h5xx_hal.o
                0x080008f4                HAL_InitTick
 .text.HAL_IncTick
                0x080009e0       0x28 ./Drivers/STM32H5xx_HAL_Driver/Src/stm32h5xx_hal.o
                0x080009e0                HAL_IncTick
 .text.HAL_GetTick
                0x08000a08       0x18 ./Drivers/STM32H5xx_HAL_Driver/Src/stm32h5xx_hal.o
                0x08000a08                HAL_GetTick
 .text.HAL_Delay
                0x08000a20       0x48 ./Drivers/STM32H5xx_HAL_Driver/Src/stm32h5xx_hal.o
                0x08000a20                HAL_Delay
 .text.__NVIC_SetPriorityGrouping
                0x08000a68       0x48 ./Drivers/STM32H5xx_HAL_Driver/Src/stm32h5xx_hal_cortex.o
 .text.__NVIC_GetPriorityGrouping
                0x08000ab0       0x1c ./Drivers/STM32H5xx_HAL_Driver/Src/stm32h5xx_hal_cortex.o
 .text.__NVIC_EnableIRQ
                0x08000acc       0x3c ./Drivers/STM32H5xx_HAL_Driver/Src/stm32h5xx_hal_cortex.o
 .text.__NVIC_SetPriority
                0x08000b08       0x54 ./Drivers/STM32H5xx_HAL_Driver/Src/stm32h5xx_hal_cortex.o
 .text.NVIC_EncodePriority
                0x08000b5c       0x66 ./Drivers/STM32H5xx_HAL_Driver/Src/stm32h5xx_hal_cortex.o
 .text.HAL_NVIC_SetPriorityGrouping
                0x08000bc2       0x16 ./Drivers/STM32H5xx_HAL_Driver/Src/stm32h5xx_hal_cortex.o
                0x08000bc2                HAL_NVIC_SetPriorityGrouping
 .text.HAL_NVIC_SetPriority
                0x08000bd8       0x34 ./Drivers/STM32H5xx_HAL_Driver/Src/stm32h5xx_hal_cortex.o
                0x08000bd8                HAL_NVIC_SetPriority
 .text.HAL_NVIC_EnableIRQ
                0x08000c0c       0x1c ./Drivers/STM32H5xx_HAL_Driver/Src/stm32h5xx_hal_cortex.o
                0x08000c0c                HAL_NVIC_EnableIRQ
 .text.HAL_SYSTICK_Config
                0x08000c28       0x44 ./Drivers/STM32H5xx_HAL_Driver/Src/stm32h5xx_hal_cortex.o
                0x08000c28                HAL_SYSTICK_Config
 .text.HAL_SYSTICK_CLKSourceConfig
                0x08000c6c       0xb0 ./Drivers/STM32H5xx_HAL_Driver/Src/stm32h5xx_hal_cortex.o
                0x08000c6c                HAL_SYSTICK_CLKSourceConfig
 .text.HAL_SYSTICK_GetCLKSourceConfig
                0x08000d1c       0x6c ./Drivers/STM32H5xx_HAL_Driver/Src/stm32h5xx_hal_cortex.o
                0x08000d1c                HAL_SYSTICK_GetCLKSourceConfig
 .text.HAL_GPIO_Init
                0x08000d88      0x2a4 ./Drivers/STM32H5xx_HAL_Driver/Src/stm32h5xx_hal_gpio.o
                0x08000d88                HAL_GPIO_Init
 .text.HAL_GPIO_ReadPin
                0x0800102c       0x30 ./Drivers/STM32H5xx_HAL_Driver/Src/stm32h5xx_hal_gpio.o
                0x0800102c                HAL_GPIO_ReadPin
 .text.PCD_GET_EP_RX_CNT
                0x0800105c       0x42 ./Drivers/STM32H5xx_HAL_Driver/Src/stm32h5xx_hal_pcd.o
 .text.PCD_GET_EP_DBUF0_CNT
                0x0800109e       0x42 ./Drivers/STM32H5xx_HAL_Driver/Src/stm32h5xx_hal_pcd.o
 .text.PCD_GET_EP_DBUF1_CNT
                0x080010e0       0x42 ./Drivers/STM32H5xx_HAL_Driver/Src/stm32h5xx_hal_pcd.o
 .text.HAL_PCD_Init
                0x08001122      0x1a2 ./Drivers/STM32H5xx_HAL_Driver/Src/stm32h5xx_hal_pcd.o
                0x08001122                HAL_PCD_Init
 .text.HAL_PCD_Start
                0x080012c4       0x44 ./Drivers/STM32H5xx_HAL_Driver/Src/stm32h5xx_hal_pcd.o
                0x080012c4                HAL_PCD_Start
 .text.HAL_PCD_IRQHandler
                0x08001308      0x1ea ./Drivers/STM32H5xx_HAL_Driver/Src/stm32h5xx_hal_pcd.o
                0x08001308                HAL_PCD_IRQHandler
 .text.HAL_PCD_SuspendCallback
                0x080014f2       0x14 ./Drivers/STM32H5xx_HAL_Driver/Src/stm32h5xx_hal_pcd.o
                0x080014f2                HAL_PCD_SuspendCallback
 .text.HAL_PCD_ResumeCallback
                0x08001506       0x14 ./Drivers/STM32H5xx_HAL_Driver/Src/stm32h5xx_hal_pcd.o
                0x08001506                HAL_PCD_ResumeCallback
 .text.HAL_PCD_SetAddress
                0x0800151a       0x48 ./Drivers/STM32H5xx_HAL_Driver/Src/stm32h5xx_hal_pcd.o
                0x0800151a                HAL_PCD_SetAddress
 .text.HAL_PCD_EP_Open
                0x08001562       0xbe ./Drivers/STM32H5xx_HAL_Driver/Src/stm32h5xx_hal_pcd.o
                0x08001562                HAL_PCD_EP_Open
 .text.HAL_PCD_EP_Close
                0x08001620       0x94 ./Drivers/STM32H5xx_HAL_Driver/Src/stm32h5xx_hal_pcd.o
                0x08001620                HAL_PCD_EP_Close
 .text.HAL_PCD_EP_Receive
                0x080016b4       0x64 ./Drivers/STM32H5xx_HAL_Driver/Src/stm32h5xx_hal_pcd.o
                0x080016b4                HAL_PCD_EP_Receive
 .text.HAL_PCD_EP_GetRxCount
                0x08001718       0x30 ./Drivers/STM32H5xx_HAL_Driver/Src/stm32h5xx_hal_pcd.o
                0x08001718                HAL_PCD_EP_GetRxCount
 .text.HAL_PCD_EP_Transmit
                0x08001748       0x70 ./Drivers/STM32H5xx_HAL_Driver/Src/stm32h5xx_hal_pcd.o
                0x08001748                HAL_PCD_EP_Transmit
 .text.HAL_PCD_EP_SetStall
                0x080017b8       0xa8 ./Drivers/STM32H5xx_HAL_Driver/Src/stm32h5xx_hal_pcd.o
                0x080017b8                HAL_PCD_EP_SetStall
 .text.HAL_PCD_EP_ClrStall
                0x08001860       0xac ./Drivers/STM32H5xx_HAL_Driver/Src/stm32h5xx_hal_pcd.o
                0x08001860                HAL_PCD_EP_ClrStall
 .text.PCD_EP_ISR_Handler
                0x0800190c      0x674 ./Drivers/STM32H5xx_HAL_Driver/Src/stm32h5xx_hal_pcd.o
 .text.HAL_PCD_EP_DB_Receive
                0x08001f80      0x1b4 ./Drivers/STM32H5xx_HAL_Driver/Src/stm32h5xx_hal_pcd.o
 .text.HAL_PCD_EP_DB_Transmit
                0x08002134      0x7c4 ./Drivers/STM32H5xx_HAL_Driver/Src/stm32h5xx_hal_pcd.o
 .text.HAL_PCDEx_PMAConfig
                0x080028f8       0x8a ./Drivers/STM32H5xx_HAL_Driver/Src/stm32h5xx_hal_pcd_ex.o
                0x080028f8                HAL_PCDEx_PMAConfig
 .text.HAL_PCDEx_ActivateLPM
                0x08002982       0x44 ./Drivers/STM32H5xx_HAL_Driver/Src/stm32h5xx_hal_pcd_ex.o
                0x08002982                HAL_PCDEx_ActivateLPM
 .text.HAL_PCDEx_LPM_Callback
                0x080029c6       0x18 ./Drivers/STM32H5xx_HAL_Driver/Src/stm32h5xx_hal_pcd_ex.o
                0x080029c6                HAL_PCDEx_LPM_Callback
 *fill*         0x080029de        0x2 
 .text.HAL_RCC_OscConfig
                0x080029e0      0x870 ./Drivers/STM32H5xx_HAL_Driver/Src/stm32h5xx_hal_rcc.o
                0x080029e0                HAL_RCC_OscConfig
 .text.HAL_RCC_ClockConfig
                0x08003250      0x370 ./Drivers/STM32H5xx_HAL_Driver/Src/stm32h5xx_hal_rcc.o
                0x08003250                HAL_RCC_ClockConfig
 .text.HAL_RCC_GetSysClockFreq
                0x080035c0      0x258 ./Drivers/STM32H5xx_HAL_Driver/Src/stm32h5xx_hal_rcc.o
                0x080035c0                HAL_RCC_GetSysClockFreq
 .text.HAL_RCC_GetHCLKFreq
                0x08003818       0x38 ./Drivers/STM32H5xx_HAL_Driver/Src/stm32h5xx_hal_rcc.o
                0x08003818                HAL_RCC_GetHCLKFreq
 .text.HAL_RCCEx_PeriphCLKConfig
                0x08003850      0xc48 ./Drivers/STM32H5xx_HAL_Driver/Src/stm32h5xx_hal_rcc_ex.o
                0x08003850                HAL_RCCEx_PeriphCLKConfig
 .text.RCCEx_PLL2_Config
                0x08004498      0x130 ./Drivers/STM32H5xx_HAL_Driver/Src/stm32h5xx_hal_rcc_ex.o
 .text.USB_EnableGlobalInt
                0x080045c8       0x28 ./Drivers/STM32H5xx_HAL_Driver/Src/stm32h5xx_ll_usb.o
                0x080045c8                USB_EnableGlobalInt
 .text.USB_DisableGlobalInt
                0x080045f0       0x2a ./Drivers/STM32H5xx_HAL_Driver/Src/stm32h5xx_ll_usb.o
                0x080045f0                USB_DisableGlobalInt
 .text.USB_SetCurrentMode
                0x0800461a       0x46 ./Drivers/STM32H5xx_HAL_Driver/Src/stm32h5xx_ll_usb.o
                0x0800461a                USB_SetCurrentMode
 .text.USB_DevInit
                0x08004660       0x46 ./Drivers/STM32H5xx_HAL_Driver/Src/stm32h5xx_ll_usb.o
                0x08004660                USB_DevInit
 *fill*         0x080046a6        0x2 
 .text.USB_ActivateEndpoint
                0x080046a8      0x6c0 ./Drivers/STM32H5xx_HAL_Driver/Src/stm32h5xx_ll_usb.o
                0x080046a8                USB_ActivateEndpoint
 .text.USB_DeactivateEndpoint
                0x08004d68      0x314 ./Drivers/STM32H5xx_HAL_Driver/Src/stm32h5xx_ll_usb.o
                0x08004d68                USB_DeactivateEndpoint
 .text.USB_EPStartXfer
                0x0800507c     0x10d4 ./Drivers/STM32H5xx_HAL_Driver/Src/stm32h5xx_ll_usb.o
                0x0800507c                USB_EPStartXfer
 .text.USB_EPSetStall
                0x08006150       0x8c ./Drivers/STM32H5xx_HAL_Driver/Src/stm32h5xx_ll_usb.o
                0x08006150                USB_EPSetStall
 .text.USB_EPClearStall
                0x080061dc      0x128 ./Drivers/STM32H5xx_HAL_Driver/Src/stm32h5xx_ll_usb.o
                0x080061dc                USB_EPClearStall
 .text.USB_SetDevAddress
                0x08006304       0x26 ./Drivers/STM32H5xx_HAL_Driver/Src/stm32h5xx_ll_usb.o
                0x08006304                USB_SetDevAddress
 .text.USB_DevConnect
                0x0800632a       0x22 ./Drivers/STM32H5xx_HAL_Driver/Src/stm32h5xx_ll_usb.o
                0x0800632a                USB_DevConnect
 .text.USB_ReadInterrupts
                0x0800634c       0x1c ./Drivers/STM32H5xx_HAL_Driver/Src/stm32h5xx_ll_usb.o
                0x0800634c                USB_ReadInterrupts
 .text.USB_WritePMA
                0x08006368       0xc2 ./Drivers/STM32H5xx_HAL_Driver/Src/stm32h5xx_ll_usb.o
                0x08006368                USB_WritePMA
 .text.USB_ReadPMA
                0x0800642a       0xbc ./Drivers/STM32H5xx_HAL_Driver/Src/stm32h5xx_ll_usb.o
                0x0800642a                USB_ReadPMA
 *fill*         0x080064e6        0x2 
 .text.USBD_CDC_Init
                0x080064e8      0x244 ./USB/Class/CDC/Src/usbd_cdc.o
 .text.USBD_CDC_DeInit
                0x0800672c      0x158 ./USB/Class/CDC/Src/usbd_cdc.o
 .text.USBD_CDC_Setup
                0x08006884      0x1bc ./USB/Class/CDC/Src/usbd_cdc.o
 .text.USBD_CDC_DataIn
                0x08006a40      0x102 ./USB/Class/CDC/Src/usbd_cdc.o
 .text.USBD_CDC_DataOut
                0x08006b42       0x74 ./USB/Class/CDC/Src/usbd_cdc.o
 .text.USBD_CDC_EP0_RxReady
                0x08006bb6       0x76 ./USB/Class/CDC/Src/usbd_cdc.o
 .text.USBD_CDC_RegisterInterface
                0x08006c2c       0x34 ./USB/Class/CDC/Src/usbd_cdc.o
                0x08006c2c                USBD_CDC_RegisterInterface
 .text.USBD_CDC_SetTxBuffer
                0x08006c60       0x44 ./USB/Class/CDC/Src/usbd_cdc.o
                0x08006c60                USBD_CDC_SetTxBuffer
 .text.USBD_CDC_SetRxBuffer
                0x08006ca4       0x3c ./USB/Class/CDC/Src/usbd_cdc.o
                0x08006ca4                USBD_CDC_SetRxBuffer
 .text.USBD_CDC_TransmitPacket
                0x08006ce0       0x94 ./USB/Class/CDC/Src/usbd_cdc.o
                0x08006ce0                USBD_CDC_TransmitPacket
 .text.USBD_CDC_ReceivePacket
                0x08006d74       0xac ./USB/Class/CDC/Src/usbd_cdc.o
                0x08006d74                USBD_CDC_ReceivePacket
 .text.TEMPLATE_Init
                0x08006e20       0x3c ./USB/Class/CDC/Src/usbd_cdc_if.o
 .text.TEMPLATE_DeInit
                0x08006e5c       0x10 ./USB/Class/CDC/Src/usbd_cdc_if.o
 .text.TEMPLATE_Control
                0x08006e6c      0x15c ./USB/Class/CDC/Src/usbd_cdc_if.o
 .text.TEMPLATE_Receive
                0x08006fc8       0x28 ./USB/Class/CDC/Src/usbd_cdc_if.o
 .text.TEMPLATE_TransmitCplt
                0x08006ff0       0x22 ./USB/Class/CDC/Src/usbd_cdc_if.o
 .text.USBD_CMPSIT_AddClass
                0x08007012       0xb0 ./USB/Class/CompositeBuilder/Src/usbd_composite_builder.o
                0x08007012                USBD_CMPSIT_AddClass
 *fill*         0x080070c2        0x2 
 .text.USBD_CMPSIT_AddToConfDesc
                0x080070c4      0x244 ./USB/Class/CompositeBuilder/Src/usbd_composite_builder.o
                0x080070c4                USBD_CMPSIT_AddToConfDesc
 .text.USBD_CMPSIT_GetFSCfgDesc
                0x08007308       0x28 ./USB/Class/CompositeBuilder/Src/usbd_composite_builder.o
                0x08007308                USBD_CMPSIT_GetFSCfgDesc
 .text.USBD_CMPSIT_GetOtherSpeedCfgDesc
                0x08007330       0x28 ./USB/Class/CompositeBuilder/Src/usbd_composite_builder.o
                0x08007330                USBD_CMPSIT_GetOtherSpeedCfgDesc
 .text.USBD_CMPSIT_GetDeviceQualifierDescriptor
                0x08007358       0x20 ./USB/Class/CompositeBuilder/Src/usbd_composite_builder.o
                0x08007358                USBD_CMPSIT_GetDeviceQualifierDescriptor
 .text.USBD_CMPSIT_FindFreeIFNbr
                0x08007378       0x5e ./USB/Class/CompositeBuilder/Src/usbd_composite_builder.o
 .text.USBD_CMPSIT_AddConfDesc
                0x080073d6       0x5a ./USB/Class/CompositeBuilder/Src/usbd_composite_builder.o
 .text.USBD_CMPSIT_AssignEp
                0x08007430       0xea ./USB/Class/CompositeBuilder/Src/usbd_composite_builder.o
 *fill*         0x0800751a        0x2 
 .text.USBD_CMPSIT_HIDMouseDesc
                0x0800751c      0x1a4 ./USB/Class/CompositeBuilder/Src/usbd_composite_builder.o
 .text.USBD_CMPSIT_CDCDesc
                0x080076c0      0x480 ./USB/Class/CompositeBuilder/Src/usbd_composite_builder.o
 .text.USBD_CMPSIT_SetClassID
                0x08007b40       0x80 ./USB/Class/CompositeBuilder/Src/usbd_composite_builder.o
                0x08007b40                USBD_CMPSIT_SetClassID
 .text.HAL_PCD_SetupStageCallback
                0x08007bc0       0x24 ./USB/Core/Src/usbd_conf.o
                0x08007bc0                HAL_PCD_SetupStageCallback
 .text.HAL_PCD_DataOutStageCallback
                0x08007be4       0x36 ./USB/Core/Src/usbd_conf.o
                0x08007be4                HAL_PCD_DataOutStageCallback
 .text.HAL_PCD_DataInStageCallback
                0x08007c1a       0x34 ./USB/Core/Src/usbd_conf.o
                0x08007c1a                HAL_PCD_DataInStageCallback
 .text.HAL_PCD_SOFCallback
                0x08007c4e       0x1c ./USB/Core/Src/usbd_conf.o
                0x08007c4e                HAL_PCD_SOFCallback
 .text.HAL_PCD_ResetCallback
                0x08007c6a       0x3c ./USB/Core/Src/usbd_conf.o
                0x08007c6a                HAL_PCD_ResetCallback
 *fill*         0x08007ca6        0x2 
 .text.USBD_LL_Init
                0x08007ca8       0x90 ./USB/Core/Src/usbd_conf.o
                0x08007ca8                USBD_LL_Init
 .text.USBD_LL_Start
                0x08007d38       0x2a ./USB/Core/Src/usbd_conf.o
                0x08007d38                USBD_LL_Start
 .text.USBD_LL_OpenEP
                0x08007d62       0x40 ./USB/Core/Src/usbd_conf.o
                0x08007d62                USBD_LL_OpenEP
 .text.USBD_LL_CloseEP
                0x08007da2       0x32 ./USB/Core/Src/usbd_conf.o
                0x08007da2                USBD_LL_CloseEP
 .text.USBD_LL_StallEP
                0x08007dd4       0x32 ./USB/Core/Src/usbd_conf.o
                0x08007dd4                USBD_LL_StallEP
 .text.USBD_LL_ClearStallEP
                0x08007e06       0x32 ./USB/Core/Src/usbd_conf.o
                0x08007e06                USBD_LL_ClearStallEP
 .text.USBD_LL_IsStallEP
                0x08007e38       0x58 ./USB/Core/Src/usbd_conf.o
                0x08007e38                USBD_LL_IsStallEP
 .text.USBD_LL_SetUSBAddress
                0x08007e90       0x32 ./USB/Core/Src/usbd_conf.o
                0x08007e90                USBD_LL_SetUSBAddress
 .text.USBD_LL_Transmit
                0x08007ec2       0x36 ./USB/Core/Src/usbd_conf.o
                0x08007ec2                USBD_LL_Transmit
 .text.USBD_LL_PrepareReceive
                0x08007ef8       0x36 ./USB/Core/Src/usbd_conf.o
                0x08007ef8                USBD_LL_PrepareReceive
 .text.USBD_LL_GetRxDataSize
                0x08007f2e       0x26 ./USB/Core/Src/usbd_conf.o
                0x08007f2e                USBD_LL_GetRxDataSize
 .text.USBD_static_malloc
                0x08007f54       0x1c ./USB/Core/Src/usbd_conf.o
                0x08007f54                USBD_static_malloc
 .text.USBD_static_free
                0x08007f70       0x14 ./USB/Core/Src/usbd_conf.o
                0x08007f70                USBD_static_free
 .text.USBD_Get_USB_Status
                0x08007f84       0x58 ./USB/Core/Src/usbd_conf.o
                0x08007f84                USBD_Get_USB_Status
 .text.USBD_Init
                0x08007fdc       0xbc ./USB/Core/Src/usbd_core.o
                0x08007fdc                USBD_Init
 .text.USBD_RegisterClassComposite
                0x08008098       0xd0 ./USB/Core/Src/usbd_core.o
                0x08008098                USBD_RegisterClassComposite
 .text.USBD_Start
                0x08008168       0x20 ./USB/Core/Src/usbd_core.o
                0x08008168                USBD_Start
 .text.USBD_RunTestMode
                0x08008188       0x16 ./USB/Core/Src/usbd_core.o
                0x08008188                USBD_RunTestMode
 .text.USBD_SetClassConfig
                0x0800819e       0x76 ./USB/Core/Src/usbd_core.o
                0x0800819e                USBD_SetClassConfig
 .text.USBD_ClrClassConfig
                0x08008214       0x76 ./USB/Core/Src/usbd_core.o
                0x08008214                USBD_ClrClassConfig
 .text.USBD_LL_SetupStage
                0x0800828a       0xaa ./USB/Core/Src/usbd_core.o
                0x0800828a                USBD_LL_SetupStage
 .text.USBD_LL_DataOutStage
                0x08008334      0x166 ./USB/Core/Src/usbd_core.o
                0x08008334                USBD_LL_DataOutStage
 .text.USBD_LL_DataInStage
                0x0800849a      0x164 ./USB/Core/Src/usbd_core.o
                0x0800849a                USBD_LL_DataInStage
 .text.USBD_LL_Reset
                0x080085fe       0xe0 ./USB/Core/Src/usbd_core.o
                0x080085fe                USBD_LL_Reset
 .text.USBD_LL_SetSpeed
                0x080086de       0x20 ./USB/Core/Src/usbd_core.o
                0x080086de                USBD_LL_SetSpeed
 .text.USBD_LL_SOF
                0x080086fe       0x7c ./USB/Core/Src/usbd_core.o
                0x080086fe                USBD_LL_SOF
 .text.USBD_CoreFindIF
                0x0800877a       0x98 ./USB/Core/Src/usbd_core.o
                0x0800877a                USBD_CoreFindIF
 .text.USBD_CoreFindEP
                0x08008812       0x9a ./USB/Core/Src/usbd_core.o
                0x08008812                USBD_CoreFindEP
 .text.USBD_CoreGetEPAdd
                0x080088ac       0xc6 ./USB/Core/Src/usbd_core.o
                0x080088ac                USBD_CoreGetEPAdd
 .text.SWAPBYTE
                0x08008972       0x3c ./USB/Core/Src/usbd_ctlreq.o
 *fill*         0x080089ae        0x2 
 .text.USBD_StdDevReq
                0x080089b0       0xe4 ./USB/Core/Src/usbd_ctlreq.o
                0x080089b0                USBD_StdDevReq
 .text.USBD_StdItfReq
                0x08008a94       0xd8 ./USB/Core/Src/usbd_ctlreq.o
                0x08008a94                USBD_StdItfReq
 .text.USBD_StdEPReq
                0x08008b6c      0x33a ./USB/Core/Src/usbd_ctlreq.o
                0x08008b6c                USBD_StdEPReq
 *fill*         0x08008ea6        0x2 
 .text.USBD_GetDescriptor
                0x08008ea8      0x348 ./USB/Core/Src/usbd_ctlreq.o
 .text.USBD_SetAddress
                0x080091f0       0x88 ./USB/Core/Src/usbd_ctlreq.o
 .text.USBD_SetConfig
                0x08009278      0x154 ./USB/Core/Src/usbd_ctlreq.o
 .text.USBD_GetConfig
                0x080093cc       0x6c ./USB/Core/Src/usbd_ctlreq.o
 .text.USBD_GetStatus
                0x08009438       0x68 ./USB/Core/Src/usbd_ctlreq.o
 .text.USBD_SetFeature
                0x080094a0       0x52 ./USB/Core/Src/usbd_ctlreq.o
 .text.USBD_ClrFeature
                0x080094f2       0x44 ./USB/Core/Src/usbd_ctlreq.o
 .text.USBD_ParseSetupRequest
                0x08009536       0x74 ./USB/Core/Src/usbd_ctlreq.o
                0x08009536                USBD_ParseSetupRequest
 .text.USBD_CtlError
                0x080095aa       0x22 ./USB/Core/Src/usbd_ctlreq.o
                0x080095aa                USBD_CtlError
 .text.USBD_GetString
                0x080095cc       0x8c ./USB/Core/Src/usbd_ctlreq.o
                0x080095cc                USBD_GetString
 .text.USBD_GetLen
                0x08009658       0x34 ./USB/Core/Src/usbd_ctlreq.o
 .text.USBD_Class_DeviceDescriptor
                0x0800968c       0x24 ./USB/Core/Src/usbd_desc.o
                0x0800968c                USBD_Class_DeviceDescriptor
 .text.USBD_Class_LangIDStrDescriptor
                0x080096b0       0x24 ./USB/Core/Src/usbd_desc.o
                0x080096b0                USBD_Class_LangIDStrDescriptor
 .text.USBD_Class_ProductStrDescriptor
                0x080096d4       0x40 ./USB/Core/Src/usbd_desc.o
                0x080096d4                USBD_Class_ProductStrDescriptor
 .text.USBD_Class_ManufacturerStrDescriptor
                0x08009714       0x28 ./USB/Core/Src/usbd_desc.o
                0x08009714                USBD_Class_ManufacturerStrDescriptor
 .text.USBD_Class_SerialStrDescriptor
                0x0800973c       0x24 ./USB/Core/Src/usbd_desc.o
                0x0800973c                USBD_Class_SerialStrDescriptor
 .text.USBD_Class_ConfigStrDescriptor
                0x08009760       0x3c ./USB/Core/Src/usbd_desc.o
                0x08009760                USBD_Class_ConfigStrDescriptor
 .text.USBD_Class_InterfaceStrDescriptor
                0x0800979c       0x3c ./USB/Core/Src/usbd_desc.o
                0x0800979c                USBD_Class_InterfaceStrDescriptor
 .text.Get_SerialNum
                0x080097d8       0x58 ./USB/Core/Src/usbd_desc.o
 .text.IntToUnicode
                0x08009830       0x7a ./USB/Core/Src/usbd_desc.o
 .text.USBD_CtlSendData
                0x080098aa       0x36 ./USB/Core/Src/usbd_ioreq.o
                0x080098aa                USBD_CtlSendData
 .text.USBD_CtlContinueSendData
                0x080098e0       0x22 ./USB/Core/Src/usbd_ioreq.o
                0x080098e0                USBD_CtlContinueSendData
 .text.USBD_CtlPrepareRx
                0x08009902       0x3a ./USB/Core/Src/usbd_ioreq.o
                0x08009902                USBD_CtlPrepareRx
 .text.USBD_CtlContinueRx
                0x0800993c       0x22 ./USB/Core/Src/usbd_ioreq.o
                0x0800993c                USBD_CtlContinueRx
 .text.USBD_CtlSendStatus
                0x0800995e       0x26 ./USB/Core/Src/usbd_ioreq.o
                0x0800995e                USBD_CtlSendStatus
 .text.USBD_CtlReceiveStatus
                0x08009984       0x26 ./USB/Core/Src/usbd_ioreq.o
                0x08009984                USBD_CtlReceiveStatus
 *fill*         0x080099aa        0x2 
 .text.std      0x080099ac       0x6c C:/ST/STM32CubeIDE_1.14.1/STM32CubeIDE/plugins/com.st.stm32cube.ide.mcu.externaltools.gnu-tools-for-stm32.12.3.rel1.win32_1.0.100.202403111256/tools/bin/../lib/gcc/arm-none-eabi/12.3.1/../../../../arm-none-eabi/lib/thumb/v8-m.main+fp/hard\libc_nano.a(libc_a-findfp.o)
 .text.stdio_exit_handler
                0x08009a18       0x18 C:/ST/STM32CubeIDE_1.14.1/STM32CubeIDE/plugins/com.st.stm32cube.ide.mcu.externaltools.gnu-tools-for-stm32.12.3.rel1.win32_1.0.100.202403111256/tools/bin/../lib/gcc/arm-none-eabi/12.3.1/../../../../arm-none-eabi/lib/thumb/v8-m.main+fp/hard\libc_nano.a(libc_a-findfp.o)
 .text.cleanup_stdio
                0x08009a30       0x40 C:/ST/STM32CubeIDE_1.14.1/STM32CubeIDE/plugins/com.st.stm32cube.ide.mcu.externaltools.gnu-tools-for-stm32.12.3.rel1.win32_1.0.100.202403111256/tools/bin/../lib/gcc/arm-none-eabi/12.3.1/../../../../arm-none-eabi/lib/thumb/v8-m.main+fp/hard\libc_nano.a(libc_a-findfp.o)
 .text.global_stdio_init.part.0
                0x08009a70       0x3c C:/ST/STM32CubeIDE_1.14.1/STM32CubeIDE/plugins/com.st.stm32cube.ide.mcu.externaltools.gnu-tools-for-stm32.12.3.rel1.win32_1.0.100.202403111256/tools/bin/../lib/gcc/arm-none-eabi/12.3.1/../../../../arm-none-eabi/lib/thumb/v8-m.main+fp/hard\libc_nano.a(libc_a-findfp.o)
 .text.__sfp_lock_acquire
                0x08009aac        0xc C:/ST/STM32CubeIDE_1.14.1/STM32CubeIDE/plugins/com.st.stm32cube.ide.mcu.externaltools.gnu-tools-for-stm32.12.3.rel1.win32_1.0.100.202403111256/tools/bin/../lib/gcc/arm-none-eabi/12.3.1/../../../../arm-none-eabi/lib/thumb/v8-m.main+fp/hard\libc_nano.a(libc_a-findfp.o)
                0x08009aac                __sfp_lock_acquire
 .text.__sfp_lock_release
                0x08009ab8        0xc C:/ST/STM32CubeIDE_1.14.1/STM32CubeIDE/plugins/com.st.stm32cube.ide.mcu.externaltools.gnu-tools-for-stm32.12.3.rel1.win32_1.0.100.202403111256/tools/bin/../lib/gcc/arm-none-eabi/12.3.1/../../../../arm-none-eabi/lib/thumb/v8-m.main+fp/hard\libc_nano.a(libc_a-findfp.o)
                0x08009ab8                __sfp_lock_release
 .text.__sinit  0x08009ac4       0x30 C:/ST/STM32CubeIDE_1.14.1/STM32CubeIDE/plugins/com.st.stm32cube.ide.mcu.externaltools.gnu-tools-for-stm32.12.3.rel1.win32_1.0.100.202403111256/tools/bin/../lib/gcc/arm-none-eabi/12.3.1/../../../../arm-none-eabi/lib/thumb/v8-m.main+fp/hard\libc_nano.a(libc_a-findfp.o)
                0x08009ac4                __sinit
 .text._fwalk_sglue
                0x08009af4       0x3c C:/ST/STM32CubeIDE_1.14.1/STM32CubeIDE/plugins/com.st.stm32cube.ide.mcu.externaltools.gnu-tools-for-stm32.12.3.rel1.win32_1.0.100.202403111256/tools/bin/../lib/gcc/arm-none-eabi/12.3.1/../../../../arm-none-eabi/lib/thumb/v8-m.main+fp/hard\libc_nano.a(libc_a-fwalk.o)
                0x08009af4                _fwalk_sglue
 .text.printf   0x08009b30       0x24 C:/ST/STM32CubeIDE_1.14.1/STM32CubeIDE/plugins/com.st.stm32cube.ide.mcu.externaltools.gnu-tools-for-stm32.12.3.rel1.win32_1.0.100.202403111256/tools/bin/../lib/gcc/arm-none-eabi/12.3.1/../../../../arm-none-eabi/lib/thumb/v8-m.main+fp/hard\libc_nano.a(libc_a-printf.o)
                0x08009b30                iprintf
                0x08009b30                printf
 .text.putchar  0x08009b54       0x10 C:/ST/STM32CubeIDE_1.14.1/STM32CubeIDE/plugins/com.st.stm32cube.ide.mcu.externaltools.gnu-tools-for-stm32.12.3.rel1.win32_1.0.100.202403111256/tools/bin/../lib/gcc/arm-none-eabi/12.3.1/../../../../arm-none-eabi/lib/thumb/v8-m.main+fp/hard\libc_nano.a(libc_a-putchar.o)
                0x08009b54                putchar
 .text.__sread  0x08009b64       0x22 C:/ST/STM32CubeIDE_1.14.1/STM32CubeIDE/plugins/com.st.stm32cube.ide.mcu.externaltools.gnu-tools-for-stm32.12.3.rel1.win32_1.0.100.202403111256/tools/bin/../lib/gcc/arm-none-eabi/12.3.1/../../../../arm-none-eabi/lib/thumb/v8-m.main+fp/hard\libc_nano.a(libc_a-stdio.o)
                0x08009b64                __sread
 .text.__swrite
                0x08009b86       0x38 C:/ST/STM32CubeIDE_1.14.1/STM32CubeIDE/plugins/com.st.stm32cube.ide.mcu.externaltools.gnu-tools-for-stm32.12.3.rel1.win32_1.0.100.202403111256/tools/bin/../lib/gcc/arm-none-eabi/12.3.1/../../../../arm-none-eabi/lib/thumb/v8-m.main+fp/hard\libc_nano.a(libc_a-stdio.o)
                0x08009b86                __swrite
 .text.__sseek  0x08009bbe       0x24 C:/ST/STM32CubeIDE_1.14.1/STM32CubeIDE/plugins/com.st.stm32cube.ide.mcu.externaltools.gnu-tools-for-stm32.12.3.rel1.win32_1.0.100.202403111256/tools/bin/../lib/gcc/arm-none-eabi/12.3.1/../../../../arm-none-eabi/lib/thumb/v8-m.main+fp/hard\libc_nano.a(libc_a-stdio.o)
                0x08009bbe                __sseek
 .text.__sclose
                0x08009be2        0x8 C:/ST/STM32CubeIDE_1.14.1/STM32CubeIDE/plugins/com.st.stm32cube.ide.mcu.externaltools.gnu-tools-for-stm32.12.3.rel1.win32_1.0.100.202403111256/tools/bin/../lib/gcc/arm-none-eabi/12.3.1/../../../../arm-none-eabi/lib/thumb/v8-m.main+fp/hard\libc_nano.a(libc_a-stdio.o)
                0x08009be2                __sclose
 .text.memset   0x08009bea       0x10 C:/ST/STM32CubeIDE_1.14.1/STM32CubeIDE/plugins/com.st.stm32cube.ide.mcu.externaltools.gnu-tools-for-stm32.12.3.rel1.win32_1.0.100.202403111256/tools/bin/../lib/gcc/arm-none-eabi/12.3.1/../../../../arm-none-eabi/lib/thumb/v8-m.main+fp/hard\libc_nano.a(libc_a-memset.o)
                0x08009bea                memset
 *fill*         0x08009bfa        0x2 
 .text._close_r
                0x08009bfc       0x20 C:/ST/STM32CubeIDE_1.14.1/STM32CubeIDE/plugins/com.st.stm32cube.ide.mcu.externaltools.gnu-tools-for-stm32.12.3.rel1.win32_1.0.100.202403111256/tools/bin/../lib/gcc/arm-none-eabi/12.3.1/../../../../arm-none-eabi/lib/thumb/v8-m.main+fp/hard\libc_nano.a(libc_a-closer.o)
                0x08009bfc                _close_r
 .text._lseek_r
                0x08009c1c       0x24 C:/ST/STM32CubeIDE_1.14.1/STM32CubeIDE/plugins/com.st.stm32cube.ide.mcu.externaltools.gnu-tools-for-stm32.12.3.rel1.win32_1.0.100.202403111256/tools/bin/../lib/gcc/arm-none-eabi/12.3.1/../../../../arm-none-eabi/lib/thumb/v8-m.main+fp/hard\libc_nano.a(libc_a-lseekr.o)
                0x08009c1c                _lseek_r
 .text._read_r  0x08009c40       0x24 C:/ST/STM32CubeIDE_1.14.1/STM32CubeIDE/plugins/com.st.stm32cube.ide.mcu.externaltools.gnu-tools-for-stm32.12.3.rel1.win32_1.0.100.202403111256/tools/bin/../lib/gcc/arm-none-eabi/12.3.1/../../../../arm-none-eabi/lib/thumb/v8-m.main+fp/hard\libc_nano.a(libc_a-readr.o)
                0x08009c40                _read_r
 .text._write_r
                0x08009c64       0x24 C:/ST/STM32CubeIDE_1.14.1/STM32CubeIDE/plugins/com.st.stm32cube.ide.mcu.externaltools.gnu-tools-for-stm32.12.3.rel1.win32_1.0.100.202403111256/tools/bin/../lib/gcc/arm-none-eabi/12.3.1/../../../../arm-none-eabi/lib/thumb/v8-m.main+fp/hard\libc_nano.a(libc_a-writer.o)
                0x08009c64                _write_r
 .text.__errno  0x08009c88        0xc C:/ST/STM32CubeIDE_1.14.1/STM32CubeIDE/plugins/com.st.stm32cube.ide.mcu.externaltools.gnu-tools-for-stm32.12.3.rel1.win32_1.0.100.202403111256/tools/bin/../lib/gcc/arm-none-eabi/12.3.1/../../../../arm-none-eabi/lib/thumb/v8-m.main+fp/hard\libc_nano.a(libc_a-errno.o)
                0x08009c88                __errno
 .text.__libc_init_array
                0x08009c94       0x48 C:/ST/STM32CubeIDE_1.14.1/STM32CubeIDE/plugins/com.st.stm32cube.ide.mcu.externaltools.gnu-tools-for-stm32.12.3.rel1.win32_1.0.100.202403111256/tools/bin/../lib/gcc/arm-none-eabi/12.3.1/../../../../arm-none-eabi/lib/thumb/v8-m.main+fp/hard\libc_nano.a(libc_a-init.o)
                0x08009c94                __libc_init_array
 .text.__retarget_lock_init_recursive
                0x08009cdc        0x2 C:/ST/STM32CubeIDE_1.14.1/STM32CubeIDE/plugins/com.st.stm32cube.ide.mcu.externaltools.gnu-tools-for-stm32.12.3.rel1.win32_1.0.100.202403111256/tools/bin/../lib/gcc/arm-none-eabi/12.3.1/../../../../arm-none-eabi/lib/thumb/v8-m.main+fp/hard\libc_nano.a(libc_a-lock.o)
                0x08009cdc                __retarget_lock_init_recursive
 .text.__retarget_lock_acquire_recursive
                0x08009cde        0x2 C:/ST/STM32CubeIDE_1.14.1/STM32CubeIDE/plugins/com.st.stm32cube.ide.mcu.externaltools.gnu-tools-for-stm32.12.3.rel1.win32_1.0.100.202403111256/tools/bin/../lib/gcc/arm-none-eabi/12.3.1/../../../../arm-none-eabi/lib/thumb/v8-m.main+fp/hard\libc_nano.a(libc_a-lock.o)
                0x08009cde                __retarget_lock_acquire_recursive
 .text.__retarget_lock_release_recursive
                0x08009ce0        0x2 C:/ST/STM32CubeIDE_1.14.1/STM32CubeIDE/plugins/com.st.stm32cube.ide.mcu.externaltools.gnu-tools-for-stm32.12.3.rel1.win32_1.0.100.202403111256/tools/bin/../lib/gcc/arm-none-eabi/12.3.1/../../../../arm-none-eabi/lib/thumb/v8-m.main+fp/hard\libc_nano.a(libc_a-lock.o)
                0x08009ce0                __retarget_lock_release_recursive
 *fill*         0x08009ce2        0x2 
 .text._free_r  0x08009ce4       0x94 C:/ST/STM32CubeIDE_1.14.1/STM32CubeIDE/plugins/com.st.stm32cube.ide.mcu.externaltools.gnu-tools-for-stm32.12.3.rel1.win32_1.0.100.202403111256/tools/bin/../lib/gcc/arm-none-eabi/12.3.1/../../../../arm-none-eabi/lib/thumb/v8-m.main+fp/hard\libc_nano.a(libc_a-freer.o)
                0x08009ce4                _free_r
 .text.sbrk_aligned
                0x08009d78       0x44 C:/ST/STM32CubeIDE_1.14.1/STM32CubeIDE/plugins/com.st.stm32cube.ide.mcu.externaltools.gnu-tools-for-stm32.12.3.rel1.win32_1.0.100.202403111256/tools/bin/../lib/gcc/arm-none-eabi/12.3.1/../../../../arm-none-eabi/lib/thumb/v8-m.main+fp/hard\libc_nano.a(libc_a-mallocr.o)
 .text._malloc_r
                0x08009dbc      0x100 C:/ST/STM32CubeIDE_1.14.1/STM32CubeIDE/plugins/com.st.stm32cube.ide.mcu.externaltools.gnu-tools-for-stm32.12.3.rel1.win32_1.0.100.202403111256/tools/bin/../lib/gcc/arm-none-eabi/12.3.1/../../../../arm-none-eabi/lib/thumb/v8-m.main+fp/hard\libc_nano.a(libc_a-mallocr.o)
                0x08009dbc                _malloc_r
 .text.__malloc_lock
                0x08009ebc        0xc C:/ST/STM32CubeIDE_1.14.1/STM32CubeIDE/plugins/com.st.stm32cube.ide.mcu.externaltools.gnu-tools-for-stm32.12.3.rel1.win32_1.0.100.202403111256/tools/bin/../lib/gcc/arm-none-eabi/12.3.1/../../../../arm-none-eabi/lib/thumb/v8-m.main+fp/hard\libc_nano.a(libc_a-mlock.o)
                0x08009ebc                __malloc_lock
 .text.__malloc_unlock
                0x08009ec8        0xc C:/ST/STM32CubeIDE_1.14.1/STM32CubeIDE/plugins/com.st.stm32cube.ide.mcu.externaltools.gnu-tools-for-stm32.12.3.rel1.win32_1.0.100.202403111256/tools/bin/../lib/gcc/arm-none-eabi/12.3.1/../../../../arm-none-eabi/lib/thumb/v8-m.main+fp/hard\libc_nano.a(libc_a-mlock.o)
                0x08009ec8                __malloc_unlock
 .text.__sfputc_r
                0x08009ed4       0x2e C:/ST/STM32CubeIDE_1.14.1/STM32CubeIDE/plugins/com.st.stm32cube.ide.mcu.externaltools.gnu-tools-for-stm32.12.3.rel1.win32_1.0.100.202403111256/tools/bin/../lib/gcc/arm-none-eabi/12.3.1/../../../../arm-none-eabi/lib/thumb/v8-m.main+fp/hard\libc_nano.a(libc_a-nano-vfprintf.o)
 .text.__sfputs_r
                0x08009f02       0x24 C:/ST/STM32CubeIDE_1.14.1/STM32CubeIDE/plugins/com.st.stm32cube.ide.mcu.externaltools.gnu-tools-for-stm32.12.3.rel1.win32_1.0.100.202403111256/tools/bin/../lib/gcc/arm-none-eabi/12.3.1/../../../../arm-none-eabi/lib/thumb/v8-m.main+fp/hard\libc_nano.a(libc_a-nano-vfprintf.o)
                0x08009f02                __sfputs_r
 *fill*         0x08009f26        0x2 
 .text._vfprintf_r
                0x08009f28      0x230 C:/ST/STM32CubeIDE_1.14.1/STM32CubeIDE/plugins/com.st.stm32cube.ide.mcu.externaltools.gnu-tools-for-stm32.12.3.rel1.win32_1.0.100.202403111256/tools/bin/../lib/gcc/arm-none-eabi/12.3.1/../../../../arm-none-eabi/lib/thumb/v8-m.main+fp/hard\libc_nano.a(libc_a-nano-vfprintf.o)
                0x08009f28                _vfprintf_r
                0x08009f28                _vfiprintf_r
 .text._printf_common
                0x0800a158       0xe4 C:/ST/STM32CubeIDE_1.14.1/STM32CubeIDE/plugins/com.st.stm32cube.ide.mcu.externaltools.gnu-tools-for-stm32.12.3.rel1.win32_1.0.100.202403111256/tools/bin/../lib/gcc/arm-none-eabi/12.3.1/../../../../arm-none-eabi/lib/thumb/v8-m.main+fp/hard\libc_nano.a(libc_a-nano-vfprintf_i.o)
                0x0800a158                _printf_common
 .text._printf_i
                0x0800a23c      0x240 C:/ST/STM32CubeIDE_1.14.1/STM32CubeIDE/plugins/com.st.stm32cube.ide.mcu.externaltools.gnu-tools-for-stm32.12.3.rel1.win32_1.0.100.202403111256/tools/bin/../lib/gcc/arm-none-eabi/12.3.1/../../../../arm-none-eabi/lib/thumb/v8-m.main+fp/hard\libc_nano.a(libc_a-nano-vfprintf_i.o)
                0x0800a23c                _printf_i
 .text.__sflush_r
                0x0800a47c      0x108 C:/ST/STM32CubeIDE_1.14.1/STM32CubeIDE/plugins/com.st.stm32cube.ide.mcu.externaltools.gnu-tools-for-stm32.12.3.rel1.win32_1.0.100.202403111256/tools/bin/../lib/gcc/arm-none-eabi/12.3.1/../../../../arm-none-eabi/lib/thumb/v8-m.main+fp/hard\libc_nano.a(libc_a-fflush.o)
                0x0800a47c                __sflush_r
 .text._fflush_r
                0x0800a584       0x50 C:/ST/STM32CubeIDE_1.14.1/STM32CubeIDE/plugins/com.st.stm32cube.ide.mcu.externaltools.gnu-tools-for-stm32.12.3.rel1.win32_1.0.100.202403111256/tools/bin/../lib/gcc/arm-none-eabi/12.3.1/../../../../arm-none-eabi/lib/thumb/v8-m.main+fp/hard\libc_nano.a(libc_a-fflush.o)
                0x0800a584                _fflush_r
 .text._putc_r  0x0800a5d4       0x68 C:/ST/STM32CubeIDE_1.14.1/STM32CubeIDE/plugins/com.st.stm32cube.ide.mcu.externaltools.gnu-tools-for-stm32.12.3.rel1.win32_1.0.100.202403111256/tools/bin/../lib/gcc/arm-none-eabi/12.3.1/../../../../arm-none-eabi/lib/thumb/v8-m.main+fp/hard\libc_nano.a(libc_a-putc.o)
                0x0800a5d4                _putc_r
 .text.__swbuf_r
                0x0800a63c       0x7c C:/ST/STM32CubeIDE_1.14.1/STM32CubeIDE/plugins/com.st.stm32cube.ide.mcu.externaltools.gnu-tools-for-stm32.12.3.rel1.win32_1.0.100.202403111256/tools/bin/../lib/gcc/arm-none-eabi/12.3.1/../../../../arm-none-eabi/lib/thumb/v8-m.main+fp/hard\libc_nano.a(libc_a-wbuf.o)
                0x0800a63c                __swbuf_r
 .text.__swsetup_r
                0x0800a6b8       0xac C:/ST/STM32CubeIDE_1.14.1/STM32CubeIDE/plugins/com.st.stm32cube.ide.mcu.externaltools.gnu-tools-for-stm32.12.3.rel1.win32_1.0.100.202403111256/tools/bin/../lib/gcc/arm-none-eabi/12.3.1/../../../../arm-none-eabi/lib/thumb/v8-m.main+fp/hard\libc_nano.a(libc_a-wsetup.o)
                0x0800a6b8                __swsetup_r
 .text._sbrk_r  0x0800a764       0x20 C:/ST/STM32CubeIDE_1.14.1/STM32CubeIDE/plugins/com.st.stm32cube.ide.mcu.externaltools.gnu-tools-for-stm32.12.3.rel1.win32_1.0.100.202403111256/tools/bin/../lib/gcc/arm-none-eabi/12.3.1/../../../../arm-none-eabi/lib/thumb/v8-m.main+fp/hard\libc_nano.a(libc_a-sbrkr.o)
                0x0800a764                _sbrk_r
 .text.memchr   0x0800a784       0x1c C:/ST/STM32CubeIDE_1.14.1/STM32CubeIDE/plugins/com.st.stm32cube.ide.mcu.externaltools.gnu-tools-for-stm32.12.3.rel1.win32_1.0.100.202403111256/tools/bin/../lib/gcc/arm-none-eabi/12.3.1/../../../../arm-none-eabi/lib/thumb/v8-m.main+fp/hard\libc_nano.a(libc_a-memchr-stub.o)
                0x0800a784                memchr
 .text.__swhatbuf_r
                0x0800a7a0       0x4a C:/ST/STM32CubeIDE_1.14.1/STM32CubeIDE/plugins/com.st.stm32cube.ide.mcu.externaltools.gnu-tools-for-stm32.12.3.rel1.win32_1.0.100.202403111256/tools/bin/../lib/gcc/arm-none-eabi/12.3.1/../../../../arm-none-eabi/lib/thumb/v8-m.main+fp/hard\libc_nano.a(libc_a-makebuf.o)
                0x0800a7a0                __swhatbuf_r
 .text.__smakebuf_r
                0x0800a7ea       0x78 C:/ST/STM32CubeIDE_1.14.1/STM32CubeIDE/plugins/com.st.stm32cube.ide.mcu.externaltools.gnu-tools-for-stm32.12.3.rel1.win32_1.0.100.202403111256/tools/bin/../lib/gcc/arm-none-eabi/12.3.1/../../../../arm-none-eabi/lib/thumb/v8-m.main+fp/hard\libc_nano.a(libc_a-makebuf.o)
                0x0800a7ea                __smakebuf_r
 *fill*         0x0800a862        0x2 
 .text._fstat_r
                0x0800a864       0x24 C:/ST/STM32CubeIDE_1.14.1/STM32CubeIDE/plugins/com.st.stm32cube.ide.mcu.externaltools.gnu-tools-for-stm32.12.3.rel1.win32_1.0.100.202403111256/tools/bin/../lib/gcc/arm-none-eabi/12.3.1/../../../../arm-none-eabi/lib/thumb/v8-m.main+fp/hard\libc_nano.a(libc_a-fstatr.o)
                0x0800a864                _fstat_r
 .text._isatty_r
                0x0800a888       0x20 C:/ST/STM32CubeIDE_1.14.1/STM32CubeIDE/plugins/com.st.stm32cube.ide.mcu.externaltools.gnu-tools-for-stm32.12.3.rel1.win32_1.0.100.202403111256/tools/bin/../lib/gcc/arm-none-eabi/12.3.1/../../../../arm-none-eabi/lib/thumb/v8-m.main+fp/hard\libc_nano.a(libc_a-isattyr.o)
                0x0800a888                _isatty_r
 *(.glue_7)
 .glue_7        0x0800a8a8        0x0 linker stubs
 *(.glue_7t)
 .glue_7t       0x0800a8a8        0x0 linker stubs
 *(.eh_frame)
 .eh_frame      0x0800a8a8        0x0 C:/ST/STM32CubeIDE_1.14.1/STM32CubeIDE/plugins/com.st.stm32cube.ide.mcu.externaltools.gnu-tools-for-stm32.12.3.rel1.win32_1.0.100.202403111256/tools/bin/../lib/gcc/arm-none-eabi/12.3.1/thumb/v8-m.main+fp/hard/crtbegin.o
 *(.init)
 .init          0x0800a8a8        0x4 C:/ST/STM32CubeIDE_1.14.1/STM32CubeIDE/plugins/com.st.stm32cube.ide.mcu.externaltools.gnu-tools-for-stm32.12.3.rel1.win32_1.0.100.202403111256/tools/bin/../lib/gcc/arm-none-eabi/12.3.1/thumb/v8-m.main+fp/hard/crti.o
                0x0800a8a8                _init
 .init          0x0800a8ac        0x8 C:/ST/STM32CubeIDE_1.14.1/STM32CubeIDE/plugins/com.st.stm32cube.ide.mcu.externaltools.gnu-tools-for-stm32.12.3.rel1.win32_1.0.100.202403111256/tools/bin/../lib/gcc/arm-none-eabi/12.3.1/thumb/v8-m.main+fp/hard/crtn.o
 *(.fini)
 .fini          0x0800a8b4        0x4 C:/ST/STM32CubeIDE_1.14.1/STM32CubeIDE/plugins/com.st.stm32cube.ide.mcu.externaltools.gnu-tools-for-stm32.12.3.rel1.win32_1.0.100.202403111256/tools/bin/../lib/gcc/arm-none-eabi/12.3.1/thumb/v8-m.main+fp/hard/crti.o
                0x0800a8b4                _fini
 .fini          0x0800a8b8        0x8 C:/ST/STM32CubeIDE_1.14.1/STM32CubeIDE/plugins/com.st.stm32cube.ide.mcu.externaltools.gnu-tools-for-stm32.12.3.rel1.win32_1.0.100.202403111256/tools/bin/../lib/gcc/arm-none-eabi/12.3.1/thumb/v8-m.main+fp/hard/crtn.o
                0x0800a8c0                        . = ALIGN (0x4)
                0x0800a8c0                        _etext = .

.vfp11_veneer   0x0800a8c0        0x0
 .vfp11_veneer  0x0800a8c0        0x0 linker stubs

.v4_bx          0x0800a8c0        0x0
 .v4_bx         0x0800a8c0        0x0 linker stubs

.iplt           0x0800a8c0        0x0
 .iplt          0x0800a8c0        0x0 C:/ST/STM32CubeIDE_1.14.1/STM32CubeIDE/plugins/com.st.stm32cube.ide.mcu.externaltools.gnu-tools-for-stm32.12.3.rel1.win32_1.0.100.202403111256/tools/bin/../lib/gcc/arm-none-eabi/12.3.1/thumb/v8-m.main+fp/hard/crtbegin.o

.rodata         0x0800a8c0      0x158
                0x0800a8c0                        . = ALIGN (0x4)
 *(.rodata)
 .rodata        0x0800a8c0       0x76 ./USB/Core/Src/usbd_core.o
 *fill*         0x0800a936        0x2 
 .rodata        0x0800a938       0x9c ./USB/Core/Src/usbd_desc.o
 *(.rodata*)
 .rodata.AHBPrescTable
                0x0800a9d4       0x10 ./Core/Src/system_stm32h5xx.o
                0x0800a9d4                AHBPrescTable
 .rodata._vfprintf_r.str1.1
                0x0800a9e4       0x11 C:/ST/STM32CubeIDE_1.14.1/STM32CubeIDE/plugins/com.st.stm32cube.ide.mcu.externaltools.gnu-tools-for-stm32.12.3.rel1.win32_1.0.100.202403111256/tools/bin/../lib/gcc/arm-none-eabi/12.3.1/../../../../arm-none-eabi/lib/thumb/v8-m.main+fp/hard\libc_nano.a(libc_a-nano-vfprintf.o)
 .rodata._printf_i.str1.1
                0x0800a9f5       0x22 C:/ST/STM32CubeIDE_1.14.1/STM32CubeIDE/plugins/com.st.stm32cube.ide.mcu.externaltools.gnu-tools-for-stm32.12.3.rel1.win32_1.0.100.202403111256/tools/bin/../lib/gcc/arm-none-eabi/12.3.1/../../../../arm-none-eabi/lib/thumb/v8-m.main+fp/hard\libc_nano.a(libc_a-nano-vfprintf_i.o)
                0x0800aa18                        . = ALIGN (0x4)
 *fill*         0x0800aa17        0x1 

.ARM.extab      0x0800aa18        0x0
                0x0800aa18                        . = ALIGN (0x4)
 *(.ARM.extab* .gnu.linkonce.armextab.*)
                0x0800aa18                        . = ALIGN (0x4)

.ARM            0x0800aa18        0x0
                0x0800aa18                        . = ALIGN (0x4)
                0x0800aa18                        __exidx_start = .
 *(.ARM.exidx*)
                0x0800aa18                        __exidx_end = .
                0x0800aa18                        . = ALIGN (0x4)

.preinit_array  0x0800aa18        0x0
                0x0800aa18                        . = ALIGN (0x4)
                0x0800aa18                        PROVIDE (__preinit_array_start = .)
 *(.preinit_array*)
                0x0800aa18                        PROVIDE (__preinit_array_end = .)
                0x0800aa18                        . = ALIGN (0x4)

.init_array     0x0800aa18        0x4
                0x0800aa18                        . = ALIGN (0x4)
                0x0800aa18                        PROVIDE (__init_array_start = .)
 *(SORT_BY_NAME(.init_array.*))
 *(.init_array*)
 .init_array    0x0800aa18        0x4 C:/ST/STM32CubeIDE_1.14.1/STM32CubeIDE/plugins/com.st.stm32cube.ide.mcu.externaltools.gnu-tools-for-stm32.12.3.rel1.win32_1.0.100.202403111256/tools/bin/../lib/gcc/arm-none-eabi/12.3.1/thumb/v8-m.main+fp/hard/crtbegin.o
                0x0800aa1c                        PROVIDE (__init_array_end = .)
                0x0800aa1c                        . = ALIGN (0x4)

.fini_array     0x0800aa1c        0x4
                0x0800aa1c                        . = ALIGN (0x4)
                [!provide]                        PROVIDE (__fini_array_start = .)
 *(SORT_BY_NAME(.fini_array.*))
 *(.fini_array*)
 .fini_array    0x0800aa1c        0x4 C:/ST/STM32CubeIDE_1.14.1/STM32CubeIDE/plugins/com.st.stm32cube.ide.mcu.externaltools.gnu-tools-for-stm32.12.3.rel1.win32_1.0.100.202403111256/tools/bin/../lib/gcc/arm-none-eabi/12.3.1/thumb/v8-m.main+fp/hard/crtbegin.o
                [!provide]                        PROVIDE (__fini_array_end = .)
                0x0800aa20                        . = ALIGN (0x4)
                0x0800aa20                        _sidata = LOADADDR (.data)

.rel.dyn        0x0800aa20        0x0
 .rel.iplt      0x0800aa20        0x0 C:/ST/STM32CubeIDE_1.14.1/STM32CubeIDE/plugins/com.st.stm32cube.ide.mcu.externaltools.gnu-tools-for-stm32.12.3.rel1.win32_1.0.100.202403111256/tools/bin/../lib/gcc/arm-none-eabi/12.3.1/thumb/v8-m.main+fp/hard/crtbegin.o

.data           0x20000000      0x19c load address 0x0800aa20
                0x20000000                        . = ALIGN (0x4)
                0x20000000                        _sdata = .
 *(.data)
 *(.data*)
 .data.CDC_EpAdd_Inst
                0x20000000        0x3 ./Core/Src/main.o
                0x20000000                CDC_EpAdd_Inst
 *fill*         0x20000003        0x1 
 .data.SystemCoreClock
                0x20000004        0x4 ./Core/Src/system_stm32h5xx.o
                0x20000004                SystemCoreClock
 .data.uwTickPrio
                0x20000008        0x4 ./Drivers/STM32H5xx_HAL_Driver/Src/stm32h5xx_hal.o
                0x20000008                uwTickPrio
 .data.uwTickFreq
                0x2000000c        0x1 ./Drivers/STM32H5xx_HAL_Driver/Src/stm32h5xx_hal.o
                0x2000000c                uwTickFreq
 *fill*         0x2000000d        0x3 
 .data.USBD_CDC
                0x20000010       0x38 ./USB/Class/CDC/Src/usbd_cdc.o
                0x20000010                USBD_CDC
 .data.CDCInEpAdd
                0x20000048        0x1 ./USB/Class/CDC/Src/usbd_cdc.o
 .data.CDCOutEpAdd
                0x20000049        0x1 ./USB/Class/CDC/Src/usbd_cdc.o
 .data.CDCCmdEpAdd
                0x2000004a        0x1 ./USB/Class/CDC/Src/usbd_cdc.o
 *fill*         0x2000004b        0x1 
 .data.USBD_CDC_Template_fops
                0x2000004c       0x14 ./USB/Class/CDC/Src/usbd_cdc_if.o
                0x2000004c                USBD_CDC_Template_fops
 .data.linecoding
                0x20000060        0x8 ./USB/Class/CDC/Src/usbd_cdc_if.o
                0x20000060                linecoding
 .data.UserTxBuffer
                0x20000068       0x40 ./USB/Class/CDC/Src/usbd_cdc_if.o
                0x20000068                UserTxBuffer
 .data.USBD_CMPSIT
                0x200000a8       0x38 ./USB/Class/CompositeBuilder/Src/usbd_composite_builder.o
                0x200000a8                USBD_CMPSIT
 .data.pCmpstFSConfDesc
                0x200000e0        0x4 ./USB/Class/CompositeBuilder/Src/usbd_composite_builder.o
 .data.USBD_CMPSIT_DeviceQualifierDesc
                0x200000e4        0xa ./USB/Class/CompositeBuilder/Src/usbd_composite_builder.o
 *fill*         0x200000ee        0x2 
 .data.Class_Desc
                0x200000f0       0x1c ./USB/Core/Src/usbd_desc.o
                0x200000f0                Class_Desc
 .data.USBD_DeviceDesc
                0x2000010c       0x12 ./USB/Core/Src/usbd_desc.o
                0x2000010c                USBD_DeviceDesc
 *fill*         0x2000011e        0x2 
 .data.USBD_LangIDDesc
                0x20000120        0x4 ./USB/Core/Src/usbd_desc.o
                0x20000120                USBD_LangIDDesc
 .data.USBD_StringSerial
                0x20000124       0x1a ./USB/Core/Src/usbd_desc.o
                0x20000124                USBD_StringSerial
 *fill*         0x2000013e        0x2 
 .data.__sglue  0x20000140        0xc C:/ST/STM32CubeIDE_1.14.1/STM32CubeIDE/plugins/com.st.stm32cube.ide.mcu.externaltools.gnu-tools-for-stm32.12.3.rel1.win32_1.0.100.202403111256/tools/bin/../lib/gcc/arm-none-eabi/12.3.1/../../../../arm-none-eabi/lib/thumb/v8-m.main+fp/hard\libc_nano.a(libc_a-findfp.o)
                0x20000140                __sglue
 .data._impure_ptr
                0x2000014c        0x4 C:/ST/STM32CubeIDE_1.14.1/STM32CubeIDE/plugins/com.st.stm32cube.ide.mcu.externaltools.gnu-tools-for-stm32.12.3.rel1.win32_1.0.100.202403111256/tools/bin/../lib/gcc/arm-none-eabi/12.3.1/../../../../arm-none-eabi/lib/thumb/v8-m.main+fp/hard\libc_nano.a(libc_a-impure.o)
                0x2000014c                _impure_ptr
 .data._impure_data
                0x20000150       0x4c C:/ST/STM32CubeIDE_1.14.1/STM32CubeIDE/plugins/com.st.stm32cube.ide.mcu.externaltools.gnu-tools-for-stm32.12.3.rel1.win32_1.0.100.202403111256/tools/bin/../lib/gcc/arm-none-eabi/12.3.1/../../../../arm-none-eabi/lib/thumb/v8-m.main+fp/hard\libc_nano.a(libc_a-impure.o)
                0x20000150                _impure_data
 *(.RamFunc)
 *(.RamFunc*)
                0x2000019c                        . = ALIGN (0x4)
                0x2000019c                        _edata = .

.igot.plt       0x2000019c        0x0 load address 0x0800abbc
 .igot.plt      0x2000019c        0x0 C:/ST/STM32CubeIDE_1.14.1/STM32CubeIDE/plugins/com.st.stm32cube.ide.mcu.externaltools.gnu-tools-for-stm32.12.3.rel1.win32_1.0.100.202403111256/tools/bin/../lib/gcc/arm-none-eabi/12.3.1/thumb/v8-m.main+fp/hard/crtbegin.o
                0x2000019c                        . = ALIGN (0x4)

.bss            0x2000019c      0xa48 load address 0x0800abbc
                0x2000019c                        _sbss = .
                0x2000019c                        __bss_start__ = _sbss
 *(.bss)
 .bss           0x2000019c       0x1c C:/ST/STM32CubeIDE_1.14.1/STM32CubeIDE/plugins/com.st.stm32cube.ide.mcu.externaltools.gnu-tools-for-stm32.12.3.rel1.win32_1.0.100.202403111256/tools/bin/../lib/gcc/arm-none-eabi/12.3.1/thumb/v8-m.main+fp/hard/crtbegin.o
 *(.bss*)
 .bss.hpcd_USB_DRD_FS
                0x200001b8      0x2e0 ./Core/Src/main.o
                0x200001b8                hpcd_USB_DRD_FS
 .bss.hUsbDeviceFS
                0x20000498      0x340 ./Core/Src/main.o
                0x20000498                hUsbDeviceFS
 .bss.hid_report_buffer
                0x200007d8        0x4 ./Core/Src/main.o
                0x200007d8                hid_report_buffer
 .bss.CDC_InstID
                0x200007dc        0x1 ./Core/Src/main.o
                0x200007dc                CDC_InstID
 *fill*         0x200007dd        0x3 
 .bss.__sbrk_heap_end
                0x200007e0        0x4 ./Core/Src/sysmem.o
 .bss.uwTick    0x200007e4        0x4 ./Drivers/STM32H5xx_HAL_Driver/Src/stm32h5xx_hal.o
                0x200007e4                uwTick
 .bss.UserRxBuffer
                0x200007e8       0x40 ./USB/Class/CDC/Src/usbd_cdc_if.o
                0x200007e8                UserRxBuffer
 .bss.USBD_CMPSIT_FSCfgDesc
                0x20000828      0x12c ./USB/Class/CompositeBuilder/Src/usbd_composite_builder.o
 .bss.CurrFSConfDescSz
                0x20000954        0x4 ./USB/Class/CompositeBuilder/Src/usbd_composite_builder.o
 .bss.pIfDesc.9
                0x20000958        0x4 ./USB/Class/CompositeBuilder/Src/usbd_composite_builder.o
 .bss.pHidMouseDesc.8
                0x2000095c        0x4 ./USB/Class/CompositeBuilder/Src/usbd_composite_builder.o
 .bss.pEpDesc.7
                0x20000960        0x4 ./USB/Class/CompositeBuilder/Src/usbd_composite_builder.o
 .bss.pIadDesc.6
                0x20000964        0x4 ./USB/Class/CompositeBuilder/Src/usbd_composite_builder.o
 .bss.pIfDesc.5
                0x20000968        0x4 ./USB/Class/CompositeBuilder/Src/usbd_composite_builder.o
 .bss.pHeadDesc.4
                0x2000096c        0x4 ./USB/Class/CompositeBuilder/Src/usbd_composite_builder.o
 .bss.pCallMgmDesc.3
                0x20000970        0x4 ./USB/Class/CompositeBuilder/Src/usbd_composite_builder.o
 .bss.pACMDesc.2
                0x20000974        0x4 ./USB/Class/CompositeBuilder/Src/usbd_composite_builder.o
 .bss.pUnionDesc.1
                0x20000978        0x4 ./USB/Class/CompositeBuilder/Src/usbd_composite_builder.o
 .bss.pEpDesc.0
                0x2000097c        0x4 ./USB/Class/CompositeBuilder/Src/usbd_composite_builder.o
 .bss.mem.0     0x20000980       0x14 ./USB/Core/Src/usbd_conf.o
 .bss.cfgidx.0  0x20000994        0x1 ./USB/Core/Src/usbd_ctlreq.o
 *fill*         0x20000995        0x3 
 .bss.USBD_StrDesc
                0x20000998      0x100 ./USB/Core/Src/usbd_desc.o
                0x20000998                USBD_StrDesc
 .bss.__sf      0x20000a98      0x138 C:/ST/STM32CubeIDE_1.14.1/STM32CubeIDE/plugins/com.st.stm32cube.ide.mcu.externaltools.gnu-tools-for-stm32.12.3.rel1.win32_1.0.100.202403111256/tools/bin/../lib/gcc/arm-none-eabi/12.3.1/../../../../arm-none-eabi/lib/thumb/v8-m.main+fp/hard\libc_nano.a(libc_a-findfp.o)
                0x20000a98                __sf
 .bss.__stdio_exit_handler
                0x20000bd0        0x4 C:/ST/STM32CubeIDE_1.14.1/STM32CubeIDE/plugins/com.st.stm32cube.ide.mcu.externaltools.gnu-tools-for-stm32.12.3.rel1.win32_1.0.100.202403111256/tools/bin/../lib/gcc/arm-none-eabi/12.3.1/../../../../arm-none-eabi/lib/thumb/v8-m.main+fp/hard\libc_nano.a(libc_a-findfp.o)
                0x20000bd0                __stdio_exit_handler
 .bss.errno     0x20000bd4        0x4 C:/ST/STM32CubeIDE_1.14.1/STM32CubeIDE/plugins/com.st.stm32cube.ide.mcu.externaltools.gnu-tools-for-stm32.12.3.rel1.win32_1.0.100.202403111256/tools/bin/../lib/gcc/arm-none-eabi/12.3.1/../../../../arm-none-eabi/lib/thumb/v8-m.main+fp/hard\libc_nano.a(libc_a-reent.o)
                0x20000bd4                errno
 .bss.__lock___malloc_recursive_mutex
                0x20000bd8        0x1 C:/ST/STM32CubeIDE_1.14.1/STM32CubeIDE/plugins/com.st.stm32cube.ide.mcu.externaltools.gnu-tools-for-stm32.12.3.rel1.win32_1.0.100.202403111256/tools/bin/../lib/gcc/arm-none-eabi/12.3.1/../../../../arm-none-eabi/lib/thumb/v8-m.main+fp/hard\libc_nano.a(libc_a-lock.o)
                0x20000bd8                __lock___malloc_recursive_mutex
 .bss.__lock___sfp_recursive_mutex
                0x20000bd9        0x1 C:/ST/STM32CubeIDE_1.14.1/STM32CubeIDE/plugins/com.st.stm32cube.ide.mcu.externaltools.gnu-tools-for-stm32.12.3.rel1.win32_1.0.100.202403111256/tools/bin/../lib/gcc/arm-none-eabi/12.3.1/../../../../arm-none-eabi/lib/thumb/v8-m.main+fp/hard\libc_nano.a(libc_a-lock.o)
                0x20000bd9                __lock___sfp_recursive_mutex
 *fill*         0x20000bda        0x2 
 .bss.__malloc_sbrk_start
                0x20000bdc        0x4 C:/ST/STM32CubeIDE_1.14.1/STM32CubeIDE/plugins/com.st.stm32cube.ide.mcu.externaltools.gnu-tools-for-stm32.12.3.rel1.win32_1.0.100.202403111256/tools/bin/../lib/gcc/arm-none-eabi/12.3.1/../../../../arm-none-eabi/lib/thumb/v8-m.main+fp/hard\libc_nano.a(libc_a-mallocr.o)
                0x20000bdc                __malloc_sbrk_start
 .bss.__malloc_free_list
                0x20000be0        0x4 C:/ST/STM32CubeIDE_1.14.1/STM32CubeIDE/plugins/com.st.stm32cube.ide.mcu.externaltools.gnu-tools-for-stm32.12.3.rel1.win32_1.0.100.202403111256/tools/bin/../lib/gcc/arm-none-eabi/12.3.1/../../../../arm-none-eabi/lib/thumb/v8-m.main+fp/hard\libc_nano.a(libc_a-mallocr.o)
                0x20000be0                __malloc_free_list
 *(COMMON)
                0x20000be4                        . = ALIGN (0x4)
                0x20000be4                        _ebss = .
                0x20000be4                        __bss_end__ = _ebss

._user_heap_stack
                0x20000be4      0xe04 load address 0x0800abbc
                0x20000be8                        . = ALIGN (0x8)
 *fill*         0x20000be4        0x4 
                [!provide]                        PROVIDE (end = .)
                0x20000be8                        PROVIDE (_end = .)
                0x200011e8                        . = (. + _Min_Heap_Size)
 *fill*         0x20000be8      0x600 
                0x200019e8                        . = (. + _Min_Stack_Size)
 *fill*         0x200011e8      0x800 
                0x200019e8                        . = ALIGN (0x8)

/DISCARD/
 libc.a(*)
 libm.a(*)
 libgcc.a(*)

.ARM.attributes
                0x00000000       0x36
 *(.ARM.attributes)
 .ARM.attributes
                0x00000000       0x26 C:/ST/STM32CubeIDE_1.14.1/STM32CubeIDE/plugins/com.st.stm32cube.ide.mcu.externaltools.gnu-tools-for-stm32.12.3.rel1.win32_1.0.100.202403111256/tools/bin/../lib/gcc/arm-none-eabi/12.3.1/thumb/v8-m.main+fp/hard/crti.o
 .ARM.attributes
                0x00000026       0x38 C:/ST/STM32CubeIDE_1.14.1/STM32CubeIDE/plugins/com.st.stm32cube.ide.mcu.externaltools.gnu-tools-for-stm32.12.3.rel1.win32_1.0.100.202403111256/tools/bin/../lib/gcc/arm-none-eabi/12.3.1/thumb/v8-m.main+fp/hard/crtbegin.o
 .ARM.attributes
                0x0000005e       0x3a ./Core/Src/main.o
 .ARM.attributes
                0x00000098       0x3a ./Core/Src/stm32h5xx_hal_msp.o
 .ARM.attributes
                0x000000d2       0x3a ./Core/Src/stm32h5xx_it.o
 .ARM.attributes
                0x0000010c       0x3a ./Core/Src/syscalls.o
 .ARM.attributes
                0x00000146       0x3a ./Core/Src/sysmem.o
 .ARM.attributes
                0x00000180       0x3a ./Core/Src/system_stm32h5xx.o
 .ARM.attributes
                0x000001ba       0x24 ./Core/Startup/startup_stm32h503rbtx.o
 .ARM.attributes
                0x000001de       0x3a ./Drivers/STM32H5xx_HAL_Driver/Src/stm32h5xx_hal.o
 .ARM.attributes
                0x00000218       0x3a ./Drivers/STM32H5xx_HAL_Driver/Src/stm32h5xx_hal_cortex.o
 .ARM.attributes
                0x00000252       0x3a ./Drivers/STM32H5xx_HAL_Driver/Src/stm32h5xx_hal_gpio.o
 .ARM.attributes
                0x0000028c       0x3a ./Drivers/STM32H5xx_HAL_Driver/Src/stm32h5xx_hal_pcd.o
 .ARM.attributes
                0x000002c6       0x3a ./Drivers/STM32H5xx_HAL_Driver/Src/stm32h5xx_hal_pcd_ex.o
 .ARM.attributes
                0x00000300       0x3a ./Drivers/STM32H5xx_HAL_Driver/Src/stm32h5xx_hal_rcc.o
 .ARM.attributes
                0x0000033a       0x3a ./Drivers/STM32H5xx_HAL_Driver/Src/stm32h5xx_hal_rcc_ex.o
 .ARM.attributes
                0x00000374       0x3a ./Drivers/STM32H5xx_HAL_Driver/Src/stm32h5xx_ll_usb.o
 .ARM.attributes
                0x000003ae       0x3a ./USB/Class/CDC/Src/usbd_cdc.o
 .ARM.attributes
                0x000003e8       0x3a ./USB/Class/CDC/Src/usbd_cdc_if.o
 .ARM.attributes
                0x00000422       0x3a ./USB/Class/CompositeBuilder/Src/usbd_composite_builder.o
 .ARM.attributes
                0x0000045c       0x3a ./USB/Core/Src/usbd_conf.o
 .ARM.attributes
                0x00000496       0x3a ./USB/Core/Src/usbd_core.o
 .ARM.attributes
                0x000004d0       0x3a ./USB/Core/Src/usbd_ctlreq.o
 .ARM.attributes
                0x0000050a       0x3a ./USB/Core/Src/usbd_desc.o
 .ARM.attributes
                0x00000544       0x3a ./USB/Core/Src/usbd_ioreq.o
 .ARM.attributes
                0x0000057e       0x38 C:/ST/STM32CubeIDE_1.14.1/STM32CubeIDE/plugins/com.st.stm32cube.ide.mcu.externaltools.gnu-tools-for-stm32.12.3.rel1.win32_1.0.100.202403111256/tools/bin/../lib/gcc/arm-none-eabi/12.3.1/../../../../arm-none-eabi/lib/thumb/v8-m.main+fp/hard\libc_nano.a(libc_a-findfp.o)
 .ARM.attributes
                0x000005b6       0x38 C:/ST/STM32CubeIDE_1.14.1/STM32CubeIDE/plugins/com.st.stm32cube.ide.mcu.externaltools.gnu-tools-for-stm32.12.3.rel1.win32_1.0.100.202403111256/tools/bin/../lib/gcc/arm-none-eabi/12.3.1/../../../../arm-none-eabi/lib/thumb/v8-m.main+fp/hard\libc_nano.a(libc_a-fwalk.o)
 .ARM.attributes
                0x000005ee       0x38 C:/ST/STM32CubeIDE_1.14.1/STM32CubeIDE/plugins/com.st.stm32cube.ide.mcu.externaltools.gnu-tools-for-stm32.12.3.rel1.win32_1.0.100.202403111256/tools/bin/../lib/gcc/arm-none-eabi/12.3.1/../../../../arm-none-eabi/lib/thumb/v8-m.main+fp/hard\libc_nano.a(libc_a-printf.o)
 .ARM.attributes
                0x00000626       0x38 C:/ST/STM32CubeIDE_1.14.1/STM32CubeIDE/plugins/com.st.stm32cube.ide.mcu.externaltools.gnu-tools-for-stm32.12.3.rel1.win32_1.0.100.202403111256/tools/bin/../lib/gcc/arm-none-eabi/12.3.1/../../../../arm-none-eabi/lib/thumb/v8-m.main+fp/hard\libc_nano.a(libc_a-putchar.o)
 .ARM.attributes
                0x0000065e       0x38 C:/ST/STM32CubeIDE_1.14.1/STM32CubeIDE/plugins/com.st.stm32cube.ide.mcu.externaltools.gnu-tools-for-stm32.12.3.rel1.win32_1.0.100.202403111256/tools/bin/../lib/gcc/arm-none-eabi/12.3.1/../../../../arm-none-eabi/lib/thumb/v8-m.main+fp/hard\libc_nano.a(libc_a-stdio.o)
 .ARM.attributes
                0x00000696       0x38 C:/ST/STM32CubeIDE_1.14.1/STM32CubeIDE/plugins/com.st.stm32cube.ide.mcu.externaltools.gnu-tools-for-stm32.12.3.rel1.win32_1.0.100.202403111256/tools/bin/../lib/gcc/arm-none-eabi/12.3.1/../../../../arm-none-eabi/lib/thumb/v8-m.main+fp/hard\libc_nano.a(libc_a-memset.o)
 .ARM.attributes
                0x000006ce       0x38 C:/ST/STM32CubeIDE_1.14.1/STM32CubeIDE/plugins/com.st.stm32cube.ide.mcu.externaltools.gnu-tools-for-stm32.12.3.rel1.win32_1.0.100.202403111256/tools/bin/../lib/gcc/arm-none-eabi/12.3.1/../../../../arm-none-eabi/lib/thumb/v8-m.main+fp/hard\libc_nano.a(libc_a-closer.o)
 .ARM.attributes
                0x00000706       0x38 C:/ST/STM32CubeIDE_1.14.1/STM32CubeIDE/plugins/com.st.stm32cube.ide.mcu.externaltools.gnu-tools-for-stm32.12.3.rel1.win32_1.0.100.202403111256/tools/bin/../lib/gcc/arm-none-eabi/12.3.1/../../../../arm-none-eabi/lib/thumb/v8-m.main+fp/hard\libc_nano.a(libc_a-reent.o)
 .ARM.attributes
                0x0000073e       0x38 C:/ST/STM32CubeIDE_1.14.1/STM32CubeIDE/plugins/com.st.stm32cube.ide.mcu.externaltools.gnu-tools-for-stm32.12.3.rel1.win32_1.0.100.202403111256/tools/bin/../lib/gcc/arm-none-eabi/12.3.1/../../../../arm-none-eabi/lib/thumb/v8-m.main+fp/hard\libc_nano.a(libc_a-impure.o)
 .ARM.attributes
                0x00000776       0x38 C:/ST/STM32CubeIDE_1.14.1/STM32CubeIDE/plugins/com.st.stm32cube.ide.mcu.externaltools.gnu-tools-for-stm32.12.3.rel1.win32_1.0.100.202403111256/tools/bin/../lib/gcc/arm-none-eabi/12.3.1/../../../../arm-none-eabi/lib/thumb/v8-m.main+fp/hard\libc_nano.a(libc_a-lseekr.o)
 .ARM.attributes
                0x000007ae       0x38 C:/ST/STM32CubeIDE_1.14.1/STM32CubeIDE/plugins/com.st.stm32cube.ide.mcu.externaltools.gnu-tools-for-stm32.12.3.rel1.win32_1.0.100.202403111256/tools/bin/../lib/gcc/arm-none-eabi/12.3.1/../../../../arm-none-eabi/lib/thumb/v8-m.main+fp/hard\libc_nano.a(libc_a-readr.o)
 .ARM.attributes
                0x000007e6       0x38 C:/ST/STM32CubeIDE_1.14.1/STM32CubeIDE/plugins/com.st.stm32cube.ide.mcu.externaltools.gnu-tools-for-stm32.12.3.rel1.win32_1.0.100.202403111256/tools/bin/../lib/gcc/arm-none-eabi/12.3.1/../../../../arm-none-eabi/lib/thumb/v8-m.main+fp/hard\libc_nano.a(libc_a-writer.o)
 .ARM.attributes
                0x0000081e       0x38 C:/ST/STM32CubeIDE_1.14.1/STM32CubeIDE/plugins/com.st.stm32cube.ide.mcu.externaltools.gnu-tools-for-stm32.12.3.rel1.win32_1.0.100.202403111256/tools/bin/../lib/gcc/arm-none-eabi/12.3.1/../../../../arm-none-eabi/lib/thumb/v8-m.main+fp/hard\libc_nano.a(libc_a-errno.o)
 .ARM.attributes
                0x00000856       0x38 C:/ST/STM32CubeIDE_1.14.1/STM32CubeIDE/plugins/com.st.stm32cube.ide.mcu.externaltools.gnu-tools-for-stm32.12.3.rel1.win32_1.0.100.202403111256/tools/bin/../lib/gcc/arm-none-eabi/12.3.1/../../../../arm-none-eabi/lib/thumb/v8-m.main+fp/hard\libc_nano.a(libc_a-init.o)
 .ARM.attributes
                0x0000088e       0x38 C:/ST/STM32CubeIDE_1.14.1/STM32CubeIDE/plugins/com.st.stm32cube.ide.mcu.externaltools.gnu-tools-for-stm32.12.3.rel1.win32_1.0.100.202403111256/tools/bin/../lib/gcc/arm-none-eabi/12.3.1/../../../../arm-none-eabi/lib/thumb/v8-m.main+fp/hard\libc_nano.a(libc_a-lock.o)
 .ARM.attributes
                0x000008c6       0x38 C:/ST/STM32CubeIDE_1.14.1/STM32CubeIDE/plugins/com.st.stm32cube.ide.mcu.externaltools.gnu-tools-for-stm32.12.3.rel1.win32_1.0.100.202403111256/tools/bin/../lib/gcc/arm-none-eabi/12.3.1/../../../../arm-none-eabi/lib/thumb/v8-m.main+fp/hard\libc_nano.a(libc_a-freer.o)
 .ARM.attributes
                0x000008fe       0x38 C:/ST/STM32CubeIDE_1.14.1/STM32CubeIDE/plugins/com.st.stm32cube.ide.mcu.externaltools.gnu-tools-for-stm32.12.3.rel1.win32_1.0.100.202403111256/tools/bin/../lib/gcc/arm-none-eabi/12.3.1/../../../../arm-none-eabi/lib/thumb/v8-m.main+fp/hard\libc_nano.a(libc_a-mallocr.o)
 .ARM.attributes
                0x00000936       0x38 C:/ST/STM32CubeIDE_1.14.1/STM32CubeIDE/plugins/com.st.stm32cube.ide.mcu.externaltools.gnu-tools-for-stm32.12.3.rel1.win32_1.0.100.202403111256/tools/bin/../lib/gcc/arm-none-eabi/12.3.1/../../../../arm-none-eabi/lib/thumb/v8-m.main+fp/hard\libc_nano.a(libc_a-mlock.o)
 .ARM.attributes
                0x0000096e       0x38 C:/ST/STM32CubeIDE_1.14.1/STM32CubeIDE/plugins/com.st.stm32cube.ide.mcu.externaltools.gnu-tools-for-stm32.12.3.rel1.win32_1.0.100.202403111256/tools/bin/../lib/gcc/arm-none-eabi/12.3.1/../../../../arm-none-eabi/lib/thumb/v8-m.main+fp/hard\libc_nano.a(libc_a-nano-vfprintf.o)
 .ARM.attributes
                0x000009a6       0x38 C:/ST/STM32CubeIDE_1.14.1/STM32CubeIDE/plugins/com.st.stm32cube.ide.mcu.externaltools.gnu-tools-for-stm32.12.3.rel1.win32_1.0.100.202403111256/tools/bin/../lib/gcc/arm-none-eabi/12.3.1/../../../../arm-none-eabi/lib/thumb/v8-m.main+fp/hard\libc_nano.a(libc_a-nano-vfprintf_i.o)
 .ARM.attributes
                0x000009de       0x38 C:/ST/STM32CubeIDE_1.14.1/STM32CubeIDE/plugins/com.st.stm32cube.ide.mcu.externaltools.gnu-tools-for-stm32.12.3.rel1.win32_1.0.100.202403111256/tools/bin/../lib/gcc/arm-none-eabi/12.3.1/../../../../arm-none-eabi/lib/thumb/v8-m.main+fp/hard\libc_nano.a(libc_a-fflush.o)
 .ARM.attributes
                0x00000a16       0x38 C:/ST/STM32CubeIDE_1.14.1/STM32CubeIDE/plugins/com.st.stm32cube.ide.mcu.externaltools.gnu-tools-for-stm32.12.3.rel1.win32_1.0.100.202403111256/tools/bin/../lib/gcc/arm-none-eabi/12.3.1/../../../../arm-none-eabi/lib/thumb/v8-m.main+fp/hard\libc_nano.a(libc_a-putc.o)
 .ARM.attributes
                0x00000a4e       0x38 C:/ST/STM32CubeIDE_1.14.1/STM32CubeIDE/plugins/com.st.stm32cube.ide.mcu.externaltools.gnu-tools-for-stm32.12.3.rel1.win32_1.0.100.202403111256/tools/bin/../lib/gcc/arm-none-eabi/12.3.1/../../../../arm-none-eabi/lib/thumb/v8-m.main+fp/hard\libc_nano.a(libc_a-wbuf.o)
 .ARM.attributes
                0x00000a86       0x38 C:/ST/STM32CubeIDE_1.14.1/STM32CubeIDE/plugins/com.st.stm32cube.ide.mcu.externaltools.gnu-tools-for-stm32.12.3.rel1.win32_1.0.100.202403111256/tools/bin/../lib/gcc/arm-none-eabi/12.3.1/../../../../arm-none-eabi/lib/thumb/v8-m.main+fp/hard\libc_nano.a(libc_a-wsetup.o)
 .ARM.attributes
                0x00000abe       0x38 C:/ST/STM32CubeIDE_1.14.1/STM32CubeIDE/plugins/com.st.stm32cube.ide.mcu.externaltools.gnu-tools-for-stm32.12.3.rel1.win32_1.0.100.202403111256/tools/bin/../lib/gcc/arm-none-eabi/12.3.1/../../../../arm-none-eabi/lib/thumb/v8-m.main+fp/hard\libc_nano.a(libc_a-sbrkr.o)
 .ARM.attributes
                0x00000af6       0x38 C:/ST/STM32CubeIDE_1.14.1/STM32CubeIDE/plugins/com.st.stm32cube.ide.mcu.externaltools.gnu-tools-for-stm32.12.3.rel1.win32_1.0.100.202403111256/tools/bin/../lib/gcc/arm-none-eabi/12.3.1/../../../../arm-none-eabi/lib/thumb/v8-m.main+fp/hard\libc_nano.a(libc_a-memchr-stub.o)
 .ARM.attributes
                0x00000b2e       0x38 C:/ST/STM32CubeIDE_1.14.1/STM32CubeIDE/plugins/com.st.stm32cube.ide.mcu.externaltools.gnu-tools-for-stm32.12.3.rel1.win32_1.0.100.202403111256/tools/bin/../lib/gcc/arm-none-eabi/12.3.1/../../../../arm-none-eabi/lib/thumb/v8-m.main+fp/hard\libc_nano.a(libc_a-makebuf.o)
 .ARM.attributes
                0x00000b66       0x38 C:/ST/STM32CubeIDE_1.14.1/STM32CubeIDE/plugins/com.st.stm32cube.ide.mcu.externaltools.gnu-tools-for-stm32.12.3.rel1.win32_1.0.100.202403111256/tools/bin/../lib/gcc/arm-none-eabi/12.3.1/../../../../arm-none-eabi/lib/thumb/v8-m.main+fp/hard\libc_nano.a(libc_a-fstatr.o)
 .ARM.attributes
                0x00000b9e       0x38 C:/ST/STM32CubeIDE_1.14.1/STM32CubeIDE/plugins/com.st.stm32cube.ide.mcu.externaltools.gnu-tools-for-stm32.12.3.rel1.win32_1.0.100.202403111256/tools/bin/../lib/gcc/arm-none-eabi/12.3.1/../../../../arm-none-eabi/lib/thumb/v8-m.main+fp/hard\libc_nano.a(libc_a-isattyr.o)
 .ARM.attributes
                0x00000bd6       0x26 C:/ST/STM32CubeIDE_1.14.1/STM32CubeIDE/plugins/com.st.stm32cube.ide.mcu.externaltools.gnu-tools-for-stm32.12.3.rel1.win32_1.0.100.202403111256/tools/bin/../lib/gcc/arm-none-eabi/12.3.1/thumb/v8-m.main+fp/hard/crtn.o
OUTPUT(usbDevice_try.elf elf32-littlearm)
LOAD linker stubs
LOAD C:/ST/STM32CubeIDE_1.14.1/STM32CubeIDE/plugins/com.st.stm32cube.ide.mcu.externaltools.gnu-tools-for-stm32.12.3.rel1.win32_1.0.100.202403111256/tools/bin/../lib/gcc/arm-none-eabi/12.3.1/../../../../arm-none-eabi/lib/thumb/v8-m.main+fp/hard\libc.a
LOAD C:/ST/STM32CubeIDE_1.14.1/STM32CubeIDE/plugins/com.st.stm32cube.ide.mcu.externaltools.gnu-tools-for-stm32.12.3.rel1.win32_1.0.100.202403111256/tools/bin/../lib/gcc/arm-none-eabi/12.3.1/../../../../arm-none-eabi/lib/thumb/v8-m.main+fp/hard\libm.a
LOAD C:/ST/STM32CubeIDE_1.14.1/STM32CubeIDE/plugins/com.st.stm32cube.ide.mcu.externaltools.gnu-tools-for-stm32.12.3.rel1.win32_1.0.100.202403111256/tools/bin/../lib/gcc/arm-none-eabi/12.3.1/thumb/v8-m.main+fp/hard\libgcc.a

.debug_info     0x00000000    0x12c86
 .debug_info    0x00000000     0x1801 ./Core/Src/main.o
 .debug_info    0x00001801      0xe2a ./Core/Src/stm32h5xx_hal_msp.o
 .debug_info    0x0000262b      0x5f3 ./Core/Src/stm32h5xx_it.o
 .debug_info    0x00002c1e      0x6a3 ./Core/Src/syscalls.o
 .debug_info    0x000032c1      0x168 ./Core/Src/sysmem.o
 .debug_info    0x00003429      0xc0b ./Core/Src/system_stm32h5xx.o
 .debug_info    0x00004034       0x30 ./Core/Startup/startup_stm32h503rbtx.o
 .debug_info    0x00004064     0x1069 ./Drivers/STM32H5xx_HAL_Driver/Src/stm32h5xx_hal.o
 .debug_info    0x000050cd     0x1522 ./Drivers/STM32H5xx_HAL_Driver/Src/stm32h5xx_hal_cortex.o
 .debug_info    0x000065ef      0x6aa ./Drivers/STM32H5xx_HAL_Driver/Src/stm32h5xx_hal_gpio.o
 .debug_info    0x00006c99     0x1461 ./Drivers/STM32H5xx_HAL_Driver/Src/stm32h5xx_hal_pcd.o
 .debug_info    0x000080fa      0x7cb ./Drivers/STM32H5xx_HAL_Driver/Src/stm32h5xx_hal_pcd_ex.o
 .debug_info    0x000088c5      0xfdf ./Drivers/STM32H5xx_HAL_Driver/Src/stm32h5xx_hal_rcc.o
 .debug_info    0x000098a4      0xf52 ./Drivers/STM32H5xx_HAL_Driver/Src/stm32h5xx_hal_rcc_ex.o
 .debug_info    0x0000a7f6     0x1914 ./Drivers/STM32H5xx_HAL_Driver/Src/stm32h5xx_ll_usb.o
 .debug_info    0x0000c10a     0x1235 ./USB/Class/CDC/Src/usbd_cdc.o
 .debug_info    0x0000d33f      0x9cf ./USB/Class/CDC/Src/usbd_cdc_if.o
 .debug_info    0x0000dd0e      0xf9a ./USB/Class/CompositeBuilder/Src/usbd_composite_builder.o
 .debug_info    0x0000eca8     0x13f9 ./USB/Core/Src/usbd_conf.o
 .debug_info    0x000100a1     0x123c ./USB/Core/Src/usbd_core.o
 .debug_info    0x000112dd      0xc6c ./USB/Core/Src/usbd_ctlreq.o
 .debug_info    0x00011f49      0x466 ./USB/Core/Src/usbd_desc.o
 .debug_info    0x000123af      0x8d7 ./USB/Core/Src/usbd_ioreq.o

.debug_abbrev   0x00000000     0x3208
 .debug_abbrev  0x00000000      0x2e0 ./Core/Src/main.o
 .debug_abbrev  0x000002e0      0x1f5 ./Core/Src/stm32h5xx_hal_msp.o
 .debug_abbrev  0x000004d5      0x192 ./Core/Src/stm32h5xx_it.o
 .debug_abbrev  0x00000667      0x1b6 ./Core/Src/syscalls.o
 .debug_abbrev  0x0000081d       0xbc ./Core/Src/sysmem.o
 .debug_abbrev  0x000008d9      0x13a ./Core/Src/system_stm32h5xx.o
 .debug_abbrev  0x00000a13       0x24 ./Core/Startup/startup_stm32h503rbtx.o
 .debug_abbrev  0x00000a37      0x2ac ./Drivers/STM32H5xx_HAL_Driver/Src/stm32h5xx_hal.o
 .debug_abbrev  0x00000ce3      0x311 ./Drivers/STM32H5xx_HAL_Driver/Src/stm32h5xx_hal_cortex.o
 .debug_abbrev  0x00000ff4      0x1db ./Drivers/STM32H5xx_HAL_Driver/Src/stm32h5xx_hal_gpio.o
 .debug_abbrev  0x000011cf      0x307 ./Drivers/STM32H5xx_HAL_Driver/Src/stm32h5xx_hal_pcd.o
 .debug_abbrev  0x000014d6      0x228 ./Drivers/STM32H5xx_HAL_Driver/Src/stm32h5xx_hal_pcd_ex.o
 .debug_abbrev  0x000016fe      0x28e ./Drivers/STM32H5xx_HAL_Driver/Src/stm32h5xx_hal_rcc.o
 .debug_abbrev  0x0000198c      0x25c ./Drivers/STM32H5xx_HAL_Driver/Src/stm32h5xx_hal_rcc_ex.o
 .debug_abbrev  0x00001be8      0x2c3 ./Drivers/STM32H5xx_HAL_Driver/Src/stm32h5xx_ll_usb.o
 .debug_abbrev  0x00001eab      0x28a ./USB/Class/CDC/Src/usbd_cdc.o
 .debug_abbrev  0x00002135      0x228 ./USB/Class/CDC/Src/usbd_cdc_if.o
 .debug_abbrev  0x0000235d      0x29f ./USB/Class/CompositeBuilder/Src/usbd_composite_builder.o
 .debug_abbrev  0x000025fc      0x365 ./USB/Core/Src/usbd_conf.o
 .debug_abbrev  0x00002961      0x2a2 ./USB/Core/Src/usbd_core.o
 .debug_abbrev  0x00002c03      0x282 ./USB/Core/Src/usbd_ctlreq.o
 .debug_abbrev  0x00002e85      0x1e9 ./USB/Core/Src/usbd_desc.o
 .debug_abbrev  0x0000306e      0x19a ./USB/Core/Src/usbd_ioreq.o

.debug_aranges  0x00000000      0xde8
 .debug_aranges
                0x00000000       0x40 ./Core/Src/main.o
 .debug_aranges
                0x00000040       0x30 ./Core/Src/stm32h5xx_hal_msp.o
 .debug_aranges
                0x00000070       0x68 ./Core/Src/stm32h5xx_it.o
 .debug_aranges
                0x000000d8       0xa8 ./Core/Src/syscalls.o
 .debug_aranges
                0x00000180       0x20 ./Core/Src/sysmem.o
 .debug_aranges
                0x000001a0       0x28 ./Core/Src/system_stm32h5xx.o
 .debug_aranges
                0x000001c8       0x28 ./Core/Startup/startup_stm32h503rbtx.o
 .debug_aranges
                0x000001f0      0x1a0 ./Drivers/STM32H5xx_HAL_Driver/Src/stm32h5xx_hal.o
 .debug_aranges
                0x00000390      0x140 ./Drivers/STM32H5xx_HAL_Driver/Src/stm32h5xx_hal_cortex.o
 .debug_aranges
                0x000004d0       0x78 ./Drivers/STM32H5xx_HAL_Driver/Src/stm32h5xx_hal_gpio.o
 .debug_aranges
                0x00000548      0x150 ./Drivers/STM32H5xx_HAL_Driver/Src/stm32h5xx_hal_pcd.o
 .debug_aranges
                0x00000698       0x58 ./Drivers/STM32H5xx_HAL_Driver/Src/stm32h5xx_hal_pcd_ex.o
 .debug_aranges
                0x000006f0       0xa0 ./Drivers/STM32H5xx_HAL_Driver/Src/stm32h5xx_hal_rcc.o
 .debug_aranges
                0x00000790       0xe8 ./Drivers/STM32H5xx_HAL_Driver/Src/stm32h5xx_hal_rcc_ex.o
 .debug_aranges
                0x00000878      0x130 ./Drivers/STM32H5xx_HAL_Driver/Src/stm32h5xx_ll_usb.o
 .debug_aranges
                0x000009a8       0x70 ./USB/Class/CDC/Src/usbd_cdc.o
 .debug_aranges
                0x00000a18       0x40 ./USB/Class/CDC/Src/usbd_cdc_if.o
 .debug_aranges
                0x00000a58       0x80 ./USB/Class/CompositeBuilder/Src/usbd_composite_builder.o
 .debug_aranges
                0x00000ad8       0xe0 ./USB/Core/Src/usbd_conf.o
 .debug_aranges
                0x00000bb8       0xf0 ./USB/Core/Src/usbd_core.o
 .debug_aranges
                0x00000ca8       0x90 ./USB/Core/Src/usbd_ctlreq.o
 .debug_aranges
                0x00000d38       0x60 ./USB/Core/Src/usbd_desc.o
 .debug_aranges
                0x00000d98       0x50 ./USB/Core/Src/usbd_ioreq.o

.debug_rnglists
                0x00000000      0xa4d
 .debug_rnglists
                0x00000000       0x2d ./Core/Src/main.o
 .debug_rnglists
                0x0000002d       0x20 ./Core/Src/stm32h5xx_hal_msp.o
 .debug_rnglists
                0x0000004d       0x49 ./Core/Src/stm32h5xx_it.o
 .debug_rnglists
                0x00000096       0x79 ./Core/Src/syscalls.o
 .debug_rnglists
                0x0000010f       0x13 ./Core/Src/sysmem.o
 .debug_rnglists
                0x00000122       0x1b ./Core/Src/system_stm32h5xx.o
 .debug_rnglists
                0x0000013d       0x19 ./Core/Startup/startup_stm32h503rbtx.o
 .debug_rnglists
                0x00000156      0x134 ./Drivers/STM32H5xx_HAL_Driver/Src/stm32h5xx_hal.o
 .debug_rnglists
                0x0000028a       0xec ./Drivers/STM32H5xx_HAL_Driver/Src/stm32h5xx_hal_cortex.o
 .debug_rnglists
                0x00000376       0x57 ./Drivers/STM32H5xx_HAL_Driver/Src/stm32h5xx_hal_gpio.o
 .debug_rnglists
                0x000003cd      0x100 ./Drivers/STM32H5xx_HAL_Driver/Src/stm32h5xx_hal_pcd.o
 .debug_rnglists
                0x000004cd       0x3f ./Drivers/STM32H5xx_HAL_Driver/Src/stm32h5xx_hal_pcd_ex.o
 .debug_rnglists
                0x0000050c       0x79 ./Drivers/STM32H5xx_HAL_Driver/Src/stm32h5xx_hal_rcc.o
 .debug_rnglists
                0x00000585       0xb4 ./Drivers/STM32H5xx_HAL_Driver/Src/stm32h5xx_hal_rcc_ex.o
 .debug_rnglists
                0x00000639       0xeb ./Drivers/STM32H5xx_HAL_Driver/Src/stm32h5xx_ll_usb.o
 .debug_rnglists
                0x00000724       0x55 ./USB/Class/CDC/Src/usbd_cdc.o
 .debug_rnglists
                0x00000779       0x2c ./USB/Class/CDC/Src/usbd_cdc_if.o
 .debug_rnglists
                0x000007a5       0x61 ./USB/Class/CompositeBuilder/Src/usbd_composite_builder.o
 .debug_rnglists
                0x00000806       0xa4 ./USB/Core/Src/usbd_conf.o
 .debug_rnglists
                0x000008aa       0xbb ./USB/Core/Src/usbd_core.o
 .debug_rnglists
                0x00000965       0x6e ./USB/Core/Src/usbd_ctlreq.o
 .debug_rnglists
                0x000009d3       0x43 ./USB/Core/Src/usbd_desc.o
 .debug_rnglists
                0x00000a16       0x37 ./USB/Core/Src/usbd_ioreq.o

.debug_macro    0x00000000    0x21dfe
 .debug_macro   0x00000000      0x387 ./Core/Src/main.o
 .debug_macro   0x00000387      0xaba ./Core/Src/main.o
 .debug_macro   0x00000e41      0x1c4 ./Core/Src/main.o
 .debug_macro   0x00001005       0x22 ./Core/Src/main.o
 .debug_macro   0x00001027       0x5b ./Core/Src/main.o
 .debug_macro   0x00001082       0x2a ./Core/Src/main.o
 .debug_macro   0x000010ac       0x94 ./Core/Src/main.o
 .debug_macro   0x00001140       0x43 ./Core/Src/main.o
 .debug_macro   0x00001183       0x34 ./Core/Src/main.o
 .debug_macro   0x000011b7      0x189 ./Core/Src/main.o
 .debug_macro   0x00001340       0x16 ./Core/Src/main.o
 .debug_macro   0x00001356       0x43 ./Core/Src/main.o
 .debug_macro   0x00001399       0x57 ./Core/Src/main.o
 .debug_macro   0x000013f0       0x34 ./Core/Src/main.o
 .debug_macro   0x00001424       0x10 ./Core/Src/main.o
 .debug_macro   0x00001434       0x58 ./Core/Src/main.o
 .debug_macro   0x0000148c       0x8e ./Core/Src/main.o
 .debug_macro   0x0000151a       0x1c ./Core/Src/main.o
 .debug_macro   0x00001536      0x177 ./Core/Src/main.o
 .debug_macro   0x000016ad      0x369 ./Core/Src/main.o
 .debug_macro   0x00001a16      0x19b ./Core/Src/main.o
 .debug_macro   0x00001bb1       0x28 ./Core/Src/main.o
 .debug_macro   0x00001bd9       0x42 ./Core/Src/main.o
 .debug_macro   0x00001c1b      0x103 ./Core/Src/main.o
 .debug_macro   0x00001d1e       0x6a ./Core/Src/main.o