../USB/Core/Src/usbh_core.c:95:20:USBH_Init	24	static
../USB/Core/Src/usbh_core.c:177:20:USBH_DeInit	16	static
../USB/Core/Src/usbh_core.c:204:27:DeInitStateMachine	24	static
../USB/Core/Src/usbh_core.c:244:20:USBH_RegisterClass	24	static
../USB/Core/Src/usbh_core.c:279:20:USBH_SelectInterface	24	static
../USB/Core/Src/usbh_core.c:308:9:USBH_GetActiveClass	16	static
../USB/Core/Src/usbh_core.c:324:9:USBH_FindInterface	32	static
../USB/Core/Src/usbh_core.c:357:9:USBH_FindInterfaceIndex	32	static
../USB/Core/Src/usbh_core.c:385:20:USBH_Start	16	static
../USB/Core/Src/usbh_core.c:403:20:USBH_Stop	16	static
../USB/Core/Src/usbh_core.c:425:20:USBH_ReEnumerate	16	static
../USB/Core/Src/usbh_core.c:456:20:USBH_Process	40	static
../USB/Core/Src/usbh_core.c:815:27:USBH_HandleEnum	40	static
../USB/Core/Src/usbh_core.c:1154:6:USBH_LL_SetTimer	16	static
../USB/Core/Src/usbh_core.c:1166:6:USBH_LL_IncTimer	16	static
../USB/Core/Src/usbh_core.c:1179:13:USBH_HandleSof	16	static
../USB/Core/Src/usbh_core.c:1194:6:USBH_LL_PortEnabled	16	static
../USB/Core/Src/usbh_core.c:1217:6:USBH_LL_PortDisabled	16	static
../USB/Core/Src/usbh_core.c:1231:9:USBH_IsPortEnabled	16	static
../USB/Core/Src/usbh_core.c:1243:20:USBH_LL_Connect	16	static
../USB/Core/Src/usbh_core.c:1269:20:USBH_LL_Disconnect	16	static
