<html>
<body>
<pre>
<h1>µVision Build Log</h1>
<h2>Tool Versions:</h2>
IDE-Version: µVision V5.37.0.0
Copyright (C) 2022 ARM Ltd and ARM Germany GmbH. All rights reserved.
License Information: azetech solution, azetech, LIC=UJWP0-BJ05K-63YMB-24A8M-34TUS-5CSYV
 
Tool Versions:
Toolchain:       MDK-ARM Plus  Version: 5.37.0.0
Toolchain Path:  C:\Keil_v5\ARM\ARMCLANG\Bin
C Compiler:      ArmClang.exe V6.18
Assembler:       Armasm.exe V6.18
Linker/Locator:  ArmLink.exe V6.18
Library Manager: ArmAr.exe V6.18
Hex Converter:   FromElf.exe V6.18
CPU DLL:         
Dialog DLL:      
Target DLL:      STLink\ST-LINKIII-KEIL_SWO.dll V3.0.9.0
Dialog DLL:      TCM.DLL V1.56.1.0
 
<h2>Project:</h2>
D:\Mohan\Class\Bootlodaer\STM32H5_Controller\HC_05_controller\Trying\24-04-24\Boot_manager\uC\Project\Boot_manager.uvprojx
Project File Date:  04/26/2024

<h2>Output:</h2>
*** Using Compiler 'V6.18', folder: 'C:\Keil_v5\ARM\ARMCLANG\Bin'
Rebuild target 'Target 1'
compiling Backup_ram.c...
compiling main.c...
compiling stm32h5xx_hal_gpio.c...
compiling Flash_Main.c...
compiling Jump_Boot_App.c...
compiling Validate_file.c...
compiling NVM.c...
compiling NVS.c...
compiling NVM_Driver.c...
assembling startup_stm32h503xx.s...
compiling system_stm32h5xx.c...
compiling NVS_Driver.c...
linking...
Program Size: Code=4664 RO-data=632 RW-data=144 ZI-data=1696  
FromELF: creating hex file...
".\Objects\Boot_manager.axf" - 0 Error(s), 0 Warning(s).

<h2>Software Packages used:</h2>

Package Vendor: ARM
                https://www.keil.com/pack/ARM.CMSIS.6.0.0.pack
                ARM.CMSIS.6.0.0
                CMSIS (Common Microcontroller Software Interface Standard)
   * Component: CORE Version: 6.0.0

Package Vendor: Keil
                https://www.keil.com/pack/Keil.STM32H5xx_DFP.1.2.0.pack
                Keil.STM32H5xx_DFP.1.2.0
                STMicroelectronics STM32H5 Series Device Support
   * Component: Startup Version: 1.1.0

<h2>Collection of Component include folders:</h2>
  ./RTE/_Target_1
  C:/Users/Admin/AppData/Local/Arm/Packs/ARM/CMSIS/6.0.0/CMSIS/Core/Include
  C:/Users/Admin/AppData/Local/Arm/Packs/Keil/STM32H5xx_DFP/1.2.0/Drivers/CMSIS/Device/ST/STM32H5xx/Include

<h2>Collection of Component Files used:</h2>

   * Component: ARM::CMSIS:CORE:6.0.0

   * Component: Keil::Device:Startup:1.1.0
      Include file:  Drivers/CMSIS/Device/ST/STM32H5xx/Include/stm32h5xx.h
      Source file:   Drivers/CMSIS/Device/ST/STM32H5xx/Source/Templates/arm/startup_stm32h503xx.s
      Source file:   Drivers/CMSIS/Device/ST/STM32H5xx/Source/Templates/system_stm32h5xx.c
      Include file:  Drivers/CMSIS/Device/ST/STM32H5xx/Include/partition_stm32h5xx.h
Build Time Elapsed:  00:00:03
</pre>
</body>
</html>
