../USB/Core/Src/usbd_conf.c:36:6:HAL_PCD_SetupStageCallback	16	static
../USB/Core/Src/usbd_conf.c:41:6:HAL_PCD_DataOutStageCallback	16	static
../USB/Core/Src/usbd_conf.c:46:6:HAL_PCD_DataInStageCallback	16	static
../USB/Core/Src/usbd_conf.c:51:6:HAL_PCD_SOFCallback	16	static
../USB/Core/Src/usbd_conf.c:56:6:HAL_PCD_ResetCallback	24	static
../USB/Core/Src/usbd_conf.c:71:6:HAL_PCD_ConnectCallback	16	static
../USB/Core/Src/usbd_conf.c:76:6:HAL_PCD_DisconnectCallback	16	static
../USB/Core/Src/usbd_conf.c:87:20:USBD_LL_Init	16	static
../USB/Core/Src/usbd_conf.c:116:20:USBD_LL_DeInit	24	static
../USB/Core/Src/usbd_conf.c:128:20:USBD_LL_Start	24	static
../USB/Core/Src/usbd_conf.c:140:20:USBD_LL_Stop	24	static
../USB/Core/Src/usbd_conf.c:155:20:USBD_LL_OpenEP	24	static
../USB/Core/Src/usbd_conf.c:169:20:USBD_LL_CloseEP	24	static
../USB/Core/Src/usbd_conf.c:182:20:USBD_LL_FlushEP	24	static
../USB/Core/Src/usbd_conf.c:195:20:USBD_LL_StallEP	24	static
../USB/Core/Src/usbd_conf.c:208:20:USBD_LL_ClearStallEP	24	static
../USB/Core/Src/usbd_conf.c:222:9:USBD_LL_IsStallEP	24	static
../USB/Core/Src/usbd_conf.c:241:20:USBD_LL_SetUSBAddress	24	static
../USB/Core/Src/usbd_conf.c:257:20:USBD_LL_Transmit	32	static
../USB/Core/Src/usbd_conf.c:273:20:USBD_LL_PrepareReceive	32	static
../USB/Core/Src/usbd_conf.c:288:10:USBD_LL_GetRxDataSize	16	static
../USB/Core/Src/usbd_conf.c:314:7:USBD_static_malloc	16	static
../USB/Core/Src/usbd_conf.c:326:6:USBD_static_free	16	static
../USB/Core/Src/usbd_conf.c:336:6:USBD_LL_Delay	16	static
../USB/Core/Src/usbd_conf.c:341:20:USBD_Get_USB_Status	24	static
